Archive member included to satisfy reference by file (symbol)

c:/ti/ccs930/ccs/tools/compiler/gcc-arm-none-eabi-7-2017-q4-major-win32/bin/../lib/gcc/arm-none-eabi/7.2.1/../../../../arm-none-eabi/lib/thumb/v7-ar\libc.a(lib_a-exit.o)
                              c:/ti/ccs930/ccs/tools/compiler/gcc-arm-none-eabi-7-2017-q4-major-win32/bin/../lib/gcc/arm-none-eabi/7.2.1/../../../../arm-none-eabi/lib/thumb/v7-ar/rdimon-crt0.o (exit)
c:/ti/ccs930/ccs/tools/compiler/gcc-arm-none-eabi-7-2017-q4-major-win32/bin/../lib/gcc/arm-none-eabi/7.2.1/../../../../arm-none-eabi/lib/thumb/v7-ar\libc.a(lib_a-impure.o)
                              c:/ti/ccs930/ccs/tools/compiler/gcc-arm-none-eabi-7-2017-q4-major-win32/bin/../lib/gcc/arm-none-eabi/7.2.1/../../../../arm-none-eabi/lib/thumb/v7-ar\libc.a(lib_a-exit.o) (_global_impure_ptr)
c:/ti/ccs930/ccs/tools/compiler/gcc-arm-none-eabi-7-2017-q4-major-win32/bin/../lib/gcc/arm-none-eabi/7.2.1/../../../../arm-none-eabi/lib/thumb/v7-ar\libc.a(lib_a-init.o)
                              c:/ti/ccs930/ccs/tools/compiler/gcc-arm-none-eabi-7-2017-q4-major-win32/bin/../lib/gcc/arm-none-eabi/7.2.1/../../../../arm-none-eabi/lib/thumb/v7-ar/rdimon-crt0.o (__libc_init_array)
c:/ti/ccs930/ccs/tools/compiler/gcc-arm-none-eabi-7-2017-q4-major-win32/bin/../lib/gcc/arm-none-eabi/7.2.1/../../../../arm-none-eabi/lib/thumb/v7-ar\libc.a(lib_a-memset.o)
                              c:/ti/ccs930/ccs/tools/compiler/gcc-arm-none-eabi-7-2017-q4-major-win32/bin/../lib/gcc/arm-none-eabi/7.2.1/../../../../arm-none-eabi/lib/thumb/v7-ar/rdimon-crt0.o (memset)
c:/ti/ccs930/ccs/tools/compiler/gcc-arm-none-eabi-7-2017-q4-major-win32/bin/../lib/gcc/arm-none-eabi/7.2.1/../../../../arm-none-eabi/lib/thumb/v7-ar\libc.a(lib_a-printf.o)
                              ./arm_pmu_management.o (printf)
c:/ti/ccs930/ccs/tools/compiler/gcc-arm-none-eabi-7-2017-q4-major-win32/bin/../lib/gcc/arm-none-eabi/7.2.1/../../../../arm-none-eabi/lib/thumb/v7-ar\libc.a(lib_a-sprintf.o)
                              ./main.o (sprintf)
c:/ti/ccs930/ccs/tools/compiler/gcc-arm-none-eabi-7-2017-q4-major-win32/bin/../lib/gcc/arm-none-eabi/7.2.1/../../../../arm-none-eabi/lib/thumb/v7-ar\libc.a(lib_a-strlen-stub.o)
                              ./main.o (strlen)
c:/ti/ccs930/ccs/tools/compiler/gcc-arm-none-eabi-7-2017-q4-major-win32/bin/../lib/gcc/arm-none-eabi/7.2.1/../../../../arm-none-eabi/lib/thumb/v7-ar\libc.a(lib_a-svfprintf.o)
                              c:/ti/ccs930/ccs/tools/compiler/gcc-arm-none-eabi-7-2017-q4-major-win32/bin/../lib/gcc/arm-none-eabi/7.2.1/../../../../arm-none-eabi/lib/thumb/v7-ar\libc.a(lib_a-sprintf.o) (_svfprintf_r)
c:/ti/ccs930/ccs/tools/compiler/gcc-arm-none-eabi-7-2017-q4-major-win32/bin/../lib/gcc/arm-none-eabi/7.2.1/../../../../arm-none-eabi/lib/thumb/v7-ar\libc.a(lib_a-vfprintf.o)
                              c:/ti/ccs930/ccs/tools/compiler/gcc-arm-none-eabi-7-2017-q4-major-win32/bin/../lib/gcc/arm-none-eabi/7.2.1/../../../../arm-none-eabi/lib/thumb/v7-ar\libc.a(lib_a-printf.o) (_vfprintf_r)
c:/ti/ccs930/ccs/tools/compiler/gcc-arm-none-eabi-7-2017-q4-major-win32/bin/../lib/gcc/arm-none-eabi/7.2.1/../../../../arm-none-eabi/lib/thumb/v7-ar\libc.a(lib_a-wsetup.o)
                              c:/ti/ccs930/ccs/tools/compiler/gcc-arm-none-eabi-7-2017-q4-major-win32/bin/../lib/gcc/arm-none-eabi/7.2.1/../../../../arm-none-eabi/lib/thumb/v7-ar\libc.a(lib_a-vfprintf.o) (__swsetup_r)
c:/ti/ccs930/ccs/tools/compiler/gcc-arm-none-eabi-7-2017-q4-major-win32/bin/../lib/gcc/arm-none-eabi/7.2.1/../../../../arm-none-eabi/lib/thumb/v7-ar\libc.a(lib_a-__call_atexit.o)
                              c:/ti/ccs930/ccs/tools/compiler/gcc-arm-none-eabi-7-2017-q4-major-win32/bin/../lib/gcc/arm-none-eabi/7.2.1/../../../../arm-none-eabi/lib/thumb/v7-ar\libc.a(lib_a-exit.o) (__call_exitprocs)
c:/ti/ccs930/ccs/tools/compiler/gcc-arm-none-eabi-7-2017-q4-major-win32/bin/../lib/gcc/arm-none-eabi/7.2.1/../../../../arm-none-eabi/lib/thumb/v7-ar\libc.a(lib_a-atexit.o)
                              c:/ti/ccs930/ccs/tools/compiler/gcc-arm-none-eabi-7-2017-q4-major-win32/bin/../lib/gcc/arm-none-eabi/7.2.1/../../../../arm-none-eabi/lib/thumb/v7-ar\libc.a(lib_a-__call_atexit.o) (atexit)
c:/ti/ccs930/ccs/tools/compiler/gcc-arm-none-eabi-7-2017-q4-major-win32/bin/../lib/gcc/arm-none-eabi/7.2.1/../../../../arm-none-eabi/lib/thumb/v7-ar\libc.a(lib_a-dtoa.o)
                              c:/ti/ccs930/ccs/tools/compiler/gcc-arm-none-eabi-7-2017-q4-major-win32/bin/../lib/gcc/arm-none-eabi/7.2.1/../../../../arm-none-eabi/lib/thumb/v7-ar\libc.a(lib_a-svfprintf.o) (_dtoa_r)
c:/ti/ccs930/ccs/tools/compiler/gcc-arm-none-eabi-7-2017-q4-major-win32/bin/../lib/gcc/arm-none-eabi/7.2.1/../../../../arm-none-eabi/lib/thumb/v7-ar\libc.a(lib_a-fflush.o)
[...]
Memory Configuration

Name             Origin             Length             Attributes
MSMC_SRAM        0x0c000000         0x00600000
DDR0_PARTITIONED_STACK 0x80000000         0x10000000
DDR0             0xc0000000         0x08000000
*default*        0x00000000         0xffffffff

Linker script and memory map

LOAD c:/ti/ccs930/ccs/tools/compiler/gcc-arm-none-eabi-7-2017-q4-major-win32/bin/../lib/gcc/arm-none-eabi/7.2.1/thumb/v7-ar/crti.o
LOAD c:/ti/ccs930/ccs/tools/compiler/gcc-arm-none-eabi-7-2017-q4-major-win32/bin/../lib/gcc/arm-none-eabi/7.2.1/thumb/v7-ar/crtbegin.o
LOAD c:/ti/ccs930/ccs/tools/compiler/gcc-arm-none-eabi-7-2017-q4-major-win32/bin/../lib/gcc/arm-none-eabi/7.2.1/../../../../arm-none-eabi/lib/thumb/v7-ar/rdimon-crt0.o
                0x10000000                STACKSIZE = 0x10000000
                0x00000400                HEAPSIZE = 0x400
LOAD ./DDR3MemoryController.o
LOAD ./arm_pmu_management.o
LOAD ./main.o
LOAD ./memory_controller_management.o
LOAD ./startup_ARMCA15.o

.rsthand        0xc0000000       0x7c
                0xc0000000                . = ALIGN (0x10000)
 *(.isr_vector)
 .isr_vector    0xc0000000       0x5c ./startup_ARMCA15.o
                0xc0000000                __isr_vector
                0xc0000058                DEF_IRQHandler
 *startup_ARMCA15.o(.text)
 .text          0xc000005c       0x20 ./startup_ARMCA15.o
                0xc000005c                Entry
                0xc000007c                . = ALIGN (0x4)

.text           0xc0000080     0xbfa8
 *(.text*)
 .text          0xc0000080        0x0 c:/ti/ccs930/ccs/tools/compiler/gcc-arm-none-eabi-7-2017-q4-major-win32/bin/../lib/gcc/arm-none-eabi/7.2.1/thumb/v7-ar/crti.o
 .text          0xc0000080       0x50 c:/ti/ccs930/ccs/tools/compiler/gcc-arm-none-eabi-7-2017-q4-major-win32/bin/../lib/gcc/arm-none-eabi/7.2.1/thumb/v7-ar/crtbegin.o
 .text          0xc00000d0       0xe8 c:/ti/ccs930/ccs/tools/compiler/gcc-arm-none-eabi-7-2017-q4-major-win32/bin/../lib/gcc/arm-none-eabi/7.2.1/../../../../arm-none-eabi/lib/thumb/v7-ar/rdimon-crt0.o
                0xc00000d0                _start
                0xc00000d0                _mainCRTStartup
 .text          0xc00001b8      0x1cc ./DDR3MemoryController.o
                0xc00001b8                get_PERF_CNT_1
                0xc00001c8                get_PERF_CNT_2
                0xc00001d8                get_PERF_CNT_TIMER
                0xc00001e8                set_PERF_CNT_EVENT
                0xc0000234                enable_CNT_MSTID
                0xc0000278                set_MSTID
                0xc00002bc                set_DDR3A_SDCFG_IBANK
                0xc00002d8                get_DDR3A_SDCFG_IBANK
                0xc00002ec                get_DDR3A_SDCFG_PAGESIZE
                0xc0000300                set_DDR3A_SDCFG_EBANK
                0xc000031c                get_DDR3A_SDCFG_EBANK
                0xc0000330                set_DDR3A_PR_OLD_COUNT
                0xc000034c                set_DDR3A_READ_EXECUTION_THRESHOLD
                0xc0000368                set_DDR3A_WRITE_EXECUTION_THRESHOLD
 .text          0xc0000384      0x250 ./arm_pmu_management.o
                0xc0000384                counters_init
                0xc0000444                critical_task_start_eval
                0xc0000474                critical_task_end_eval
                0xc000054c                print_pmu_results
 .text          0xc00005d4     0x1468 ./main.o
                0xc00005d4                cpu_microbenchmark_store
                0xc00007e0                cpu_microbenchmark_load
                0xc00009e8                cpu_pointer_chasing_microbenchmark
                0xc0000c44                bank_stress_benchmark
                0xc0000d54                matrix_stress1_task
                0xc0000eb0                matrix_stress2_task
                0xc0001010                read_UART_LSR
                0xc0001020                write_UART_THR
                0xc0001078                clear_tx_FIFO
                0xc0001090                enable_FIFO
                0xc00010a8                read_UART_IER
                0xc00010b8                write_UART_IER
                0xc00010c8                read_SBNDC
                0xc00010dc                write_SBNDC
                0xc00010f8                print_SBNDC_Registers
                0xc000113c                read_ARM_SBNDC
                0xc0001148                write_ARM_SBNDC
                0xc000115c                print_ARM_SBNDC_list
                0xc00011b8                configure_AXI
                0xc00011c4                ARM_disable_caches
                0xc00012f4                page_coloring
                0xc0001444                main
 .text          0xc0001a3c      0x1a4 ./memory_controller_management.o
                0xc0001a3c                DDR_configure_eval
                0xc0001aac                DDR_start_eval
                0xc0001af0                DDR_end_eval
                0xc0001b98                print_emif_results
 .text          0xc0001be0        0x0 c:/ti/ccs930/ccs/tools/compiler/gcc-arm-none-eabi-7-2017-q4-major-win32/bin/../lib/gcc/arm-none-eabi/7.2.1/../../../../arm-none-eabi/lib/thumb/v7-ar\libc.a(lib_a-exit.o)
 .text.exit     0xc0001be0       0x20 c:/ti/ccs930/ccs/tools/compiler/gcc-arm-none-eabi-7-2017-q4-major-win32/bin/../lib/gcc/arm-none-eabi/7.2.1/../../../../arm-none-eabi/lib/thumb/v7-ar\libc.a(lib_a-exit.o)
                0xc0001be0                exit
 .text          0xc0001c00        0x0 c:/ti/ccs930/ccs/tools/compiler/gcc-arm-none-eabi-7-2017-q4-major-win32/bin/../lib/gcc/arm-none-eabi/7.2.1/../../../../arm-none-eabi/lib/thumb/v7-ar\libc.a(lib_a-impure.o)
 .text          0xc0001c00        0x0 c:/ti/ccs930/ccs/tools/compiler/gcc-arm-none-eabi-7-2017-q4-major-win32/bin/../lib/gcc/arm-none-eabi/7.2.1/../../../../arm-none-eabi/lib/thumb/v7-ar\libc.a(lib_a-init.o)
 .text.__libc_init_array
                0xc0001c00       0x50 c:/ti/ccs930/ccs/tools/compiler/gcc-arm-none-eabi-7-2017-q4-major-win32/bin/../lib/gcc/arm-none-eabi/7.2.1/../../../../arm-none-eabi/lib/thumb/v7-ar\libc.a(lib_a-init.o)
                0xc0001c00                __libc_init_array
 .text          0xc0001c50        0x0 c:/ti/ccs930/ccs/tools/compiler/gcc-arm-none-eabi-7-2017-q4-major-win32/bin/../lib/gcc/arm-none-eabi/7.2.1/../../../../arm-none-eabi/lib/thumb/v7-ar\libc.a(lib_a-memset.o)
 .text.memset   0xc0001c50       0x98 c:/ti/ccs930/ccs/tools/compiler/gcc-arm-none-eabi-7-2017-q4-major-win32/bin/../lib/gcc/arm-none-eabi/7.2.1/../../../../arm-none-eabi/lib/thumb/v7-ar\libc.a(lib_a-memset.o)
                0xc0001c50                memset
 .text          0xc0001ce8        0x0 c:/ti/ccs930/ccs/tools/compiler/gcc-arm-none-eabi-7-2017-q4-major-win32/bin/../lib/gcc/arm-none-eabi/7.2.1/../../../../arm-none-eabi/lib/thumb/v7-ar\libc.a(lib_a-printf.o)
 .text._printf_r
                0xc0001ce8       0x20 c:/ti/ccs930/ccs/tools/compiler/gcc-arm-none-eabi-7-2017-q4-major-win32/bin/../lib/gcc/arm-none-eabi/7.2.1/../../../../arm-none-eabi/lib/thumb/v7-ar\libc.a(lib_a-printf.o)
                0xc0001ce8                _printf_r
 .text.printf   0xc0001d08       0x2c c:/ti/ccs930/ccs/tools/compiler/gcc-arm-none-eabi-7-2017-q4-major-win32/bin/../lib/gcc/arm-none-eabi/7.2.1/../../../../arm-none-eabi/lib/thumb/v7-ar\libc.a(lib_a-printf.o)
                0xc0001d08                printf
 .text          0xc0001d34        0x0 c:/ti/ccs930/ccs/tools/compiler/gcc-arm-none-eabi-7-2017-q4-major-win32/bin/../lib/gcc/arm-none-eabi/7.2.1/../../../../arm-none-eabi/lib/thumb/v7-ar\libc.a(lib_a-sprintf.o)
 .text._sprintf_r
                0xc0001d34       0x40 c:/ti/ccs930/ccs/tools/compiler/gcc-arm-none-eabi-7-2017-q4-major-win32/bin/../lib/gcc/arm-none-eabi/7.2.1/../../../../arm-none-eabi/lib/thumb/v7-ar\libc.a(lib_a-sprintf.o)
                0xc0001d34                _sprintf_r
 .text.sprintf  0xc0001d74       0x48 c:/ti/ccs930/ccs/tools/compiler/gcc-arm-none-eabi-7-2017-q4-major-win32/bin/../lib/gcc/arm-none-eabi/7.2.1/../../../../arm-none-eabi/lib/thumb/v7-ar\libc.a(lib_a-sprintf.o)
                0xc0001d74                sprintf
 .text          0xc0001dbc        0x0 c:/ti/ccs930/ccs/tools/compiler/gcc-arm-none-eabi-7-2017-q4-major-win32/bin/../lib/gcc/arm-none-eabi/7.2.1/../../../../arm-none-eabi/lib/thumb/v7-ar\libc.a(lib_a-strlen-stub.o)
 .text.strlen   0xc0001dbc       0x5c c:/ti/ccs930/ccs/tools/compiler/gcc-arm-none-eabi-7-2017-q4-major-win32/bin/../lib/gcc/arm-none-eabi/7.2.1/../../../../arm-none-eabi/lib/thumb/v7-ar\libc.a(lib_a-strlen-stub.o)
                0xc0001dbc                strlen
 .text          0xc0001e18        0x0 c:/ti/ccs930/ccs/tools/compiler/gcc-arm-none-eabi-7-2017-q4-major-win32/bin/../lib/gcc/arm-none-eabi/7.2.1/../../../../arm-none-eabi/lib/thumb/v7-ar\libc.a(lib_a-svfprintf.o)
 .text._svfprintf_r
                0xc0001e18     0x14d8 c:/ti/ccs930/ccs/tools/compiler/gcc-arm-none-eabi-7-2017-q4-major-win32/bin/../lib/gcc/arm-none-eabi/7.2.1/../../../../arm-none-eabi/lib/thumb/v7-ar\libc.a(lib_a-svfprintf.o)
                0xc0001e18                _svfprintf_r
 .text          0xc00032f0        0x0 c:/ti/ccs930/ccs/tools/compiler/gcc-arm-none-eabi-7-2017-q4-major-win32/bin/../lib/gcc/arm-none-eabi/7.2.1/../../../../arm-none-eabi/lib/thumb/v7-ar\libc.a(lib_a-vfprintf.o)
 .text._vfprintf_r
                0xc00032f0     0x15e0 c:/ti/ccs930/ccs/tools/compiler/gcc-arm-none-eabi-7-2017-q4-major-win32/bin/../lib/gcc/arm-none-eabi/7.2.1/../../../../arm-none-eabi/lib/thumb/v7-ar\libc.a(lib_a-vfprintf.o)
                0xc00032f0                _vfprintf_r
 .text.vfprintf
                0xc00048d0       0x18 c:/ti/ccs930/ccs/tools/compiler/gcc-arm-none-eabi-7-2017-q4-major-win32/bin/../lib/gcc/arm-none-eabi/7.2.1/../../../../arm-none-eabi/lib/thumb/v7-ar\libc.a(lib_a-vfprintf.o)
                0xc00048d0                vfprintf
 .text.__sbprintf
                0xc00048e8       0x88 c:/ti/ccs930/ccs/tools/compiler/gcc-arm-none-eabi-7-2017-q4-major-win32/bin/../lib/gcc/arm-none-eabi/7.2.1/../../../../arm-none-eabi/lib/thumb/v7-ar\libc.a(lib_a-vfprintf.o)
 .text          0xc0004970        0x0 c:/ti/ccs930/ccs/tools/compiler/gcc-arm-none-eabi-7-2017-q4-major-win32/bin/../lib/gcc/arm-none-eabi/7.2.1/../../../../arm-none-eabi/lib/thumb/v7-ar\libc.a(lib_a-wsetup.o)
 .text.__swsetup_r
                0xc0004970       0xc8 c:/ti/ccs930/ccs/tools/compiler/gcc-arm-none-eabi-7-2017-q4-major-win32/bin/../lib/gcc/arm-none-eabi/7.2.1/../../../../arm-none-eabi/lib/thumb/v7-ar\libc.a(lib_a-wsetup.o)
                0xc0004970                __swsetup_r
 .text          0xc0004a38        0x0 c:/ti/ccs930/ccs/tools/compiler/gcc-arm-none-eabi-7-2017-q4-major-win32/bin/../lib/gcc/arm-none-eabi/7.2.1/../../../../arm-none-eabi/lib/thumb/v7-ar\libc.a(lib_a-__call_atexit.o)
 .text.startup.register_fini
                0xc0004a38       0x18 c:/ti/ccs930/ccs/tools/compiler/gcc-arm-none-eabi-7-2017-q4-major-win32/bin/../lib/gcc/arm-none-eabi/7.2.1/../../../../arm-none-eabi/lib/thumb/v7-ar\libc.a(lib_a-__call_atexit.o)
 .text.__call_exitprocs
                0xc0004a50       0xf8 c:/ti/ccs930/ccs/tools/compiler/gcc-arm-none-eabi-7-2017-q4-major-win32/bin/../lib/gcc/arm-none-eabi/7.2.1/../../../../arm-none-eabi/lib/thumb/v7-ar\libc.a(lib_a-__call_atexit.o)
                0xc0004a50                __call_exitprocs
 .text          0xc0004b48        0x0 c:/ti/ccs930/ccs/tools/compiler/gcc-arm-none-eabi-7-2017-q4-major-win32/bin/../lib/gcc/arm-none-eabi/7.2.1/../../../../arm-none-eabi/lib/thumb/v7-ar\libc.a(lib_a-atexit.o)
 .text.atexit   0xc0004b48        0xc c:/ti/ccs930/ccs/tools/compiler/gcc-arm-none-eabi-7-2017-q4-major-win32/bin/../lib/gcc/arm-none-eabi/7.2.1/../../../../arm-none-eabi/lib/thumb/v7-ar\libc.a(lib_a-atexit.o)
                0xc0004b48                atexit
 .text          0xc0004b54        0x0 c:/ti/ccs930/ccs/tools/compiler/gcc-arm-none-eabi-7-2017-q4-major-win32/bin/../lib/gcc/arm-none-eabi/7.2.1/../../../../arm-none-eabi/lib/thumb/v7-ar\libc.a(lib_a-dtoa.o)
 .text.quorem   0xc0004b54      0x140 c:/ti/ccs930/ccs/tools/compiler/gcc-arm-none-eabi-7-2017-q4-major-win32/bin/../lib/gcc/arm-none-eabi/7.2.1/../../../../arm-none-eabi/lib/thumb/v7-ar\libc.a(lib_a-dtoa.o)
 *fill*         0xc0004c94        0x4 
 .text._dtoa_r  0xc0004c98      0xf14 c:/ti/ccs930/ccs/tools/compiler/gcc-arm-none-eabi-7-2017-q4-major-win32/bin/../lib/gcc/arm-none-eabi/7.2.1/../../../../arm-none-eabi/lib/thumb/v7-ar\libc.a(lib_a-dtoa.o)
                0xc0004c98                _dtoa_r
 .text          0xc0005bac        0x0 c:/ti/ccs930/ccs/tools/compiler/gcc-arm-none-eabi-7-2017-q4-major-win32/bin/../lib/gcc/arm-none-eabi/7.2.1/../../../../arm-none-eabi/lib/thumb/v7-ar\libc.a(lib_a-fflush.o)
 .text.__sflush_r
                0xc0005bac      0x158 c:/ti/ccs930/ccs/tools/compiler/gcc-arm-none-eabi-7-2017-q4-major-win32/bin/../lib/gcc/arm-none-eabi/7.2.1/../../../../arm-none-eabi/lib/thumb/v7-ar\libc.a(lib_a-fflush.o)
                0xc0005bac                __sflush_r
 .text._fflush_r
                0xc0005d04       0x5c c:/ti/ccs930/ccs/tools/compiler/gcc-arm-none-eabi-7-2017-q4-major-win32/bin/../lib/gcc/arm-none-eabi/7.2.1/../../../../arm-none-eabi/lib/thumb/v7-ar\libc.a(lib_a-fflush.o)
                0xc0005d04                _fflush_r
 .text.fflush   0xc0005d60       0x28 c:/ti/ccs930/ccs/tools/compiler/gcc-arm-none-eabi-7-2017-q4-major-win32/bin/../lib/gcc/arm-none-eabi/7.2.1/../../../../arm-none-eabi/lib/thumb/v7-ar\libc.a(lib_a-fflush.o)
                0xc0005d60                fflush
 .text          0xc0005d88        0x0 c:/ti/ccs930/ccs/tools/compiler/gcc-arm-none-eabi-7-2017-q4-major-win32/bin/../lib/gcc/arm-none-eabi/7.2.1/../../../../arm-none-eabi/lib/thumb/v7-ar\libc.a(lib_a-findfp.o)
 .text.std      0xc0005d88       0x58 c:/ti/ccs930/ccs/tools/compiler/gcc-arm-none-eabi-7-2017-q4-major-win32/bin/../lib/gcc/arm-none-eabi/7.2.1/../../../../arm-none-eabi/lib/thumb/v7-ar\libc.a(lib_a-findfp.o)
 .text._cleanup_r
                0xc0005de0        0xc c:/ti/ccs930/ccs/tools/compiler/gcc-arm-none-eabi-7-2017-q4-major-win32/bin/../lib/gcc/arm-none-eabi/7.2.1/../../../../arm-none-eabi/lib/thumb/v7-ar\libc.a(lib_a-findfp.o)
                0xc0005de0                _cleanup_r
 .text.__fp_lock
                0xc0005dec       0x1c c:/ti/ccs930/ccs/tools/compiler/gcc-arm-none-eabi-7-2017-q4-major-win32/bin/../lib/gcc/arm-none-eabi/7.2.1/../../../../arm-none-eabi/lib/thumb/v7-ar\libc.a(lib_a-findfp.o)
 .text.__fp_unlock
                0xc0005e08       0x1c c:/ti/ccs930/ccs/tools/compiler/gcc-arm-none-eabi-7-2017-q4-major-win32/bin/../lib/gcc/arm-none-eabi/7.2.1/../../../../arm-none-eabi/lib/thumb/v7-ar\libc.a(lib_a-findfp.o)
 .text.__sfmoreglue
                0xc0005e24       0x30 c:/ti/ccs930/ccs/tools/compiler/gcc-arm-none-eabi-7-2017-q4-major-win32/bin/../lib/gcc/arm-none-eabi/7.2.1/../../../../arm-none-eabi/lib/thumb/v7-ar\libc.a(lib_a-findfp.o)
                0xc0005e24                __sfmoreglue
 .text._cleanup
                0xc0005e54       0x18 c:/ti/ccs930/ccs/tools/compiler/gcc-arm-none-eabi-7-2017-q4-major-win32/bin/../lib/gcc/arm-none-eabi/7.2.1/../../../../arm-none-eabi/lib/thumb/v7-ar\libc.a(lib_a-findfp.o)
                0xc0005e54                _cleanup
 .text.__sinit  0xc0005e6c       0x70 c:/ti/ccs930/ccs/tools/compiler/gcc-arm-none-eabi-7-2017-q4-major-win32/bin/../lib/gcc/arm-none-eabi/7.2.1/../../../../arm-none-eabi/lib/thumb/v7-ar\libc.a(lib_a-findfp.o)
                0xc0005e6c                __sinit
 .text.__sfp    0xc0005edc       0xb4 c:/ti/ccs930/ccs/tools/compiler/gcc-arm-none-eabi-7-2017-q4-major-win32/bin/../lib/gcc/arm-none-eabi/7.2.1/../../../../arm-none-eabi/lib/thumb/v7-ar\libc.a(lib_a-findfp.o)
                0xc0005edc                __sfp
 .text.__sfp_lock_acquire
                0xc0005f90        0xc c:/ti/ccs930/ccs/tools/compiler/gcc-arm-none-eabi-7-2017-q4-major-win32/bin/../lib/gcc/arm-none-eabi/7.2.1/../../../../arm-none-eabi/lib/thumb/v7-ar\libc.a(lib_a-findfp.o)
                0xc0005f90                __sfp_lock_acquire
 .text.__sfp_lock_release
                0xc0005f9c        0xc c:/ti/ccs930/ccs/tools/compiler/gcc-arm-none-eabi-7-2017-q4-major-win32/bin/../lib/gcc/arm-none-eabi/7.2.1/../../../../arm-none-eabi/lib/thumb/v7-ar\libc.a(lib_a-findfp.o)
                0xc0005f9c                __sfp_lock_release
 .text.__sinit_lock_acquire
                0xc0005fa8        0xc c:/ti/ccs930/ccs/tools/compiler/gcc-arm-none-eabi-7-2017-q4-major-win32/bin/../lib/gcc/arm-none-eabi/7.2.1/../../../../arm-none-eabi/lib/thumb/v7-ar\libc.a(lib_a-findfp.o)
                0xc0005fa8                __sinit_lock_acquire
 .text.__sinit_lock_release
                0xc0005fb4        0xc c:/ti/ccs930/ccs/tools/compiler/gcc-arm-none-eabi-7-2017-q4-major-win32/bin/../lib/gcc/arm-none-eabi/7.2.1/../../../../arm-none-eabi/lib/thumb/v7-ar\libc.a(lib_a-findfp.o)
                0xc0005fb4                __sinit_lock_release
 .text.__fp_lock_all
                0xc0005fc0       0x28 c:/ti/ccs930/ccs/tools/compiler/gcc-arm-none-eabi-7-2017-q4-major-win32/bin/../lib/gcc/arm-none-eabi/7.2.1/../../../../arm-none-eabi/lib/thumb/v7-ar\libc.a(lib_a-findfp.o)
                0xc0005fc0                __fp_lock_all
 .text.__fp_unlock_all
                0xc0005fe8       0x28 c:/ti/ccs930/ccs/tools/compiler/gcc-arm-none-eabi-7-2017-q4-major-win32/bin/../lib/gcc/arm-none-eabi/7.2.1/../../../../arm-none-eabi/lib/thumb/v7-ar\libc.a(lib_a-findfp.o)
                0xc0005fe8                __fp_unlock_all
 .text          0xc0006010        0x0 c:/ti/ccs930/ccs/tools/compiler/gcc-arm-none-eabi-7-2017-q4-major-win32/bin/../lib/gcc/arm-none-eabi/7.2.1/../../../../arm-none-eabi/lib/thumb/v7-ar\libc.a(lib_a-fini.o)
 .text.__libc_fini_array
                0xc0006010       0x30 c:/ti/ccs930/ccs/tools/compiler/gcc-arm-none-eabi-7-2017-q4-major-win32/bin/../lib/gcc/arm-none-eabi/7.2.1/../../../../arm-none-eabi/lib/thumb/v7-ar\libc.a(lib_a-fini.o)
                0xc0006010                __libc_fini_array
 .text          0xc0006040        0x0 c:/ti/ccs930/ccs/tools/compiler/gcc-arm-none-eabi-7-2017-q4-major-win32/bin/../lib/gcc/arm-none-eabi/7.2.1/../../../../arm-none-eabi/lib/thumb/v7-ar\libc.a(lib_a-freer.o)
 .text._malloc_trim_r
                0xc0006040       0xac c:/ti/ccs930/ccs/tools/compiler/gcc-arm-none-eabi-7-2017-q4-major-win32/bin/../lib/gcc/arm-none-eabi/7.2.1/../../../../arm-none-eabi/lib/thumb/v7-ar\libc.a(lib_a-freer.o)
                0xc0006040                _malloc_trim_r
 .text._free_r  0xc00060ec      0x1ec c:/ti/ccs930/ccs/tools/compiler/gcc-arm-none-eabi-7-2017-q4-major-win32/bin/../lib/gcc/arm-none-eabi/7.2.1/../../../../arm-none-eabi/lib/thumb/v7-ar\libc.a(lib_a-freer.o)
                0xc00060ec                _free_r
 .text          0xc00062d8        0x0 c:/ti/ccs930/ccs/tools/compiler/gcc-arm-none-eabi-7-2017-q4-major-win32/bin/../lib/gcc/arm-none-eabi/7.2.1/../../../../arm-none-eabi/lib/thumb/v7-ar\libc.a(lib_a-fwalk.o)
 .text._fwalk   0xc00062d8       0x44 c:/ti/ccs930/ccs/tools/compiler/gcc-arm-none-eabi-7-2017-q4-major-win32/bin/../lib/gcc/arm-none-eabi/7.2.1/../../../../arm-none-eabi/lib/thumb/v7-ar\libc.a(lib_a-fwalk.o)
                0xc00062d8                _fwalk
 .text._fwalk_reent
                0xc000631c       0x4c c:/ti/ccs930/ccs/tools/compiler/gcc-arm-none-eabi-7-2017-q4-major-win32/bin/../lib/gcc/arm-none-eabi/7.2.1/../../../../arm-none-eabi/lib/thumb/v7-ar\libc.a(lib_a-fwalk.o)
                0xc000631c                _fwalk_reent
 .text          0xc0006368        0x0 c:/ti/ccs930/ccs/tools/compiler/gcc-arm-none-eabi-7-2017-q4-major-win32/bin/../lib/gcc/arm-none-eabi/7.2.1/../../../../arm-none-eabi/lib/thumb/v7-ar\libc.a(lib_a-localeconv.o)
 .text.__localeconv_l
                0xc0006368        0x4 c:/ti/ccs930/ccs/tools/compiler/gcc-arm-none-eabi-7-2017-q4-major-win32/bin/../lib/gcc/arm-none-eabi/7.2.1/../../../../arm-none-eabi/lib/thumb/v7-ar\libc.a(lib_a-localeconv.o)
                0xc0006368                __localeconv_l
 .text._localeconv_r
                0xc000636c       0x20 c:/ti/ccs930/ccs/tools/compiler/gcc-arm-none-eabi-7-2017-q4-major-win32/bin/../lib/gcc/arm-none-eabi/7.2.1/../../../../arm-none-eabi/lib/thumb/v7-ar\libc.a(lib_a-localeconv.o)
                0xc000636c                _localeconv_r
 .text.localeconv
                0xc000638c       0x20 c:/ti/ccs930/ccs/tools/compiler/gcc-arm-none-eabi-7-2017-q4-major-win32/bin/../lib/gcc/arm-none-eabi/7.2.1/../../../../arm-none-eabi/lib/thumb/v7-ar\libc.a(lib_a-localeconv.o)
                0xc000638c                localeconv
 .text          0xc00063ac        0x0 c:/ti/ccs930/ccs/tools/compiler/gcc-arm-none-eabi-7-2017-q4-major-win32/bin/../lib/gcc/arm-none-eabi/7.2.1/../../../../arm-none-eabi/lib/thumb/v7-ar\libc.a(lib_a-lock.o)
 .text.__retarget_lock_init
                0xc00063ac        0x4 c:/ti/ccs930/ccs/tools/compiler/gcc-arm-none-eabi-7-2017-q4-major-win32/bin/../lib/gcc/arm-none-eabi/7.2.1/../../../../arm-none-eabi/lib/thumb/v7-ar\libc.a(lib_a-lock.o)
                0xc00063ac                __retarget_lock_init
 .text.__retarget_lock_init_recursive
                0xc00063b0        0x4 c:/ti/ccs930/ccs/tools/compiler/gcc-arm-none-eabi-7-2017-q4-major-win32/bin/../lib/gcc/arm-none-eabi/7.2.1/../../../../arm-none-eabi/lib/thumb/v7-ar\libc.a(lib_a-lock.o)
                0xc00063b0                __retarget_lock_init_recursive
 .text.__retarget_lock_close
                0xc00063b4        0x4 c:/ti/ccs930/ccs/tools/compiler/gcc-arm-none-eabi-7-2017-q4-major-win32/bin/../lib/gcc/arm-none-eabi/7.2.1/../../../../arm-none-eabi/lib/thumb/v7-ar\libc.a(lib_a-lock.o)
                0xc00063b4                __retarget_lock_close
 .text.__retarget_lock_close_recursive
                0xc00063b8        0x4 c:/ti/ccs930/ccs/tools/compiler/gcc-arm-none-eabi-7-2017-q4-major-win32/bin/../lib/gcc/arm-none-eabi/7.2.1/../../../../arm-none-eabi/lib/thumb/v7-ar\libc.a(lib_a-lock.o)
                0xc00063b8                __retarget_lock_close_recursive
 .text.__retarget_lock_acquire
                0xc00063bc        0x4 c:/ti/ccs930/ccs/tools/compiler/gcc-arm-none-eabi-7-2017-q4-major-win32/bin/../lib/gcc/arm-none-eabi/7.2.1/../../../../arm-none-eabi/lib/thumb/v7-ar\libc.a(lib_a-lock.o)
                0xc00063bc                __retarget_lock_acquire
 .text.__retarget_lock_acquire_recursive
                0xc00063c0        0x4 c:/ti/ccs930/ccs/tools/compiler/gcc-arm-none-eabi-7-2017-q4-major-win32/bin/../lib/gcc/arm-none-eabi/7.2.1/../../../../arm-none-eabi/lib/thumb/v7-ar\libc.a(lib_a-lock.o)
                0xc00063c0                __retarget_lock_acquire_recursive
 .text.__retarget_lock_try_acquire
                0xc00063c4        0x4 c:/ti/ccs930/ccs/tools/compiler/gcc-arm-none-eabi-7-2017-q4-major-win32/bin/../lib/gcc/arm-none-eabi/7.2.1/../../../../arm-none-eabi/lib/thumb/v7-ar\libc.a(lib_a-lock.o)
                0xc00063c4                __retarget_lock_try_acquire
 .text.__retarget_lock_try_acquire_recursive
                0xc00063c8        0x4 c:/ti/ccs930/ccs/tools/compiler/gcc-arm-none-eabi-7-2017-q4-major-win32/bin/../lib/gcc/arm-none-eabi/7.2.1/../../../../arm-none-eabi/lib/thumb/v7-ar\libc.a(lib_a-lock.o)
                0xc00063c8                __retarget_lock_try_acquire_recursive
 .text.__retarget_lock_release
                0xc00063cc        0x4 c:/ti/ccs930/ccs/tools/compiler/gcc-arm-none-eabi-7-2017-q4-major-win32/bin/../lib/gcc/arm-none-eabi/7.2.1/../../../../arm-none-eabi/lib/thumb/v7-ar\libc.a(lib_a-lock.o)
                0xc00063cc                __retarget_lock_release
 .text.__retarget_lock_release_recursive
                0xc00063d0        0x4 c:/ti/ccs930/ccs/tools/compiler/gcc-arm-none-eabi-7-2017-q4-major-win32/bin/../lib/gcc/arm-none-eabi/7.2.1/../../../../arm-none-eabi/lib/thumb/v7-ar\libc.a(lib_a-lock.o)
                0xc00063d0                __retarget_lock_release_recursive
 .text          0xc00063d4        0x0 c:/ti/ccs930/ccs/tools/compiler/gcc-arm-none-eabi-7-2017-q4-major-win32/bin/../lib/gcc/arm-none-eabi/7.2.1/../../../../arm-none-eabi/lib/thumb/v7-ar\libc.a(lib_a-makebuf.o)
 .text.__swhatbuf_r
                0xc00063d4       0x5c c:/ti/ccs930/ccs/tools/compiler/gcc-arm-none-eabi-7-2017-q4-major-win32/bin/../lib/gcc/arm-none-eabi/7.2.1/../../../../arm-none-eabi/lib/thumb/v7-ar\libc.a(lib_a-makebuf.o)
                0xc00063d4                __swhatbuf_r
 .text.__smakebuf_r
                0xc0006430       0x9c c:/ti/ccs930/ccs/tools/compiler/gcc-arm-none-eabi-7-2017-q4-major-win32/bin/../lib/gcc/arm-none-eabi/7.2.1/../../../../arm-none-eabi/lib/thumb/v7-ar\libc.a(lib_a-makebuf.o)
                0xc0006430                __smakebuf_r
 .text          0xc00064cc        0x0 c:/ti/ccs930/ccs/tools/compiler/gcc-arm-none-eabi-7-2017-q4-major-win32/bin/../lib/gcc/arm-none-eabi/7.2.1/../../../../arm-none-eabi/lib/thumb/v7-ar\libc.a(lib_a-mallocr.o)
 .text._malloc_r
                0xc00064cc      0x580 c:/ti/ccs930/ccs/tools/compiler/gcc-arm-none-eabi-7-2017-q4-major-win32/bin/../lib/gcc/arm-none-eabi/7.2.1/../../../../arm-none-eabi/lib/thumb/v7-ar\libc.a(lib_a-mallocr.o)
                0xc00064cc                _malloc_r
 .text          0xc0006a4c        0x0 c:/ti/ccs930/ccs/tools/compiler/gcc-arm-none-eabi-7-2017-q4-major-win32/bin/../lib/gcc/arm-none-eabi/7.2.1/../../../../arm-none-eabi/lib/thumb/v7-ar\libc.a(lib_a-memchr-stub.o)
 .text.memchr   0xc0006a4c       0x8c c:/ti/ccs930/ccs/tools/compiler/gcc-arm-none-eabi-7-2017-q4-major-win32/bin/../lib/gcc/arm-none-eabi/7.2.1/../../../../arm-none-eabi/lib/thumb/v7-ar\libc.a(lib_a-memchr-stub.o)
                0xc0006a4c                memchr
 .text          0xc0006ad8       0xec c:/ti/ccs930/ccs/tools/compiler/gcc-arm-none-eabi-7-2017-q4-major-win32/bin/../lib/gcc/arm-none-eabi/7.2.1/../../../../arm-none-eabi/lib/thumb/v7-ar\libc.a(lib_a-memcpy.o)
                0xc0006ad8                memcpy
 .text          0xc0006bc4        0x0 c:/ti/ccs930/ccs/tools/compiler/gcc-arm-none-eabi-7-2017-q4-major-win32/bin/../lib/gcc/arm-none-eabi/7.2.1/../../../../arm-none-eabi/lib/thumb/v7-ar\libc.a(lib_a-mlock.o)
 .text.__malloc_lock
                0xc0006bc4        0xc c:/ti/ccs930/ccs/tools/compiler/gcc-arm-none-eabi-7-2017-q4-major-win32/bin/../lib/gcc/arm-none-eabi/7.2.1/../../../../arm-none-eabi/lib/thumb/v7-ar\libc.a(lib_a-mlock.o)
                0xc0006bc4                __malloc_lock
 .text.__malloc_unlock
                0xc0006bd0        0xc c:/ti/ccs930/ccs/tools/compiler/gcc-arm-none-eabi-7-2017-q4-major-win32/bin/../lib/gcc/arm-none-eabi/7.2.1/../../../../arm-none-eabi/lib/thumb/v7-ar\libc.a(lib_a-mlock.o)
                0xc0006bd0                __malloc_unlock
 .text          0xc0006bdc        0x0 c:/ti/ccs930/ccs/tools/compiler/gcc-arm-none-eabi-7-2017-q4-major-win32/bin/../lib/gcc/arm-none-eabi/7.2.1/../../../../arm-none-eabi/lib/thumb/v7-ar\libc.a(lib_a-mprec.o)
 .text._Balloc  0xc0006bdc       0x4c c:/ti/ccs930/ccs/tools/compiler/gcc-arm-none-eabi-7-2017-q4-major-win32/bin/../lib/gcc/arm-none-eabi/7.2.1/../../../../arm-none-eabi/lib/thumb/v7-ar\libc.a(lib_a-mprec.o)
                0xc0006bdc                _Balloc
 .text._Bfree   0xc0006c28       0x14 c:/ti/ccs930/ccs/tools/compiler/gcc-arm-none-eabi-7-2017-q4-major-win32/bin/../lib/gcc/arm-none-eabi/7.2.1/../../../../arm-none-eabi/lib/thumb/v7-ar\libc.a(lib_a-mprec.o)
                0xc0006c28                _Bfree
 .text.__multadd
                0xc0006c3c       0x88 c:/ti/ccs930/ccs/tools/compiler/gcc-arm-none-eabi-7-2017-q4-major-win32/bin/../lib/gcc/arm-none-eabi/7.2.1/../../../../arm-none-eabi/lib/thumb/v7-ar\libc.a(lib_a-mprec.o)
                0xc0006c3c                __multadd
 .text.__s2b    0xc0006cc4       0x98 c:/ti/ccs930/ccs/tools/compiler/gcc-arm-none-eabi-7-2017-q4-major-win32/bin/../lib/gcc/arm-none-eabi/7.2.1/../../../../arm-none-eabi/lib/thumb/v7-ar\libc.a(lib_a-mprec.o)
                0xc0006cc4                __s2b
 .text.__hi0bits
                0xc0006d5c       0x3c c:/ti/ccs930/ccs/tools/compiler/gcc-arm-none-eabi-7-2017-q4-major-win32/bin/../lib/gcc/arm-none-eabi/7.2.1/../../../../arm-none-eabi/lib/thumb/v7-ar\libc.a(lib_a-mprec.o)
                0xc0006d5c                __hi0bits
 .text.__lo0bits
                0xc0006d98       0x5c c:/ti/ccs930/ccs/tools/compiler/gcc-arm-none-eabi-7-2017-q4-major-win32/bin/../lib/gcc/arm-none-eabi/7.2.1/../../../../arm-none-eabi/lib/thumb/v7-ar\libc.a(lib_a-mprec.o)
                0xc0006d98                __lo0bits
 .text.__i2b    0xc0006df4       0x14 c:/ti/ccs930/ccs/tools/compiler/gcc-arm-none-eabi-7-2017-q4-major-win32/bin/../lib/gcc/arm-none-eabi/7.2.1/../../../../arm-none-eabi/lib/thumb/v7-ar\libc.a(lib_a-mprec.o)
                0xc0006df4                __i2b
 .text.__multiply
                0xc0006e08      0x158 c:/ti/ccs930/ccs/tools/compiler/gcc-arm-none-eabi-7-2017-q4-major-win32/bin/../lib/gcc/arm-none-eabi/7.2.1/../../../../arm-none-eabi/lib/thumb/v7-ar\libc.a(lib_a-mprec.o)
                0xc0006e08                __multiply
 .text.__pow5mult
                0xc0006f60       0xa4 c:/ti/ccs930/ccs/tools/compiler/gcc-arm-none-eabi-7-2017-q4-major-win32/bin/../lib/gcc/arm-none-eabi/7.2.1/../../../../arm-none-eabi/lib/thumb/v7-ar\libc.a(lib_a-mprec.o)
                0xc0006f60                __pow5mult
 .text.__lshift
                0xc0007004       0xb8 c:/ti/ccs930/ccs/tools/compiler/gcc-arm-none-eabi-7-2017-q4-major-win32/bin/../lib/gcc/arm-none-eabi/7.2.1/../../../../arm-none-eabi/lib/thumb/v7-ar\libc.a(lib_a-mprec.o)
                0xc0007004                __lshift
 .text.__mcmp   0xc00070bc       0x38 c:/ti/ccs930/ccs/tools/compiler/gcc-arm-none-eabi-7-2017-q4-major-win32/bin/../lib/gcc/arm-none-eabi/7.2.1/../../../../arm-none-eabi/lib/thumb/v7-ar\libc.a(lib_a-mprec.o)
                0xc00070bc                __mcmp
 .text.__mdiff  0xc00070f4      0x108 c:/ti/ccs930/ccs/tools/compiler/gcc-arm-none-eabi-7-2017-q4-major-win32/bin/../lib/gcc/arm-none-eabi/7.2.1/../../../../arm-none-eabi/lib/thumb/v7-ar\libc.a(lib_a-mprec.o)
                0xc00070f4                __mdiff
 .text.__ulp    0xc00071fc       0x44 c:/ti/ccs930/ccs/tools/compiler/gcc-arm-none-eabi-7-2017-q4-major-win32/bin/../lib/gcc/arm-none-eabi/7.2.1/../../../../arm-none-eabi/lib/thumb/v7-ar\libc.a(lib_a-mprec.o)
                0xc00071fc                __ulp
 .text.__b2d    0xc0007240       0xc0 c:/ti/ccs930/ccs/tools/compiler/gcc-arm-none-eabi-7-2017-q4-major-win32/bin/../lib/gcc/arm-none-eabi/7.2.1/../../../../arm-none-eabi/lib/thumb/v7-ar\libc.a(lib_a-mprec.o)
                0xc0007240                __b2d
 .text.__d2b    0xc0007300       0xac c:/ti/ccs930/ccs/tools/compiler/gcc-arm-none-eabi-7-2017-q4-major-win32/bin/../lib/gcc/arm-none-eabi/7.2.1/../../../../arm-none-eabi/lib/thumb/v7-ar\libc.a(lib_a-mprec.o)
                0xc0007300                __d2b
 .text.__ratio  0xc00073ac       0x68 c:/ti/ccs930/ccs/tools/compiler/gcc-arm-none-eabi-7-2017-q4-major-win32/bin/../lib/gcc/arm-none-eabi/7.2.1/../../../../arm-none-eabi/lib/thumb/v7-ar\libc.a(lib_a-mprec.o)
                0xc00073ac                __ratio
 .text._mprec_log10
                0xc0007414       0x38 c:/ti/ccs930/ccs/tools/compiler/gcc-arm-none-eabi-7-2017-q4-major-win32/bin/../lib/gcc/arm-none-eabi/7.2.1/../../../../arm-none-eabi/lib/thumb/v7-ar\libc.a(lib_a-mprec.o)
                0xc0007414                _mprec_log10
 .text.__copybits
                0xc000744c       0x48 c:/ti/ccs930/ccs/tools/compiler/gcc-arm-none-eabi-7-2017-q4-major-win32/bin/../lib/gcc/arm-none-eabi/7.2.1/../../../../arm-none-eabi/lib/thumb/v7-ar\libc.a(lib_a-mprec.o)
                0xc000744c                __copybits
 .text.__any_on
                0xc0007494       0x58 c:/ti/ccs930/ccs/tools/compiler/gcc-arm-none-eabi-7-2017-q4-major-win32/bin/../lib/gcc/arm-none-eabi/7.2.1/../../../../arm-none-eabi/lib/thumb/v7-ar\libc.a(lib_a-mprec.o)
                0xc0007494                __any_on
 .text          0xc00074ec        0x0 c:/ti/ccs930/ccs/tools/compiler/gcc-arm-none-eabi-7-2017-q4-major-win32/bin/../lib/gcc/arm-none-eabi/7.2.1/../../../../arm-none-eabi/lib/thumb/v7-ar\libc.a(lib_a-sbrkr.o)
 .text._sbrk_r  0xc00074ec       0x28 c:/ti/ccs930/ccs/tools/compiler/gcc-arm-none-eabi-7-2017-q4-major-win32/bin/../lib/gcc/arm-none-eabi/7.2.1/../../../../arm-none-eabi/lib/thumb/v7-ar\libc.a(lib_a-sbrkr.o)
                0xc00074ec                _sbrk_r
 .text          0xc0007514        0x0 c:/ti/ccs930/ccs/tools/compiler/gcc-arm-none-eabi-7-2017-q4-major-win32/bin/../lib/gcc/arm-none-eabi/7.2.1/../../../../arm-none-eabi/lib/thumb/v7-ar\libc.a(lib_a-stdio.o)
 .text.__sread  0xc0007514       0x24 c:/ti/ccs930/ccs/tools/compiler/gcc-arm-none-eabi-7-2017-q4-major-win32/bin/../lib/gcc/arm-none-eabi/7.2.1/../../../../arm-none-eabi/lib/thumb/v7-ar\libc.a(lib_a-stdio.o)
                0xc0007514                __sread
 .text.__seofread
                0xc0007538        0x4 c:/ti/ccs930/ccs/tools/compiler/gcc-arm-none-eabi-7-2017-q4-major-win32/bin/../lib/gcc/arm-none-eabi/7.2.1/../../../../arm-none-eabi/lib/thumb/v7-ar\libc.a(lib_a-stdio.o)
                0xc0007538                __seofread
 .text.__swrite
                0xc000753c       0x3c c:/ti/ccs930/ccs/tools/compiler/gcc-arm-none-eabi-7-2017-q4-major-win32/bin/../lib/gcc/arm-none-eabi/7.2.1/../../../../arm-none-eabi/lib/thumb/v7-ar\libc.a(lib_a-stdio.o)
                0xc000753c                __swrite
 .text.__sseek  0xc0007578       0x20 c:/ti/ccs930/ccs/tools/compiler/gcc-arm-none-eabi-7-2017-q4-major-win32/bin/../lib/gcc/arm-none-eabi/7.2.1/../../../../arm-none-eabi/lib/thumb/v7-ar\libc.a(lib_a-stdio.o)
                0xc0007578                __sseek
 .text.__sclose
                0xc0007598        0x8 c:/ti/ccs930/ccs/tools/compiler/gcc-arm-none-eabi-7-2017-q4-major-win32/bin/../lib/gcc/arm-none-eabi/7.2.1/../../../../arm-none-eabi/lib/thumb/v7-ar\libc.a(lib_a-stdio.o)
                0xc0007598                __sclose
 .text          0xc00075a0        0x0 c:/ti/ccs930/ccs/tools/compiler/gcc-arm-none-eabi-7-2017-q4-major-win32/bin/../lib/gcc/arm-none-eabi/7.2.1/../../../../arm-none-eabi/lib/thumb/v7-ar\libc.a(lib_a-svfiprintf.o)
 .text.__ssprint_r
                0xc00075a0       0xf8 c:/ti/ccs930/ccs/tools/compiler/gcc-arm-none-eabi-7-2017-q4-major-win32/bin/../lib/gcc/arm-none-eabi/7.2.1/../../../../arm-none-eabi/lib/thumb/v7-ar\libc.a(lib_a-svfiprintf.o)
                0xc00075a0                __ssprint_r
 .text._svfiprintf_r
                0xc0007698      0xa8c c:/ti/ccs930/ccs/tools/compiler/gcc-arm-none-eabi-7-2017-q4-major-win32/bin/../lib/gcc/arm-none-eabi/7.2.1/../../../../arm-none-eabi/lib/thumb/v7-ar\libc.a(lib_a-svfiprintf.o)
                0xc0007698                _svfiprintf_r
 .text          0xc0008124        0x0 c:/ti/ccs930/ccs/tools/compiler/gcc-arm-none-eabi-7-2017-q4-major-win32/bin/../lib/gcc/arm-none-eabi/7.2.1/../../../../arm-none-eabi/lib/thumb/v7-ar\libc.a(lib_a-vfiprintf.o)
 .text.__sprint_r.part.0
                0xc0008124       0x74 c:/ti/ccs930/ccs/tools/compiler/gcc-arm-none-eabi-7-2017-q4-major-win32/bin/../lib/gcc/arm-none-eabi/7.2.1/../../../../arm-none-eabi/lib/thumb/v7-ar\libc.a(lib_a-vfiprintf.o)
 .text.__sprint_r
                0xc0008198       0x14 c:/ti/ccs930/ccs/tools/compiler/gcc-arm-none-eabi-7-2017-q4-major-win32/bin/../lib/gcc/arm-none-eabi/7.2.1/../../../../arm-none-eabi/lib/thumb/v7-ar\libc.a(lib_a-vfiprintf.o)
                0xc0008198                __sprint_r
 .text._vfiprintf_r
                0xc00081ac      0xcbc c:/ti/ccs930/ccs/tools/compiler/gcc-arm-none-eabi-7-2017-q4-major-win32/bin/../lib/gcc/arm-none-eabi/7.2.1/../../../../arm-none-eabi/lib/thumb/v7-ar\libc.a(lib_a-vfiprintf.o)
                0xc00081ac                _vfiprintf_r
 .text.vfiprintf
                0xc0008e68       0x18 c:/ti/ccs930/ccs/tools/compiler/gcc-arm-none-eabi-7-2017-q4-major-win32/bin/../lib/gcc/arm-none-eabi/7.2.1/../../../../arm-none-eabi/lib/thumb/v7-ar\libc.a(lib_a-vfiprintf.o)
                0xc0008e68                vfiprintf
 .text.__sbprintf
                0xc0008e80       0x88 c:/ti/ccs930/ccs/tools/compiler/gcc-arm-none-eabi-7-2017-q4-major-win32/bin/../lib/gcc/arm-none-eabi/7.2.1/../../../../arm-none-eabi/lib/thumb/v7-ar\libc.a(lib_a-vfiprintf.o)
 .text          0xc0008f08        0x0 c:/ti/ccs930/ccs/tools/compiler/gcc-arm-none-eabi-7-2017-q4-major-win32/bin/../lib/gcc/arm-none-eabi/7.2.1/../../../../arm-none-eabi/lib/thumb/v7-ar\libc.a(lib_a-writer.o)
 .text._write_r
                0xc0008f08       0x2c c:/ti/ccs930/ccs/tools/compiler/gcc-arm-none-eabi-7-2017-q4-major-win32/bin/../lib/gcc/arm-none-eabi/7.2.1/../../../../arm-none-eabi/lib/thumb/v7-ar\libc.a(lib_a-writer.o)
                0xc0008f08                _write_r
 .text          0xc0008f34        0x0 c:/ti/ccs930/ccs/tools/compiler/gcc-arm-none-eabi-7-2017-q4-major-win32/bin/../lib/gcc/arm-none-eabi/7.2.1/../../../../arm-none-eabi/lib/thumb/v7-ar\libc.a(lib_a-__atexit.o)
 .text.__register_exitproc
                0xc0008f34       0xd0 c:/ti/ccs930/ccs/tools/compiler/gcc-arm-none-eabi-7-2017-q4-major-win32/bin/../lib/gcc/arm-none-eabi/7.2.1/../../../../arm-none-eabi/lib/thumb/v7-ar\libc.a(lib_a-__atexit.o)
                0xc0008f34                __register_exitproc
 .text          0xc0009004        0x0 c:/ti/ccs930/ccs/tools/compiler/gcc-arm-none-eabi-7-2017-q4-major-win32/bin/../lib/gcc/arm-none-eabi/7.2.1/../../../../arm-none-eabi/lib/thumb/v7-ar\libc.a(lib_a-callocr.o)
 .text._calloc_r
                0xc0009004       0x60 c:/ti/ccs930/ccs/tools/compiler/gcc-arm-none-eabi-7-2017-q4-major-win32/bin/../lib/gcc/arm-none-eabi/7.2.1/../../../../arm-none-eabi/lib/thumb/v7-ar\libc.a(lib_a-callocr.o)
                0xc0009004                _calloc_r
 .text          0xc0009064        0x0 c:/ti/ccs930/ccs/tools/compiler/gcc-arm-none-eabi-7-2017-q4-major-win32/bin/../lib/gcc/arm-none-eabi/7.2.1/../../../../arm-none-eabi/lib/thumb/v7-ar\libc.a(lib_a-closer.o)
 .text._close_r
                0xc0009064       0x28 c:/ti/ccs930/ccs/tools/compiler/gcc-arm-none-eabi-7-2017-q4-major-win32/bin/../lib/gcc/arm-none-eabi/7.2.1/../../../../arm-none-eabi/lib/thumb/v7-ar\libc.a(lib_a-closer.o)
                0xc0009064                _close_r
 .text          0xc000908c        0x0 c:/ti/ccs930/ccs/tools/compiler/gcc-arm-none-eabi-7-2017-q4-major-win32/bin/../lib/gcc/arm-none-eabi/7.2.1/../../../../arm-none-eabi/lib/thumb/v7-ar\libc.a(lib_a-fclose.o)
 .text._fclose_r
                0xc000908c       0xd0 c:/ti/ccs930/ccs/tools/compiler/gcc-arm-none-eabi-7-2017-q4-major-win32/bin/../lib/gcc/arm-none-eabi/7.2.1/../../../../arm-none-eabi/lib/thumb/v7-ar\libc.a(lib_a-fclose.o)
                0xc000908c                _fclose_r
 .text.fclose   0xc000915c       0x10 c:/ti/ccs930/ccs/tools/compiler/gcc-arm-none-eabi-7-2017-q4-major-win32/bin/../lib/gcc/arm-none-eabi/7.2.1/../../../../arm-none-eabi/lib/thumb/v7-ar\libc.a(lib_a-fclose.o)
                0xc000915c                fclose
 .text          0xc000916c        0x0 c:/ti/ccs930/ccs/tools/compiler/gcc-arm-none-eabi-7-2017-q4-major-win32/bin/../lib/gcc/arm-none-eabi/7.2.1/../../../../arm-none-eabi/lib/thumb/v7-ar\libc.a(lib_a-fputwc.o)
 .text.__fputwc
                0xc000916c       0xb0 c:/ti/ccs930/ccs/tools/compiler/gcc-arm-none-eabi-7-2017-q4-major-win32/bin/../lib/gcc/arm-none-eabi/7.2.1/../../../../arm-none-eabi/lib/thumb/v7-ar\libc.a(lib_a-fputwc.o)
                0xc000916c                __fputwc
 .text._fputwc_r
                0xc000921c       0x68 c:/ti/ccs930/ccs/tools/compiler/gcc-arm-none-eabi-7-2017-q4-major-win32/bin/../lib/gcc/arm-none-eabi/7.2.1/../../../../arm-none-eabi/lib/thumb/v7-ar\libc.a(lib_a-fputwc.o)
                0xc000921c                _fputwc_r
 .text.fputwc   0xc0009284       0x38 c:/ti/ccs930/ccs/tools/compiler/gcc-arm-none-eabi-7-2017-q4-major-win32/bin/../lib/gcc/arm-none-eabi/7.2.1/../../../../arm-none-eabi/lib/thumb/v7-ar\libc.a(lib_a-fputwc.o)
                0xc0009284                fputwc
 .text          0xc00092bc        0x0 c:/ti/ccs930/ccs/tools/compiler/gcc-arm-none-eabi-7-2017-q4-major-win32/bin/../lib/gcc/arm-none-eabi/7.2.1/../../../../arm-none-eabi/lib/thumb/v7-ar\libc.a(lib_a-fstatr.o)
 .text._fstat_r
                0xc00092bc       0x2c c:/ti/ccs930/ccs/tools/compiler/gcc-arm-none-eabi-7-2017-q4-major-win32/bin/../lib/gcc/arm-none-eabi/7.2.1/../../../../arm-none-eabi/lib/thumb/v7-ar\libc.a(lib_a-fstatr.o)
                0xc00092bc                _fstat_r
 .text          0xc00092e8        0x0 c:/ti/ccs930/ccs/tools/compiler/gcc-arm-none-eabi-7-2017-q4-major-win32/bin/../lib/gcc/arm-none-eabi/7.2.1/../../../../arm-none-eabi/lib/thumb/v7-ar\libc.a(lib_a-fvwrite.o)
 .text.__sfvwrite_r
                0xc00092e8      0x320 c:/ti/ccs930/ccs/tools/compiler/gcc-arm-none-eabi-7-2017-q4-major-win32/bin/../lib/gcc/arm-none-eabi/7.2.1/../../../../arm-none-eabi/lib/thumb/v7-ar\libc.a(lib_a-fvwrite.o)
                0xc00092e8                __sfvwrite_r
 .text          0xc0009608        0x0 c:/ti/ccs930/ccs/tools/compiler/gcc-arm-none-eabi-7-2017-q4-major-win32/bin/../lib/gcc/arm-none-eabi/7.2.1/../../../../arm-none-eabi/lib/thumb/v7-ar\libc.a(lib_a-isattyr.o)
 .text._isatty_r
                0xc0009608       0x28 c:/ti/ccs930/ccs/tools/compiler/gcc-arm-none-eabi-7-2017-q4-major-win32/bin/../lib/gcc/arm-none-eabi/7.2.1/../../../../arm-none-eabi/lib/thumb/v7-ar\libc.a(lib_a-isattyr.o)
                0xc0009608                _isatty_r
 .text          0xc0009630        0x0 c:/ti/ccs930/ccs/tools/compiler/gcc-arm-none-eabi-7-2017-q4-major-win32/bin/../lib/gcc/arm-none-eabi/7.2.1/../../../../arm-none-eabi/lib/thumb/v7-ar\libc.a(lib_a-locale.o)
 .text._setlocale_r
                0xc0009630       0x54 c:/ti/ccs930/ccs/tools/compiler/gcc-arm-none-eabi-7-2017-q4-major-win32/bin/../lib/gcc/arm-none-eabi/7.2.1/../../../../arm-none-eabi/lib/thumb/v7-ar\libc.a(lib_a-locale.o)
                0xc0009630                _setlocale_r
 .text.__locale_mb_cur_max
                0xc0009684       0x20 c:/ti/ccs930/ccs/tools/compiler/gcc-arm-none-eabi-7-2017-q4-major-win32/bin/../lib/gcc/arm-none-eabi/7.2.1/../../../../arm-none-eabi/lib/thumb/v7-ar\libc.a(lib_a-locale.o)
                0xc0009684                __locale_mb_cur_max
 .text.__locale_ctype_ptr_l
                0xc00096a4        0x8 c:/ti/ccs930/ccs/tools/compiler/gcc-arm-none-eabi-7-2017-q4-major-win32/bin/../lib/gcc/arm-none-eabi/7.2.1/../../../../arm-none-eabi/lib/thumb/v7-ar\libc.a(lib_a-locale.o)
                0xc00096a4                __locale_ctype_ptr_l
 .text.__locale_ctype_ptr
                0xc00096ac       0x20 c:/ti/ccs930/ccs/tools/compiler/gcc-arm-none-eabi-7-2017-q4-major-win32/bin/../lib/gcc/arm-none-eabi/7.2.1/../../../../arm-none-eabi/lib/thumb/v7-ar\libc.a(lib_a-locale.o)
                0xc00096ac                __locale_ctype_ptr
 .text.setlocale
                0xc00096cc       0x14 c:/ti/ccs930/ccs/tools/compiler/gcc-arm-none-eabi-7-2017-q4-major-win32/bin/../lib/gcc/arm-none-eabi/7.2.1/../../../../arm-none-eabi/lib/thumb/v7-ar\libc.a(lib_a-locale.o)
                0xc00096cc                setlocale
 .text          0xc00096e0        0x0 c:/ti/ccs930/ccs/tools/compiler/gcc-arm-none-eabi-7-2017-q4-major-win32/bin/../lib/gcc/arm-none-eabi/7.2.1/../../../../arm-none-eabi/lib/thumb/v7-ar\libc.a(lib_a-lseekr.o)
 .text._lseek_r
                0xc00096e0       0x2c c:/ti/ccs930/ccs/tools/compiler/gcc-arm-none-eabi-7-2017-q4-major-win32/bin/../lib/gcc/arm-none-eabi/7.2.1/../../../../arm-none-eabi/lib/thumb/v7-ar\libc.a(lib_a-lseekr.o)
                0xc00096e0                _lseek_r
 .text          0xc000970c        0x0 c:/ti/ccs930/ccs/tools/compiler/gcc-arm-none-eabi-7-2017-q4-major-win32/bin/../lib/gcc/arm-none-eabi/7.2.1/../../../../arm-none-eabi/lib/thumb/v7-ar\libc.a(lib_a-mbtowc_r.o)
 .text._mbtowc_r
                0xc000970c       0x28 c:/ti/ccs930/ccs/tools/compiler/gcc-arm-none-eabi-7-2017-q4-major-win32/bin/../lib/gcc/arm-none-eabi/7.2.1/../../../../arm-none-eabi/lib/thumb/v7-ar\libc.a(lib_a-mbtowc_r.o)
                0xc000970c                _mbtowc_r
 .text.__ascii_mbtowc
                0xc0009734       0x24 c:/ti/ccs930/ccs/tools/compiler/gcc-arm-none-eabi-7-2017-q4-major-win32/bin/../lib/gcc/arm-none-eabi/7.2.1/../../../../arm-none-eabi/lib/thumb/v7-ar\libc.a(lib_a-mbtowc_r.o)
                0xc0009734                __ascii_mbtowc
 .text          0xc0009758        0x0 c:/ti/ccs930/ccs/tools/compiler/gcc-arm-none-eabi-7-2017-q4-major-win32/bin/../lib/gcc/arm-none-eabi/7.2.1/../../../../arm-none-eabi/lib/thumb/v7-ar\libc.a(lib_a-memmove.o)
 .text.memmove  0xc0009758       0xc8 c:/ti/ccs930/ccs/tools/compiler/gcc-arm-none-eabi-7-2017-q4-major-win32/bin/../lib/gcc/arm-none-eabi/7.2.1/../../../../arm-none-eabi/lib/thumb/v7-ar\libc.a(lib_a-memmove.o)
                0xc0009758                memmove
 .text          0xc0009820        0x0 c:/ti/ccs930/ccs/tools/compiler/gcc-arm-none-eabi-7-2017-q4-major-win32/bin/../lib/gcc/arm-none-eabi/7.2.1/../../../../arm-none-eabi/lib/thumb/v7-ar\libc.a(lib_a-readr.o)
 .text._read_r  0xc0009820       0x2c c:/ti/ccs930/ccs/tools/compiler/gcc-arm-none-eabi-7-2017-q4-major-win32/bin/../lib/gcc/arm-none-eabi/7.2.1/../../../../arm-none-eabi/lib/thumb/v7-ar\libc.a(lib_a-readr.o)
                0xc0009820                _read_r
 .text          0xc000984c        0x0 c:/ti/ccs930/ccs/tools/compiler/gcc-arm-none-eabi-7-2017-q4-major-win32/bin/../lib/gcc/arm-none-eabi/7.2.1/../../../../arm-none-eabi/lib/thumb/v7-ar\libc.a(lib_a-reallocr.o)
 .text._realloc_r
                0xc000984c      0x35c c:/ti/ccs930/ccs/tools/compiler/gcc-arm-none-eabi-7-2017-q4-major-win32/bin/../lib/gcc/arm-none-eabi/7.2.1/../../../../arm-none-eabi/lib/thumb/v7-ar\libc.a(lib_a-reallocr.o)
                0xc000984c                _realloc_r
 .text          0xc0009ba8        0x0 c:/ti/ccs930/ccs/tools/compiler/gcc-arm-none-eabi-7-2017-q4-major-win32/bin/../lib/gcc/arm-none-eabi/7.2.1/../../../../arm-none-eabi/lib/thumb/v7-ar\libc.a(lib_a-reent.o)
 .text.cleanup_glue
                0xc0009ba8       0x28 c:/ti/ccs930/ccs/tools/compiler/gcc-arm-none-eabi-7-2017-q4-major-win32/bin/../lib/gcc/arm-none-eabi/7.2.1/../../../../arm-none-eabi/lib/thumb/v7-ar\libc.a(lib_a-reent.o)
                0xc0009ba8                cleanup_glue
 .text._reclaim_reent
                0xc0009bd0       0x88 c:/ti/ccs930/ccs/tools/compiler/gcc-arm-none-eabi-7-2017-q4-major-win32/bin/../lib/gcc/arm-none-eabi/7.2.1/../../../../arm-none-eabi/lib/thumb/v7-ar\libc.a(lib_a-reent.o)
                0xc0009bd0                _reclaim_reent
 .text          0xc0009c58      0x1bc c:/ti/ccs930/ccs/tools/compiler/gcc-arm-none-eabi-7-2017-q4-major-win32/bin/../lib/gcc/arm-none-eabi/7.2.1/../../../../arm-none-eabi/lib/thumb/v7-ar\libc.a(lib_a-strcmp.o)
                0xc0009c58                strcmp
 .text          0xc0009e14        0x0 c:/ti/ccs930/ccs/tools/compiler/gcc-arm-none-eabi-7-2017-q4-major-win32/bin/../lib/gcc/arm-none-eabi/7.2.1/../../../../arm-none-eabi/lib/thumb/v7-ar\libc.a(lib_a-wbuf.o)
 .text.__swbuf_r
                0xc0009e14       0xac c:/ti/ccs930/ccs/tools/compiler/gcc-arm-none-eabi-7-2017-q4-major-win32/bin/../lib/gcc/arm-none-eabi/7.2.1/../../../../arm-none-eabi/lib/thumb/v7-ar\libc.a(lib_a-wbuf.o)
                0xc0009e14                __swbuf_r
 .text.__swbuf  0xc0009ec0       0x14 c:/ti/ccs930/ccs/tools/compiler/gcc-arm-none-eabi-7-2017-q4-major-win32/bin/../lib/gcc/arm-none-eabi/7.2.1/../../../../arm-none-eabi/lib/thumb/v7-ar\libc.a(lib_a-wbuf.o)
                0xc0009ec0                __swbuf
 .text          0xc0009ed4        0x0 c:/ti/ccs930/ccs/tools/compiler/gcc-arm-none-eabi-7-2017-q4-major-win32/bin/../lib/gcc/arm-none-eabi/7.2.1/../../../../arm-none-eabi/lib/thumb/v7-ar\libc.a(lib_a-wcrtomb.o)
 .text._wcrtomb_r
                0xc0009ed4       0x54 c:/ti/ccs930/ccs/tools/compiler/gcc-arm-none-eabi-7-2017-q4-major-win32/bin/../lib/gcc/arm-none-eabi/7.2.1/../../../../arm-none-eabi/lib/thumb/v7-ar\libc.a(lib_a-wcrtomb.o)
                0xc0009ed4                _wcrtomb_r
 .text.wcrtomb  0xc0009f28       0x50 c:/ti/ccs930/ccs/tools/compiler/gcc-arm-none-eabi-7-2017-q4-major-win32/bin/../lib/gcc/arm-none-eabi/7.2.1/../../../../arm-none-eabi/lib/thumb/v7-ar\libc.a(lib_a-wcrtomb.o)
                0xc0009f28                wcrtomb
 .text          0xc0009f78        0x0 c:/ti/ccs930/ccs/tools/compiler/gcc-arm-none-eabi-7-2017-q4-major-win32/bin/../lib/gcc/arm-none-eabi/7.2.1/../../../../arm-none-eabi/lib/thumb/v7-ar\libc.a(lib_a-wctomb_r.o)
 .text._wctomb_r
                0xc0009f78       0x28 c:/ti/ccs930/ccs/tools/compiler/gcc-arm-none-eabi-7-2017-q4-major-win32/bin/../lib/gcc/arm-none-eabi/7.2.1/../../../../arm-none-eabi/lib/thumb/v7-ar\libc.a(lib_a-wctomb_r.o)
                0xc0009f78                _wctomb_r
 .text.__ascii_wctomb
                0xc0009fa0       0x18 c:/ti/ccs930/ccs/tools/compiler/gcc-arm-none-eabi-7-2017-q4-major-win32/bin/../lib/gcc/arm-none-eabi/7.2.1/../../../../arm-none-eabi/lib/thumb/v7-ar\libc.a(lib_a-wctomb_r.o)
                0xc0009fa0                __ascii_wctomb
 .text          0xc0009fb8        0x0 c:/ti/ccs930/ccs/tools/compiler/gcc-arm-none-eabi-7-2017-q4-major-win32/bin/../lib/gcc/arm-none-eabi/7.2.1/../../../../arm-none-eabi/lib/thumb/v7-ar\libc.a(lib_a-ctype_.o)
 .text          0xc0009fb8      0x278 c:/ti/ccs930/ccs/tools/compiler/gcc-arm-none-eabi-7-2017-q4-major-win32/bin/../lib/gcc/arm-none-eabi/7.2.1/thumb/v7-ar\libgcc.a(_udivsi3.o)
                0xc0009fb8                __aeabi_uidiv
                0xc0009fb8                __udivsi3
                0xc000a214                __aeabi_uidivmod
 .text          0xc000a230      0x2b0 c:/ti/ccs930/ccs/tools/compiler/gcc-arm-none-eabi-7-2017-q4-major-win32/bin/../lib/gcc/arm-none-eabi/7.2.1/thumb/v7-ar\libgcc.a(_divsi3.o)
                0xc000a230                __divsi3
                0xc000a230                __aeabi_idiv
                0xc000a4c4                __aeabi_idivmod
 .text          0xc000a4e0        0x4 c:/ti/ccs930/ccs/tools/compiler/gcc-arm-none-eabi-7-2017-q4-major-win32/bin/../lib/gcc/arm-none-eabi/7.2.1/thumb/v7-ar\libgcc.a(_dvmd_tls.o)
                0xc000a4e0                __aeabi_idiv0
                0xc000a4e0                __aeabi_ldiv0
 .text          0xc000a4e4      0x378 c:/ti/ccs930/ccs/tools/compiler/gcc-arm-none-eabi-7-2017-q4-major-win32/bin/../lib/gcc/arm-none-eabi/7.2.1/thumb/v7-ar\libgcc.a(_arm_addsubdf3.o)
                0xc000a4e4                __aeabi_drsub
                0xc000a4ec                __aeabi_dsub
                0xc000a4ec                __subdf3
                0xc000a4f0                __aeabi_dadd
                0xc000a4f0                __adddf3
                0xc000a768                __floatunsidf
                0xc000a768                __aeabi_ui2d
                0xc000a788                __floatsidf
                0xc000a788                __aeabi_i2d
                0xc000a7ac                __aeabi_f2d
                0xc000a7ac                __extendsfdf2
                0xc000a7f0                __floatundidf
                0xc000a7f0                __aeabi_ul2d
                0xc000a800                __floatdidf
                0xc000a800                __aeabi_l2d
 .text          0xc000a85c      0x424 c:/ti/ccs930/ccs/tools/compiler/gcc-arm-none-eabi-7-2017-q4-major-win32/bin/../lib/gcc/arm-none-eabi/7.2.1/thumb/v7-ar\libgcc.a(_arm_muldivdf3.o)
                0xc000a85c                __aeabi_dmul
                0xc000a85c                __muldf3
                0xc000aab0                __divdf3
                0xc000aab0                __aeabi_ddiv
 .text          0xc000ac80      0x110 c:/ti/ccs930/ccs/tools/compiler/gcc-arm-none-eabi-7-2017-q4-major-win32/bin/../lib/gcc/arm-none-eabi/7.2.1/thumb/v7-ar\libgcc.a(_arm_cmpdf2.o)
                0xc000ac80                __gtdf2
                0xc000ac80                __gedf2
                0xc000ac88                __ltdf2
                0xc000ac88                __ledf2
                0xc000ac90                __nedf2
                0xc000ac90                __eqdf2
                0xc000ac90                __cmpdf2
                0xc000ad0c                __aeabi_cdrcmple
                0xc000ad1c                __aeabi_cdcmpeq
                0xc000ad1c                __aeabi_cdcmple
                0xc000ad2c                __aeabi_dcmpeq
                0xc000ad40                __aeabi_dcmplt
                0xc000ad54                __aeabi_dcmple
                0xc000ad68                __aeabi_dcmpge
                0xc000ad7c                __aeabi_dcmpgt
 .text          0xc000ad90       0x2c c:/ti/ccs930/ccs/tools/compiler/gcc-arm-none-eabi-7-2017-q4-major-win32/bin/../lib/gcc/arm-none-eabi/7.2.1/thumb/v7-ar\libgcc.a(_arm_unorddf2.o)
                0xc000ad90                __unorddf2
                0xc000ad90                __aeabi_dcmpun
 .text          0xc000adbc       0x50 c:/ti/ccs930/ccs/tools/compiler/gcc-arm-none-eabi-7-2017-q4-major-win32/bin/../lib/gcc/arm-none-eabi/7.2.1/thumb/v7-ar\libgcc.a(_arm_fixdfsi.o)
                0xc000adbc                __aeabi_d2iz
                0xc000adbc                __fixdfsi
 .text          0xc000ae0c       0x30 c:/ti/ccs930/ccs/tools/compiler/gcc-arm-none-eabi-7-2017-q4-major-win32/bin/../lib/gcc/arm-none-eabi/7.2.1/thumb/v7-ar\libgcc.a(_aeabi_uldivmod.o)
                0xc000ae0c                __aeabi_uldivmod
 .text          0xc000ae3c      0x144 c:/ti/ccs930/ccs/tools/compiler/gcc-arm-none-eabi-7-2017-q4-major-win32/bin/../lib/gcc/arm-none-eabi/7.2.1/thumb/v7-ar\libgcc.a(_udivmoddi4.o)
                0xc000ae3c                __udivmoddi4
 .text          0xc000af80        0x0 c:/ti/ccs930/ccs/tools/compiler/gcc-arm-none-eabi-7-2017-q4-major-win32/bin/../lib/gcc/arm-none-eabi/7.2.1/../../../../arm-none-eabi/lib/thumb/v7-ar\librdimon.a(rdimon-syscalls.o)
 .text.findslot
                0xc000af80       0x38 c:/ti/ccs930/ccs/tools/compiler/gcc-arm-none-eabi-7-2017-q4-major-win32/bin/../lib/gcc/arm-none-eabi/7.2.1/../../../../arm-none-eabi/lib/thumb/v7-ar\librdimon.a(rdimon-syscalls.o)
 .text.checkerror.part.0
                0xc000afb8       0x1c c:/ti/ccs930/ccs/tools/compiler/gcc-arm-none-eabi-7-2017-q4-major-win32/bin/../lib/gcc/arm-none-eabi/7.2.1/../../../../arm-none-eabi/lib/thumb/v7-ar\librdimon.a(rdimon-syscalls.o)
 .text._swiread
                0xc000afd4       0x2c c:/ti/ccs930/ccs/tools/compiler/gcc-arm-none-eabi-7-2017-q4-major-win32/bin/../lib/gcc/arm-none-eabi/7.2.1/../../../../arm-none-eabi/lib/thumb/v7-ar\librdimon.a(rdimon-syscalls.o)
                0xc000afd4                _swiread
 .text._read    0xc000b000       0x54 c:/ti/ccs930/ccs/tools/compiler/gcc-arm-none-eabi-7-2017-q4-major-win32/bin/../lib/gcc/arm-none-eabi/7.2.1/../../../../arm-none-eabi/lib/thumb/v7-ar\librdimon.a(rdimon-syscalls.o)
                0xc000b000                _read
 .text._swilseek
                0xc000b054       0xa8 c:/ti/ccs930/ccs/tools/compiler/gcc-arm-none-eabi-7-2017-q4-major-win32/bin/../lib/gcc/arm-none-eabi/7.2.1/../../../../arm-none-eabi/lib/thumb/v7-ar\librdimon.a(rdimon-syscalls.o)
                0xc000b054                _swilseek
 .text._lseek   0xc000b0fc        0x4 c:/ti/ccs930/ccs/tools/compiler/gcc-arm-none-eabi-7-2017-q4-major-win32/bin/../lib/gcc/arm-none-eabi/7.2.1/../../../../arm-none-eabi/lib/thumb/v7-ar\librdimon.a(rdimon-syscalls.o)
                0xc000b0fc                _lseek
 .text._swiwrite
                0xc000b100       0x2c c:/ti/ccs930/ccs/tools/compiler/gcc-arm-none-eabi-7-2017-q4-major-win32/bin/../lib/gcc/arm-none-eabi/7.2.1/../../../../arm-none-eabi/lib/thumb/v7-ar\librdimon.a(rdimon-syscalls.o)
                0xc000b100                _swiwrite
 .text._write   0xc000b12c       0x78 c:/ti/ccs930/ccs/tools/compiler/gcc-arm-none-eabi-7-2017-q4-major-win32/bin/../lib/gcc/arm-none-eabi/7.2.1/../../../../arm-none-eabi/lib/thumb/v7-ar\librdimon.a(rdimon-syscalls.o)
                0xc000b12c                _write
 .text._swiclose
                0xc000b1a4       0x28 c:/ti/ccs930/ccs/tools/compiler/gcc-arm-none-eabi-7-2017-q4-major-win32/bin/../lib/gcc/arm-none-eabi/7.2.1/../../../../arm-none-eabi/lib/thumb/v7-ar\librdimon.a(rdimon-syscalls.o)
                0xc000b1a4                _swiclose
 .text._close   0xc000b1cc       0x70 c:/ti/ccs930/ccs/tools/compiler/gcc-arm-none-eabi-7-2017-q4-major-win32/bin/../lib/gcc/arm-none-eabi/7.2.1/../../../../arm-none-eabi/lib/thumb/v7-ar\librdimon.a(rdimon-syscalls.o)
                0xc000b1cc                _close
 .text._getpid  0xc000b23c        0x4 c:/ti/ccs930/ccs/tools/compiler/gcc-arm-none-eabi-7-2017-q4-major-win32/bin/../lib/gcc/arm-none-eabi/7.2.1/../../../../arm-none-eabi/lib/thumb/v7-ar\librdimon.a(rdimon-syscalls.o)
                0xc000b23c                _getpid
 .text._sbrk    0xc000b240       0x54 c:/ti/ccs930/ccs/tools/compiler/gcc-arm-none-eabi-7-2017-q4-major-win32/bin/../lib/gcc/arm-none-eabi/7.2.1/../../../../arm-none-eabi/lib/thumb/v7-ar\librdimon.a(rdimon-syscalls.o)
                0xc000b240                _sbrk
 .text._swistat
                0xc000b294       0x4c c:/ti/ccs930/ccs/tools/compiler/gcc-arm-none-eabi-7-2017-q4-major-win32/bin/../lib/gcc/arm-none-eabi/7.2.1/../../../../arm-none-eabi/lib/thumb/v7-ar\librdimon.a(rdimon-syscalls.o)
                0xc000b294                _swistat
 .text._fstat   0xc000b2e0       0x1c c:/ti/ccs930/ccs/tools/compiler/gcc-arm-none-eabi-7-2017-q4-major-win32/bin/../lib/gcc/arm-none-eabi/7.2.1/../../../../arm-none-eabi/lib/thumb/v7-ar\librdimon.a(rdimon-syscalls.o)
                0xc000b2e0                _fstat
 .text._stat    0xc000b2fc       0x3c c:/ti/ccs930/ccs/tools/compiler/gcc-arm-none-eabi-7-2017-q4-major-win32/bin/../lib/gcc/arm-none-eabi/7.2.1/../../../../arm-none-eabi/lib/thumb/v7-ar\librdimon.a(rdimon-syscalls.o)
                0xc000b2fc                _stat
 .text._swiopen
                0xc000b338       0xd8 c:/ti/ccs930/ccs/tools/compiler/gcc-arm-none-eabi-7-2017-q4-major-win32/bin/../lib/gcc/arm-none-eabi/7.2.1/../../../../arm-none-eabi/lib/thumb/v7-ar\librdimon.a(rdimon-syscalls.o)
                0xc000b338                _swiopen
 .text._open    0xc000b410       0x14 c:/ti/ccs930/ccs/tools/compiler/gcc-arm-none-eabi-7-2017-q4-major-win32/bin/../lib/gcc/arm-none-eabi/7.2.1/../../../../arm-none-eabi/lib/thumb/v7-ar\librdimon.a(rdimon-syscalls.o)
                0xc000b410                _open
 .text._get_semihosting_exts
                0xc000b424       0xd4 c:/ti/ccs930/ccs/tools/compiler/gcc-arm-none-eabi-7-2017-q4-major-win32/bin/../lib/gcc/arm-none-eabi/7.2.1/../../../../arm-none-eabi/lib/thumb/v7-ar\librdimon.a(rdimon-syscalls.o)
                0xc000b424                _get_semihosting_exts
 .text.initialise_semihosting_exts
                0xc000b4f8       0x40 c:/ti/ccs930/ccs/tools/compiler/gcc-arm-none-eabi-7-2017-q4-major-win32/bin/../lib/gcc/arm-none-eabi/7.2.1/../../../../arm-none-eabi/lib/thumb/v7-ar\librdimon.a(rdimon-syscalls.o)
 .text._has_ext_exit_extended
                0xc000b538       0x1c c:/ti/ccs930/ccs/tools/compiler/gcc-arm-none-eabi-7-2017-q4-major-win32/bin/../lib/gcc/arm-none-eabi/7.2.1/../../../../arm-none-eabi/lib/thumb/v7-ar\librdimon.a(rdimon-syscalls.o)
                0xc000b538                _has_ext_exit_extended
 .text._has_ext_stdout_stderr
                0xc000b554       0x1c c:/ti/ccs930/ccs/tools/compiler/gcc-arm-none-eabi-7-2017-q4-major-win32/bin/../lib/gcc/arm-none-eabi/7.2.1/../../../../arm-none-eabi/lib/thumb/v7-ar\librdimon.a(rdimon-syscalls.o)
                0xc000b554                _has_ext_stdout_stderr
 .text.initialise_monitor_handles
                0xc000b570      0x118 c:/ti/ccs930/ccs/tools/compiler/gcc-arm-none-eabi-7-2017-q4-major-win32/bin/../lib/gcc/arm-none-eabi/7.2.1/../../../../arm-none-eabi/lib/thumb/v7-ar\librdimon.a(rdimon-syscalls.o)
                0xc000b570                initialise_monitor_handles
 .text._link    0xc000b688       0x10 c:/ti/ccs930/ccs/tools/compiler/gcc-arm-none-eabi-7-2017-q4-major-win32/bin/../lib/gcc/arm-none-eabi/7.2.1/../../../../arm-none-eabi/lib/thumb/v7-ar\librdimon.a(rdimon-syscalls.o)
                0xc000b688                _link
 .text._unlink  0xc000b698       0x3c c:/ti/ccs930/ccs/tools/compiler/gcc-arm-none-eabi-7-2017-q4-major-win32/bin/../lib/gcc/arm-none-eabi/7.2.1/../../../../arm-none-eabi/lib/thumb/v7-ar\librdimon.a(rdimon-syscalls.o)
                0xc000b698                _unlink
 .text._gettimeofday
                0xc000b6d4       0x2c c:/ti/ccs930/ccs/tools/compiler/gcc-arm-none-eabi-7-2017-q4-major-win32/bin/../lib/gcc/arm-none-eabi/7.2.1/../../../../arm-none-eabi/lib/thumb/v7-ar\librdimon.a(rdimon-syscalls.o)
                0xc000b6d4                _gettimeofday
 .text._clock   0xc000b700       0x14 c:/ti/ccs930/ccs/tools/compiler/gcc-arm-none-eabi-7-2017-q4-major-win32/bin/../lib/gcc/arm-none-eabi/7.2.1/../../../../arm-none-eabi/lib/thumb/v7-ar\librdimon.a(rdimon-syscalls.o)
                0xc000b700                _clock
 .text._times   0xc000b714       0x20 c:/ti/ccs930/ccs/tools/compiler/gcc-arm-none-eabi-7-2017-q4-major-win32/bin/../lib/gcc/arm-none-eabi/7.2.1/../../../../arm-none-eabi/lib/thumb/v7-ar\librdimon.a(rdimon-syscalls.o)
                0xc000b714                _times
 .text._isatty  0xc000b734       0x3c c:/ti/ccs930/ccs/tools/compiler/gcc-arm-none-eabi-7-2017-q4-major-win32/bin/../lib/gcc/arm-none-eabi/7.2.1/../../../../arm-none-eabi/lib/thumb/v7-ar\librdimon.a(rdimon-syscalls.o)
                0xc000b734                _isatty
 .text._system  0xc000b770       0x44 c:/ti/ccs930/ccs/tools/compiler/gcc-arm-none-eabi-7-2017-q4-major-win32/bin/../lib/gcc/arm-none-eabi/7.2.1/../../../../arm-none-eabi/lib/thumb/v7-ar\librdimon.a(rdimon-syscalls.o)
                0xc000b770                _system
 .text._rename  0xc000b7b4       0x3c c:/ti/ccs930/ccs/tools/compiler/gcc-arm-none-eabi-7-2017-q4-major-win32/bin/../lib/gcc/arm-none-eabi/7.2.1/../../../../arm-none-eabi/lib/thumb/v7-ar\librdimon.a(rdimon-syscalls.o)
                0xc000b7b4                _rename
 .text          0xc000b7f0        0x0 c:/ti/ccs930/ccs/tools/compiler/gcc-arm-none-eabi-7-2017-q4-major-win32/bin/../lib/gcc/arm-none-eabi/7.2.1/../../../../arm-none-eabi/lib/thumb/v7-ar\librdimon.a(rdimon-_exit.o)
 .text._exit    0xc000b7f0        0x8 c:/ti/ccs930/ccs/tools/compiler/gcc-arm-none-eabi-7-2017-q4-major-win32/bin/../lib/gcc/arm-none-eabi/7.2.1/../../../../arm-none-eabi/lib/thumb/v7-ar\librdimon.a(rdimon-_exit.o)
                0xc000b7f0                _exit
 .text          0xc000b7f8        0x0 c:/ti/ccs930/ccs/tools/compiler/gcc-arm-none-eabi-7-2017-q4-major-win32/bin/../lib/gcc/arm-none-eabi/7.2.1/../../../../arm-none-eabi/lib/thumb/v7-ar\librdimon.a(rdimon-_kill.o)
 .text._kill    0xc000b7f8       0x34 c:/ti/ccs930/ccs/tools/compiler/gcc-arm-none-eabi-7-2017-q4-major-win32/bin/../lib/gcc/arm-none-eabi/7.2.1/../../../../arm-none-eabi/lib/thumb/v7-ar\librdimon.a(rdimon-_kill.o)
                0xc000b7f8                _kill
 .text          0xc000b82c        0x0 c:/ti/ccs930/ccs/tools/compiler/gcc-arm-none-eabi-7-2017-q4-major-win32/bin/../lib/gcc/arm-none-eabi/7.2.1/../../../../arm-none-eabi/lib/thumb/v7-ar\libc.a(lib_a-errno.o)
 .text.__errno  0xc000b82c        0xc c:/ti/ccs930/ccs/tools/compiler/gcc-arm-none-eabi-7-2017-q4-major-win32/bin/../lib/gcc/arm-none-eabi/7.2.1/../../../../arm-none-eabi/lib/thumb/v7-ar\libc.a(lib_a-errno.o)
                0xc000b82c                __errno
 .text          0xc000b838        0x0 c:/ti/ccs930/ccs/tools/compiler/gcc-arm-none-eabi-7-2017-q4-major-win32/bin/../lib/gcc/arm-none-eabi/7.2.1/thumb/v7-ar/crtend.o
 .text          0xc000b838        0x0 c:/ti/ccs930/ccs/tools/compiler/gcc-arm-none-eabi-7-2017-q4-major-win32/bin/../lib/gcc/arm-none-eabi/7.2.1/thumb/v7-ar/crtn.o
 *(.init)
 .init          0xc000b838        0x4 c:/ti/ccs930/ccs/tools/compiler/gcc-arm-none-eabi-7-2017-q4-major-win32/bin/../lib/gcc/arm-none-eabi/7.2.1/thumb/v7-ar/crti.o
                0xc000b838                _init
 .init          0xc000b83c        0x8 c:/ti/ccs930/ccs/tools/compiler/gcc-arm-none-eabi-7-2017-q4-major-win32/bin/../lib/gcc/arm-none-eabi/7.2.1/thumb/v7-ar/crtn.o
 *(.fini)
 .fini          0xc000b844        0x4 c:/ti/ccs930/ccs/tools/compiler/gcc-arm-none-eabi-7-2017-q4-major-win32/bin/../lib/gcc/arm-none-eabi/7.2.1/thumb/v7-ar/crti.o
                0xc000b844                _fini
 .fini          0xc000b848        0x8 c:/ti/ccs930/ccs/tools/compiler/gcc-arm-none-eabi-7-2017-q4-major-win32/bin/../lib/gcc/arm-none-eabi/7.2.1/thumb/v7-ar/crtn.o
 *crtbegin.o(.ctors)
 *crtbegin?.o(.ctors)
 *(EXCLUDE_FILE(*crtend.o *crtend?.o) .ctors)
 *(SORT_BY_NAME(.ctors.*))
 *(.ctors)
 *crtbegin.o(.dtors)
 *crtbegin?.o(.dtors)
 *(EXCLUDE_FILE(*crtend.o *crtend?.o) .dtors)
 *(SORT_BY_NAME(.dtors.*))
 *(.dtors)
 *(.rodata*)
 .rodata.str1.4
                0xc000b850       0x1b ./arm_pmu_management.o
 *fill*         0xc000b86b        0x1 
 .rodata        0xc000b86c       0x14 ./main.o
                0xc000b86c                DDR_BANK_3
                0xc000b870                DDR_BANK_2
                0xc000b874                DDR_BANK_1
                0xc000b878                DDR_BANK_0
                0xc000b87c                UART_BASE
 .rodata.str1.4
                0xc000b880      0x466 ./main.o
                                0x492 (size before relaxing)
 *fill*         0xc000bce6        0x2 
 .rodata.str1.4
                0xc000bce8        0xe ./memory_controller_management.o
 *fill*         0xc000bcf6        0x2 
 .rodata._global_impure_ptr
                0xc000bcf8        0x4 c:/ti/ccs930/ccs/tools/compiler/gcc-arm-none-eabi-7-2017-q4-major-win32/bin/../lib/gcc/arm-none-eabi/7.2.1/../../../../arm-none-eabi/lib/thumb/v7-ar\libc.a(lib_a-impure.o)
                0xc000bcf8                _global_impure_ptr
 .rodata._svfprintf_r.str1.4
                0xc000bcfc       0x42 c:/ti/ccs930/ccs/tools/compiler/gcc-arm-none-eabi-7-2017-q4-major-win32/bin/../lib/gcc/arm-none-eabi/7.2.1/../../../../arm-none-eabi/lib/thumb/v7-ar\libc.a(lib_a-svfprintf.o)
 *fill*         0xc000bd3e        0x2 
 .rodata.blanks.7276
                0xc000bd40       0x10 c:/ti/ccs930/ccs/tools/compiler/gcc-arm-none-eabi-7-2017-q4-major-win32/bin/../lib/gcc/arm-none-eabi/7.2.1/../../../../arm-none-eabi/lib/thumb/v7-ar\libc.a(lib_a-svfprintf.o)
 .rodata.zeroes.7277
                0xc000bd50       0x10 c:/ti/ccs930/ccs/tools/compiler/gcc-arm-none-eabi-7-2017-q4-major-win32/bin/../lib/gcc/arm-none-eabi/7.2.1/../../../../arm-none-eabi/lib/thumb/v7-ar\libc.a(lib_a-svfprintf.o)
 .rodata._vfprintf_r.str1.4
                0xc000bd60       0x42 c:/ti/ccs930/ccs/tools/compiler/gcc-arm-none-eabi-7-2017-q4-major-win32/bin/../lib/gcc/arm-none-eabi/7.2.1/../../../../arm-none-eabi/lib/thumb/v7-ar\libc.a(lib_a-vfprintf.o)
 .rodata.blanks.7291
                0xc000bd60       0x10 c:/ti/ccs930/ccs/tools/compiler/gcc-arm-none-eabi-7-2017-q4-major-win32/bin/../lib/gcc/arm-none-eabi/7.2.1/../../../../arm-none-eabi/lib/thumb/v7-ar\libc.a(lib_a-vfprintf.o)
 .rodata.zeroes.7292
                0xc000bd70       0x10 c:/ti/ccs930/ccs/tools/compiler/gcc-arm-none-eabi-7-2017-q4-major-win32/bin/../lib/gcc/arm-none-eabi/7.2.1/../../../../arm-none-eabi/lib/thumb/v7-ar\libc.a(lib_a-vfprintf.o)
 .rodata._dtoa_r.str1.4
                0xc000bd80       0x10 c:/ti/ccs930/ccs/tools/compiler/gcc-arm-none-eabi-7-2017-q4-major-win32/bin/../lib/gcc/arm-none-eabi/7.2.1/../../../../arm-none-eabi/lib/thumb/v7-ar\libc.a(lib_a-dtoa.o)
                                 0x12 (size before relaxing)
 .rodata.__mprec_bigtens
                0xc000bd90       0x28 c:/ti/ccs930/ccs/tools/compiler/gcc-arm-none-eabi-7-2017-q4-major-win32/bin/../lib/gcc/arm-none-eabi/7.2.1/../../../../arm-none-eabi/lib/thumb/v7-ar\libc.a(lib_a-mprec.o)
                0xc000bd90                __mprec_bigtens
 .rodata.__mprec_tens
                0xc000bdb8       0xc8 c:/ti/ccs930/ccs/tools/compiler/gcc-arm-none-eabi-7-2017-q4-major-win32/bin/../lib/gcc/arm-none-eabi/7.2.1/../../../../arm-none-eabi/lib/thumb/v7-ar\libc.a(lib_a-mprec.o)
                0xc000bdb8                __mprec_tens
 .rodata.__mprec_tinytens
                0xc000be80       0x28 c:/ti/ccs930/ccs/tools/compiler/gcc-arm-none-eabi-7-2017-q4-major-win32/bin/../lib/gcc/arm-none-eabi/7.2.1/../../../../arm-none-eabi/lib/thumb/v7-ar\libc.a(lib_a-mprec.o)
                0xc000be80                __mprec_tinytens
 .rodata.p05.6092
                0xc000bea8        0xc c:/ti/ccs930/ccs/tools/compiler/gcc-arm-none-eabi-7-2017-q4-major-win32/bin/../lib/gcc/arm-none-eabi/7.2.1/../../../../arm-none-eabi/lib/thumb/v7-ar\libc.a(lib_a-mprec.o)
 .rodata._svfiprintf_r.str1.4
                0xc000beb4       0x2f c:/ti/ccs930/ccs/tools/compiler/gcc-arm-none-eabi-7-2017-q4-major-win32/bin/../lib/gcc/arm-none-eabi/7.2.1/../../../../arm-none-eabi/lib/thumb/v7-ar\libc.a(lib_a-svfiprintf.o)
 .rodata.blanks.7256
                0xc000beb4       0x10 c:/ti/ccs930/ccs/tools/compiler/gcc-arm-none-eabi-7-2017-q4-major-win32/bin/../lib/gcc/arm-none-eabi/7.2.1/../../../../arm-none-eabi/lib/thumb/v7-ar\libc.a(lib_a-svfiprintf.o)
 .rodata.zeroes.7257
                0xc000bec4       0x10 c:/ti/ccs930/ccs/tools/compiler/gcc-arm-none-eabi-7-2017-q4-major-win32/bin/../lib/gcc/arm-none-eabi/7.2.1/../../../../arm-none-eabi/lib/thumb/v7-ar\libc.a(lib_a-svfiprintf.o)
 .rodata._vfiprintf_r.str1.4
                0xc000bed4       0x2f c:/ti/ccs930/ccs/tools/compiler/gcc-arm-none-eabi-7-2017-q4-major-win32/bin/../lib/gcc/arm-none-eabi/7.2.1/../../../../arm-none-eabi/lib/thumb/v7-ar\libc.a(lib_a-vfiprintf.o)
 .rodata.blanks.7270
                0xc000bed4       0x10 c:/ti/ccs930/ccs/tools/compiler/gcc-arm-none-eabi-7-2017-q4-major-win32/bin/../lib/gcc/arm-none-eabi/7.2.1/../../../../arm-none-eabi/lib/thumb/v7-ar\libc.a(lib_a-vfiprintf.o)
 .rodata.zeroes.7271
                0xc000bee4       0x10 c:/ti/ccs930/ccs/tools/compiler/gcc-arm-none-eabi-7-2017-q4-major-win32/bin/../lib/gcc/arm-none-eabi/7.2.1/../../../../arm-none-eabi/lib/thumb/v7-ar\libc.a(lib_a-vfiprintf.o)
 .rodata._setlocale_r.str1.4
                0xc000bef4        0xa c:/ti/ccs930/ccs/tools/compiler/gcc-arm-none-eabi-7-2017-q4-major-win32/bin/../lib/gcc/arm-none-eabi/7.2.1/../../../../arm-none-eabi/lib/thumb/v7-ar\libc.a(lib_a-locale.o)
                                  0xd (size before relaxing)
 *fill*         0xc000befe        0x2 
 .rodata.str1.4
                0xc000bf00        0x2 c:/ti/ccs930/ccs/tools/compiler/gcc-arm-none-eabi-7-2017-q4-major-win32/bin/../lib/gcc/arm-none-eabi/7.2.1/../../../../arm-none-eabi/lib/thumb/v7-ar\libc.a(lib_a-locale.o)
 *fill*         0xc000bf02        0x2 
 .rodata._ctype_
                0xc000bf04      0x101 c:/ti/ccs930/ccs/tools/compiler/gcc-arm-none-eabi-7-2017-q4-major-win32/bin/../lib/gcc/arm-none-eabi/7.2.1/../../../../arm-none-eabi/lib/thumb/v7-ar\libc.a(lib_a-ctype_.o)
                0xc000bf04                _ctype_
 *fill*         0xc000c005        0x3 
 .rodata._get_semihosting_exts.str1.4
                0xc000c008       0x16 c:/ti/ccs930/ccs/tools/compiler/gcc-arm-none-eabi-7-2017-q4-major-win32/bin/../lib/gcc/arm-none-eabi/7.2.1/../../../../arm-none-eabi/lib/thumb/v7-ar\librdimon.a(rdimon-syscalls.o)
 *fill*         0xc000c01e        0x2 
 .rodata.initialise_monitor_handles.str1.4
                0xc000c020        0x4 c:/ti/ccs930/ccs/tools/compiler/gcc-arm-none-eabi-7-2017-q4-major-win32/bin/../lib/gcc/arm-none-eabi/7.2.1/../../../../arm-none-eabi/lib/thumb/v7-ar\librdimon.a(rdimon-syscalls.o)
 *(.eh_frame*)
 .eh_frame      0xc000c024        0x0 c:/ti/ccs930/ccs/tools/compiler/gcc-arm-none-eabi-7-2017-q4-major-win32/bin/../lib/gcc/arm-none-eabi/7.2.1/thumb/v7-ar/crtbegin.o
 .eh_frame      0xc000c024        0x4 c:/ti/ccs930/ccs/tools/compiler/gcc-arm-none-eabi-7-2017-q4-major-win32/bin/../lib/gcc/arm-none-eabi/7.2.1/thumb/v7-ar/crtend.o

.glue_7         0xc000c028        0x0
 .glue_7        0xc000c028        0x0 linker stubs

.glue_7t        0xc000c028        0x0
 .glue_7t       0xc000c028        0x0 linker stubs

.vfp11_veneer   0xc000c028        0x0
 .vfp11_veneer  0xc000c028        0x0 linker stubs

.v4_bx          0xc000c028        0x0
 .v4_bx         0xc000c028        0x0 linker stubs

.iplt           0xc000c028        0x0
 .iplt          0xc000c028        0x0 c:/ti/ccs930/ccs/tools/compiler/gcc-arm-none-eabi-7-2017-q4-major-win32/bin/../lib/gcc/arm-none-eabi/7.2.1/thumb/v7-ar/crtbegin.o

.ARM.extab      0xc000c028        0x0
 *(.ARM.extab* .gnu.linkonce.armextab.*)
 .ARM.extab     0xc000c028        0x0 c:/ti/ccs930/ccs/tools/compiler/gcc-arm-none-eabi-7-2017-q4-major-win32/bin/../lib/gcc/arm-none-eabi/7.2.1/../../../../arm-none-eabi/lib/thumb/v7-ar/rdimon-crt0.o
 .ARM.extab     0xc000c028        0x0 c:/ti/ccs930/ccs/tools/compiler/gcc-arm-none-eabi-7-2017-q4-major-win32/bin/../lib/gcc/arm-none-eabi/7.2.1/thumb/v7-ar\libgcc.a(_udivmoddi4.o)
                0xc000c028                __exidx_start = .

.ARM.exidx      0xc000c028        0x8
 *(.ARM.exidx* .gnu.linkonce.armexidx.*)
 .ARM.exidx     0xc000c028        0x8 c:/ti/ccs930/ccs/tools/compiler/gcc-arm-none-eabi-7-2017-q4-major-win32/bin/../lib/gcc/arm-none-eabi/7.2.1/../../../../arm-none-eabi/lib/thumb/v7-ar/rdimon-crt0.o
 .ARM.exidx     0xc000c030        0x0 c:/ti/ccs930/ccs/tools/compiler/gcc-arm-none-eabi-7-2017-q4-major-win32/bin/../lib/gcc/arm-none-eabi/7.2.1/thumb/v7-ar\libgcc.a(_udivmoddi4.o)
                                  0x8 (size before relaxing)
                0xc000c030                __exidx_end = .

.rel.dyn        0xc000c030        0x0
 .rel.iplt      0xc000c030        0x0 c:/ti/ccs930/ccs/tools/compiler/gcc-arm-none-eabi-7-2017-q4-major-win32/bin/../lib/gcc/arm-none-eabi/7.2.1/thumb/v7-ar/crtbegin.o

.data           0xc000c030      0xae0
                0xc000c030                . = ALIGN (0x4)
                0xc000c030                __data_start__ = .
 *(vtable)
 *(.data*)
 .data          0xc000c030        0x0 c:/ti/ccs930/ccs/tools/compiler/gcc-arm-none-eabi-7-2017-q4-major-win32/bin/../lib/gcc/arm-none-eabi/7.2.1/thumb/v7-ar/crti.o
 .data          0xc000c030        0x4 c:/ti/ccs930/ccs/tools/compiler/gcc-arm-none-eabi-7-2017-q4-major-win32/bin/../lib/gcc/arm-none-eabi/7.2.1/thumb/v7-ar/crtbegin.o
                0xc000c030                __dso_handle
 .data          0xc000c034      0x118 c:/ti/ccs930/ccs/tools/compiler/gcc-arm-none-eabi-7-2017-q4-major-win32/bin/../lib/gcc/arm-none-eabi/7.2.1/../../../../arm-none-eabi/lib/thumb/v7-ar/rdimon-crt0.o
                0xc000c03c                __stack_base__
 .data          0xc000c14c        0x0 ./DDR3MemoryController.o
 .data          0xc000c14c        0x0 ./arm_pmu_management.o
 .data          0xc000c14c        0x0 ./main.o
 .data          0xc000c14c        0x0 ./memory_controller_management.o
 .data          0xc000c14c        0x0 ./startup_ARMCA15.o
 .data          0xc000c14c        0x0 c:/ti/ccs930/ccs/tools/compiler/gcc-arm-none-eabi-7-2017-q4-major-win32/bin/../lib/gcc/arm-none-eabi/7.2.1/../../../../arm-none-eabi/lib/thumb/v7-ar\libc.a(lib_a-exit.o)
 .data          0xc000c14c        0x0 c:/ti/ccs930/ccs/tools/compiler/gcc-arm-none-eabi-7-2017-q4-major-win32/bin/../lib/gcc/arm-none-eabi/7.2.1/../../../../arm-none-eabi/lib/thumb/v7-ar\libc.a(lib_a-impure.o)
 .data._impure_ptr
                0xc000c14c        0x4 c:/ti/ccs930/ccs/tools/compiler/gcc-arm-none-eabi-7-2017-q4-major-win32/bin/../lib/gcc/arm-none-eabi/7.2.1/../../../../arm-none-eabi/lib/thumb/v7-ar\libc.a(lib_a-impure.o)
                0xc000c14c                _impure_ptr
 .data.impure_data
                0xc000c150      0x428 c:/ti/ccs930/ccs/tools/compiler/gcc-arm-none-eabi-7-2017-q4-major-win32/bin/../lib/gcc/arm-none-eabi/7.2.1/../../../../arm-none-eabi/lib/thumb/v7-ar\libc.a(lib_a-impure.o)
 .data          0xc000c578        0x0 c:/ti/ccs930/ccs/tools/compiler/gcc-arm-none-eabi-7-2017-q4-major-win32/bin/../lib/gcc/arm-none-eabi/7.2.1/../../../../arm-none-eabi/lib/thumb/v7-ar\libc.a(lib_a-init.o)
 .data          0xc000c578        0x0 c:/ti/ccs930/ccs/tools/compiler/gcc-arm-none-eabi-7-2017-q4-major-win32/bin/../lib/gcc/arm-none-eabi/7.2.1/../../../../arm-none-eabi/lib/thumb/v7-ar\libc.a(lib_a-memset.o)
 .data          0xc000c578        0x0 c:/ti/ccs930/ccs/tools/compiler/gcc-arm-none-eabi-7-2017-q4-major-win32/bin/../lib/gcc/arm-none-eabi/7.2.1/../../../../arm-none-eabi/lib/thumb/v7-ar\libc.a(lib_a-printf.o)
 .data          0xc000c578        0x0 c:/ti/ccs930/ccs/tools/compiler/gcc-arm-none-eabi-7-2017-q4-major-win32/bin/../lib/gcc/arm-none-eabi/7.2.1/../../../../arm-none-eabi/lib/thumb/v7-ar\libc.a(lib_a-sprintf.o)
 .data          0xc000c578        0x0 c:/ti/ccs930/ccs/tools/compiler/gcc-arm-none-eabi-7-2017-q4-major-win32/bin/../lib/gcc/arm-none-eabi/7.2.1/../../../../arm-none-eabi/lib/thumb/v7-ar\libc.a(lib_a-strlen-stub.o)
 .data          0xc000c578        0x0 c:/ti/ccs930/ccs/tools/compiler/gcc-arm-none-eabi-7-2017-q4-major-win32/bin/../lib/gcc/arm-none-eabi/7.2.1/../../../../arm-none-eabi/lib/thumb/v7-ar\libc.a(lib_a-svfprintf.o)
 .data          0xc000c578        0x0 c:/ti/ccs930/ccs/tools/compiler/gcc-arm-none-eabi-7-2017-q4-major-win32/bin/../lib/gcc/arm-none-eabi/7.2.1/../../../../arm-none-eabi/lib/thumb/v7-ar\libc.a(lib_a-vfprintf.o)
 .data          0xc000c578        0x0 c:/ti/ccs930/ccs/tools/compiler/gcc-arm-none-eabi-7-2017-q4-major-win32/bin/../lib/gcc/arm-none-eabi/7.2.1/../../../../arm-none-eabi/lib/thumb/v7-ar\libc.a(lib_a-wsetup.o)
 .data          0xc000c578        0x0 c:/ti/ccs930/ccs/tools/compiler/gcc-arm-none-eabi-7-2017-q4-major-win32/bin/../lib/gcc/arm-none-eabi/7.2.1/../../../../arm-none-eabi/lib/thumb/v7-ar\libc.a(lib_a-__call_atexit.o)
 .data.__atexit_recursive_mutex
                0xc000c578        0x4 c:/ti/ccs930/ccs/tools/compiler/gcc-arm-none-eabi-7-2017-q4-major-win32/bin/../lib/gcc/arm-none-eabi/7.2.1/../../../../arm-none-eabi/lib/thumb/v7-ar\libc.a(lib_a-__call_atexit.o)
                0xc000c578                __atexit_recursive_mutex
 .data          0xc000c57c        0x0 c:/ti/ccs930/ccs/tools/compiler/gcc-arm-none-eabi-7-2017-q4-major-win32/bin/../lib/gcc/arm-none-eabi/7.2.1/../../../../arm-none-eabi/lib/thumb/v7-ar\libc.a(lib_a-atexit.o)
 .data          0xc000c57c        0x0 c:/ti/ccs930/ccs/tools/compiler/gcc-arm-none-eabi-7-2017-q4-major-win32/bin/../lib/gcc/arm-none-eabi/7.2.1/../../../../arm-none-eabi/lib/thumb/v7-ar\libc.a(lib_a-dtoa.o)
 .data          0xc000c57c        0x0 c:/ti/ccs930/ccs/tools/compiler/gcc-arm-none-eabi-7-2017-q4-major-win32/bin/../lib/gcc/arm-none-eabi/7.2.1/../../../../arm-none-eabi/lib/thumb/v7-ar\libc.a(lib_a-fflush.o)
 .data          0xc000c57c        0x0 c:/ti/ccs930/ccs/tools/compiler/gcc-arm-none-eabi-7-2017-q4-major-win32/bin/../lib/gcc/arm-none-eabi/7.2.1/../../../../arm-none-eabi/lib/thumb/v7-ar\libc.a(lib_a-findfp.o)
 .data          0xc000c57c        0x0 c:/ti/ccs930/ccs/tools/compiler/gcc-arm-none-eabi-7-2017-q4-major-win32/bin/../lib/gcc/arm-none-eabi/7.2.1/../../../../arm-none-eabi/lib/thumb/v7-ar\libc.a(lib_a-fini.o)
 .data          0xc000c57c        0x0 c:/ti/ccs930/ccs/tools/compiler/gcc-arm-none-eabi-7-2017-q4-major-win32/bin/../lib/gcc/arm-none-eabi/7.2.1/../../../../arm-none-eabi/lib/thumb/v7-ar\libc.a(lib_a-freer.o)
 .data          0xc000c57c        0x0 c:/ti/ccs930/ccs/tools/compiler/gcc-arm-none-eabi-7-2017-q4-major-win32/bin/../lib/gcc/arm-none-eabi/7.2.1/../../../../arm-none-eabi/lib/thumb/v7-ar\libc.a(lib_a-fwalk.o)
 .data          0xc000c57c        0x0 c:/ti/ccs930/ccs/tools/compiler/gcc-arm-none-eabi-7-2017-q4-major-win32/bin/../lib/gcc/arm-none-eabi/7.2.1/../../../../arm-none-eabi/lib/thumb/v7-ar\libc.a(lib_a-localeconv.o)
 .data          0xc000c57c        0x0 c:/ti/ccs930/ccs/tools/compiler/gcc-arm-none-eabi-7-2017-q4-major-win32/bin/../lib/gcc/arm-none-eabi/7.2.1/../../../../arm-none-eabi/lib/thumb/v7-ar\libc.a(lib_a-lock.o)
 .data          0xc000c57c        0x0 c:/ti/ccs930/ccs/tools/compiler/gcc-arm-none-eabi-7-2017-q4-major-win32/bin/../lib/gcc/arm-none-eabi/7.2.1/../../../../arm-none-eabi/lib/thumb/v7-ar\libc.a(lib_a-makebuf.o)
 .data          0xc000c57c        0x0 c:/ti/ccs930/ccs/tools/compiler/gcc-arm-none-eabi-7-2017-q4-major-win32/bin/../lib/gcc/arm-none-eabi/7.2.1/../../../../arm-none-eabi/lib/thumb/v7-ar\libc.a(lib_a-mallocr.o)
 .data.__malloc_av_
                0xc000c57c      0x408 c:/ti/ccs930/ccs/tools/compiler/gcc-arm-none-eabi-7-2017-q4-major-win32/bin/../lib/gcc/arm-none-eabi/7.2.1/../../../../arm-none-eabi/lib/thumb/v7-ar\libc.a(lib_a-mallocr.o)
                0xc000c57c                __malloc_av_
 .data.__malloc_sbrk_base
                0xc000c984        0x4 c:/ti/ccs930/ccs/tools/compiler/gcc-arm-none-eabi-7-2017-q4-major-win32/bin/../lib/gcc/arm-none-eabi/7.2.1/../../../../arm-none-eabi/lib/thumb/v7-ar\libc.a(lib_a-mallocr.o)
                0xc000c984                __malloc_sbrk_base
 .data.__malloc_trim_threshold
                0xc000c988        0x4 c:/ti/ccs930/ccs/tools/compiler/gcc-arm-none-eabi-7-2017-q4-major-win32/bin/../lib/gcc/arm-none-eabi/7.2.1/../../../../arm-none-eabi/lib/thumb/v7-ar\libc.a(lib_a-mallocr.o)
                0xc000c988                __malloc_trim_threshold
 .data          0xc000c98c        0x0 c:/ti/ccs930/ccs/tools/compiler/gcc-arm-none-eabi-7-2017-q4-major-win32/bin/../lib/gcc/arm-none-eabi/7.2.1/../../../../arm-none-eabi/lib/thumb/v7-ar\libc.a(lib_a-memchr-stub.o)
 .data          0xc000c98c        0x0 c:/ti/ccs930/ccs/tools/compiler/gcc-arm-none-eabi-7-2017-q4-major-win32/bin/../lib/gcc/arm-none-eabi/7.2.1/../../../../arm-none-eabi/lib/thumb/v7-ar\libc.a(lib_a-memcpy.o)
 .data          0xc000c98c        0x0 c:/ti/ccs930/ccs/tools/compiler/gcc-arm-none-eabi-7-2017-q4-major-win32/bin/../lib/gcc/arm-none-eabi/7.2.1/../../../../arm-none-eabi/lib/thumb/v7-ar\libc.a(lib_a-mlock.o)
 .data          0xc000c98c        0x0 c:/ti/ccs930/ccs/tools/compiler/gcc-arm-none-eabi-7-2017-q4-major-win32/bin/../lib/gcc/arm-none-eabi/7.2.1/../../../../arm-none-eabi/lib/thumb/v7-ar\libc.a(lib_a-mprec.o)
 .data          0xc000c98c        0x0 c:/ti/ccs930/ccs/tools/compiler/gcc-arm-none-eabi-7-2017-q4-major-win32/bin/../lib/gcc/arm-none-eabi/7.2.1/../../../../arm-none-eabi/lib/thumb/v7-ar\libc.a(lib_a-sbrkr.o)
 .data          0xc000c98c        0x0 c:/ti/ccs930/ccs/tools/compiler/gcc-arm-none-eabi-7-2017-q4-major-win32/bin/../lib/gcc/arm-none-eabi/7.2.1/../../../../arm-none-eabi/lib/thumb/v7-ar\libc.a(lib_a-stdio.o)
 .data          0xc000c98c        0x0 c:/ti/ccs930/ccs/tools/compiler/gcc-arm-none-eabi-7-2017-q4-major-win32/bin/../lib/gcc/arm-none-eabi/7.2.1/../../../../arm-none-eabi/lib/thumb/v7-ar\libc.a(lib_a-svfiprintf.o)
 .data          0xc000c98c        0x0 c:/ti/ccs930/ccs/tools/compiler/gcc-arm-none-eabi-7-2017-q4-major-win32/bin/../lib/gcc/arm-none-eabi/7.2.1/../../../../arm-none-eabi/lib/thumb/v7-ar\libc.a(lib_a-vfiprintf.o)
 .data          0xc000c98c        0x0 c:/ti/ccs930/ccs/tools/compiler/gcc-arm-none-eabi-7-2017-q4-major-win32/bin/../lib/gcc/arm-none-eabi/7.2.1/../../../../arm-none-eabi/lib/thumb/v7-ar\libc.a(lib_a-writer.o)
 .data          0xc000c98c        0x0 c:/ti/ccs930/ccs/tools/compiler/gcc-arm-none-eabi-7-2017-q4-major-win32/bin/../lib/gcc/arm-none-eabi/7.2.1/../../../../arm-none-eabi/lib/thumb/v7-ar\libc.a(lib_a-__atexit.o)
 .data          0xc000c98c        0x0 c:/ti/ccs930/ccs/tools/compiler/gcc-arm-none-eabi-7-2017-q4-major-win32/bin/../lib/gcc/arm-none-eabi/7.2.1/../../../../arm-none-eabi/lib/thumb/v7-ar\libc.a(lib_a-callocr.o)
 .data          0xc000c98c        0x0 c:/ti/ccs930/ccs/tools/compiler/gcc-arm-none-eabi-7-2017-q4-major-win32/bin/../lib/gcc/arm-none-eabi/7.2.1/../../../../arm-none-eabi/lib/thumb/v7-ar\libc.a(lib_a-closer.o)
 .data          0xc000c98c        0x0 c:/ti/ccs930/ccs/tools/compiler/gcc-arm-none-eabi-7-2017-q4-major-win32/bin/../lib/gcc/arm-none-eabi/7.2.1/../../../../arm-none-eabi/lib/thumb/v7-ar\libc.a(lib_a-fclose.o)
 .data          0xc000c98c        0x0 c:/ti/ccs930/ccs/tools/compiler/gcc-arm-none-eabi-7-2017-q4-major-win32/bin/../lib/gcc/arm-none-eabi/7.2.1/../../../../arm-none-eabi/lib/thumb/v7-ar\libc.a(lib_a-fputwc.o)
 .data          0xc000c98c        0x0 c:/ti/ccs930/ccs/tools/compiler/gcc-arm-none-eabi-7-2017-q4-major-win32/bin/../lib/gcc/arm-none-eabi/7.2.1/../../../../arm-none-eabi/lib/thumb/v7-ar\libc.a(lib_a-fstatr.o)
 .data          0xc000c98c        0x0 c:/ti/ccs930/ccs/tools/compiler/gcc-arm-none-eabi-7-2017-q4-major-win32/bin/../lib/gcc/arm-none-eabi/7.2.1/../../../../arm-none-eabi/lib/thumb/v7-ar\libc.a(lib_a-fvwrite.o)
 .data          0xc000c98c        0x0 c:/ti/ccs930/ccs/tools/compiler/gcc-arm-none-eabi-7-2017-q4-major-win32/bin/../lib/gcc/arm-none-eabi/7.2.1/../../../../arm-none-eabi/lib/thumb/v7-ar\libc.a(lib_a-isattyr.o)
 .data          0xc000c98c        0x0 c:/ti/ccs930/ccs/tools/compiler/gcc-arm-none-eabi-7-2017-q4-major-win32/bin/../lib/gcc/arm-none-eabi/7.2.1/../../../../arm-none-eabi/lib/thumb/v7-ar\libc.a(lib_a-locale.o)
 .data.__global_locale
                0xc000c98c      0x16c c:/ti/ccs930/ccs/tools/compiler/gcc-arm-none-eabi-7-2017-q4-major-win32/bin/../lib/gcc/arm-none-eabi/7.2.1/../../../../arm-none-eabi/lib/thumb/v7-ar\libc.a(lib_a-locale.o)
                0xc000c98c                __global_locale
 .data          0xc000caf8        0x0 c:/ti/ccs930/ccs/tools/compiler/gcc-arm-none-eabi-7-2017-q4-major-win32/bin/../lib/gcc/arm-none-eabi/7.2.1/../../../../arm-none-eabi/lib/thumb/v7-ar\libc.a(lib_a-lseekr.o)
 .data          0xc000caf8        0x0 c:/ti/ccs930/ccs/tools/compiler/gcc-arm-none-eabi-7-2017-q4-major-win32/bin/../lib/gcc/arm-none-eabi/7.2.1/../../../../arm-none-eabi/lib/thumb/v7-ar\libc.a(lib_a-mbtowc_r.o)
 .data          0xc000caf8        0x0 c:/ti/ccs930/ccs/tools/compiler/gcc-arm-none-eabi-7-2017-q4-major-win32/bin/../lib/gcc/arm-none-eabi/7.2.1/../../../../arm-none-eabi/lib/thumb/v7-ar\libc.a(lib_a-memmove.o)
 .data          0xc000caf8        0x0 c:/ti/ccs930/ccs/tools/compiler/gcc-arm-none-eabi-7-2017-q4-major-win32/bin/../lib/gcc/arm-none-eabi/7.2.1/../../../../arm-none-eabi/lib/thumb/v7-ar\libc.a(lib_a-readr.o)
 .data          0xc000caf8        0x0 c:/ti/ccs930/ccs/tools/compiler/gcc-arm-none-eabi-7-2017-q4-major-win32/bin/../lib/gcc/arm-none-eabi/7.2.1/../../../../arm-none-eabi/lib/thumb/v7-ar\libc.a(lib_a-reallocr.o)
 .data          0xc000caf8        0x0 c:/ti/ccs930/ccs/tools/compiler/gcc-arm-none-eabi-7-2017-q4-major-win32/bin/../lib/gcc/arm-none-eabi/7.2.1/../../../../arm-none-eabi/lib/thumb/v7-ar\libc.a(lib_a-reent.o)
 .data          0xc000caf8        0x0 c:/ti/ccs930/ccs/tools/compiler/gcc-arm-none-eabi-7-2017-q4-major-win32/bin/../lib/gcc/arm-none-eabi/7.2.1/../../../../arm-none-eabi/lib/thumb/v7-ar\libc.a(lib_a-strcmp.o)
 .data          0xc000caf8        0x0 c:/ti/ccs930/ccs/tools/compiler/gcc-arm-none-eabi-7-2017-q4-major-win32/bin/../lib/gcc/arm-none-eabi/7.2.1/../../../../arm-none-eabi/lib/thumb/v7-ar\libc.a(lib_a-wbuf.o)
 .data          0xc000caf8        0x0 c:/ti/ccs930/ccs/tools/compiler/gcc-arm-none-eabi-7-2017-q4-major-win32/bin/../lib/gcc/arm-none-eabi/7.2.1/../../../../arm-none-eabi/lib/thumb/v7-ar\libc.a(lib_a-wcrtomb.o)
 .data          0xc000caf8        0x0 c:/ti/ccs930/ccs/tools/compiler/gcc-arm-none-eabi-7-2017-q4-major-win32/bin/../lib/gcc/arm-none-eabi/7.2.1/../../../../arm-none-eabi/lib/thumb/v7-ar\libc.a(lib_a-wctomb_r.o)
 .data          0xc000caf8        0x0 c:/ti/ccs930/ccs/tools/compiler/gcc-arm-none-eabi-7-2017-q4-major-win32/bin/../lib/gcc/arm-none-eabi/7.2.1/../../../../arm-none-eabi/lib/thumb/v7-ar\libc.a(lib_a-ctype_.o)
 .data          0xc000caf8        0x0 c:/ti/ccs930/ccs/tools/compiler/gcc-arm-none-eabi-7-2017-q4-major-win32/bin/../lib/gcc/arm-none-eabi/7.2.1/thumb/v7-ar\libgcc.a(_udivsi3.o)
 .data          0xc000caf8        0x0 c:/ti/ccs930/ccs/tools/compiler/gcc-arm-none-eabi-7-2017-q4-major-win32/bin/../lib/gcc/arm-none-eabi/7.2.1/thumb/v7-ar\libgcc.a(_divsi3.o)
 .data          0xc000caf8        0x0 c:/ti/ccs930/ccs/tools/compiler/gcc-arm-none-eabi-7-2017-q4-major-win32/bin/../lib/gcc/arm-none-eabi/7.2.1/thumb/v7-ar\libgcc.a(_dvmd_tls.o)
 .data          0xc000caf8        0x0 c:/ti/ccs930/ccs/tools/compiler/gcc-arm-none-eabi-7-2017-q4-major-win32/bin/../lib/gcc/arm-none-eabi/7.2.1/thumb/v7-ar\libgcc.a(_arm_addsubdf3.o)
 .data          0xc000caf8        0x0 c:/ti/ccs930/ccs/tools/compiler/gcc-arm-none-eabi-7-2017-q4-major-win32/bin/../lib/gcc/arm-none-eabi/7.2.1/thumb/v7-ar\libgcc.a(_arm_muldivdf3.o)
 .data          0xc000caf8        0x0 c:/ti/ccs930/ccs/tools/compiler/gcc-arm-none-eabi-7-2017-q4-major-win32/bin/../lib/gcc/arm-none-eabi/7.2.1/thumb/v7-ar\libgcc.a(_arm_cmpdf2.o)
 .data          0xc000caf8        0x0 c:/ti/ccs930/ccs/tools/compiler/gcc-arm-none-eabi-7-2017-q4-major-win32/bin/../lib/gcc/arm-none-eabi/7.2.1/thumb/v7-ar\libgcc.a(_arm_unorddf2.o)
 .data          0xc000caf8        0x0 c:/ti/ccs930/ccs/tools/compiler/gcc-arm-none-eabi-7-2017-q4-major-win32/bin/../lib/gcc/arm-none-eabi/7.2.1/thumb/v7-ar\libgcc.a(_arm_fixdfsi.o)
 .data          0xc000caf8        0x0 c:/ti/ccs930/ccs/tools/compiler/gcc-arm-none-eabi-7-2017-q4-major-win32/bin/../lib/gcc/arm-none-eabi/7.2.1/thumb/v7-ar\libgcc.a(_aeabi_uldivmod.o)
 .data          0xc000caf8        0x0 c:/ti/ccs930/ccs/tools/compiler/gcc-arm-none-eabi-7-2017-q4-major-win32/bin/../lib/gcc/arm-none-eabi/7.2.1/thumb/v7-ar\libgcc.a(_udivmoddi4.o)
 .data          0xc000caf8        0x0 c:/ti/ccs930/ccs/tools/compiler/gcc-arm-none-eabi-7-2017-q4-major-win32/bin/../lib/gcc/arm-none-eabi/7.2.1/../../../../arm-none-eabi/lib/thumb/v7-ar\librdimon.a(rdimon-syscalls.o)
 .data.__heap_limit
                0xc000caf8        0x4 c:/ti/ccs930/ccs/tools/compiler/gcc-arm-none-eabi-7-2017-q4-major-win32/bin/../lib/gcc/arm-none-eabi/7.2.1/../../../../arm-none-eabi/lib/thumb/v7-ar\librdimon.a(rdimon-syscalls.o)
                0xc000caf8                __heap_limit
 .data.supports_ext_exit_extended
                0xc000cafc        0x4 c:/ti/ccs930/ccs/tools/compiler/gcc-arm-none-eabi-7-2017-q4-major-win32/bin/../lib/gcc/arm-none-eabi/7.2.1/../../../../arm-none-eabi/lib/thumb/v7-ar\librdimon.a(rdimon-syscalls.o)
 .data.supports_ext_stdout_stderr
                0xc000cb00        0x4 c:/ti/ccs930/ccs/tools/compiler/gcc-arm-none-eabi-7-2017-q4-major-win32/bin/../lib/gcc/arm-none-eabi/7.2.1/../../../../arm-none-eabi/lib/thumb/v7-ar\librdimon.a(rdimon-syscalls.o)
 .data          0xc000cb04        0x0 c:/ti/ccs930/ccs/tools/compiler/gcc-arm-none-eabi-7-2017-q4-major-win32/bin/../lib/gcc/arm-none-eabi/7.2.1/../../../../arm-none-eabi/lib/thumb/v7-ar\librdimon.a(rdimon-_exit.o)
 .data          0xc000cb04        0x0 c:/ti/ccs930/ccs/tools/compiler/gcc-arm-none-eabi-7-2017-q4-major-win32/bin/../lib/gcc/arm-none-eabi/7.2.1/../../../../arm-none-eabi/lib/thumb/v7-ar\librdimon.a(rdimon-_kill.o)
 .data          0xc000cb04        0x0 c:/ti/ccs930/ccs/tools/compiler/gcc-arm-none-eabi-7-2017-q4-major-win32/bin/../lib/gcc/arm-none-eabi/7.2.1/../../../../arm-none-eabi/lib/thumb/v7-ar\libc.a(lib_a-errno.o)
 .data          0xc000cb04        0x0 c:/ti/ccs930/ccs/tools/compiler/gcc-arm-none-eabi-7-2017-q4-major-win32/bin/../lib/gcc/arm-none-eabi/7.2.1/thumb/v7-ar/crtend.o
 .data          0xc000cb04        0x0 c:/ti/ccs930/ccs/tools/compiler/gcc-arm-none-eabi-7-2017-q4-major-win32/bin/../lib/gcc/arm-none-eabi/7.2.1/thumb/v7-ar/crtn.o
                0xc000cb04                . = ALIGN (0x4)
                0xc000cb04                PROVIDE (__preinit_array_start, .)
 *(.preinit_array)
                0xc000cb04                PROVIDE (__preinit_array_end, .)
                0xc000cb04                . = ALIGN (0x4)
                0xc000cb04                PROVIDE (__init_array_start, .)
 *(SORT_BY_NAME(.init_array.*))
 .init_array.00000
                0xc000cb04        0x4 c:/ti/ccs930/ccs/tools/compiler/gcc-arm-none-eabi-7-2017-q4-major-win32/bin/../lib/gcc/arm-none-eabi/7.2.1/../../../../arm-none-eabi/lib/thumb/v7-ar\libc.a(lib_a-__call_atexit.o)
 *(.init_array)
 .init_array    0xc000cb08        0x4 c:/ti/ccs930/ccs/tools/compiler/gcc-arm-none-eabi-7-2017-q4-major-win32/bin/../lib/gcc/arm-none-eabi/7.2.1/thumb/v7-ar/crtbegin.o
                0xc000cb0c                PROVIDE (__init_array_end, .)
                0xc000cb0c                . = ALIGN (0x4)
                0xc000cb0c                PROVIDE (__fini_array_start, .)
 *(SORT_BY_NAME(.fini_array.*))
 *(.fini_array)
 .fini_array    0xc000cb0c        0x4 c:/ti/ccs930/ccs/tools/compiler/gcc-arm-none-eabi-7-2017-q4-major-win32/bin/../lib/gcc/arm-none-eabi/7.2.1/thumb/v7-ar/crtbegin.o
                0xc000cb10                PROVIDE (__fini_array_end, .)
                0xc000cb10                . = ALIGN (0x4)
                0xc000cb10                __data_end__ = .

.igot.plt       0xc000cb10        0x0
 .igot.plt      0xc000cb10        0x0 c:/ti/ccs930/ccs/tools/compiler/gcc-arm-none-eabi-7-2017-q4-major-win32/bin/../lib/gcc/arm-none-eabi/7.2.1/thumb/v7-ar/crtbegin.o

.bss            0xc000cb10      0x16c
                0xc000cb10                . = ALIGN (0x4)
                0xc000cb10                __bss_start__ = .
 *(.bss*)
 .bss           0xc000cb10        0x0 c:/ti/ccs930/ccs/tools/compiler/gcc-arm-none-eabi-7-2017-q4-major-win32/bin/../lib/gcc/arm-none-eabi/7.2.1/thumb/v7-ar/crti.o