<?xml version="1.0"?>
<link_info>
   <banner>TMS320C6x Linker PC v8.2.5</banner>
   <copyright>Copyright (c) 1996-2017 Texas Instruments Incorporated</copyright>
   <link_time>0x5f71c745</link_time>
   <link_errors>0x0</link_errors>
   <output_file>Dsp1.out</output_file>
   <entry_point>
      <name>_c_int00</name>
      <address>0x95408fc0</address>
   </entry_point>
   <input_file_list>
      <input_file id="fl-2">
         <path>.\</path>
         <kind>object</kind>
         <file>main.obj</file>
         <name>main.obj</name>
      </input_file>
      <input_file id="fl-6">
         <kind>object</kind>
         <file>&lt;internal&gt;</file>
         <name>&lt;internal&gt;</name>
      </input_file>
      <input_file id="fl-20">
         <path>C:\ti\ccsv8\tools\compiler\ti-cgt-c6000_8.2.5\lib\</path>
         <kind>archive</kind>
         <file>rts64plus_elf.lib</file>
         <name>boot.obj</name>
      </input_file>
      <input_file id="fl-21">
         <path>C:\ti\ccsv8\tools\compiler\ti-cgt-c6000_8.2.5\lib\</path>
         <kind>archive</kind>
         <file>rts64plus_elf.lib</file>
         <name>copy_decompress_none.obj</name>
      </input_file>
      <input_file id="fl-22">
         <path>C:\ti\ccsv8\tools\compiler\ti-cgt-c6000_8.2.5\lib\</path>
         <kind>archive</kind>
         <file>rts64plus_elf.lib</file>
         <name>copy_decompress_rle.obj</name>
      </input_file>
      <input_file id="fl-23">
         <path>C:\ti\ccsv8\tools\compiler\ti-cgt-c6000_8.2.5\lib\</path>
         <kind>archive</kind>
         <file>rts64plus_elf.lib</file>
         <name>copy_zero_init.obj</name>
      </input_file>
      <input_file id="fl-24">
         <path>C:\ti\ccsv8\tools\compiler\ti-cgt-c6000_8.2.5\lib\</path>
         <kind>archive</kind>
         <file>rts64plus_elf.lib</file>
         <name>exit.obj</name>
      </input_file>
      <input_file id="fl-25">
         <path>C:\ti\ccsv8\tools\compiler\ti-cgt-c6000_8.2.5\lib\</path>
         <kind>archive</kind>
         <file>rts64plus_elf.lib</file>
         <name>memcpy64.obj</name>
      </input_file>
      <input_file id="fl-26">
         <path>C:\ti\ccsv8\tools\compiler\ti-cgt-c6000_8.2.5\lib\</path>
         <kind>archive</kind>
         <file>rts64plus_elf.lib</file>
         <name>memset.obj</name>
      </input_file>
      <input_file id="fl-27">
         <path>C:\ti\ccsv8\tools\compiler\ti-cgt-c6000_8.2.5\lib\</path>
         <kind>archive</kind>
         <file>rts64plus_elf.lib</file>
         <name>pre_init.obj</name>
      </input_file>
      <input_file id="fl-28">
         <path>C:\ti\ccsv8\tools\compiler\ti-cgt-c6000_8.2.5\lib\</path>
         <kind>archive</kind>
         <file>rts64plus_elf.lib</file>
         <name>printf.obj</name>
      </input_file>
      <input_file id="fl-29">
         <path>C:\ti\ccsv8\tools\compiler\ti-cgt-c6000_8.2.5\lib\</path>
         <kind>archive</kind>
         <file>rts64plus_elf.lib</file>
         <name>_lock.obj</name>
      </input_file>
      <input_file id="fl-2a">
         <path>C:\ti\ccsv8\tools\compiler\ti-cgt-c6000_8.2.5\lib\</path>
         <kind>archive</kind>
         <file>rts64plus_elf.lib</file>
         <name>_printfi.obj</name>
      </input_file>
      <input_file id="fl-2b">
         <path>C:\ti\ccsv8\tools\compiler\ti-cgt-c6000_8.2.5\lib\</path>
         <kind>archive</kind>
         <file>rts64plus_elf.lib</file>
         <name>args_main.obj</name>
      </input_file>
      <input_file id="fl-2c">
         <path>C:\ti\ccsv8\tools\compiler\ti-cgt-c6000_8.2.5\lib\</path>
         <kind>archive</kind>
         <file>rts64plus_elf.lib</file>
         <name>atoi.obj</name>
      </input_file>
      <input_file id="fl-2d">
         <path>C:\ti\ccsv8\tools\compiler\ti-cgt-c6000_8.2.5\lib\</path>
         <kind>archive</kind>
         <file>rts64plus_elf.lib</file>
         <name>autoinit.obj</name>
      </input_file>
      <input_file id="fl-2e">
         <path>C:\ti\ccsv8\tools\compiler\ti-cgt-c6000_8.2.5\lib\</path>
         <kind>archive</kind>
         <file>rts64plus_elf.lib</file>
         <name>cpy_tbl.obj</name>
      </input_file>
      <input_file id="fl-2f">
         <path>C:\ti\ccsv8\tools\compiler\ti-cgt-c6000_8.2.5\lib\</path>
         <kind>archive</kind>
         <file>rts64plus_elf.lib</file>
         <name>ctype.obj</name>
      </input_file>
      <input_file id="fl-30">
         <path>C:\ti\ccsv8\tools\compiler\ti-cgt-c6000_8.2.5\lib\</path>
         <kind>archive</kind>
         <file>rts64plus_elf.lib</file>
         <name>defs.obj</name>
      </input_file>
      <input_file id="fl-31">
         <path>C:\ti\ccsv8\tools\compiler\ti-cgt-c6000_8.2.5\lib\</path>
         <kind>archive</kind>
         <file>rts64plus_elf.lib</file>
         <name>divd.obj</name>
      </input_file>
      <input_file id="fl-32">
         <path>C:\ti\ccsv8\tools\compiler\ti-cgt-c6000_8.2.5\lib\</path>
         <kind>archive</kind>
         <file>rts64plus_elf.lib</file>
         <name>divu.obj</name>
      </input_file>
      <input_file id="fl-33">
         <path>C:\ti\ccsv8\tools\compiler\ti-cgt-c6000_8.2.5\lib\</path>
         <kind>archive</kind>
         <file>rts64plus_elf.lib</file>
         <name>eqld.obj</name>
      </input_file>
      <input_file id="fl-34">
         <path>C:\ti\ccsv8\tools\compiler\ti-cgt-c6000_8.2.5\lib\</path>
         <kind>archive</kind>
         <file>rts64plus_elf.lib</file>
         <name>fixdi.obj</name>
      </input_file>
      <input_file id="fl-35">
         <path>C:\ti\ccsv8\tools\compiler\ti-cgt-c6000_8.2.5\lib\</path>
         <kind>archive</kind>
         <file>rts64plus_elf.lib</file>
         <name>fltid.obj</name>
      </input_file>
      <input_file id="fl-36">
         <path>C:\ti\ccsv8\tools\compiler\ti-cgt-c6000_8.2.5\lib\</path>
         <kind>archive</kind>
         <file>rts64plus_elf.lib</file>
         <name>fputc.obj</name>
      </input_file>
      <input_file id="fl-37">
         <path>C:\ti\ccsv8\tools\compiler\ti-cgt-c6000_8.2.5\lib\</path>
         <kind>archive</kind>
         <file>rts64plus_elf.lib</file>
         <name>fputs.obj</name>
      </input_file>
      <input_file id="fl-38">
         <path>C:\ti\ccsv8\tools\compiler\ti-cgt-c6000_8.2.5\lib\</path>
         <kind>archive</kind>
         <file>rts64plus_elf.lib</file>
         <name>frcmpyd_div.obj</name>
      </input_file>
      <input_file id="fl-39">
         <path>C:\ti\ccsv8\tools\compiler\ti-cgt-c6000_8.2.5\lib\</path>
         <kind>archive</kind>
         <file>rts64plus_elf.lib</file>
         <name>frexp.obj</name>
      </input_file>
      <input_file id="fl-3a">
         <path>C:\ti\ccsv8\tools\compiler\ti-cgt-c6000_8.2.5\lib\</path>
         <kind>archive</kind>
         <file>rts64plus_elf.lib</file>
         <name>ged.obj</name>
      </input_file>
      <input_file id="fl-3b">
         <path>C:\ti\ccsv8\tools\compiler\ti-cgt-c6000_8.2.5\lib\</path>
         <kind>archive</kind>
         <file>rts64plus_elf.lib</file>
         <name>gtd.obj</name>
      </input_file>
      <input_file id="fl-3c">
         <path>C:\ti\ccsv8\tools\compiler\ti-cgt-c6000_8.2.5\lib\</path>
         <kind>archive</kind>
         <file>rts64plus_elf.lib</file>
         <name>imath40.obj</name>
      </input_file>
      <input_file id="fl-3d">
         <path>C:\ti\ccsv8\tools\compiler\ti-cgt-c6000_8.2.5\lib\</path>
         <kind>archive</kind>
         <file>rts64plus_elf.lib</file>
         <name>imath64.obj</name>
      </input_file>
      <input_file id="fl-3e">
         <path>C:\ti\ccsv8\tools\compiler\ti-cgt-c6000_8.2.5\lib\</path>
         <kind>archive</kind>
         <file>rts64plus_elf.lib</file>
         <name>isinf.obj</name>
      </input_file>
      <input_file id="fl-3f">
         <path>C:\ti\ccsv8\tools\compiler\ti-cgt-c6000_8.2.5\lib\</path>
         <kind>archive</kind>
         <file>rts64plus_elf.lib</file>
         <name>ldexp.obj</name>
      </input_file>
      <input_file id="fl-40">
         <path>C:\ti\ccsv8\tools\compiler\ti-cgt-c6000_8.2.5\lib\</path>
         <kind>archive</kind>
         <file>rts64plus_elf.lib</file>
         <name>led.obj</name>
      </input_file>
      <input_file id="fl-41">
         <path>C:\ti\ccsv8\tools\compiler\ti-cgt-c6000_8.2.5\lib\</path>
         <kind>archive</kind>
         <file>rts64plus_elf.lib</file>
         <name>llabs.obj</name>
      </input_file>
      <input_file id="fl-42">
         <path>C:\ti\ccsv8\tools\compiler\ti-cgt-c6000_8.2.5\lib\</path>
         <kind>archive</kind>
         <file>rts64plus_elf.lib</file>
         <name>llshift.obj</name>
      </input_file>
      <input_file id="fl-43">
         <path>C:\ti\ccsv8\tools\compiler\ti-cgt-c6000_8.2.5\lib\</path>
         <kind>archive</kind>
         <file>rts64plus_elf.lib</file>
         <name>ltd.obj</name>
      </input_file>
      <input_file id="fl-44">
         <path>C:\ti\ccsv8\tools\compiler\ti-cgt-c6000_8.2.5\lib\</path>
         <kind>archive</kind>
         <file>rts64plus_elf.lib</file>
         <name>ltoa.obj</name>
      </input_file>
      <input_file id="fl-45">
         <path>C:\ti\ccsv8\tools\compiler\ti-cgt-c6000_8.2.5\lib\</path>
         <kind>archive</kind>
         <file>rts64plus_elf.lib</file>
         <name>memccpy.obj</name>
      </input_file>
      <input_file id="fl-46">
         <path>C:\ti\ccsv8\tools\compiler\ti-cgt-c6000_8.2.5\lib\</path>
         <kind>archive</kind>
         <file>rts64plus_elf.lib</file>
         <name>mpyd.obj</name>
      </input_file>
      <input_file id="fl-47">
         <path>C:\ti\ccsv8\tools\compiler\ti-cgt-c6000_8.2.5\lib\</path>
         <kind>archive</kind>
         <file>rts64plus_elf.lib</file>
         <name>negd.obj</name>
      </input_file>
      <input_file id="fl-48">
         <path>C:\ti\ccsv8\tools\compiler\ti-cgt-c6000_8.2.5\lib\</path>
         <kind>archive</kind>
         <file>rts64plus_elf.lib</file>
         <name>neqld.obj</name>
      </input_file>
      <input_file id="fl-49">
         <path>C:\ti\ccsv8\tools\compiler\ti-cgt-c6000_8.2.5\lib\</path>
         <kind>archive</kind>
         <file>rts64plus_elf.lib</file>
         <name>startup.obj</name>
      </input_file>
      <input_file id="fl-4a">
         <path>C:\ti\ccsv8\tools\compiler\ti-cgt-c6000_8.2.5\lib\</path>
         <kind>archive</kind>
         <file>rts64plus_elf.lib</file>
         <name>subd.obj</name>
      </input_file>
      <input_file id="fl-4b">
         <path>C:\ti\ccsv8\tools\compiler\ti-cgt-c6000_8.2.5\lib\</path>
         <kind>archive</kind>
         <file>rts64plus_elf.lib</file>
         <name>tls.obj</name>
      </input_file>
      <input_file id="fl-4c">
         <path>C:\ti\ccsv8\tools\compiler\ti-cgt-c6000_8.2.5\lib\</path>
         <kind>archive</kind>
         <file>rts64plus_elf.lib</file>
         <name>tls_get_tp.obj</name>
      </input_file>
      <input_file id="fl-4d">
         <path>C:\ti\ccsv8\tools\compiler\ti-cgt-c6000_8.2.5\lib\</path>
         <kind>archive</kind>
         <file>rts64plus_elf.lib</file>
         <name>write.obj</name>
      </input_file>
      <input_file id="fl-4e">
         <path>C:\ti\ccsv8\tools\compiler\ti-cgt-c6000_8.2.5\lib\</path>
         <kind>archive</kind>
         <file>rts64plus_elf.lib</file>
         <name>_io_perm.obj</name>
      </input_file>
      <input_file id="fl-4f">
         <path>C:\ti\ccsv8\tools\compiler\ti-cgt-c6000_8.2.5\lib\</path>
         <kind>archive</kind>
         <file>rts64plus_elf.lib</file>
         <name>addd.obj</name>
      </input_file>
      <input_file id="fl-50">
         <path>C:\ti\ccsv8\tools\compiler\ti-cgt-c6000_8.2.5\lib\</path>
         <kind>archive</kind>
         <file>rts64plus_elf.lib</file>
         <name>errno.obj</name>
      </input_file>
      <input_file id="fl-51">
         <path>C:\ti\ccsv8\tools\compiler\ti-cgt-c6000_8.2.5\lib\</path>
         <kind>archive</kind>
         <file>rts64plus_elf.lib</file>
         <name>fflush.obj</name>
      </input_file>
      <input_file id="fl-52">
         <path>C:\ti\ccsv8\tools\compiler\ti-cgt-c6000_8.2.5\lib\</path>
         <kind>archive</kind>
         <file>rts64plus_elf.lib</file>
         <name>frcaddd.obj</name>
      </input_file>
      <input_file id="fl-53">
         <path>C:\ti\ccsv8\tools\compiler\ti-cgt-c6000_8.2.5\lib\</path>
         <kind>archive</kind>
         <file>rts64plus_elf.lib</file>
         <name>frcmpyd.obj</name>
      </input_file>
      <input_file id="fl-54">
         <path>C:\ti\ccsv8\tools\compiler\ti-cgt-c6000_8.2.5\lib\</path>
         <kind>archive</kind>
         <file>rts64plus_elf.lib</file>
         <name>fseek.obj</name>
      </input_file>
      <input_file id="fl-55">
         <path>C:\ti\ccsv8\tools\compiler\ti-cgt-c6000_8.2.5\lib\</path>
         <kind>archive</kind>
         <file>rts64plus_elf.lib</file>
         <name>hostclose.obj</name>
      </input_file>
      <input_file id="fl-56">
         <path>C:\ti\ccsv8\tools\compiler\ti-cgt-c6000_8.2.5\lib\</path>
         <kind>archive</kind>
         <file>rts64plus_elf.lib</file>
         <name>hostlseek.obj</name>
      </input_file>
      <input_file id="fl-57">
         <path>C:\ti\ccsv8\tools\compiler\ti-cgt-c6000_8.2.5\lib\</path>
         <kind>archive</kind>
         <file>rts64plus_elf.lib</file>
         <name>hostopen.obj</name>
      </input_file>
      <input_file id="fl-58">
         <path>C:\ti\ccsv8\tools\compiler\ti-cgt-c6000_8.2.5\lib\</path>
         <kind>archive</kind>
         <file>rts64plus_elf.lib</file>
         <name>hostread.obj</name>
      </input_file>
      <input_file id="fl-59">
         <path>C:\ti\ccsv8\tools\compiler\ti-cgt-c6000_8.2.5\lib\</path>
         <kind>archive</kind>
         <file>rts64plus_elf.lib</file>
         <name>hostrename.obj</name>
      </input_file>
      <input_file id="fl-5a">
         <path>C:\ti\ccsv8\tools\compiler\ti-cgt-c6000_8.2.5\lib\</path>
         <kind>archive</kind>
         <file>rts64plus_elf.lib</file>
         <name>hostunlink.obj</name>
      </input_file>
      <input_file id="fl-5b">
         <path>C:\ti\ccsv8\tools\compiler\ti-cgt-c6000_8.2.5\lib\</path>
         <kind>archive</kind>
         <file>rts64plus_elf.lib</file>
         <name>hostwrite.obj</name>
      </input_file>
      <input_file id="fl-5c">
         <path>C:\ti\ccsv8\tools\compiler\ti-cgt-c6000_8.2.5\lib\</path>
         <kind>archive</kind>
         <file>rts64plus_elf.lib</file>
         <name>lseek.obj</name>
      </input_file>
      <input_file id="fl-5d">
         <path>C:\ti\ccsv8\tools\compiler\ti-cgt-c6000_8.2.5\lib\</path>
         <kind>archive</kind>
         <file>rts64plus_elf.lib</file>
         <name>renormd.obj</name>
      </input_file>
      <input_file id="fl-5e">
         <path>C:\ti\ccsv8\tools\compiler\ti-cgt-c6000_8.2.5\lib\</path>
         <kind>archive</kind>
         <file>rts64plus_elf.lib</file>
         <name>setvbuf.obj</name>
      </input_file>
      <input_file id="fl-5f">
         <path>C:\ti\ccsv8\tools\compiler\ti-cgt-c6000_8.2.5\lib\</path>
         <kind>archive</kind>
         <file>rts64plus_elf.lib</file>
         <name>trgmsg.obj</name>
      </input_file>
      <input_file id="fl-60">
         <path>C:\ti\ccsv8\tools\compiler\ti-cgt-c6000_8.2.5\lib\</path>
         <kind>archive</kind>
         <file>rts64plus_elf.lib</file>
         <name>fopen.obj</name>
      </input_file>
      <input_file id="fl-61">
         <path>C:\ti\ccsv8\tools\compiler\ti-cgt-c6000_8.2.5\lib\</path>
         <kind>archive</kind>
         <file>rts64plus_elf.lib</file>
         <name>memory.obj</name>
      </input_file>
      <input_file id="fl-62">
         <path>C:\ti\ccsv8\tools\compiler\ti-cgt-c6000_8.2.5\lib\</path>
         <kind>archive</kind>
         <file>rts64plus_elf.lib</file>
         <name>open.obj</name>
      </input_file>
      <input_file id="fl-63">
         <path>C:\ti\ccsv8\tools\compiler\ti-cgt-c6000_8.2.5\lib\</path>
         <kind>archive</kind>
         <file>rts64plus_elf.lib</file>
         <name>fclose.obj</name>
      </input_file>
      <input_file id="fl-64">
         <path>C:\ti\ccsv8\tools\compiler\ti-cgt-c6000_8.2.5\lib\</path>
         <kind>archive</kind>
         <file>rts64plus_elf.lib</file>
         <name>getdevice.obj</name>
      </input_file>
      <input_file id="fl-65">
         <path>C:\ti\ccsv8\tools\compiler\ti-cgt-c6000_8.2.5\lib\</path>
         <kind>archive</kind>
         <file>rts64plus_elf.lib</file>
         <name>remove.obj</name>
      </input_file>
      <input_file id="fl-66">
         <path>C:\ti\ccsv8\tools\compiler\ti-cgt-c6000_8.2.5\lib\</path>
         <kind>archive</kind>
         <file>rts64plus_elf.lib</file>
         <name>unlink.obj</name>
      </input_file>
      <input_file id="fl-67">
         <path>C:\ti\ccsv8\tools\compiler\ti-cgt-c6000_8.2.5\lib\</path>
         <kind>archive</kind>
         <file>rts64plus_elf.lib</file>
         <name>close.obj</name>
      </input_file>
   </input_file_list>
   <object_component_list>
      <object_component id="oc-12a">
         <name>.text:__TI_printfi</name>
         <load_address>0x95400000</load_address>
         <run_address>0x95400000</run_address>
         <size>0x1da0</size>
         <input_file_ref idref="fl-2a"/>
      </object_component>
      <object_component id="oc-95">
         <name>.text</name>
         <load_address>0x95401da0</load_address>
         <run_address>0x95401da0</run_address>
         <size>0x1620</size>
         <input_file_ref idref="fl-2"/>
      </object_component>
      <object_component id="oc-1a2">
         <name>.text:_pconv_a</name>
         <load_address>0x954033c0</load_address>
         <run_address>0x954033c0</run_address>
         <size>0x720</size>
         <input_file_ref idref="fl-2a"/>
      </object_component>
      <object_component id="oc-214">
         <name>.text:__c6xabi_divd</name>
         <load_address>0x95403ae0</load_address>
         <run_address>0x95403ae0</run_address>
         <size>0x5a0</size>
         <input_file_ref idref="fl-31"/>
      </object_component>
      <object_component id="oc-190">
         <name>.text:_pconv_g</name>
         <load_address>0x95404080</load_address>
         <run_address>0x95404080</run_address>
         <size>0x560</size>
         <input_file_ref idref="fl-2a"/>
      </object_component>
      <object_component id="oc-19c">
         <name>.text:_pconv_e</name>
         <load_address>0x954045e0</load_address>
         <run_address>0x954045e0</run_address>
         <size>0x480</size>
         <input_file_ref idref="fl-2a"/>
      </object_component>
      <object_component id="oc-2ec">
         <name>.text:free</name>
         <load_address>0x95404a60</load_address>
         <run_address>0x95404a60</run_address>
         <size>0x440</size>
         <input_file_ref idref="fl-61"/>
      </object_component>
      <object_component id="oc-165">
         <name>.text:fputs</name>
         <load_address>0x95404ea0</load_address>
         <run_address>0x95404ea0</run_address>
         <size>0x3e0</size>
         <input_file_ref idref="fl-37"/>
      </object_component>
      <object_component id="oc-245">
         <name>.text:fcvt</name>
         <load_address>0x95405280</load_address>
         <run_address>0x95405280</run_address>
         <size>0x2e0</size>
         <input_file_ref idref="fl-2a"/>
      </object_component>
      <object_component id="oc-196">
         <name>.text:_pconv_f</name>
         <load_address>0x95405560</load_address>
         <run_address>0x95405560</run_address>
         <size>0x2a0</size>
         <input_file_ref idref="fl-2a"/>
      </object_component>
      <object_component id="oc-1f9">
         <name>.text:__c6xabi_divull</name>
         <load_address>0x95405800</load_address>
         <run_address>0x95405800</run_address>
         <size>0x260</size>
         <input_file_ref idref="fl-3d"/>
      </object_component>
      <object_component id="oc-21a">
         <name>.text:__c6xabi_mpyd</name>
         <load_address>0x95405a60</load_address>
         <run_address>0x95405a60</run_address>
         <size>0x220</size>
         <input_file_ref idref="fl-46"/>
      </object_component>
      <object_component id="oc-178">
         <name>.text:_ltostr</name>
         <load_address>0x95405c80</load_address>
         <run_address>0x95405c80</run_address>
         <size>0x220</size>
         <input_file_ref idref="fl-2a"/>
      </object_component>
      <object_component id="oc-15e">
         <name>.text:fputc</name>
         <load_address>0x95405ea0</load_address>
         <run_address>0x95405ea0</run_address>
         <size>0x220</size>
         <input_file_ref idref="fl-36"/>
      </object_component>
      <object_component id="oc-275">
         <name>.text:setvbuf</name>
         <load_address>0x954060c0</load_address>
         <run_address>0x954060c0</run_address>
         <size>0x220</size>
         <input_file_ref idref="fl-5e"/>
      </object_component>
      <object_component id="oc-333">
         <name>.text:__TI_frcaddd</name>
         <load_address>0x954062e0</load_address>
         <run_address>0x954062e0</run_address>
         <size>0x200</size>
         <input_file_ref idref="fl-52"/>
      </object_component>
      <object_component id="oc-2c7">
         <name>.text:__c6xabi_addd</name>
         <load_address>0x954064e0</load_address>
         <run_address>0x954064e0</run_address>
         <size>0x200</size>
         <input_file_ref idref="fl-4f"/>
      </object_component>
      <object_component id="oc-259">
         <name>.text:frexp</name>
         <load_address>0x954066e0</load_address>
         <run_address>0x954066e0</run_address>
         <size>0x200</size>
         <input_file_ref idref="fl-39"/>
      </object_component>
      <object_component id="oc-1ff">
         <name>.text:__c6xabi_divul</name>
         <load_address>0x954068e0</load_address>
         <run_address>0x954068e0</run_address>
         <size>0x1c0</size>
         <input_file_ref idref="fl-3c"/>
      </object_component>
      <object_component id="oc-25f">
         <name>.text:ldexp</name>
         <load_address>0x95406aa0</load_address>
         <run_address>0x95406aa0</run_address>
         <size>0x1c0</size>
         <input_file_ref idref="fl-3f"/>
      </object_component>
      <object_component id="oc-38f">
         <name>.text:HOSTrename</name>
         <load_address>0x95406c60</load_address>
         <run_address>0x95406c60</run_address>
         <size>0x1a0</size>
         <input_file_ref idref="fl-59"/>
      </object_component>
      <object_component id="oc-2f2">
         <name>.text:malloc</name>
         <load_address>0x95406e00</load_address>
         <run_address>0x95406e00</run_address>
         <size>0x180</size>
         <input_file_ref idref="fl-61"/>
      </object_component>
      <object_component id="oc-6c">
         <name>.text:_auto_init_elf</name>
         <load_address>0x95406f80</load_address>
         <run_address>0x95406f80</run_address>
         <size>0x160</size>
         <input_file_ref idref="fl-2d"/>
      </object_component>
      <object_component id="oc-34b">
         <name>.text:__TI_closefile</name>
         <load_address>0x954070e0</load_address>
         <run_address>0x954070e0</run_address>
         <size>0x140</size>
         <input_file_ref idref="fl-63"/>
      </object_component>
      <object_component id="oc-3e8">
         <name>.text:getdevice</name>
         <load_address>0x95407220</load_address>
         <run_address>0x95407220</run_address>
         <size>0x140</size>
         <input_file_ref idref="fl-64"/>
      </object_component>
      <object_component id="oc-2b9">
         <name>.text:__TI_frcmpyd</name>
         <load_address>0x95407360</load_address>
         <run_address>0x95407360</run_address>
         <size>0x120</size>
         <input_file_ref idref="fl-53"/>
      </object_component>
      <object_component id="oc-26f">
         <name>.text:fseek</name>
         <load_address>0x95407480</load_address>
         <run_address>0x95407480</run_address>
         <size>0x120</size>
         <input_file_ref idref="fl-54"/>
      </object_component>
      <object_component id="oc-42">
         <name>.text:__TI_decompress_rle_core</name>
         <load_address>0x954075a0</load_address>
         <run_address>0x954075a0</run_address>
         <size>0x100</size>
         <input_file_ref idref="fl-22"/>
      </object_component>
      <object_component id="oc-1d2">
         <name>.text:__TI_wrt_ok</name>
         <load_address>0x954076a0</load_address>
         <run_address>0x954076a0</run_address>
         <size>0x100</size>
         <input_file_ref idref="fl-4e"/>
      </object_component>
      <object_component id="oc-16c">
         <name>.text:atoi</name>
         <load_address>0x954077a0</load_address>
         <run_address>0x954077a0</run_address>
         <size>0x100</size>
         <input_file_ref idref="fl-2c"/>
      </object_component>
      <object_component id="oc-a9">
         <name>.text:copy_in</name>
         <load_address>0x954078a0</load_address>
         <run_address>0x954078a0</run_address>
         <size>0x100</size>
         <input_file_ref idref="fl-2e"/>
      </object_component>
      <object_component id="oc-383">
         <name>.text:HOSTlseek</name>
         <load_address>0x954079a0</load_address>
         <run_address>0x954079a0</run_address>
         <size>0xe0</size>
         <input_file_ref idref="fl-56"/>
      </object_component>
      <object_component id="oc-36b">
         <name>.text:HOSTopen</name>
         <load_address>0x95407a80</load_address>
         <run_address>0x95407a80</run_address>
         <size>0xe0</size>
         <input_file_ref idref="fl-57"/>
      </object_component>
      <object_component id="oc-37d">
         <name>.text:HOSTwrite</name>
         <load_address>0x95407b60</load_address>
         <run_address>0x95407b60</run_address>
         <size>0xe0</size>
         <input_file_ref idref="fl-5b"/>
      </object_component>
      <object_component id="oc-24c">
         <name>.text:__c6xabi_ged</name>
         <load_address>0x95407c40</load_address>
         <run_address>0x95407c40</run_address>
         <size>0xe0</size>
         <input_file_ref idref="fl-3a"/>
      </object_component>
      <object_component id="oc-20e">
         <name>.text:__c6xabi_gtd</name>
         <load_address>0x95407d20</load_address>
         <run_address>0x95407d20</run_address>
         <size>0xe0</size>
         <input_file_ref idref="fl-3b"/>
      </object_component>
      <object_component id="oc-252">
         <name>.text:__c6xabi_led</name>
         <load_address>0x95407e00</load_address>
         <run_address>0x95407e00</run_address>
         <size>0xe0</size>
         <input_file_ref idref="fl-40"/>
      </object_component>
      <object_component id="oc-184">
         <name>.text:__c6xabi_ltd</name>
         <load_address>0x95407ee0</load_address>
         <run_address>0x95407ee0</run_address>
         <size>0xe0</size>
         <input_file_ref idref="fl-43"/>
      </object_component>
      <object_component id="oc-3b2">
         <name>.text:close</name>
         <load_address>0x95407fc0</load_address>
         <run_address>0x95407fc0</run_address>
         <size>0xe0</size>
         <input_file_ref idref="fl-67"/>
      </object_component>
      <object_component id="oc-60">
         <name>.text:exit</name>
         <load_address>0x954080a0</load_address>
         <run_address>0x954080a0</run_address>
         <size>0xe0</size>
         <input_file_ref idref="fl-24"/>
      </object_component>
      <object_component id="oc-22c">
         <name>.text:ltoa</name>
         <load_address>0x95408180</load_address>
         <run_address>0x95408180</run_address>
         <size>0xe0</size>
         <input_file_ref idref="fl-44"/>
      </object_component>
      <object_component id="oc-4e">
         <name>.text:memset</name>
         <load_address>0x95408260</load_address>
         <run_address>0x95408260</run_address>
         <size>0xe0</size>
         <input_file_ref idref="fl-26"/>
      </object_component>
      <object_component id="oc-de">
         <name>.text:printf</name>
         <load_address>0x95408340</load_address>
         <run_address>0x95408340</run_address>
         <size>0xe0</size>
         <input_file_ref idref="fl-28"/>
      </object_component>
      <object_component id="oc-377">
         <name>.text:HOSTread</name>
         <load_address>0x95408420</load_address>
         <run_address>0x95408420</run_address>
         <size>0xc0</size>
         <input_file_ref idref="fl-58"/>
      </object_component>
      <object_component id="oc-389">
         <name>.text:HOSTunlink</name>
         <load_address>0x954084e0</load_address>
         <run_address>0x954084e0</run_address>
         <size>0xc0</size>
         <input_file_ref idref="fl-5a"/>
      </object_component>
      <object_component id="oc-1de">
         <name>.text:__TI_doflush</name>
         <load_address>0x954085a0</load_address>
         <run_address>0x954085a0</run_address>
         <size>0xc0</size>
         <input_file_ref idref="fl-51"/>
      </object_component>
      <object_component id="oc-1f4">
         <name>.text:__divu</name>
         <load_address>0x95408660</load_address>
         <run_address>0x95408660</run_address>
         <size>0xc0</size>
         <input_file_ref idref="fl-32"/>
      </object_component>
      <object_component id="oc-23e">
         <name>.text:_ecpy</name>
         <load_address>0x95408720</load_address>
         <run_address>0x95408720</run_address>
         <size>0xc0</size>
         <input_file_ref idref="fl-2a"/>
      </object_component>
      <object_component id="oc-35b">
         <name>.text:mremove</name>
         <load_address>0x954087e0</load_address>
         <run_address>0x954087e0</run_address>
         <size>0xc0</size>
         <input_file_ref idref="fl-61"/>
      </object_component>
      <object_component id="oc-b5">
         <name>.text:tls:init:__TI_tls_init</name>
         <load_address>0x954088a0</load_address>
         <run_address>0x954088a0</run_address>
         <size>0xc0</size>
         <input_file_ref idref="fl-4b"/>
      </object_component>
      <object_component id="oc-371">
         <name>.text:HOSTclose</name>
         <load_address>0x95408960</load_address>
         <run_address>0x95408960</run_address>
         <size>0xa0</size>
         <input_file_ref idref="fl-55"/>
      </object_component>
      <object_component id="oc-2e6">
         <name>.text:__TI_cleanup</name>
         <load_address>0x95408a00</load_address>
         <run_address>0x95408a00</run_address>
         <size>0xa0</size>
         <input_file_ref idref="fl-60"/>
      </object_component>
      <object_component id="oc-220">
         <name>.text:__c6xabi_eqd</name>
         <load_address>0x95408aa0</load_address>
         <run_address>0x95408aa0</run_address>
         <size>0xa0</size>
         <input_file_ref idref="fl-33"/>
      </object_component>
      <object_component id="oc-1ed">
         <name>.text:__c6xabi_neqd</name>
         <load_address>0x95408b40</load_address>
         <run_address>0x95408b40</run_address>
         <size>0xa0</size>
         <input_file_ref idref="fl-48"/>
      </object_component>
      <object_component id="oc-362">
         <name>.text:_minit</name>
         <load_address>0x95408be0</load_address>
         <run_address>0x95408be0</run_address>
         <size>0xa0</size>
         <input_file_ref idref="fl-61"/>
      </object_component>
      <object_component id="oc-36">
         <name>.text:memcpy</name>
         <load_address>0x95408c80</load_address>
         <run_address>0x95408c80</run_address>
         <size>0xa0</size>
         <input_file_ref idref="fl-25"/>
      </object_component>
      <object_component id="oc-355">
         <name>.text:minsert</name>
         <load_address>0x95408d20</load_address>
         <run_address>0x95408d20</run_address>
         <size>0xa0</size>
         <input_file_ref idref="fl-61"/>
      </object_component>
      <object_component id="oc-3cf">
         <name>.text:__TI_readmsg</name>
         <load_address>0x95408dc0</load_address>
         <run_address>0x95408dc0</run_address>
         <size>0x80</size>
         <input_file_ref idref="fl-5f"/>
      </object_component>
      <object_component id="oc-3a0">
         <name>.text:__TI_renormd</name>
         <load_address>0x95408e40</load_address>
         <run_address>0x95408e40</run_address>
         <size>0x80</size>
         <input_file_ref idref="fl-5d"/>
      </object_component>
      <object_component id="oc-226">
         <name>.text:__c6xabi_fixdi</name>
         <load_address>0x95408ec0</load_address>
         <run_address>0x95408ec0</run_address>
         <size>0x80</size>
         <input_file_ref idref="fl-34"/>
      </object_component>
      <object_component id="oc-28f">
         <name>.text:__c6xabi_llshl</name>
         <load_address>0x95408f40</load_address>
         <run_address>0x95408f40</run_address>
         <size>0x80</size>
         <input_file_ref idref="fl-42"/>
      </object_component>
      <object_component id="oc-2a">
         <name>.text:_c_int00</name>
         <load_address>0x95408fc0</load_address>
         <run_address>0x95408fc0</run_address>
         <size>0x80</size>
         <input_file_ref idref="fl-20"/>
      </object_component>
      <object_component id="oc-40a">
         <name>.text:finddevice</name>
         <load_address>0x95409040</load_address>
         <run_address>0x95409040</run_address>
         <size>0x80</size>
         <input_file_ref idref="fl-64"/>
      </object_component>
      <object_component id="oc-3b8">
         <name>.text:unlink</name>
         <load_address>0x954090c0</load_address>
         <run_address>0x954090c0</run_address>
         <size>0x80</size>
         <input_file_ref idref="fl-66"/>
      </object_component>
      <object_component id="oc-3c9">
         <name>.text:__TI_writemsg</name>
         <load_address>0x95409140</load_address>
         <run_address>0x95409140</run_address>
         <size>0x60</size>
         <input_file_ref idref="fl-5f"/>
      </object_component>
      <object_component id="oc-232">
         <name>.text:__c6xabi_fltid</name>
         <load_address>0x954091a0</load_address>
         <run_address>0x954091a0</run_address>
         <size>0x60</size>
         <input_file_ref idref="fl-35"/>
      </object_component>
      <object_component id="oc-29b">
         <name>.text:__c6xabi_llshru</name>
         <load_address>0x95409200</load_address>
         <run_address>0x95409200</run_address>
         <size>0x60</size>
         <input_file_ref idref="fl-42"/>
      </object_component>
      <object_component id="oc-295">
         <name>.text:_subcull</name>
         <load_address>0x95409260</load_address>
         <run_address>0x95409260</run_address>
         <size>0x60</size>
         <input_file_ref idref="fl-3d"/>
      </object_component>
      <object_component id="oc-2de">
         <name>.text:lseek</name>
         <load_address>0x954092c0</load_address>
         <run_address>0x954092c0</run_address>
         <size>0x60</size>
         <input_file_ref idref="fl-5c"/>
      </object_component>
      <object_component id="oc-1a8">
         <name>.text:memccpy</name>
         <load_address>0x95409320</load_address>
         <run_address>0x95409320</run_address>
         <size>0x60</size>
         <input_file_ref idref="fl-45"/>
      </object_component>
      <object_component id="oc-1d8">
         <name>.text:write</name>
         <load_address>0x95409380</load_address>
         <run_address>0x95409380</run_address>
         <size>0x60</size>
         <input_file_ref idref="fl-4d"/>
      </object_component>
      <object_component id="oc-2a7">
         <name>.text:__TI_frcmpyd_div</name>
         <load_address>0x954093e0</load_address>
         <run_address>0x954093e0</run_address>
         <size>0x40</size>
         <input_file_ref idref="fl-38"/>
      </object_component>
      <object_component id="oc-17e">
         <name>.text:__c6xabi_isinf</name>
         <load_address>0x95409420</load_address>
         <run_address>0x95409420</run_address>
         <size>0x40</size>
         <input_file_ref idref="fl-3e"/>
      </object_component>
      <object_component id="oc-18a">
         <name>.text:__c6xabi_negd</name>
         <load_address>0x95409460</load_address>
         <run_address>0x95409460</run_address>
         <size>0x40</size>
         <input_file_ref idref="fl-47"/>
      </object_component>
      <object_component id="oc-238">
         <name>.text:__c6xabi_subd</name>
         <load_address>0x954094a0</load_address>
         <run_address>0x954094a0</run_address>
         <size>0x40</size>
         <input_file_ref idref="fl-4a"/>
      </object_component>
      <object_component id="oc-5a">
         <name>.text:_args_main</name>
         <load_address>0x954094e0</load_address>
         <run_address>0x954094e0</run_address>
         <size>0x40</size>
         <input_file_ref idref="fl-2b"/>
      </object_component>
      <object_component id="oc-2d2">
         <name>.text:__c6xabi_errno_addr</name>
         <load_address>0x95409520</load_address>
         <run_address>0x95409520</run_address>
         <size>0x20</size>
         <input_file_ref idref="fl-50"/>
      </object_component>
      <object_component id="oc-172">
         <name>.text:__c6xabi_isnan</name>
         <load_address>0x95409540</load_address>
         <run_address>0x95409540</run_address>
         <size>0x20</size>
         <input_file_ref idref="fl-2a"/>
      </object_component>
      <object_component id="oc-14f">
         <name>.text:_nop</name>
         <load_address>0x95409560</load_address>
         <run_address>0x95409560</run_address>
         <size>0x20</size>
         <input_file_ref idref="fl-29"/>
      </object_component>
      <object_component id="oc-11e">
         <name>.text:_outc</name>
         <load_address>0x95409580</load_address>
         <run_address>0x95409580</run_address>
         <size>0x20</size>
         <input_file_ref idref="fl-28"/>
      </object_component>
      <object_component id="oc-124">
         <name>.text:_outs</name>
         <load_address>0x954095a0</load_address>
         <run_address>0x954095a0</run_address>
         <size>0x20</size>
         <input_file_ref idref="fl-28"/>
      </object_component>
      <object_component id="oc-af">
         <name>.text:_system_post_cinit</name>
         <load_address>0x954095c0</load_address>
         <run_address>0x954095c0</run_address>
         <size>0x20</size>
         <input_file_ref idref="fl-49"/>
      </object_component>
      <object_component id="oc-66">
         <name>.text:_system_pre_init</name>
         <load_address>0x954095e0</load_address>
         <run_address>0x954095e0</run_address>
         <size>0x20</size>
         <input_file_ref idref="fl-27"/>
      </object_component>
      <object_component id="oc-a0">
         <name>.text:abort</name>
         <load_address>0x95409600</load_address>
         <run_address>0x95409600</run_address>
         <size>0x20</size>
         <input_file_ref idref="fl-24"/>
      </object_component>
      <object_component id="oc-18">
         <name>.text:decompress:none:__TI_decompress_none</name>
         <load_address>0x95409620</load_address>
         <run_address>0x95409620</run_address>
         <size>0x20</size>
         <input_file_ref idref="fl-21"/>
      </object_component>
      <object_component id="oc-1e">
         <name>.text:decompress:rle24:__TI_decompress_rle24</name>
         <load_address>0x95409640</load_address>
         <run_address>0x95409640</run_address>
         <size>0x20</size>
         <input_file_ref idref="fl-22"/>
      </object_component>
      <object_component id="oc-30">
         <name>.stack</name>
         <uninitialized>true</uninitialized>
         <run_address>0x94000000</run_address>
         <size>0x8</size>
         <input_file_ref idref="fl-20"/>
      </object_component>
      <object_component id="oc-44b">
         <name>.stack</name>
         <uninitialized>true</uninitialized>
         <run_address>0x94000000</run_address>
         <size>0x0</size>
      </object_component>
      <object_component id="oc-d6">
         <name>.common:t1</name>
         <uninitialized>true</uninitialized>
         <run_address>0x95409d90</run_address>
         <size>0x8</size>
      </object_component>
      <object_component id="oc-d9">
         <name>.common:t2</name>
         <uninitialized>true</uninitialized>
         <run_address>0x95409da8</run_address>
         <size>0x8</size>
      </object_component>
      <object_component id="oc-da">
         <name>.common:result</name>
         <uninitialized>true</uninitialized>
         <run_address>0x95409d88</run_address>
         <size>0x8</size>
      </object_component>
      <object_component id="oc-d2">
         <name>.common:t1_L</name>
         <uninitialized>true</uninitialized>
         <run_address>0x95409da0</run_address>
         <size>0x8</size>
      </object_component>
      <object_component id="oc-d7">
         <name>.common:t2_L</name>
         <uninitialized>true</uninitialized>
         <run_address>0x95409db8</run_address>
         <size>0x8</size>
      </object_component>
      <object_component id="oc-d5">
         <name>.common:t1_H</name>
         <uninitialized>true</uninitialized>
         <run_address>0x95409d98</run_address>
         <size>0x8</size>
      </object_component>
      <object_component id="oc-d8">
         <name>.common:t2_H</name>
         <uninitialized>true</uninitialized>
         <run_address>0x95409db0</run_address>
         <size>0x8</size>
      </object_component>
      <object_component id="oc-3f4">
         <name>.cio</name>
         <uninitialized>true</uninitialized>
         <run_address>0x95409c68</run_address>
         <size>0x120</size>
         <input_file_ref idref="fl-5f"/>
      </object_component>
      <object_component id="oc-1e8">
         <name>.const:.string:_ctypes_</name>
         <load_address>0x95409980</load_address>
         <run_address>0x95409980</run_address>
         <size>0x101</size>
         <input_file_ref idref="fl-2f"/>
      </object_component>
      <object_component id="oc-d1">
         <name>.const:.string</name>
         <load_address>0x95409a84</load_address>
         <run_address>0x95409a84</run_address>
         <size>0x6c</size>
         <input_file_ref idref="fl-2"/>
      </object_component>
      <object_component id="oc-1ae">
         <name>.const:.string</name>
         <load_address>0x95409af0</load_address>
         <run_address>0x95409af0</run_address>
         <size>0x24</size>
         <input_file_ref idref="fl-2a"/>
      </object_component>
      <object_component id="oc-2a6">
         <name>.const:.string:initial_approx$1</name>
         <load_address>0x95409b18</load_address>
         <run_address>0x95409b18</run_address>
         <size>0x8</size>
         <input_file_ref idref="fl-31"/>
      </object_component>
      <object_component id="oc-1af">
         <name>.switch:__TI_printfi</name>
         <load_address>0x95409dc0</load_address>
         <run_address>0x95409dc0</run_address>
         <size>0x38</size>
         <input_file_ref idref="fl-2a"/>
      </object_component>
      <object_component id="oc-33">
         <name>.sysmem</name>
         <uninitialized>true</uninitialized>
         <run_address>0x94a00000</run_address>
         <size>0x8</size>
         <input_file_ref idref="fl-61"/>
      </object_component>
      <object_component id="oc-44c">
         <name>.sysmem</name>
         <uninitialized>true</uninitialized>
         <run_address>0x94a00000</run_address>
         <size>0x0</size>
      </object_component>
      <object_component id="oc-3be">
         <name>.common:__TI_tmpnams</name>
         <uninitialized>true</uninitialized>
         <run_address>0x95409b20</run_address>
         <size>0x140</size>
      </object_component>
      <object_component id="oc-3c6">
         <name>.common:parmbuf</name>
         <uninitialized>true</uninitialized>
         <run_address>0x95409c60</run_address>
         <size>0x8</size>
      </object_component>
      <object_component id="oc-449">
         <name>.cinit..fardata.load</name>
         <load_address>0x95409df8</load_address>
         <run_address>0x95409df8</run_address>
         <size>0x6d</size>
      </object_component>
      <object_component id="oc-448">
         <name>.cinit..far.load</name>
         <load_address>0x95409e65</load_address>
         <run_address>0x95409e65</run_address>
         <size>0xb</size>
      </object_component>
      <object_component id="oc-44a">
         <name>.cinit..rodata.load</name>
         <load_address>0x95409e70</load_address>
         <run_address>0x95409e70</run_address>
         <size>0xa</size>
      </object_component>
      <object_component id="oc-447">
         <name>.cinit..bss.load</name>
         <load_address>0x95409e7a</load_address>
         <run_address>0x95409e7a</run_address>
         <size>0x9</size>
      </object_component>
      <object_component id="oc-445">
         <name>__TI_handler_table</name>
         <load_address>0x95409e84</load_address>
         <run_address>0x95409e84</run_address>
         <size>0x8</size>
      </object_component>
      <object_component id="oc-446">
         <name>__TI_cinit_table</name>
         <load_address>0x95409e90</load_address>
         <run_address>0x95409e90</run_address>
         <size>0x20</size>
      </object_component>
      <object_component id="oc-9d">
         <name>.fardata</name>
         <load_address>0x95409958</load_address>
         <run_address>0x95409958</run_address>
         <size>0xc</size>
         <input_file_ref idref="fl-24"/>
      </object_component>
      <object_component id="oc-115">
         <name>.fardata:_lock</name>
         <load_address>0x9540996c</load_address>
         <run_address>0x9540996c</run_address>
         <size>0x4</size>
         <input_file_ref idref="fl-29"/>
      </object_component>
      <object_component id="oc-11b">
         <name>.fardata:_unlock</name>
         <load_address>0x95409970</load_address>
         <run_address>0x95409970</run_address>
         <size>0x4</size>
         <input_file_ref idref="fl-29"/>
      </object_component>
      <object_component id="oc-118">
         <name>.fardata:_ftable</name>
         <load_address>0x95409660</load_address>
         <run_address>0x95409660</run_address>
         <size>0x1e0</size>
         <input_file_ref idref="fl-30"/>
      </object_component>
      <object_component id="oc-348">
         <name>.fardata</name>
         <load_address>0x95409974</load_address>
         <run_address>0x95409974</run_address>
         <size>0x4</size>
         <input_file_ref idref="fl-30"/>
      </object_component>
      <object_component id="oc-301">
         <name>.fardata:_device</name>
         <load_address>0x954098e0</load_address>
         <run_address>0x954098e0</run_address>
         <size>0x78</size>
         <input_file_ref idref="fl-4d"/>
      </object_component>
      <object_component id="oc-27d">
         <name>.fardata:_stream</name>
         <load_address>0x95409840</load_address>
         <run_address>0x95409840</run_address>
         <size>0xa0</size>
         <input_file_ref idref="fl-4d"/>
      </object_component>
      <object_component id="oc-33b">
         <name>.fardata</name>
         <load_address>0x95409978</load_address>
         <run_address>0x95409978</run_address>
         <size>0x4</size>
         <input_file_ref idref="fl-50"/>
      </object_component>
      <object_component id="oc-352">
         <name>.fardata</name>
         <load_address>0x95409964</load_address>
         <run_address>0x95409964</run_address>
         <size>0x8</size>
         <input_file_ref idref="fl-61"/>
      </object_component>
      <object_component id="oc-db">
         <name>.rodata</name>
         <load_address>0x9540997c</load_address>
         <run_address>0x9540997c</run_address>
         <size>0x4</size>
         <input_file_ref idref="fl-2"/>
      </object_component>
      <object_component id="oc-d3">
         <name>.debug_info</name>
         <load_address>0x0</load_address>
         <run_address>0x0</run_address>
         <size>0x8bd</size>
         <input_file_ref idref="fl-2"/>
      </object_component>
      <object_component id="oc-dc">
         <name>.debug_info</name>
         <load_address>0x8bd</load_address>
         <run_address>0x8bd</run_address>
         <size>0xe0</size>
         <input_file_ref idref="fl-2"/>
      </object_component>
      <object_component id="oc-96">
         <name>.debug_info</name>
         <load_address>0x99d</load_address>
         <run_address>0x99d</run_address>
         <size>0x1b4b</size>
         <input_file_ref idref="fl-2"/>
      </object_component>
      <object_component id="oc-e5">
         <name>.debug_info</name>
         <load_address>0x24e8</load_address>
         <run_address>0x24e8</run_address>
         <size>0xc8</size>
         <input_file_ref idref="fl-2"/>
      </object_component>
      <object_component id="oc-109">
         <name>.debug_info</name>
         <load_address>0x25b0</load_address>
         <run_address>0x25b0</run_address>
         <size>0x206</size>
         <input_file_ref idref="fl-2"/>
      </object_component>
      <object_component id="oc-81">
         <name>.debug_info</name>
         <load_address>0x27b6</load_address>
         <run_address>0x27b6</run_address>
         <size>0xb2</size>
         <input_file_ref idref="fl-2"/>
      </object_component>
      <object_component id="oc-10e">
         <name>.debug_info</name>
         <load_address>0x2868</load_address>
         <run_address>0x2868</run_address>
         <size>0x116</size>
         <input_file_ref idref="fl-2"/>
      </object_component>
      <object_component id="oc-14a">
         <name>.debug_info</name>
         <load_address>0x297e</load_address>
         <run_address>0x297e</run_address>
         <size>0x1d9</size>
         <input_file_ref idref="fl-2"/>
      </object_component>
      <object_component id="oc-1b2">
         <name>.debug_info</name>
         <load_address>0x2b57</load_address>
         <run_address>0x2b57</run_address>
         <size>0x2c</size>
         <input_file_ref idref="fl-2"/>
      </object_component>
      <object_component id="oc-75">
         <name>.debug_info</name>
         <load_address>0x2b83</load_address>
         <run_address>0x2b83</run_address>
         <size>0x5b2</size>
         <input_file_ref idref="fl-20"/>
      </object_component>
      <object_component id="oc-31">
         <name>.debug_info</name>
         <load_address>0x3135</load_address>
         <run_address>0x3135</run_address>
         <size>0xf8</size>
         <input_file_ref idref="fl-20"/>
      </object_component>
      <object_component id="oc-2e">
         <name>.debug_info</name>
         <load_address>0x322d</load_address>
         <run_address>0x322d</run_address>
         <size>0x185</size>
         <input_file_ref idref="fl-20"/>
      </object_component>
      <object_component id="oc-41">
         <name>.debug_info</name>
         <load_address>0x33b2</load_address>
         <run_address>0x33b2</run_address>
         <size>0x587</size>
         <input_file_ref idref="fl-21"/>
      </object_component>
      <object_component id="oc-1b">
         <name>.debug_info</name>
         <load_address>0x3939</load_address>
         <run_address>0x3939</run_address>
         <size>0x1cf</size>
         <input_file_ref idref="fl-21"/>
      </object_component>
      <object_component id="oc-3c">
         <name>.debug_info</name>
         <load_address>0x3b08</load_address>
         <run_address>0x3b08</run_address>
         <size>0x46</size>
         <input_file_ref idref="fl-21"/>
      </object_component>
      <object_component id="oc-7a">
         <name>.debug_info</name>
         <load_address>0x3b4e</load_address>
         <run_address>0x3b4e</run_address>
         <size>0x2c</size>
         <input_file_ref idref="fl-21"/>
      </object_component>
      <object_component id="oc-87">
         <name>.debug_info</name>
         <load_address>0x3b7a</load_address>
         <run_address>0x3b7a</run_address>
         <size>0x571</size>
         <input_file_ref idref="fl-22"/>
      </object_component>
      <object_component id="oc-43">
         <name>.debug_info</name>
         <load_address>0x40eb</load_address>
         <run_address>0x40eb</run_address>
         <size>0x257</size>
         <input_file_ref idref="fl-22"/>
      </object_component>
      <object_component id="oc-1f">
         <name>.debug_info</name>
         <load_address>0x4342</load_address>
         <run_address>0x4342</run_address>
         <size>0x1b4</size>
         <input_file_ref idref="fl-22"/>
      </object_component>
      <object_component id="oc-49">
         <name>.debug_info</name>
         <load_address>0x44f6</load_address>
         <run_address>0x44f6</run_address>
         <size>0x46</size>
         <input_file_ref idref="fl-22"/>
      </object_component>
      <object_component id="oc-8f">
         <name>.debug_info</name>
         <load_address>0x453c</load_address>
         <run_address>0x453c</run_address>
         <size>0x2c</size>
         <input_file_ref idref="fl-22"/>
      </object_component>
      <object_component id="oc-88">
         <name>.debug_info</name>
         <load_address>0x4568</load_address>
         <run_address>0x4568</run_address>
         <size>0x39</size>
         <input_file_ref idref="fl-22"/>
      </object_component>
      <object_component id="oc-a7">
         <name>.debug_info</name>
         <load_address>0x45a1</load_address>
         <run_address>0x45a1</run_address>
         <size>0x59b</size>
         <input_file_ref idref="fl-24"/>
      </object_component>
      <object_component id="oc-9e">
         <name>.debug_info</name>
         <load_address>0x4b3c</load_address>
         <run_address>0x4b3c</run_address>
         <size>0x188</size>
         <input_file_ref idref="fl-24"/>
      </object_component>
      <object_component id="oc-a2">
         <name>.debug_info</name>
         <load_address>0x4cc4</load_address>
         <run_address>0x4cc4</run_address>
         <size>0x11a</size>
         <input_file_ref idref="fl-24"/>
      </object_component>
      <object_component id="oc-61">
         <name>.debug_info</name>
         <load_address>0x4dde</load_address>
         <run_address>0x4dde</run_address>
         <size>0x17a</size>
         <input_file_ref idref="fl-24"/>
      </object_component>
      <object_component id="oc-38">
         <name>.debug_info</name>
         <load_address>0x4f58</load_address>
         <run_address>0x4f58</run_address>
         <size>0x124</size>
         <input_file_ref idref="fl-25"/>
      </object_component>
      <object_component id="oc-8e">
         <name>.debug_info</name>
         <load_address>0x507c</load_address>
         <run_address>0x507c</run_address>
         <size>0x650</size>
         <input_file_ref idref="fl-26"/>
      </object_component>
      <object_component id="oc-52">
         <name>.debug_info</name>
         <load_address>0x56cc</load_address>
         <run_address>0x56cc</run_address>
         <size>0x227</size>
         <input_file_ref idref="fl-26"/>
      </object_component>
      <object_component id="oc-69">
         <name>.debug_info</name>
         <load_address>0x58f3</load_address>
         <run_address>0x58f3</run_address>
         <size>0x14b</size>
         <input_file_ref idref="fl-27"/>
      </object_component>
      <object_component id="oc-131">
         <name>.debug_info</name>
         <load_address>0x5a3e</load_address>
         <run_address>0x5a3e</run_address>
         <size>0x681</size>
         <input_file_ref idref="fl-28"/>
      </object_component>
      <object_component id="oc-11f">
         <name>.debug_info</name>
         <load_address>0x60bf</load_address>
         <run_address>0x60bf</run_address>
         <size>0x14f</size>
         <input_file_ref idref="fl-28"/>
      </object_component>
      <object_component id="oc-125">
         <name>.debug_info</name>
         <load_address>0x620e</load_address>
         <run_address>0x620e</run_address>
         <size>0x15e</size>
         <input_file_ref idref="fl-28"/>
      </object_component>
      <object_component id="oc-e1">
         <name>.debug_info</name>
         <load_address>0x636c</load_address>
         <run_address>0x636c</run_address>
         <size>0x19b</size>
         <input_file_ref idref="fl-28"/>
      </object_component>
      <object_component id="oc-1c8">
         <name>.debug_info</name>
         <load_address>0x6507</load_address>
         <run_address>0x6507</run_address>
         <size>0xae</size>
         <input_file_ref idref="fl-28"/>
      </object_component>
      <object_component id="oc-157">
         <name>.debug_info</name>
         <load_address>0x65b5</load_address>
         <run_address>0x65b5</run_address>
         <size>0x528</size>
         <input_file_ref idref="fl-29"/>
      </object_component>
      <object_component id="oc-116">
         <name>.debug_info</name>
         <load_address>0x6add</load_address>
         <run_address>0x6add</run_address>
         <size>0xf7</size>
         <input_file_ref idref="fl-29"/>
      </object_component>
      <object_component id="oc-11c">
         <name>.debug_info</name>
         <load_address>0x6bd4</load_address>
         <run_address>0x6bd4</run_address>
         <size>0xfb</size>
         <input_file_ref idref="fl-29"/>
      </object_component>
      <object_component id="oc-150">
         <name>.debug_info</name>
         <load_address>0x6ccf</load_address>
         <run_address>0x6ccf</run_address>
         <size>0x126</size>
         <input_file_ref idref="fl-29"/>
      </object_component>
      <object_component id="oc-1b1">
         <name>.debug_info</name>
         <load_address>0x6df5</load_address>
         <run_address>0x6df5</run_address>
         <size>0x733</size>
         <input_file_ref idref="fl-2a"/>
      </object_component>
      <object_component id="oc-17a">
         <name>.debug_info</name>
         <load_address>0x7528</load_address>
         <run_address>0x7528</run_address>
         <size>0x243</size>
         <input_file_ref idref="fl-2a"/>
      </object_component>
      <object_component id="oc-174">
         <name>.debug_info</name>
         <load_address>0x776b</load_address>
         <run_address>0x776b</run_address>
         <size>0x23e</size>
         <input_file_ref idref="fl-2a"/>
      </object_component>
      <object_component id="oc-240">
         <name>.debug_info</name>
         <load_address>0x79a9</load_address>
         <run_address>0x79a9</run_address>
         <size>0x1ab</size>
         <input_file_ref idref="fl-2a"/>
      </object_component>
      <object_component id="oc-191">
         <name>.debug_info</name>
         <load_address>0x7b54</load_address>
         <run_address>0x7b54</run_address>
         <size>0x4c3</size>
         <input_file_ref idref="fl-2a"/>
      </object_component>
      <object_component id="oc-246">
         <name>.debug_info</name>
         <load_address>0x8017</load_address>
         <run_address>0x8017</run_address>
         <size>0x383</size>
         <input_file_ref idref="fl-2a"/>
      </object_component>
      <object_component id="oc-197">
         <name>.debug_info</name>
         <load_address>0x839a</load_address>
         <run_address>0x839a</run_address>
         <size>0x2fd</size>
         <input_file_ref idref="fl-2a"/>
      </object_component>
      <object_component id="oc-19e">
         <name>.debug_info</name>
         <load_address>0x8697</load_address>
         <run_address>0x8697</run_address>
         <size>0x43c</size>
         <input_file_ref idref="fl-2a"/>
      </object_component>
      <object_component id="oc-1a4">
         <name>.debug_info</name>
         <load_address>0x8ad3</load_address>
         <run_address>0x8ad3</run_address>
         <size>0x68d</size>
         <input_file_ref idref="fl-2a"/>
      </object_component>
      <object_component id="oc-12c">
         <name>.debug_info</name>
         <load_address>0x9160</load_address>
         <run_address>0x9160</run_address>
         <size>0x60c</size>
         <input_file_ref idref="fl-2a"/>
      </object_component>
      <object_component id="oc-1b7">
         <name>.debug_info</name>
         <load_address>0x976c</load_address>
         <run_address>0x976c</run_address>
         <size>0x86</size>
         <input_file_ref idref="fl-2a"/>
      </object_component>
      <object_component id="oc-1bc">
         <name>.debug_info</name>
         <load_address>0x97f2</load_address>
         <run_address>0x97f2</run_address>
         <size>0x2c</size>
         <input_file_ref idref="fl-2a"/>
      </object_component>
      <object_component id="oc-26a">
         <name>.debug_info</name>
         <load_address>0x981e</load_address>
         <run_address>0x981e</run_address>
         <size>0x46</size>
         <input_file_ref idref="fl-2a"/>
      </object_component>
      <object_component id="oc-1c1">
         <name>.debug_info</name>
         <load_address>0x9864</load_address>
         <run_address>0x9864</run_address>
         <size>0x39</size>
         <input_file_ref idref="fl-2a"/>
      </object_component>
      <object_component id="oc-9c">
         <name>.debug_info</name>
         <load_address>0x989d</load_address>
         <run_address>0x989d</run_address>
         <size>0x5a8</size>
         <input_file_ref idref="fl-2b"/>
      </object_component>
      <object_component id="oc-5e">
         <name>.debug_info</name>
         <load_address>0x9e45</load_address>
         <run_address>0x9e45</run_address>
         <size>0x16a</size>
         <input_file_ref idref="fl-2b"/>
      </object_component>
      <object_component id="oc-ec">
         <name>.debug_info</name>
         <load_address>0x9faf</load_address>
         <run_address>0x9faf</run_address>
         <size>0x5e</size>
         <input_file_ref idref="fl-2b"/>
      </object_component>
      <object_component id="oc-1ec">
         <name>.debug_info</name>
         <load_address>0xa00d</load_address>
         <run_address>0xa00d</run_address>
         <size>0x556</size>
         <input_file_ref idref="fl-2c"/>
      </object_component>
      <object_component id="oc-170">
         <name>.debug_info</name>
         <load_address>0xa563</load_address>
         <run_address>0xa563</run_address>
         <size>0x174</size>
         <input_file_ref idref="fl-2c"/>
      </object_component>
      <object_component id="oc-bc">
         <name>.debug_info</name>
         <load_address>0xa6d7</load_address>
         <run_address>0xa6d7</run_address>
         <size>0x77a</size>
         <input_file_ref idref="fl-2d"/>
      </object_component>
      <object_component id="oc-6e">
         <name>.debug_info</name>
         <load_address>0xae51</load_address>
         <run_address>0xae51</run_address>
         <size>0x1c7</size>
         <input_file_ref idref="fl-2d"/>
      </object_component>
      <object_component id="oc-fd">
         <name>.debug_info</name>
         <load_address>0xb018</load_address>
         <run_address>0xb018</run_address>
         <size>0x39</size>
         <input_file_ref idref="fl-2d"/>
      </object_component>
      <object_component id="oc-145">
         <name>.debug_info</name>
         <load_address>0xb051</load_address>
         <run_address>0xb051</run_address>
         <size>0x39</size>
         <input_file_ref idref="fl-2d"/>
      </object_component>
      <object_component id="oc-102">
         <name>.debug_info</name>
         <load_address>0xb08a</load_address>
         <run_address>0xb08a</run_address>
         <size>0xcd</size>
         <input_file_ref idref="fl-2d"/>
      </object_component>
      <object_component id="oc-f7">
         <name>.debug_info</name>
         <load_address>0xb157</load_address>
         <run_address>0xb157</run_address>
         <size>0x62c</size>
         <input_file_ref idref="fl-2e"/>
      </object_component>
      <object_component id="oc-ab">
         <name>.debug_info</name>
         <load_address>0xb783</load_address>
         <run_address>0xb783</run_address>
         <size>0x19f</size>
         <input_file_ref idref="fl-2e"/>
      </object_component>
      <object_component id="oc-134">
         <name>.debug_info</name>
         <load_address>0xb922</load_address>
         <run_address>0xb922</run_address>
         <size>0x2c</size>
         <input_file_ref idref="fl-2e"/>
      </object_component>
      <object_component id="oc-28a">
         <name>.debug_info</name>
         <load_address>0xb94e</load_address>
         <run_address>0xb94e</run_address>
         <size>0xf1</size>
         <input_file_ref idref="fl-2f"/>
      </object_component>
      <object_component id="oc-1e9">
         <name>.debug_info</name>
         <load_address>0xba3f</load_address>
         <run_address>0xba3f</run_address>
         <size>0xfd</size>
         <input_file_ref idref="fl-2f"/>
      </object_component>
      <object_component id="oc-15a">
         <name>.debug_info</name>
         <load_address>0xbb3c</load_address>
         <run_address>0xbb3c</run_address>
         <size>0x138</size>
         <input_file_ref idref="fl-30"/>
      </object_component>
      <object_component id="oc-119">
         <name>.debug_info</name>
         <load_address>0xbc74</load_address>
         <run_address>0xbc74</run_address>
         <size>0xfa</size>
         <input_file_ref idref="fl-30"/>
      </object_component>
      <object_component id="oc-349">
         <name>.debug_info</name>
         <load_address>0xbd6e</load_address>
         <run_address>0xbd6e</run_address>
         <size>0x102</size>
         <input_file_ref idref="fl-30"/>
      </object_component>
      <object_component id="oc-2ae">
         <name>.debug_info</name>
         <load_address>0xbe70</load_address>
         <run_address>0xbe70</run_address>
         <size>0x5fa</size>
         <input_file_ref idref="fl-31"/>
      </object_component>
      <object_component id="oc-215">
         <name>.debug_info</name>
         <load_address>0xc46a</load_address>
         <run_address>0xc46a</run_address>
         <size>0x286</size>
         <input_file_ref idref="fl-31"/>
      </object_component>
      <object_component id="oc-2af">
         <name>.debug_info</name>
         <load_address>0xc6f0</load_address>
         <run_address>0xc6f0</run_address>
         <size>0x7f</size>
         <input_file_ref idref="fl-31"/>
      </object_component>
      <object_component id="oc-2b4">
         <name>.debug_info</name>
         <load_address>0xc76f</load_address>
         <run_address>0xc76f</run_address>
         <size>0x60</size>
         <input_file_ref idref="fl-31"/>
      </object_component>
      <object_component id="oc-1f6">
         <name>.debug_info</name>
         <load_address>0xc7cf</load_address>
         <run_address>0xc7cf</run_address>
         <size>0x117</size>
         <input_file_ref idref="fl-32"/>
      </object_component>
      <object_component id="oc-222">
         <name>.debug_info</name>
         <load_address>0xc8e6</load_address>
         <run_address>0xc8e6</run_address>
         <size>0x1ab</size>
         <input_file_ref idref="fl-33"/>
      </object_component>
      <object_component id="oc-208">
         <name>.debug_info</name>
         <load_address>0xca91</load_address>
         <run_address>0xca91</run_address>
         <size>0x94</size>
         <input_file_ref idref="fl-33"/>
      </object_component>
      <object_component id="oc-22a">
         <name>.debug_info</name>
         <load_address>0xcb25</load_address>
         <run_address>0xcb25</run_address>
         <size>0x18d</size>
         <input_file_ref idref="fl-34"/>
      </object_component>
      <object_component id="oc-2c6">
         <name>.debug_info</name>
         <load_address>0xccb2</load_address>
         <run_address>0xccb2</run_address>
         <size>0x545</size>
         <input_file_ref idref="fl-35"/>
      </object_component>
      <object_component id="oc-233">
         <name>.debug_info</name>
         <load_address>0xd1f7</load_address>
         <run_address>0xd1f7</run_address>
         <size>0x191</size>
         <input_file_ref idref="fl-35"/>
      </object_component>
      <object_component id="oc-1e5">
         <name>.debug_info</name>
         <load_address>0xd388</load_address>
         <run_address>0xd388</run_address>
         <size>0x621</size>
         <input_file_ref idref="fl-36"/>
      </object_component>
      <object_component id="oc-15f">
         <name>.debug_info</name>
         <load_address>0xd9a9</load_address>
         <run_address>0xd9a9</run_address>
         <size>0x209</size>
         <input_file_ref idref="fl-36"/>
      </object_component>
      <object_component id="oc-1e7">
         <name>.debug_info</name>
         <load_address>0xdbb2</load_address>
         <run_address>0xdbb2</run_address>
         <size>0x679</size>
         <input_file_ref idref="fl-37"/>
      </object_component>
      <object_component id="oc-167">
         <name>.debug_info</name>
         <load_address>0xe22b</load_address>
         <run_address>0xe22b</run_address>
         <size>0x31a</size>
         <input_file_ref idref="fl-37"/>
      </object_component>
      <object_component id="oc-2a8">
         <name>.debug_info</name>
         <load_address>0xe545</load_address>
         <run_address>0xe545</run_address>
         <size>0x16a</size>
         <input_file_ref idref="fl-38"/>
      </object_component>
      <object_component id="oc-399">
         <name>.debug_info</name>
         <load_address>0xe6af</load_address>
         <run_address>0xe6af</run_address>
         <size>0x2c</size>
         <input_file_ref idref="fl-38"/>
      </object_component>
      <object_component id="oc-324">
         <name>.debug_info</name>
         <load_address>0xe6db</load_address>
         <run_address>0xe6db</run_address>
         <size>0x2c</size>
         <input_file_ref idref="fl-38"/>
      </object_component>
      <object_component id="oc-2d9">
         <name>.debug_info</name>
         <load_address>0xe707</load_address>
         <run_address>0xe707</run_address>
         <size>0x5ba</size>
         <input_file_ref idref="fl-39"/>
      </object_component>
      <object_component id="oc-25b">
         <name>.debug_info</name>
         <load_address>0xecc1</load_address>
         <run_address>0xecc1</run_address>
         <size>0x242</size>
         <input_file_ref idref="fl-39"/>
      </object_component>
      <object_component id="oc-24d">
         <name>.debug_info</name>
         <load_address>0xef03</load_address>
         <run_address>0xef03</run_address>
         <size>0x19d</size>
         <input_file_ref idref="fl-3a"/>
      </object_component>
      <object_component id="oc-20f">
         <name>.debug_info</name>
         <load_address>0xf0a0</load_address>
         <run_address>0xf0a0</run_address>
         <size>0x19d</size>
         <input_file_ref idref="fl-3b"/>
      </object_component>
      <object_component id="oc-2a4">
         <name>.debug_info</name>
         <load_address>0xf23d</load_address>
         <run_address>0xf23d</run_address>
         <size>0x56c</size>
         <input_file_ref idref="fl-3c"/>
      </object_component>
      <object_component id="oc-200">
         <name>.debug_info</name>
         <load_address>0xf7a9</load_address>
         <run_address>0xf7a9</run_address>
         <size>0x1d8</size>
         <input_file_ref idref="fl-3c"/>
      </object_component>
      <object_component id="oc-2a2">
         <name>.debug_info</name>
         <load_address>0xf981</load_address>
         <run_address>0xf981</run_address>
         <size>0x56c</size>
         <input_file_ref idref="fl-3d"/>
      </object_component>
      <object_component id="oc-296">
         <name>.debug_info</name>
         <load_address>0xfeed</load_address>
         <run_address>0xfeed</run_address>
         <size>0x186</size>
         <input_file_ref idref="fl-3d"/>
      </object_component>
      <object_component id="oc-1fb">
         <name>.debug_info</name>
         <load_address>0x10073</load_address>
         <run_address>0x10073</run_address>
         <size>0x26c</size>
         <input_file_ref idref="fl-3d"/>
      </object_component>
      <object_component id="oc-17f">
         <name>.debug_info</name>
         <load_address>0x102df</load_address>
         <run_address>0x102df</run_address>
         <size>0x149</size>
         <input_file_ref idref="fl-3e"/>
      </object_component>
      <object_component id="oc-2db">
         <name>.debug_info</name>
         <load_address>0x10428</load_address>
         <run_address>0x10428</run_address>
         <size>0x5ba</size>
         <input_file_ref idref="fl-3f"/>
      </object_component>
      <object_component id="oc-261">
         <name>.debug_info</name>
         <load_address>0x109e2</load_address>
         <run_address>0x109e2</run_address>
         <size>0x22d</size>
         <input_file_ref idref="fl-3f"/>
      </object_component>
      <object_component id="oc-255">
         <name>.debug_info</name>
         <load_address>0x10c0f</load_address>
         <run_address>0x10c0f</run_address>
         <size>0x19d</size>
         <input_file_ref idref="fl-40"/>
      </object_component>
      <object_component id="oc-31c">
         <name>.debug_info</name>
         <load_address>0x10dac</load_address>
         <run_address>0x10dac</run_address>
         <size>0x54e</size>
         <input_file_ref idref="fl-42"/>
      </object_component>
      <object_component id="oc-29e">
         <name>.debug_info</name>
         <load_address>0x112fa</load_address>
         <run_address>0x112fa</run_address>
         <size>0x1a7</size>
         <input_file_ref idref="fl-42"/>
      </object_component>
      <object_component id="oc-290">
         <name>.debug_info</name>
         <load_address>0x114a1</load_address>
         <run_address>0x114a1</run_address>
         <size>0x18e</size>
         <input_file_ref idref="fl-42"/>
      </object_component>
      <object_component id="oc-317">
         <name>.debug_info</name>
         <load_address>0x1162f</load_address>
         <run_address>0x1162f</run_address>
         <size>0x39</size>
         <input_file_ref idref="fl-42"/>
      </object_component>
      <object_component id="oc-188">
         <name>.debug_info</name>
         <load_address>0x11668</load_address>
         <run_address>0x11668</run_address>
         <size>0x18f</size>
         <input_file_ref idref="fl-43"/>
      </object_component>
      <object_component id="oc-2c4">
         <name>.debug_info</name>
         <load_address>0x117f7</load_address>
         <run_address>0x117f7</run_address>
         <size>0x593</size>
         <input_file_ref idref="fl-44"/>
      </object_component>
      <object_component id="oc-22e">
         <name>.debug_info</name>
         <load_address>0x11d8a</load_address>
         <run_address>0x11d8a</run_address>
         <size>0x1b6</size>
         <input_file_ref idref="fl-44"/>
      </object_component>
      <object_component id="oc-267">
         <name>.debug_info</name>
         <load_address>0x11f40</load_address>
         <run_address>0x11f40</run_address>
         <size>0x533</size>
         <input_file_ref idref="fl-45"/>
      </object_component>
      <object_component id="oc-1a9">
         <name>.debug_info</name>
         <load_address>0x12473</load_address>
         <run_address>0x12473</run_address>
         <size>0x1a5</size>
         <input_file_ref idref="fl-45"/>
      </object_component>
      <object_component id="oc-2c0">
         <name>.debug_info</name>
         <load_address>0x12618</load_address>
         <run_address>0x12618</run_address>
         <size>0x55d</size>
         <input_file_ref idref="fl-46"/>
      </object_component>
      <object_component id="oc-21d">
         <name>.debug_info</name>
         <load_address>0x12b75</load_address>
         <run_address>0x12b75</run_address>
         <size>0x241</size>
         <input_file_ref idref="fl-46"/>
      </object_component>
      <object_component id="oc-18d">
         <name>.debug_info</name>
         <load_address>0x12db6</load_address>
         <run_address>0x12db6</run_address>
         <size>0x150</size>
         <input_file_ref idref="fl-47"/>
      </object_component>
      <object_component id="oc-1ee">
         <name>.debug_info</name>
         <load_address>0x12f06</load_address>
         <run_address>0x12f06</run_address>
         <size>0x1b0</size>
         <input_file_ref idref="fl-48"/>
      </object_component>
      <object_component id="oc-b3">
         <name>.debug_info</name>
         <load_address>0x130b6</load_address>
         <run_address>0x130b6</run_address>
         <size>0x148</size>
         <input_file_ref idref="fl-49"/>
      </object_component>
      <object_component id="oc-23b">
         <name>.debug_info</name>
         <load_address>0x131fe</load_address>
         <run_address>0x131fe</run_address>
         <size>0x185</size>
         <input_file_ref idref="fl-4a"/>
      </object_component>
      <object_component id="oc-fa">
[...]
         <value>0x95401e48</value>
         <object_component_ref idref="oc-95"/>
      </symbol>
      <symbol id="sm-a4">
         <name>read_CPUARBD</name>
         <value>0x95402110</value>
         <object_component_ref idref="oc-95"/>
      </symbol>
      <symbol id="sm-a5">
         <name>read_CPUARBE</name>
         <value>0x954020f8</value>
         <object_component_ref idref="oc-95"/>
      </symbol>
      <symbol id="sm-a6">
         <name>read_CPUARBU</name>
         <value>0x954020e4</value>
         <object_component_ref idref="oc-95"/>
      </symbol>
      <symbol id="sm-a7">
         <name>read_SBNDC</name>
         <value>0x954020a0</value>
         <object_component_ref idref="oc-95"/>
      </symbol>
      <symbol id="sm-a8">
         <name>write_SDMAARBD</name>
         <value>0x95401ea8</value>
         <object_component_ref idref="oc-95"/>
      </symbol>
      <symbol id="sm-a9">
         <name>write_SDMAARBE</name>
         <value>0x95401e90</value>
         <object_component_ref idref="oc-95"/>
      </symbol>
      <symbol id="sm-aa">
         <name>write_SDMAARBU</name>
         <value>0x95401e78</value>
         <object_component_ref idref="oc-95"/>
      </symbol>
      <symbol id="sm-ab">
         <name>main</name>
         <value>0x9540240c</value>
         <object_component_ref idref="oc-95"/>
      </symbol>
      <symbol id="sm-ac">
         <name>print_SBNDC_Registers</name>
         <value>0x954021ac</value>
         <object_component_ref idref="oc-95"/>
      </symbol>
      <symbol id="sm-ad">
         <name>write_ARM_SBNDC</name>
         <value>0x95401f7c</value>
         <object_component_ref idref="oc-95"/>
      </symbol>
      <symbol id="sm-ae">
         <name>cpu_microbenchmark3</name>
         <value>0x954028d4</value>
         <object_component_ref idref="oc-95"/>
      </symbol>
      <symbol id="sm-af">
         <name>cpu_microbenchmark2</name>
         <value>0x95402c14</value>
         <object_component_ref idref="oc-95"/>
      </symbol>
      <symbol id="sm-b0">
         <name>cpu_microbenchmark1</name>
         <value>0x95402ef8</value>
         <object_component_ref idref="oc-95"/>
      </symbol>
      <symbol id="sm-b1">
         <name>read_UART_DLH</name>
         <value>0x95402044</value>
         <object_component_ref idref="oc-95"/>
      </symbol>
      <symbol id="sm-b2">
         <name>read_UART_DLL</name>
         <value>0x95402028</value>
         <object_component_ref idref="oc-95"/>
      </symbol>
      <symbol id="sm-b3">
         <name>write_UART_IER</name>
         <value>0x95401e30</value>
         <object_component_ref idref="oc-95"/>
      </symbol>
      <symbol id="sm-b4">
         <name>read_ARM_SBNDC</name>
         <value>0x95402128</value>
         <object_component_ref idref="oc-95"/>
      </symbol>
      <symbol id="sm-b5">
         <name>write_UART_THR</name>
         <value>0x95401db4</value>
         <object_component_ref idref="oc-95"/>
      </symbol>
      <symbol id="sm-b6">
         <name>write_SBNDC</name>
         <value>0x95401ec0</value>
         <object_component_ref idref="oc-95"/>
      </symbol>
      <symbol id="sm-b7">
         <name>read_UART_LSR</name>
         <value>0x95401da0</value>
         <object_component_ref idref="oc-95"/>
      </symbol>
      <symbol id="sm-b8">
         <name>stride</name>
         <value>0x9540997c</value>
         <object_component_ref idref="oc-db"/>
      </symbol>
      <symbol id="sm-b9">
         <name>print_SBNDC_list</name>
         <value>0x95402138</value>
         <object_component_ref idref="oc-95"/>
      </symbol>
      <symbol id="sm-cf">
         <name>_c_int00</name>
         <value>0x95408fc0</value>
         <object_component_ref idref="oc-2a"/>
      </symbol>
      <symbol id="sm-d0">
         <name>_stack</name>
         <value>0x94000000</value>
         <object_component_ref idref="oc-30"/>
      </symbol>
      <symbol id="sm-e7">
         <name>__TI_decompress_none</name>
         <value>0x95409620</value>
         <object_component_ref idref="oc-18"/>
      </symbol>
      <symbol id="sm-112">
         <name>__TI_decompress_rle24</name>
         <value>0x95409640</value>
         <object_component_ref idref="oc-1e"/>
      </symbol>
      <symbol id="sm-134">
         <name>C$$EXIT</name>
         <value>0x95409600</value>
         <object_component_ref idref="oc-a0"/>
      </symbol>
      <symbol id="sm-135">
         <name>abort</name>
         <value>0x95409600</value>
         <object_component_ref idref="oc-a0"/>
      </symbol>
      <symbol id="sm-136">
         <name>exit</name>
         <value>0x954080a0</value>
         <object_component_ref idref="oc-60"/>
      </symbol>
      <symbol id="sm-137">
         <name>__TI_dtors_ptr</name>
         <value>0x9540995c</value>
         <object_component_ref idref="oc-9d"/>
      </symbol>
      <symbol id="sm-138">
         <name>__TI_cleanup_ptr</name>
         <value>0x95409958</value>
         <object_component_ref idref="oc-9d"/>
      </symbol>
      <symbol id="sm-139">
         <name>__TI_enable_exit_profile_output</name>
         <value>0x95409960</value>
         <object_component_ref idref="oc-9d"/>
      </symbol>
      <symbol id="sm-142">
         <name>memcpy</name>
         <value>0x95408c80</value>
         <object_component_ref idref="oc-36"/>
      </symbol>
      <symbol id="sm-152">
         <name>memset</name>
         <value>0x95408260</value>
         <object_component_ref idref="oc-4e"/>
      </symbol>
      <symbol id="sm-15b">
         <name>_system_pre_init</name>
         <value>0x954095e0</value>
         <object_component_ref idref="oc-66"/>
      </symbol>
      <symbol id="sm-183">
         <name>printf</name>
         <value>0x95408340</value>
         <object_component_ref idref="oc-de"/>
      </symbol>
      <symbol id="sm-199">
         <name>_nop</name>
         <value>0x95409560</value>
         <object_component_ref idref="oc-14f"/>
      </symbol>
      <symbol id="sm-19a">
         <name>_lock</name>
         <value>0x9540996c</value>
         <object_component_ref idref="oc-115"/>
      </symbol>
      <symbol id="sm-19b">
         <name>_unlock</name>
         <value>0x95409970</value>
         <object_component_ref idref="oc-11b"/>
      </symbol>
      <symbol id="sm-3a4">
         <name>__TI_printfi</name>
         <value>0x95400000</value>
         <object_component_ref idref="oc-12a"/>
      </symbol>
      <symbol id="sm-3b6">
         <name>_args_main</name>
         <value>0x954094e0</value>
         <object_component_ref idref="oc-5a"/>
      </symbol>
      <symbol id="sm-3ca">
         <name>atoi</name>
         <value>0x954077a0</value>
         <object_component_ref idref="oc-16c"/>
      </symbol>
      <symbol id="sm-3f0">
         <name>_auto_init_elf</name>
         <value>0x95406f80</value>
         <object_component_ref idref="oc-6c"/>
      </symbol>
      <symbol id="sm-407">
         <name>copy_in</name>
         <value>0x954078a0</value>
         <object_component_ref idref="oc-a9"/>
      </symbol>
      <symbol id="sm-411">
         <name>_ctypes_</name>
         <value>0x95409980</value>
         <object_component_ref idref="oc-1e8"/>
      </symbol>
      <symbol id="sm-421">
         <name>__TI_tmpnams</name>
         <value>0x95409b20</value>
      </symbol>
      <symbol id="sm-422">
         <name>_ftable</name>
         <value>0x95409660</value>
         <object_component_ref idref="oc-118"/>
      </symbol>
      <symbol id="sm-423">
         <name>__TI_ft_end</name>
         <value>0x95409974</value>
         <object_component_ref idref="oc-348"/>
      </symbol>
      <symbol id="sm-447">
         <name>__c6xabi_divd</name>
         <value>0x95403ae0</value>
         <object_component_ref idref="oc-214"/>
      </symbol>
      <symbol id="sm-450">
         <name>__c6xabi_divu</name>
         <value>0x95408660</value>
         <object_component_ref idref="oc-1f4"/>
      </symbol>
      <symbol id="sm-451">
         <name>__divu</name>
         <value>0x95408660</value>
         <object_component_ref idref="oc-1f4"/>
      </symbol>
      <symbol id="sm-463">
         <name>__c6xabi_eqd</name>
         <value>0x95408aa0</value>
         <object_component_ref idref="oc-220"/>
      </symbol>
      <symbol id="sm-46f">
         <name>__c6xabi_fixdi</name>
         <value>0x95408ec0</value>
         <object_component_ref idref="oc-226"/>
      </symbol>
      <symbol id="sm-47c">
         <name>__c6xabi_fltid</name>
         <value>0x954091a0</value>
         <object_component_ref idref="oc-232"/>
      </symbol>
      <symbol id="sm-49a">
         <name>putc</name>
         <value>0x95405ea0</value>
         <object_component_ref idref="oc-15e"/>
      </symbol>
      <symbol id="sm-49b">
         <name>fputc</name>
         <value>0x95405ea0</value>
         <object_component_ref idref="oc-15e"/>
      </symbol>
      <symbol id="sm-4c7">
         <name>fputs</name>
         <value>0x95404ea0</value>
         <object_component_ref idref="oc-165"/>
      </symbol>
      <symbol id="sm-4da">
         <name>__TI_frcmpyd_div</name>
         <value>0x954093e0</value>
         <object_component_ref idref="oc-2a7"/>
      </symbol>
      <symbol id="sm-4f2">
         <name>frexpl</name>
         <value>0x954066e0</value>
         <object_component_ref idref="oc-259"/>
      </symbol>
      <symbol id="sm-4f3">
         <name>frexp</name>
         <value>0x954066e0</value>
         <object_component_ref idref="oc-259"/>
      </symbol>
      <symbol id="sm-501">
         <name>__c6xabi_ged</name>
         <value>0x95407c40</value>
         <object_component_ref idref="oc-24c"/>
      </symbol>
      <symbol id="sm-50f">
         <name>__c6xabi_gtd</name>
         <value>0x95407d20</value>
         <object_component_ref idref="oc-20e"/>
      </symbol>
      <symbol id="sm-520">
         <name>__c6xabi_divul</name>
         <value>0x954068e0</value>
         <object_component_ref idref="oc-1ff"/>
      </symbol>
      <symbol id="sm-53c">
         <name>_subcull</name>
         <value>0x95409260</value>
         <object_component_ref idref="oc-295"/>
      </symbol>
      <symbol id="sm-53d">
         <name>__c6xabi_divull</name>
         <value>0x95405800</value>
         <object_component_ref idref="oc-1f9"/>
      </symbol>
      <symbol id="sm-546">
         <name>__c6xabi_isinf</name>
         <value>0x95409420</value>
         <object_component_ref idref="oc-17e"/>
      </symbol>
      <symbol id="sm-560">
         <name>ldexpl</name>
         <value>0x95406aa0</value>
         <object_component_ref idref="oc-25f"/>
      </symbol>
      <symbol id="sm-561">
         <name>ldexp</name>
         <value>0x95406aa0</value>
         <object_component_ref idref="oc-25f"/>
      </symbol>
      <symbol id="sm-56f">
         <name>__c6xabi_led</name>
         <value>0x95407e00</value>
         <object_component_ref idref="oc-252"/>
      </symbol>
      <symbol id="sm-58b">
         <name>__c6xabi_llshru</name>
         <value>0x95409200</value>
         <object_component_ref idref="oc-29b"/>
      </symbol>
      <symbol id="sm-58c">
         <name>__c6xabi_llshl</name>
         <value>0x95408f40</value>
         <object_component_ref idref="oc-28f"/>
      </symbol>
      <symbol id="sm-599">
         <name>__c6xabi_ltd</name>
         <value>0x95407ee0</value>
         <object_component_ref idref="oc-184"/>
      </symbol>
      <symbol id="sm-5a9">
         <name>ltoa</name>
         <value>0x95408180</value>
         <object_component_ref idref="oc-22c"/>
      </symbol>
      <symbol id="sm-5ba">
         <name>memccpy</name>
         <value>0x95409320</value>
         <object_component_ref idref="oc-1a8"/>
      </symbol>
      <symbol id="sm-5d1">
         <name>__c6xabi_mpyd</name>
         <value>0x95405a60</value>
         <object_component_ref idref="oc-21a"/>
      </symbol>
      <symbol id="sm-5da">
         <name>__c6xabi_negd</name>
         <value>0x95409460</value>
         <object_component_ref idref="oc-18a"/>
      </symbol>
      <symbol id="sm-5e7">
         <name>__c6xabi_neqd</name>
         <value>0x95408b40</value>
         <object_component_ref idref="oc-1ed"/>
      </symbol>
      <symbol id="sm-5f0">
         <name>_system_post_cinit</name>
         <value>0x954095c0</value>
         <object_component_ref idref="oc-af"/>
      </symbol>
      <symbol id="sm-5fa">
         <name>__c6xabi_subd</name>
         <value>0x954094a0</value>
         <object_component_ref idref="oc-238"/>
      </symbol>
      <symbol id="sm-613">
         <name>__TI_tls_init</name>
         <value>0x954088a0</value>
         <object_component_ref idref="oc-b5"/>
      </symbol>
      <symbol id="sm-637">
         <name>_stream</name>
         <value>0x95409840</value>
         <object_component_ref idref="oc-27d"/>
      </symbol>
      <symbol id="sm-638">
         <name>_device</name>
         <value>0x954098e0</value>
         <object_component_ref idref="oc-301"/>
      </symbol>
      <symbol id="sm-639">
         <name>write</name>
         <value>0x95409380</value>
         <object_component_ref idref="oc-1d8"/>
      </symbol>
      <symbol id="sm-64f">
         <name>__TI_wrt_ok</name>
         <value>0x954076a0</value>
         <object_component_ref idref="oc-1d2"/>
      </symbol>
      <symbol id="sm-660">
         <name>__c6xabi_addd</name>
         <value>0x954064e0</value>
         <object_component_ref idref="oc-2c7"/>
      </symbol>
      <symbol id="sm-671">
         <name>__errno</name>
         <value>0x95409978</value>
         <object_component_ref idref="oc-33b"/>
      </symbol>
      <symbol id="sm-672">
         <name>errno</name>
         <value>0x95409978</value>
         <object_component_ref idref="oc-33b"/>
      </symbol>
      <symbol id="sm-673">
         <name>__c6xabi_errno_addr</name>
         <value>0x95409520</value>
         <object_component_ref idref="oc-2d2"/>
      </symbol>
      <symbol id="sm-682">
         <name>__TI_doflush</name>
         <value>0x954085a0</value>
         <object_component_ref idref="oc-1de"/>
      </symbol>
      <symbol id="sm-694">
         <name>__TI_frcaddd</name>
         <value>0x954062e0</value>
         <object_component_ref idref="oc-333"/>
      </symbol>
      <symbol id="sm-6a0">
         <name>__TI_frcmpyd</name>
         <value>0x95407360</value>
         <object_component_ref idref="oc-2b9"/>
      </symbol>
      <symbol id="sm-6b5">
         <name>fseek</name>
         <value>0x95407480</value>
         <object_component_ref idref="oc-26f"/>
      </symbol>
      <symbol id="sm-6c5">
         <name>HOSTclose</name>
         <value>0x95408960</value>
         <object_component_ref idref="oc-371"/>
      </symbol>
      <symbol id="sm-6d5">
         <name>HOSTlseek</name>
         <value>0x954079a0</value>
         <object_component_ref idref="oc-383"/>
      </symbol>
      <symbol id="sm-6e9">
         <name>parmbuf</name>
         <value>0x95409c60</value>
      </symbol>
      <symbol id="sm-6ea">
         <name>HOSTopen</name>
         <value>0x95407a80</value>
         <object_component_ref idref="oc-36b"/>
      </symbol>
      <symbol id="sm-6fa">
         <name>HOSTread</name>
         <value>0x95408420</value>
         <object_component_ref idref="oc-377"/>
      </symbol>
      <symbol id="sm-718">
         <name>HOSTrename</name>
         <value>0x95406c60</value>
         <object_component_ref idref="oc-38f"/>
      </symbol>
      <symbol id="sm-72b">
         <name>HOSTunlink</name>
         <value>0x954084e0</value>
         <object_component_ref idref="oc-389"/>
      </symbol>
      <symbol id="sm-73b">
         <name>HOSTwrite</name>
         <value>0x95407b60</value>
         <object_component_ref idref="oc-37d"/>
      </symbol>
      <symbol id="sm-74a">
         <name>lseek</name>
         <value>0x954092c0</value>
         <object_component_ref idref="oc-2de"/>
      </symbol>
      <symbol id="sm-759">
         <name>__TI_renormd</name>
         <value>0x95408e40</value>
         <object_component_ref idref="oc-3a0"/>
      </symbol>
      <symbol id="sm-773">
         <name>setvbuf</name>
         <value>0x954060c0</value>
         <object_component_ref idref="oc-275"/>
      </symbol>
      <symbol id="sm-799">
         <name>__TI_readmsg</name>
         <value>0x95408dc0</value>
         <object_component_ref idref="oc-3cf"/>
      </symbol>
      <symbol id="sm-79a">
         <name>C$$IO$$</name>
         <value>0x95409198</value>
         <object_component_ref idref="oc-3c9"/>
      </symbol>
      <symbol id="sm-79b">
         <name>__CIOBUF_</name>
         <value>0x95409c68</value>
         <object_component_ref idref="oc-3f4"/>
      </symbol>
      <symbol id="sm-79c">
         <name>__TI_writemsg</name>
         <value>0x95409140</value>
         <object_component_ref idref="oc-3c9"/>
      </symbol>
      <symbol id="sm-7af">
         <name>__TI_cleanup</name>
         <value>0x95408a00</value>
         <object_component_ref idref="oc-2e6"/>
      </symbol>
      <symbol id="sm-824">
         <name>_sys_memory</name>
         <value>0x94a00000</value>
         <object_component_ref idref="oc-33"/>
      </symbol>
      <symbol id="sm-825">
         <name>free</name>
         <value>0x95404a60</value>
         <object_component_ref idref="oc-2ec"/>
      </symbol>
      <symbol id="sm-826">
         <name>malloc</name>
         <value>0x95406e00</value>
         <object_component_ref idref="oc-2f2"/>
      </symbol>
      <symbol id="sm-827">
         <name>_minit</name>
         <value>0x95408be0</value>
         <object_component_ref idref="oc-362"/>
      </symbol>
      <symbol id="sm-83e">
         <name>__TI_closefile</name>
         <value>0x954070e0</value>
         <object_component_ref idref="oc-34b"/>
      </symbol>
      <symbol id="sm-86b">
         <name>finddevice</name>
         <value>0x95409040</value>
         <object_component_ref idref="oc-40a"/>
      </symbol>
      <symbol id="sm-86c">
         <name>getdevice</name>
         <value>0x95407220</value>
         <object_component_ref idref="oc-3e8"/>
      </symbol>
      <symbol id="sm-87d">
         <name>unlink</name>
         <value>0x954090c0</value>
         <object_component_ref idref="oc-3b8"/>
      </symbol>
      <symbol id="sm-88f">
         <name>close</name>
         <value>0x95407fc0</value>
         <object_component_ref idref="oc-3b2"/>
      </symbol>
      <symbol id="sm-890">
         <name>__TI_STATIC_BASE</name>
         <value>0x9540997c</value>
      </symbol>
      <symbol id="sm-892">
         <name>__TI_INITARRAY_Limit</name>
         <value>0x0</value>
      </symbol>
      <symbol id="sm-893">
         <name>__TI_INITARRAY_Base</name>
         <value>0x0</value>
      </symbol>
      <symbol id="sm-894">
         <name>__TI_TLS_INIT_Base</name>
         <value>0x0</value>
      </symbol>
      <symbol id="sm-895">
         <name>__TI_TLS_INIT_Limit</name>
         <value>0x0</value>
      </symbol>
      <symbol id="sm-896">
         <name>remove</name>
         <value>0x954090c0</value>
      </symbol>
   </symbol_table>
   <title>Link successful</title>
</link_info>
