******************************************************************************
               TMS320C6x Linker PC v8.2.5                      
******************************************************************************
>> Linked Mon Sep 28 13:21:41 2020

OUTPUT FILE NAME:   <Dsp1.out>
ENTRY POINT SYMBOL: "_c_int00"  address: 95408fc0


MEMORY CONFIGURATION

         name            origin    length      used     unused   attr    fill
----------------------  --------  ---------  --------  --------  ----  --------
  CORE0_SHRAM           0c000000   00080000  00000000  00080000  RWIX
  CORE1_SHRAM           0c080000   00080000  00000000  00080000  RWIX
  CORE2_SHRAM           0c100000   00080000  00000000  00080000  RWIX
  CORE3_SHRAM           0c180000   00080000  00000000  00080000  RWIX
  CORE0_L2_SRAM         10800000   00100000  00000000  00100000  RWIX
  CORE0_L1P_SRAM        10e00000   00008000  00000000  00008000  RWIX
  CORE0_L1D_SRAM        10f00000   00008000  00000000  00008000  RWIX
  CORE1_L2_SRAM         11800000   00100000  00000000  00100000  RWIX
  CORE1_L1P_SRAM        11e00000   00008000  00000000  00008000  RWIX
  CORE1_L1D_SRAM        11f00000   00008000  00000000  00008000  RWIX
  CORE2_L2_SRAM         12800000   00100000  00000000  00100000  RWIX
  CORE2_L1P_SRAM        12e00000   00008000  00000000  00008000  RWIX
  CORE2_L1D_SRAM        12f00000   00008000  00000000  00008000  RWIX
  CORE3_L2_SRAM         13800000   00100000  00000000  00100000  RWIX
  CORE3_L1P_SRAM        13e00000   00008000  00000000  00008000  RWIX
  CORE3_L1D_SRAM        13f00000   00008000  00000000  00008000  RWIX
  OSR                   70000000   00100000  00000000  00100000  RWIX
  ARM_DDR3              80000000   10000000  00000000  10000000  RWIX
  used                  94000000   04000000  01409eb0  02bf6150  RWIX
  CORE1_DDR3            b0000000   10000000  00000000  10000000  RWIX
  CORE2_DDR3            c0000000   10000000  00000000  10000000  RWIX
  CORE3_DDR3            d0000000   10000000  00000000  10000000  RWIX


SEGMENT ALLOCATION MAP

run origin  load origin   length   init length attrs members
----------  ----------- ---------- ----------- ----- -------
94000000    94000000    01400000   00000000    rw-
  94000000    94000000    00a00000   00000000    rw- .stack
  94a00000    94a00000    00a00000   00000000    rw- .sysmem
95400000    95400000    00009660   00009660    r-x
  95400000    95400000    00009660   00009660    r-x .text
95409660    95409660    0000031c   00000000    rw-
  95409660    95409660    0000031c   00000000    rw- .fardata
9540997c    9540997c    00000004   00000000    r--
  9540997c    9540997c    00000004   00000000    r-- .rodata
95409980    95409980    000001a0   000001a0    r--
  95409980    95409980    000001a0   000001a0    r-- .const
95409b20    95409b20    000002a0   00000000    rw-
  95409b20    95409b20    00000148   00000000    rw- .far
  95409c68    95409c68    00000120   00000000    rw- .cio
  95409d88    95409d88    00000038   00000000    rw- .bss
95409dc0    95409dc0    000000f0   000000f0    r--
  95409dc0    95409dc0    00000038   00000038    r-- .switch
  95409df8    95409df8    000000b8   000000b8    r-- .cinit


SECTION ALLOCATION MAP

 output                                  attributes/
section   page    origin      length       input sections
--------  ----  ----------  ----------   ----------------
.stack     0    94000000    00a00000     UNINITIALIZED
                  94000000    00000008     rts64plus_elf.lib : boot.obj (.stack)
                  94000008    009ffff8     --HOLE--

.sysmem    0    94a00000    00a00000     UNINITIALIZED
                  94a00000    00000008     rts64plus_elf.lib : memory.obj (.sysmem)
                  94a00008    009ffff8     --HOLE--

.text      0    95400000    00009660     
                  95400000    00001da0     rts64plus_elf.lib : _printfi.obj (.text:__TI_printfi)
                  95401da0    00001620     main.obj (.text)
                  954033c0    00000720     rts64plus_elf.lib : _printfi.obj (.text:_pconv_a)
                  95403ae0    000005a0                       : divd.obj (.text:__c6xabi_divd)
                  95404080    00000560                       : _printfi.obj (.text:_pconv_g)
                  954045e0    00000480                       : _printfi.obj (.text:_pconv_e)
                  95404a60    00000440                       : memory.obj (.text:free)
                  95404ea0    000003e0                       : fputs.obj (.text:fputs)
                  95405280    000002e0                       : _printfi.obj (.text:fcvt)
                  95405560    000002a0                       : _printfi.obj (.text:_pconv_f)
                  95405800    00000260                       : imath64.obj (.text:__c6xabi_divull)
                  95405a60    00000220                       : mpyd.obj (.text:__c6xabi_mpyd)
                  95405c80    00000220                       : _printfi.obj (.text:_ltostr)
                  95405ea0    00000220                       : fputc.obj (.text:fputc)
                  954060c0    00000220                       : setvbuf.obj (.text:setvbuf)
                  954062e0    00000200                       : frcaddd.obj (.text:__TI_frcaddd)
                  954064e0    00000200                       : addd.obj (.text:__c6xabi_addd)
                  954066e0    00000200                       : frexp.obj (.text:frexp)
                  954068e0    000001c0                       : imath40.obj (.text:__c6xabi_divul)
                  95406aa0    000001c0                       : ldexp.obj (.text:ldexp)
                  95406c60    000001a0                       : hostrename.obj (.text:HOSTrename)
                  95406e00    00000180                       : memory.obj (.text:malloc)
                  95406f80    00000160                       : autoinit.obj (.text:_auto_init_elf)
                  954070e0    00000140                       : fclose.obj (.text:__TI_closefile)
                  95407220    00000140                       : getdevice.obj (.text:getdevice)
                  95407360    00000120                       : frcmpyd.obj (.text:__TI_frcmpyd)
                  95407480    00000120                       : fseek.obj (.text:fseek)
                  954075a0    00000100                       : copy_decompress_rle.obj (.text:__TI_decompress_rle_core)
                  954076a0    00000100                       : _io_perm.obj (.text:__TI_wrt_ok)
                  954077a0    00000100                       : atoi.obj (.text:atoi)
                  954078a0    00000100                       : cpy_tbl.obj (.text:copy_in)
                  954079a0    000000e0                       : hostlseek.obj (.text:HOSTlseek)
                  95407a80    000000e0                       : hostopen.obj (.text:HOSTopen)
                  95407b60    000000e0                       : hostwrite.obj (.text:HOSTwrite)
                  95407c40    000000e0                       : ged.obj (.text:__c6xabi_ged)
                  95407d20    000000e0                       : gtd.obj (.text:__c6xabi_gtd)
                  95407e00    000000e0                       : led.obj (.text:__c6xabi_led)
                  95407ee0    000000e0                       : ltd.obj (.text:__c6xabi_ltd)
                  95407fc0    000000e0                       : close.obj (.text:close)
                  954080a0    000000e0                       : exit.obj (.text:exit)
                  95408180    000000e0                       : ltoa.obj (.text:ltoa)
                  95408260    000000e0                       : memset.obj (.text:memset)
                  95408340    000000e0                       : printf.obj (.text:printf)
                  95408420    000000c0                       : hostread.obj (.text:HOSTread)
                  954084e0    000000c0                       : hostunlink.obj (.text:HOSTunlink)
                  954085a0    000000c0                       : fflush.obj (.text:__TI_doflush)
                  95408660    000000c0                       : divu.obj (.text:__divu)
                  95408720    000000c0                       : _printfi.obj (.text:_ecpy)
                  954087e0    000000c0                       : memory.obj (.text:mremove)
                  954088a0    000000c0                       : tls.obj (.text:tls:init:__TI_tls_init)
                  95408960    000000a0                       : hostclose.obj (.text:HOSTclose)
                  95408a00    000000a0                       : fopen.obj (.text:__TI_cleanup)
                  95408aa0    000000a0                       : eqld.obj (.text:__c6xabi_eqd)
                  95408b40    000000a0                       : neqld.obj (.text:__c6xabi_neqd)
                  95408be0    000000a0                       : memory.obj (.text:_minit)
                  95408c80    000000a0                       : memcpy64.obj (.text:memcpy)
                  95408d20    000000a0                       : memory.obj (.text:minsert)
                  95408dc0    00000080                       : trgmsg.obj (.text:__TI_readmsg)
                  95408e40    00000080                       : renormd.obj (.text:__TI_renormd)
                  95408ec0    00000080                       : fixdi.obj (.text:__c6xabi_fixdi)
                  95408f40    00000080                       : llshift.obj (.text:__c6xabi_llshl)
                  95408fc0    00000080                       : boot.obj (.text:_c_int00)
                  95409040    00000080                       : getdevice.obj (.text:finddevice)
                  954090c0    00000080                       : unlink.obj (.text:unlink)
                  95409140    00000060                       : trgmsg.obj (.text:__TI_writemsg)
                  954091a0    00000060                       : fltid.obj (.text:__c6xabi_fltid)
                  95409200    00000060                       : llshift.obj (.text:__c6xabi_llshru)
                  95409260    00000060                       : imath64.obj (.text:_subcull)
                  954092c0    00000060                       : lseek.obj (.text:lseek)
                  95409320    00000060                       : memccpy.obj (.text:memccpy)
                  95409380    00000060                       : write.obj (.text:write)
                  954093e0    00000040                       : frcmpyd_div.obj (.text:__TI_frcmpyd_div)
                  95409420    00000040                       : isinf.obj (.text:__c6xabi_isinf)
                  95409460    00000040                       : negd.obj (.text:__c6xabi_negd)
                  954094a0    00000040                       : subd.obj (.text:__c6xabi_subd)
                  954094e0    00000040                       : args_main.obj (.text:_args_main)
                  95409520    00000020                       : errno.obj (.text:__c6xabi_errno_addr)
                  95409540    00000020                       : _printfi.obj (.text:__c6xabi_isnan)
                  95409560    00000020                       : _lock.obj (.text:_nop)
                  95409580    00000020                       : printf.obj (.text:_outc)
                  954095a0    00000020                       : printf.obj (.text:_outs)
                  954095c0    00000020                       : startup.obj (.text:_system_post_cinit)
                  954095e0    00000020                       : pre_init.obj (.text:_system_pre_init)
                  95409600    00000020                       : exit.obj (.text:abort)
                  95409620    00000020                       : copy_decompress_none.obj (.text:decompress:none:__TI_decompress_none)
                  95409640    00000020                       : copy_decompress_rle.obj (.text:decompress:rle24:__TI_decompress_rle24)

.const     0    95409980    000001a0     
                  95409980    00000101     rts64plus_elf.lib : ctype.obj (.const:.string:_ctypes_)
                  95409a81    00000003     --HOLE-- [fill = 0]
                  95409a84    0000006c     main.obj (.const:.string)
                  95409af0    00000024     rts64plus_elf.lib : _printfi.obj (.const:.string)
                  95409b14    00000004     --HOLE-- [fill = 0]
                  95409b18    00000008                       : divd.obj (.const:.string:initial_approx$1)

.far       0    95409b20    00000148     UNINITIALIZED
                  95409b20    00000140     (.common:__TI_tmpnams)
                  95409c60    00000008     (.common:parmbuf)

.cio       0    95409c68    00000120     UNINITIALIZED
                  95409c68    00000120     rts64plus_elf.lib : trgmsg.obj (.cio)

.bss       0    95409d88    00000038     UNINITIALIZED
                  95409d88    00000008     (.common:result)
                  95409d90    00000008     (.common:t1)
                  95409d98    00000008     (.common:t1_H)
                  95409da0    00000008     (.common:t1_L)
                  95409da8    00000008     (.common:t2)
                  95409db0    00000008     (.common:t2_H)
                  95409db8    00000008     (.common:t2_L)

.switch    0    95409dc0    00000038     
                  95409dc0    00000038     rts64plus_elf.lib : _printfi.obj (.switch:__TI_printfi)

.cinit     0    95409df8    000000b8     
                  95409df8    0000006d     (.cinit..fardata.load) [load image, compression = rle]
                  95409e65    0000000b     (.cinit..far.load) [load image, compression = rle]
                  95409e70    0000000a     (.cinit..rodata.load) [load image, compression = rle]
                  95409e7a    00000009     (.cinit..bss.load) [load image, compression = rle]
                  95409e83    00000001     --HOLE-- [fill = 0]
                  95409e84    00000008     (__TI_handler_table)
                  95409e8c    00000004     --HOLE-- [fill = 0]
                  95409e90    00000020     (__TI_cinit_table)

.init_array 
*          0    94000000    00000000     UNINITIALIZED

.fardata   0    95409660    0000031c     UNINITIALIZED
                  95409660    000001e0     rts64plus_elf.lib : defs.obj (.fardata:_ftable)
                  95409840    000000a0                       : write.obj (.fardata:_stream)
                  954098e0    00000078                       : write.obj (.fardata:_device)
                  95409958    0000000c                       : exit.obj (.fardata)
                  95409964    00000008                       : memory.obj (.fardata)
                  9540996c    00000004                       : _lock.obj (.fardata:_lock)
                  95409970    00000004                       : _lock.obj (.fardata:_unlock)
                  95409974    00000004                       : defs.obj (.fardata)
                  95409978    00000004                       : errno.obj (.fardata)

.rodata    0    9540997c    00000004     UNINITIALIZED
                  9540997c    00000004     main.obj (.rodata)

MODULE SUMMARY

       Module                     code    ro data   rw data 
       ------                     ----    -------   ------- 
    .\
       main.obj                   5664    112       56      
    +--+--------------------------+-------+---------+----------+
       Total:                     5664    112       56      
                                                            
    C:\ti\ccsv8\tools\compiler\ti-cgt-c6000_8.2.5\lib\rts64plus_elf.lib
       _printfi.obj               14112   92        0       
       memory.obj                 1984    0         8       
       divd.obj                   1440    8         0       
       fputs.obj                  992     0         0       
       defs.obj                   0       0         804     
       imath64.obj                704     0         0       
       fputc.obj                  544     0         0       
       mpyd.obj                   544     0         0       
       setvbuf.obj                544     0         0       
       addd.obj                   512     0         0       
       frcaddd.obj                512     0         0       
       frexp.obj                  512     0         0       
       trgmsg.obj                 224     0         288     
       getdevice.obj              448     0         0       
       imath40.obj                448     0         0       
       ldexp.obj                  448     0         0       
       hostrename.obj             416     0         0       
       write.obj                  96      0         280     
       autoinit.obj               352     0         0       
       fclose.obj                 320     0         0       
       copy_decompress_rle.obj    288     0         0       
       frcmpyd.obj                288     0         0       
       fseek.obj                  288     0         0       
       printf.obj                 288     0         0       
       exit.obj                   256     0         12      
       ctype.obj                  0       257       0       
       _io_perm.obj               256     0         0       
       atoi.obj                   256     0         0       
       cpy_tbl.obj                256     0         0       
       hostopen.obj               224     0         8       
       close.obj                  224     0         0       
       ged.obj                    224     0         0       
       gtd.obj                    224     0         0       
       hostlseek.obj              224     0         0       
       hostwrite.obj              224     0         0       
       led.obj                    224     0         0       
       llshift.obj                224     0         0       
       ltd.obj                    224     0         0       
       ltoa.obj                   224     0         0       
       memset.obj                 224     0         0       
       divu.obj                   192     0         0       
       fflush.obj                 192     0         0       
       hostread.obj               192     0         0       
       hostunlink.obj             192     0         0       
       tls.obj                    192     0         0       
       eqld.obj                   160     0         0       
       fopen.obj                  160     0         0       
       hostclose.obj              160     0         0       
       memcpy64.obj               160     0         0       
       neqld.obj                  160     0         0       
       boot.obj                   128     0         0       
       fixdi.obj                  128     0         0       
       renormd.obj                128     0         0       
       unlink.obj                 128     0         0       
       fltid.obj                  96      0         0       
       lseek.obj                  96      0         0       
       memccpy.obj                96      0         0       
       args_main.obj              64      0         0       
       frcmpyd_div.obj            64      0         0       
       isinf.obj                  64      0         0       
       negd.obj                   64      0         0       
       subd.obj                   64      0         0       
       _lock.obj                  32      0         8       
       errno.obj                  32      0         4       
       copy_decompress_none.obj   32      0         0       
       pre_init.obj               32      0         0       
       startup.obj                32      0         0       
    +--+--------------------------+-------+---------+----------+
       Total:                     32832   357       1412    
                                                            
       Heap:                      0       0         10485760
       Stack:                     0       0         10485760
       Linker Generated:          0       179       0       
    +--+--------------------------+-------+---------+----------+
       Grand Total:               38496   648       20972988


LINKER GENERATED COPY TABLES

__TI_cinit_table @ 95409e90 records: 4, size/record: 8, table size: 32
	.fardata: load addr=95409df8, load size=0000006d bytes, run addr=95409660, run size=0000031c bytes, compression=rle
	.far: load addr=95409e65, load size=0000000b bytes, run addr=95409b20, run size=00000148 bytes, compression=rle
	.rodata: load addr=95409e70, load size=0000000a bytes, run addr=9540997c, run size=00000004 bytes, compression=rle
	.bss: load addr=95409e7a, load size=00000009 bytes, run addr=95409d88, run size=00000038 bytes, compression=rle


LINKER GENERATED HANDLER TABLE

__TI_handler_table @ 95409e84 records: 2, size/record: 4, table size: 8
	index: 0, handler: __TI_decompress_rle24
	index: 1, handler: __TI_decompress_none


GLOBAL SYMBOLS: SORTED ALPHABETICALLY BY Name 

address   name                           
-------   ----                           
95409600  C$$EXIT                        
95409198  C$$IO$$                        
954033b4  EMAC_configuration             
95408960  HOSTclose                      
954079a0  HOSTlseek                      
95407a80  HOSTopen                       
95408420  HOSTread                       
95406c60  HOSTrename                     
954084e0  HOSTunlink                     
95407b60  HOSTwrite                      
95409c68  __CIOBUF_                      
95409e90  __TI_CINIT_Base                
95409eb0  __TI_CINIT_Limit               
95409e84  __TI_Handler_Table_Base        
95409e8c  __TI_Handler_Table_Limit       
UNDEFED   __TI_INITARRAY_Base            
UNDEFED   __TI_INITARRAY_Limit           
94a00000  __TI_STACK_END                 
00a00000  __TI_STACK_SIZE                
9540997c  __TI_STATIC_BASE               
00a00000  __TI_SYSMEM_SIZE               
UNDEFED   __TI_TLS_INIT_Base             
UNDEFED   __TI_TLS_INIT_Limit            
95408a00  __TI_cleanup                   
95409958  __TI_cleanup_ptr               
954070e0  __TI_closefile                 
95409620  __TI_decompress_none           
95409640  __TI_decompress_rle24          
954085a0  __TI_doflush                   
9540995c  __TI_dtors_ptr                 
95409960  __TI_enable_exit_profile_output
954062e0  __TI_frcaddd                   
95407360  __TI_frcmpyd                   
954093e0  __TI_frcmpyd_div               
95409974  __TI_ft_end                    
ffffffff  __TI_pprof_out_hndl            
95400000  __TI_printfi                   
ffffffff  __TI_prof_data_size            
ffffffff  __TI_prof_data_start           
95408dc0  __TI_readmsg                   
95408e40  __TI_renormd                   
954088a0  __TI_tls_init                  
95409b20  __TI_tmpnams                   
95409140  __TI_writemsg                  
954076a0  __TI_wrt_ok                    
ffffffff  __binit__                      
954064e0  __c6xabi_addd                  
95403ae0  __c6xabi_divd                  
95408660  __c6xabi_divu                  
954068e0  __c6xabi_divul                 
95405800  __c6xabi_divull                
95408aa0  __c6xabi_eqd                   
95409520  __c6xabi_errno_addr            
95408ec0  __c6xabi_fixdi                 
954091a0  __c6xabi_fltid                 
95407c40  __c6xabi_ged                   
95407d20  __c6xabi_gtd                   
95409420  __c6xabi_isinf                 
95407e00  __c6xabi_led                   
95408f40  __c6xabi_llshl                 
95409200  __c6xabi_llshru                
95407ee0  __c6xabi_ltd                   
95405a60  __c6xabi_mpyd                  
95409460  __c6xabi_negd                  
95408b40  __c6xabi_neqd                  
954094a0  __c6xabi_subd                  
ffffffff  __c_args__                     
95408660  __divu                         
95409978  __errno                        
954094e0  _args_main                     
95406f80  _auto_init_elf                 
95408fc0  _c_int00                       
95409980  _ctypes_                       
954098e0  _device                        
95409660  _ftable                        
9540996c  _lock                          
95408be0  _minit                         
95409560  _nop                           
94000000  _stack                         
95409840  _stream                        
95409260  _subcull                       
94a00000  _sys_memory                    
954095c0  _system_post_cinit             
954095e0  _system_pre_init               
95409970  _unlock                        
95409600  abort                          
954077a0  atoi                           
ffffffff  binit                          
95407fc0  close                          
954078a0  copy_in                        
95402ef8  cpu_microbenchmark1            
95402c14  cpu_microbenchmark2            
954028d4  cpu_microbenchmark3            
9540264c  cpu_microbenchmark_load        
95402204  cpu_microbenchmark_store       
954025ec  critical_task_end_eval         
954025ac  critical_task_start_eval       
95409978  errno                          
954080a0  exit                           
95409040  finddevice                     
95405ea0  fputc                          
95404ea0  fputs                          
95404a60  free                           
954066e0  frexp                          
954066e0  frexpl                         
95407480  fseek                          
95407220  getdevice                      
95406aa0  ldexp                          
95406aa0  ldexpl                         
954092c0  lseek                          
95408180  ltoa                           
9540240c  main                           
95406e00  malloc                         
95409320  memccpy                        
95408c80  memcpy                         
95408260  memset                         
95409c60  parmbuf                        
954021ac  print_SBNDC_Registers          
95402138  print_SBNDC_list               
95408340  printf                         
95405ea0  putc                           
95402128  read_ARM_SBNDC                 
95402110  read_CPUARBD                   
954020f8  read_CPUARBE                   
954020e4  read_CPUARBU                   
954020cc  read_MDMAARBU                  
954020b4  read_MDMAARBX                  
954020a0  read_SBNDC                     
95402088  read_SDMAARBD                  
95402070  read_SDMAARBE                  
95402058  read_SDMAARBU                  
95402044  read_UART_DLH                  
95402028  read_UART_DLL                  
95401f98  read_UART_IER                  
95401da0  read_UART_LSR                  
95401fb0  read_UART_RBR                  
954090c0  remove                         
95409d88  result                         
954060c0  setvbuf                        
9540997c  stride                         
95409d90  t1                             
95409d98  t1_H                           
95409da0  t1_L                           
95409da8  t2                             
95409db0  t2_H                           
95409db8  t2_L                           
954090c0  unlink                         
95409380  write                          
95401f7c  write_ARM_SBNDC                
95401f5c  write_CPUARBD                  
95401f3c  write_CPUARBE                  
95401f1c  write_CPUARBU                  
95401efc  write_MDMAARBU                 
95401ee4  write_MDMAARBX                 
95401ec0  write_SBNDC                    
95401ea8  write_SDMAARBD                 
95401e90  write_SDMAARBE                 
95401e78  write_SDMAARBU                 
95401e60  write_UART_DLH                 
95401e48  write_UART_DLL                 
95401e30  write_UART_IER                 
95401db4  write_UART_THR                 


GLOBAL SYMBOLS: SORTED BY Symbol Address 

address   name                           
-------   ----                           
00a00000  __TI_STACK_SIZE                
00a00000  __TI_SYSMEM_SIZE               
94000000  _stack                         
94a00000  __TI_STACK_END                 
94a00000  _sys_memory                    
95400000  __TI_printfi                   
95401da0  read_UART_LSR                  
95401db4  write_UART_THR                 
95401e30  write_UART_IER                 
95401e48  write_UART_DLL                 
95401e60  write_UART_DLH                 
95401e78  write_SDMAARBU                 
95401e90  write_SDMAARBE                 
95401ea8  write_SDMAARBD                 
95401ec0  write_SBNDC                    
95401ee4  write_MDMAARBX                 
95401efc  write_MDMAARBU                 
95401f1c  write_CPUARBU                  
95401f3c  write_CPUARBE                  
95401f5c  write_CPUARBD                  
95401f7c  write_ARM_SBNDC                
95401f98  read_UART_IER                  
95401fb0  read_UART_RBR                  
95402028  read_UART_DLL                  
95402044  read_UART_DLH                  
95402058  read_SDMAARBU                  
95402070  read_SDMAARBE                  
95402088  read_SDMAARBD                  
954020a0  read_SBNDC                     
954020b4  read_MDMAARBX                  
954020cc  read_MDMAARBU                  
954020e4  read_CPUARBU                   
954020f8  read_CPUARBE                   
95402110  read_CPUARBD                   
95402128  read_ARM_SBNDC                 
95402138  print_SBNDC_list               
954021ac  print_SBNDC_Registers          
95402204  cpu_microbenchmark_store       
9540240c  main                           
954025ac  critical_task_start_eval       
954025ec  critical_task_end_eval         
9540264c  cpu_microbenchmark_load        
954028d4  cpu_microbenchmark3            
95402c14  cpu_microbenchmark2            
95402ef8  cpu_microbenchmark1            
954033b4  EMAC_configuration             
95403ae0  __c6xabi_divd                  
95404a60  free                           
95404ea0  fputs                          
95405800  __c6xabi_divull                
95405a60  __c6xabi_mpyd                  
95405ea0  fputc                          
95405ea0  putc                           
954060c0  setvbuf                        
954062e0  __TI_frcaddd                   
954064e0  __c6xabi_addd                  
954066e0  frexp                          
954066e0  frexpl                         
954068e0  __c6xabi_divul                 
95406aa0  ldexp                          
95406aa0  ldexpl                         
95406c60  HOSTrename                     
95406e00  malloc                         
95406f80  _auto_init_elf                 
954070e0  __TI_closefile                 
95407220  getdevice                      
95407360  __TI_frcmpyd                   
95407480  fseek                          
954076a0  __TI_wrt_ok                    
954077a0  atoi                           
954078a0  copy_in                        
954079a0  HOSTlseek                      
95407a80  HOSTopen                       
95407b60  HOSTwrite                      
95407c40  __c6xabi_ged                   
95407d20  __c6xabi_gtd                   
95407e00  __c6xabi_led                   
95407ee0  __c6xabi_ltd                   
95407fc0  close                          
954080a0  exit                           
95408180  ltoa                           
95408260  memset                         
95408340  printf                         
95408420  HOSTread                       
954084e0  HOSTunlink                     
954085a0  __TI_doflush                   
95408660  __c6xabi_divu                  
95408660  __divu                         
954088a0  __TI_tls_init                  
95408960  HOSTclose                      
95408a00  __TI_cleanup                   
95408aa0  __c6xabi_eqd                   
95408b40  __c6xabi_neqd                  
95408be0  _minit                         
95408c80  memcpy                         
95408dc0  __TI_readmsg                   
95408e40  __TI_renormd                   
95408ec0  __c6xabi_fixdi                 
95408f40  __c6xabi_llshl                 
95408fc0  _c_int00                       
95409040  finddevice                     
954090c0  remove                         
954090c0  unlink                         
95409140  __TI_writemsg                  
95409198  C$$IO$$                        
954091a0  __c6xabi_fltid                 
95409200  __c6xabi_llshru                
95409260  _subcull                       
954092c0  lseek                          
95409320  memccpy                        
95409380  write                          
954093e0  __TI_frcmpyd_div               
95409420  __c6xabi_isinf                 
95409460  __c6xabi_negd                  
954094a0  __c6xabi_subd                  
954094e0  _args_main                     
95409520  __c6xabi_errno_addr            
95409560  _nop                           
954095c0  _system_post_cinit             
954095e0  _system_pre_init               
95409600  C$$EXIT                        
95409600  abort                          
95409620  __TI_decompress_none           
95409640  __TI_decompress_rle24          
95409660  _ftable                        
95409840  _stream                        
954098e0  _device                        
95409958  __TI_cleanup_ptr               
9540995c  __TI_dtors_ptr                 
95409960  __TI_enable_exit_profile_output
9540996c  _lock                          
95409970  _unlock                        
95409974  __TI_ft_end                    
95409978  __errno                        
95409978  errno                          
9540997c  __TI_STATIC_BASE               
9540997c  stride                         
95409980  _ctypes_                       
95409b20  __TI_tmpnams                   
95409c60  parmbuf                        
95409c68  __CIOBUF_                      
95409d88  result                         
95409d90  t1                             
95409d98  t1_H                           
95409da0  t1_L                           
95409da8  t2                             
95409db0  t2_H                           
95409db8  t2_L                           
95409e84  __TI_Handler_Table_Base        
95409e8c  __TI_Handler_Table_Limit       
95409e90  __TI_CINIT_Base                
95409eb0  __TI_CINIT_Limit               
ffffffff  __TI_pprof_out_hndl            
ffffffff  __TI_prof_data_size            
ffffffff  __TI_prof_data_start           
ffffffff  __binit__                      
ffffffff  __c_args__                     
ffffffff  binit                          
UNDEFED   __TI_INITARRAY_Base            
UNDEFED   __TI_INITARRAY_Limit           
UNDEFED   __TI_TLS_INIT_Base             
UNDEFED   __TI_TLS_INIT_Limit            

[162 symbols]
