******************************************************************************
               TMS320C6x Linker PC v8.3.5                      
******************************************************************************
>> Linked Wed Jun  8 19:19:25 2022

OUTPUT FILE NAME:   <dsp0.out>
ENTRY POINT SYMBOL: "_c_int00"  address: 94008800


MEMORY CONFIGURATION

         name            origin    length      used     unused   attr    fill
----------------------  --------  ---------  --------  --------  ----  --------
  MSMC_SRAM             0c000000   00600000  00000000  00600000  RWIX
  CORE0_L2_SRAM         10800000   00100000  00000000  00100000  RWIX
  CORE0_L1P_SRAM        10e00000   00008000  00000000  00008000  RWIX
  CORE0_L1D_SRAM        10f00000   00008000  00000000  00008000  RWIX
  CORE1_L2_SRAM         11800000   00100000  00000000  00100000  RWIX
  CORE1_L1P_SRAM        11e00000   00008000  00000000  00008000  RWIX
  CORE1_L1D_SRAM        11f00000   00008000  00000000  00008000  RWIX
  CORE2_L2_SRAM         12800000   00100000  00000000  00100000  RWIX
  CORE2_L1P_SRAM        12e00000   00008000  00000000  00008000  RWIX
  CORE2_L1D_SRAM        12f00000   00008000  00000000  00008000  RWIX
  CORE3_L2_SRAM         13800000   00100000  00000000  00100000  RWIX
  CORE3_L1P_SRAM        13e00000   00008000  00000000  00008000  RWIX
  CORE3_L1D_SRAM        13f00000   00008000  00000000  00008000  RWIX
  ARM_DDR3              80000000   10000000  00000000  10000000  RWIX
  used                  90000000   08000000  0400aaa0  03ff5560  RWIX
  CORE1_DDR3            b0000000   10000000  00000000  10000000  RWIX
  CORE2_DDR3            c0000000   10000000  00000000  10000000  RWIX
  CORE3_DDR3            d0000000   10000000  00000000  10000000  RWIX


SEGMENT ALLOCATION MAP

run origin  load origin   length   init length attrs members
----------  ----------- ---------- ----------- ----- -------
90000000    90000000    04000000   00000000    rw-
  90000000    90000000    04000000   00000000    rw- .stack
94000000    94000000    00008f80   00008f80    r-x
  94000000    94000000    00008f80   00008f80    r-x .text
94008f80    94008f80    00001000   00000000    rw-
  94008f80    94008f80    00001000   00000000    rw- .sysmem
94009f80    94009f80    00000460   00000460    r--
  94009f80    94009f80    00000460   00000460    r-- .const
9400a3e0    9400a3e0    000005e4   00000000    rw-
  9400a3e0    9400a3e0    0000031c   00000000    rw- .fardata
  9400a700    9400a700    00000148   00000000    rw- .far
  9400a848    9400a848    00000120   00000000    rw- .cio
  9400a968    9400a968    0000005c   00000000    rw- .bss
9400a9c4    9400a9c4    00000038   00000038    r--
  9400a9c4    9400a9c4    00000038   00000038    r-- .switch
9400aa00    9400aa00    000000a8   000000a8    r--
  9400aa00    9400aa00    000000a8   000000a8    r-- .cinit


SECTION ALLOCATION MAP

 output                                  attributes/
section   page    origin      length       input sections
--------  ----  ----------  ----------   ----------------
.stack     0    90000000    04000000     UNINITIALIZED
                  90000000    00000008     rts64plus_elf.lib : boot.c.obj (.stack)
                  90000008    03fffff8     --HOLE--

.text      0    94000000    00008f80     
                  94000000    000020c0     rts64plus_elf.lib : _printfi.c.obj (.text:__TI_printfi)
                  940020c0    00001460     main.obj (.text)
                  94003520    000006e0     rts64plus_elf.lib : _printfi.c.obj (.text:_pconv_a)
                  94003c00    00000560                       : divd.c.obj (.text:__c6xabi_divd)
                  94004160    000003e0                       : _printfi.c.obj (.text:_pconv_g)
                  94004540    000003c0                       : memory.c.obj (.text:free)
                  94004900    000002e0                       : fputs.c.obj (.text:fputs)
                  94004be0    000002c0                       : _printfi.c.obj (.text:_pconv_e)
                  94004ea0    00000280                       : _printfi.c.obj (.text:fcvt)
                  94005120    00000260                       : imath64.c.obj (.text:__c6xabi_divull)
                  94005380    00000220                       : mpyd.c.obj (.text:__c6xabi_mpyd)
                  940055a0    00000200                       : frcaddd.c.obj (.text:__TI_frcaddd)
                  940057a0    00000200                       : addd.c.obj (.text:__c6xabi_addd)
                  940059a0    00000200                       : _printfi.c.obj (.text:_ltostr)
                  94005ba0    00000200                       : frexp.c.obj (.text:frexp)
                  94005da0    000001e0                       : ldexp.c.obj (.text:ldexp)
                  94005f80    000001c0                       : imath40.c.obj (.text:__c6xabi_divul)
                  94006140    000001c0                       : memory.c.obj (.text:malloc)
                  94006300    000001c0                       : setvbuf.c.obj (.text:setvbuf)
                  940064c0    000001a0                       : hostrename.c.obj (.text:HOSTrename)
                  94006660    000001a0                       : fputc.c.obj (.text:fputc)
                  94006800    00000120                       : frcmpyd.c.obj (.text:__TI_frcmpyd)
                  94006920    00000120                       : _printfi.c.obj (.text:_pconv_f)
                  94006a40    00000120                       : getdevice.c.obj (.text:getdevice)
                  94006b60    00000100                       : fclose.c.obj (.text:__TI_closefile)
                  94006c60    00000100                       : copy_decompress_rle.c.obj (.text:__TI_decompress_rle_core)
                  94006d60    00000100                       : _printfi.c.obj (.text:_mcpy)
                  94006e60    00000100                       : atoi.c.obj (.text:atoi)
                  94006f60    00000100                       : fseek.c.obj (.text:fseek)
                  94007060    000000e0                       : hostlseek.c.obj (.text:HOSTlseek)
                  94007140    000000e0                       : hostopen.c.obj (.text:HOSTopen)
                  94007220    000000e0                       : hostwrite.c.obj (.text:HOSTwrite)
                  94007300    000000e0                       : _ltoa.c.obj (.text:__TI_ltoa)
                  940073e0    000000e0                       : _io_perm.c.obj (.text:__TI_wrt_ok)
                  940074c0    000000e0                       : ged.c.obj (.text:__c6xabi_ged)
                  940075a0    000000e0                       : gtd.c.obj (.text:__c6xabi_gtd)
                  94007680    000000e0                       : led.c.obj (.text:__c6xabi_led)
                  94007760    000000e0                       : ltd.c.obj (.text:__c6xabi_ltd)
                  94007840    000000e0                       : close.c.obj (.text:close)
                  94007920    000000e0                       : exit.c.obj (.text:exit)
                  94007a00    000000e0                       : memset.c.obj (.text:memset)
                  94007ae0    000000e0                       : printf.c.obj (.text:printf)
                  94007bc0    000000c0                       : hostread.c.obj (.text:HOSTread)
                  94007c80    000000c0                       : hostunlink.c.obj (.text:HOSTunlink)
                  94007d40    000000c0                       : autoinit.c.obj (.text:__TI_auto_init_nobinit_nopinit:__TI_auto_init_nobinit_nopinit)
                  94007e00    000000c0                       : fflush.c.obj (.text:__TI_doflush)
                  94007ec0    000000c0                       : divu.asm.obj (.text:__divu)
                  94007f80    000000c0                       : memory.c.obj (.text:mremove)
                  94008040    000000c0                       : tls.c.obj (.text:tls:init:__TI_tls_init)
                  94008100    000000a0                       : hostclose.c.obj (.text:HOSTclose)
                  940081a0    000000a0                       : fopen.c.obj (.text:__TI_cleanup)
                  94008240    000000a0                       : eqld.c.obj (.text:__c6xabi_eqd)
                  940082e0    000000a0                       : neqld.c.obj (.text:__c6xabi_neqd)
                  94008380    000000a0                       : _printfi.c.obj (.text:_ecpy)
                  94008420    000000a0                       : getdevice.c.obj (.text:finddevice)
                  940084c0    000000a0                       : memcpy64.asm.obj (.text:memcpy)
                  94008560    000000a0                       : memory.c.obj (.text:minsert)
                  94008600    00000080                       : trgmsg.c.obj (.text:__TI_readmsg)
                  94008680    00000080                       : renormd.c.obj (.text:__TI_renormd)
                  94008700    00000080                       : fixdi.c.obj (.text:__c6xabi_fixdi)
                  94008780    00000080                       : llshift.c.obj (.text:__c6xabi_llshl)
                  94008800    00000080                       : boot.c.obj (.text:_c_int00)
                  94008880    00000080                       : unlink.c.obj (.text:unlink)
                  94008900    00000060                       : trgmsg.c.obj (.text:__TI_writemsg)
                  94008960    00000060                       : fltid.c.obj (.text:__c6xabi_fltid)
                  940089c0    00000060                       : llshift.c.obj (.text:__c6xabi_llshru)
                  94008a20    00000060                       : imath64.c.obj (.text:_subcull)
                  94008a80    00000060                       : lseek.c.obj (.text:lseek)
                  94008ae0    00000060                       : memccpy.c.obj (.text:memccpy)
                  94008b40    00000060                       : sprintf.c.obj (.text:sprintf)
                  94008ba0    00000060                       : write.c.obj (.text:write)
                  94008c00    00000040                       : frcmpyd_div.c.obj (.text:__TI_frcmpyd_div)
                  94008c40    00000040                       : isinf.c.obj (.text:__c6xabi_isinf)
                  94008c80    00000040                       : negd.c.obj (.text:__c6xabi_negd)
                  94008cc0    00000040                       : subd.c.obj (.text:__c6xabi_subd)
                  94008d00    00000040                       : args_main.c.obj (.text:_args_main)
                  94008d40    00000040                       : sprintf.c.obj (.text:_outs)
                  94008d80    00000040                       : wcslen.c.obj (.text:wcslen)
                  94008dc0    00000020                       : errno.c.obj (.text:__c6xabi_errno_addr)
                  94008de0    00000020                       : _printfi.c.obj (.text:__c6xabi_isnan)
                  94008e00    00000020                       : push.asm.obj (.text:__pop_rts)
                  94008e20    00000020                       : push.asm.obj (.text:__push_rts)
                  94008e40    00000020                       : _lock.c.obj (.text:_nop)
                  94008e60    00000020                       : printf.c.obj (.text:_outc)
                  94008e80    00000020                       : sprintf.c.obj (.text:_outc)
                  94008ea0    00000020                       : printf.c.obj (.text:_outs)
                  94008ec0    00000020                       : signbit.c.obj (.text:_signbit)
                  94008ee0    00000020                       : startup.c.obj (.text:_system_post_cinit)
                  94008f00    00000020                       : pre_init.c.obj (.text:_system_pre_init)
                  94008f20    00000020                       : exit.c.obj (.text:abort)
                  94008f40    00000020                       : copy_decompress_none.c.obj (.text:decompress:none:__TI_decompress_none)
                  94008f60    00000020                       : copy_decompress_rle.c.obj (.text:decompress:rle24:__TI_decompress_rle24)

.sysmem    0    94008f80    00001000     UNINITIALIZED
                  94008f80    00000008     rts64plus_elf.lib : memory.c.obj (.sysmem)
                  94008f88    00000ff8     --HOLE--

.const     0    94009f80    00000460     
                  94009f80    0000032c     main.obj (.const:.string)
                  9400a2ac    00000004     --HOLE-- [fill = 0]
                  9400a2b0    00000101     rts64plus_elf.lib : ctype.c.obj (.const:.string:_ctypes_)
                  9400a3b1    00000003     --HOLE-- [fill = 0]
                  9400a3b4    00000024                       : _printfi.c.obj (.const:.string)
                  9400a3d8    00000008                       : divd.c.obj (.const:.string:initial_approx$1)

.far       0    9400a700    00000148     UNINITIALIZED
                  9400a700    00000140     (.common:__TI_tmpnams)
                  9400a840    00000008     (.common:parmbuf)

.cio       0    9400a848    00000120     UNINITIALIZED
                  9400a848    00000120     rts64plus_elf.lib : trgmsg.c.obj (.cio)

.bss       0    9400a968    0000005c     UNINITIALIZED
                  9400a968    00000008     (.common:result)
                  9400a970    00000008     (.common:t1)
                  9400a978    00000008     (.common:t1_H)
                  9400a980    00000008     (.common:t1_L)
                  9400a988    00000008     (.common:t2)
                  9400a990    00000008     (.common:t2_H)
                  9400a998    00000008     (.common:t2_L)
                  9400a9a0    00000004     (.common:result_ddr_cycles_emif0)
                  9400a9a4    00000004     (.common:result_ddr_evt0_emif0)
                  9400a9a8    00000004     (.common:result_ddr_evt1_emif0)
                  9400a9ac    00000004     (.common:t1_ddr_cycles_emif0)
                  9400a9b0    00000004     (.common:t1_ddr_evt0_emif0)
                  9400a9b4    00000004     (.common:t1_ddr_evt1_emif0)
                  9400a9b8    00000004     (.common:t2_ddr_cycles_emif0)
                  9400a9bc    00000004     (.common:t2_ddr_evt0_emif0)
                  9400a9c0    00000004     (.common:t2_ddr_evt1_emif0)

.switch    0    9400a9c4    00000038     
                  9400a9c4    00000038     rts64plus_elf.lib : _printfi.c.obj (.switch:__TI_printfi)

.cinit     0    9400aa00    000000a8     
                  9400aa00    0000006f     (.cinit..fardata.load) [load image, compression = rle]
                  9400aa6f    0000000b     (.cinit..far.load) [load image, compression = rle]
                  9400aa7a    00000009     (.cinit..bss.load) [load image, compression = rle]
                  9400aa83    00000001     --HOLE-- [fill = 0]
                  9400aa84    00000008     (__TI_handler_table)
                  9400aa8c    00000004     --HOLE-- [fill = 0]
                  9400aa90    00000018     (__TI_cinit_table)

.init_array 
*          0    90000000    00000000     UNINITIALIZED

.fardata   0    9400a3e0    0000031c     UNINITIALIZED
                  9400a3e0    000001e0     rts64plus_elf.lib : defs.c.obj (.fardata:_ftable)
                  9400a5c0    000000a0                       : write.c.obj (.fardata:_stream)
                  9400a660    00000078                       : write.c.obj (.fardata:_device)
                  9400a6d8    0000000c                       : exit.c.obj (.fardata)
                  9400a6e4    00000008                       : memory.c.obj (.fardata)
                  9400a6ec    00000004                       : _lock.c.obj (.fardata:_lock)
                  9400a6f0    00000004                       : _lock.c.obj (.fardata:_unlock)
                  9400a6f4    00000004                       : defs.c.obj (.fardata)
                  9400a6f8    00000004                       : errno.c.obj (.fardata)

MODULE SUMMARY

       Module                       code    ro data   rw data 
       ------                       ----    -------   ------- 
    .\
       main.obj                     5216    812       92      
    +--+----------------------------+-------+---------+----------+
       Total:                       5216    812       92      
                                                              
    C:\ti\ccs930\ccs\tools\compiler\ti-cgt-c6000_8.3.5\lib\rts64plus_elf.lib
       _printfi.c.obj               13728   92        0       
       memory.c.obj                 1760    0         8       
       divd.c.obj                   1376    8         0       
       defs.c.obj                   0       0         804     
       fputs.c.obj                  736     0         0       
       imath64.c.obj                704     0         0       
       mpyd.c.obj                   544     0         0       
       addd.c.obj                   512     0         0       
       frcaddd.c.obj                512     0         0       
       frexp.c.obj                  512     0         0       
       trgmsg.c.obj                 224     0         288     
       ldexp.c.obj                  480     0         0       
       getdevice.c.obj              448     0         0       
       imath40.c.obj                448     0         0       
       setvbuf.c.obj                448     0         0       
       fputc.c.obj                  416     0         0       
       hostrename.c.obj             416     0         0       
       write.c.obj                  96      0         280     
       copy_decompress_rle.c.obj    288     0         0       
       frcmpyd.c.obj                288     0         0       
       printf.c.obj                 288     0         0       
       exit.c.obj                   256     0         12      
       ctype.c.obj                  0       257       0       
       atoi.c.obj                   256     0         0       
       fclose.c.obj                 256     0         0       
       fseek.c.obj                  256     0         0       
       hostopen.c.obj               224     0         8       
       _io_perm.c.obj               224     0         0       
       _ltoa.c.obj                  224     0         0       
       close.c.obj                  224     0         0       
       ged.c.obj                    224     0         0       
       gtd.c.obj                    224     0         0       
       hostlseek.c.obj              224     0         0       
       hostwrite.c.obj              224     0         0       
       led.c.obj                    224     0         0       
       llshift.c.obj                224     0         0       
       ltd.c.obj                    224     0         0       
       memset.c.obj                 224     0         0       
       autoinit.c.obj               192     0         0       
       divu.asm.obj                 192     0         0       
       fflush.c.obj                 192     0         0       
       hostread.c.obj               192     0         0       
       hostunlink.c.obj             192     0         0       
       sprintf.c.obj                192     0         0       
       tls.c.obj                    192     0         0       
       eqld.c.obj                   160     0         0       
       fopen.c.obj                  160     0         0       
       hostclose.c.obj              160     0         0       
       memcpy64.asm.obj             160     0         0       
       neqld.c.obj                  160     0         0       
       boot.c.obj                   128     0         0       
       fixdi.c.obj                  128     0         0       
       renormd.c.obj                128     0         0       
       unlink.c.obj                 128     0         0       
       fltid.c.obj                  96      0         0       
       lseek.c.obj                  96      0         0       
       memccpy.c.obj                96      0         0       
       args_main.c.obj              64      0         0       
       frcmpyd_div.c.obj            64      0         0       
       isinf.c.obj                  64      0         0       
       negd.c.obj                   64      0         0       
       push.asm.obj                 64      0         0       
       subd.c.obj                   64      0         0       
       wcslen.c.obj                 64      0         0       
       _lock.c.obj                  32      0         8       
       errno.c.obj                  32      0         4       
       copy_decompress_none.c.obj   32      0         0       
       pre_init.c.obj               32      0         0       
       signbit.c.obj                32      0         0       
       startup.c.obj                32      0         0       
    +--+----------------------------+-------+---------+----------+
       Total:                       31520   357       1412    
                                                              
       Heap:                        0       0         4096    
       Stack:                       0       0         67108864
       Linker Generated:            0       163       0       
    +--+----------------------------+-------+---------+----------+
       Grand Total:                 36736   1332      67114464


LINKER GENERATED COPY TABLES

__TI_cinit_table @ 9400aa90 records: 3, size/record: 8, table size: 24
	.fardata: load addr=9400aa00, load size=0000006f bytes, run addr=9400a3e0, run size=0000031c bytes, compression=rle
	.far: load addr=9400aa6f, load size=0000000b bytes, run addr=9400a700, run size=00000148 bytes, compression=rle
	.bss: load addr=9400aa7a, load size=00000009 bytes, run addr=9400a968, run size=0000005c bytes, compression=rle


LINKER GENERATED HANDLER TABLE

__TI_handler_table @ 9400aa84 records: 2, size/record: 4, table size: 8
	index: 0, handler: __TI_decompress_rle24
	index: 1, handler: __TI_decompress_none


GLOBAL SYMBOLS: SORTED ALPHABETICALLY BY Name 

address   name                               
-------   ----                               
94008f20  C$$EXIT                            
94008958  C$$IO$$                            
940027c0  DDR_configure_eval                 
94002a24  DDR_end_eval                       
94002a04  DDR_start_eval                     
94002710  DSP_init                           
94008100  HOSTclose                          
94007060  HOSTlseek                          
94007140  HOSTopen                           
94007bc0  HOSTread                           
940064c0  HOSTrename                         
94007c80  HOSTunlink                         
94007220  HOSTwrite                          
9400a848  __CIOBUF_                          
9400aa90  __TI_CINIT_Base                    
9400aaa8  __TI_CINIT_Limit                   
9400aa84  __TI_Handler_Table_Base            
9400aa8c  __TI_Handler_Table_Limit           
94000000  __TI_STACK_END                     
04000000  __TI_STACK_SIZE                    
9400a968  __TI_STATIC_BASE                   
00001000  __TI_SYSMEM_SIZE                   
UNDEFED   __TI_TLS_INIT_Base                 
UNDEFED   __TI_TLS_INIT_Limit                
94007d40  __TI_auto_init_nobinit_nopinit     
940081a0  __TI_cleanup                       
9400a6d8  __TI_cleanup_ptr                   
94006b60  __TI_closefile                     
94008f40  __TI_decompress_none               
94008f60  __TI_decompress_rle24              
94007e00  __TI_doflush                       
9400a6dc  __TI_dtors_ptr                     
9400a6e0  __TI_enable_exit_profile_output    
940055a0  __TI_frcaddd                       
94006800  __TI_frcmpyd                       
94008c00  __TI_frcmpyd_div                   
9400a6f4  __TI_ft_end                        
94007300  __TI_ltoa                          
ffffffff  __TI_pprof_out_hndl                
94000000  __TI_printfi                       
ffffffff  __TI_prof_data_size                
ffffffff  __TI_prof_data_start               
94008600  __TI_readmsg                       
94008680  __TI_renormd                       
94008040  __TI_tls_init                      
9400a700  __TI_tmpnams                       
94008900  __TI_writemsg                      
940073e0  __TI_wrt_ok                        
ffffffff  __binit__                          
940057a0  __c6xabi_addd                      
94003c00  __c6xabi_divd                      
94007ec0  __c6xabi_divu                      
94005f80  __c6xabi_divul                     
94005120  __c6xabi_divull                    
94008240  __c6xabi_eqd                       
94008dc0  __c6xabi_errno_addr                
94008700  __c6xabi_fixdi                     
94008960  __c6xabi_fltid                     
940074c0  __c6xabi_ged                       
940075a0  __c6xabi_gtd                       
94008c40  __c6xabi_isinf                     
94007680  __c6xabi_led                       
94008780  __c6xabi_llshl                     
940089c0  __c6xabi_llshru                    
94007760  __c6xabi_ltd                       
94005380  __c6xabi_mpyd                      
94008c80  __c6xabi_negd                      
940082e0  __c6xabi_neqd                      
94008e00  __c6xabi_pop_rts                   
94008e20  __c6xabi_push_rts                  
94008cc0  __c6xabi_subd                      
ffffffff  __c_args__                         
94007ec0  __divu                             
9400a6f8  __errno                            
94008e00  __pop_rts                          
94008e20  __push_rts                         
94008d00  _args_main                         
94008800  _c_int00                           
9400a2b0  _ctypes_                           
9400a660  _device                            
9400a3e0  _ftable                            
9400a6ec  _lock                              
94008e40  _nop                               
94008ec0  _signbit                           
90000000  _stack                             
9400a5c0  _stream                            
94008a20  _subcull                           
94008f80  _sys_memory                        
94008ee0  _system_post_cinit                 
94008f00  _system_pre_init                   
9400a6f0  _unlock                            
94008f20  abort                              
94006e60  atoi                               
94003404  bank_stress_benchmark              
ffffffff  binit                              
940033ec  clear_tx_FIFO                      
94007840  close                              
94002a68  cpu_microbenchmark_load            
94002838  cpu_microbenchmark_store           
94002ccc  cpu_pointer_chasing_microbenchmark 
94002968  critical_task_end_eval             
940027f4  critical_task_start_eval           
94002784  enable_CNT_MSTID                   
940033d4  enable_FIFO                        
9400a6f8  errno                              
94007920  exit                               
94008420  finddevice                         
94006660  fputc                              
94004900  fputs                              
94004540  free                               
94005ba0  frexp                              
94005ba0  frexpl                             
94006f60  fseek                              
940033c0  get_DDR3A_SDCFG_EBANK              
940033a8  get_DDR3A_SDCFG_IBANK              
94003390  get_DDR3A_SDCFG_PAGESIZE           
940029cc  get_PERF_CNT_1                     
940029e0  get_PERF_CNT_2                     
940029f0  get_PERF_CNT_TIMER                 
94006a40  getdevice                          
94005da0  ldexp                              
94005da0  ldexpl                             
94008a80  lseek                              
94002f60  main                               
94006140  malloc                             
94002624  matrix_stress1_task                
94002530  matrix_stress2_task                
94008ae0  memccpy                            
940084c0  memcpy                             
94007a00  memset                             
9400a840  parmbuf                            
940024d0  print_ARM_SBNDC_list               
94002480  print_SBNDC_Registers              
94007ae0  printf                             
94006660  putc                               
9400246c  read_ARM_SBNDC                     
94002454  read_CPUARBD                       
94002440  read_CPUARBE                       
94002428  read_CPUARBU                       
94002410  read_MDMAARBU                      
940023f8  read_MDMAARBX                      
940023e8  read_SBNDC                         
940023d0  read_SDMAARBD                      
940023b8  read_SDMAARBE                      
940023a4  read_SDMAARBU                      
94002390  read_UART_IER                      
940020c0  read_UART_LSR                      
94008880  remove                             
9400a968  result                             
9400a9a0  result_ddr_cycles_emif0            
9400a9a4  result_ddr_evt0_emif0              
9400a9a8  result_ddr_evt1_emif0              
94005da0  scalbn                             
94005da0  scalbnl                            
9400236c  set_DDR3A_PR_OLD_COUNT             
94002348  set_DDR3A_READ_EXECUTION_THRESHOLD 
94002324  set_DDR3A_SDCFG_EBANK              
94002300  set_DDR3A_SDCFG_IBANK              
940022d4  set_DDR3A_WRITE_EXECUTION_THRESHOLD
94002298  set_MSTID                          
94002254  set_PERF_CNT_EVENT                 
94006300  setvbuf                            
94008b40  sprintf                            
9400a970  t1                                 
9400a978  t1_H                               
9400a980  t1_L                               
9400a9ac  t1_ddr_cycles_emif0                
9400a9b0  t1_ddr_evt0_emif0                  
9400a9b4  t1_ddr_evt1_emif0                  
9400a988  t2                                 
9400a990  t2_H                               
9400a998  t2_L                               
9400a9b8  t2_ddr_cycles_emif0                
9400a9bc  t2_ddr_evt0_emif0                  
9400a9c0  t2_ddr_evt1_emif0                  
94008880  unlink                             
94008d80  wcslen                             
94008ba0  write                              
94002234  write_ARM_SBNDC                    
94002214  write_CPUARBD                      
940021f4  write_CPUARBE                      
940021d4  write_CPUARBU                      
940021b4  write_MDMAARBU                     
9400219c  write_MDMAARBX                     
9400217c  write_SBNDC                        
94002164  write_SDMAARBD                     
9400214c  write_SDMAARBE                     
94002134  write_SDMAARBU                     
94002120  write_UART_IER                     
940020d4  write_UART_THR                     


GLOBAL SYMBOLS: SORTED BY Symbol Address 

address   name                               
-------   ----                               
00001000  __TI_SYSMEM_SIZE                   
04000000  __TI_STACK_SIZE                    
90000000  _stack                             
94000000  __TI_STACK_END                     
94000000  __TI_printfi                       
940020c0  read_UART_LSR                      
940020d4  write_UART_THR                     
94002120  write_UART_IER                     
94002134  write_SDMAARBU                     
9400214c  write_SDMAARBE                     
94002164  write_SDMAARBD                     
9400217c  write_SBNDC                        
9400219c  write_MDMAARBX                     
940021b4  write_MDMAARBU                     
940021d4  write_CPUARBU                      
940021f4  write_CPUARBE                      
94002214  write_CPUARBD                      
94002234  write_ARM_SBNDC                    
94002254  set_PERF_CNT_EVENT                 
94002298  set_MSTID                          
940022d4  set_DDR3A_WRITE_EXECUTION_THRESHOLD
94002300  set_DDR3A_SDCFG_IBANK              
94002324  set_DDR3A_SDCFG_EBANK              
94002348  set_DDR3A_READ_EXECUTION_THRESHOLD 
9400236c  set_DDR3A_PR_OLD_COUNT             
94002390  read_UART_IER                      
940023a4  read_SDMAARBU                      
940023b8  read_SDMAARBE                      
940023d0  read_SDMAARBD                      
940023e8  read_SBNDC                         
940023f8  read_MDMAARBX                      
94002410  read_MDMAARBU                      
94002428  read_CPUARBU                       
94002440  read_CPUARBE                       
94002454  read_CPUARBD                       
9400246c  read_ARM_SBNDC                     
94002480  print_SBNDC_Registers              
940024d0  print_ARM_SBNDC_list               
94002530  matrix_stress2_task                
94002624  matrix_stress1_task                
94002710  DSP_init                           
94002784  enable_CNT_MSTID                   
940027c0  DDR_configure_eval                 
940027f4  critical_task_start_eval           
94002838  cpu_microbenchmark_store           
94002968  critical_task_end_eval             
940029cc  get_PERF_CNT_1                     
940029e0  get_PERF_CNT_2                     
940029f0  get_PERF_CNT_TIMER                 
94002a04  DDR_start_eval                     
94002a24  DDR_end_eval                       
94002a68  cpu_microbenchmark_load            
94002ccc  cpu_pointer_chasing_microbenchmark 
94002f60  main                               
94003390  get_DDR3A_SDCFG_PAGESIZE           
940033a8  get_DDR3A_SDCFG_IBANK              
940033c0  get_DDR3A_SDCFG_EBANK              
940033d4  enable_FIFO                        
940033ec  clear_tx_FIFO                      
94003404  bank_stress_benchmark              
94003c00  __c6xabi_divd                      
94004540  free                               
94004900  fputs                              
94005120  __c6xabi_divull                    
94005380  __c6xabi_mpyd                      
940055a0  __TI_frcaddd                       
940057a0  __c6xabi_addd                      
94005ba0  frexp                              
94005ba0  frexpl                             
94005da0  ldexp                              
94005da0  ldexpl                             
94005da0  scalbn                             
94005da0  scalbnl                            
94005f80  __c6xabi_divul                     
94006140  malloc                             
94006300  setvbuf                            
940064c0  HOSTrename                         
94006660  fputc                              
94006660  putc                               
94006800  __TI_frcmpyd                       
94006a40  getdevice                          
94006b60  __TI_closefile                     
94006e60  atoi                               
94006f60  fseek                              
94007060  HOSTlseek                          
94007140  HOSTopen                           
94007220  HOSTwrite                          
94007300  __TI_ltoa                          
940073e0  __TI_wrt_ok                        
940074c0  __c6xabi_ged                       
940075a0  __c6xabi_gtd                       
94007680  __c6xabi_led                       
94007760  __c6xabi_ltd                       
94007840  close                              
94007920  exit                               
94007a00  memset                             
94007ae0  printf                             
94007bc0  HOSTread                           
94007c80  HOSTunlink                         
94007d40  __TI_auto_init_nobinit_nopinit     
94007e00  __TI_doflush                       
94007ec0  __c6xabi_divu                      
94007ec0  __divu                             
94008040  __TI_tls_init                      
94008100  HOSTclose                          
940081a0  __TI_cleanup                       
94008240  __c6xabi_eqd                       
940082e0  __c6xabi_neqd                      
94008420  finddevice                         
940084c0  memcpy                             
94008600  __TI_readmsg                       
94008680  __TI_renormd                       
94008700  __c6xabi_fixdi                     
94008780  __c6xabi_llshl                     
94008800  _c_int00                           
94008880  remove                             
94008880  unlink                             
94008900  __TI_writemsg                      
94008958  C$$IO$$                            
94008960  __c6xabi_fltid                     
940089c0  __c6xabi_llshru                    
94008a20  _subcull                           
94008a80  lseek                              
94008ae0  memccpy                            
94008b40  sprintf                            
94008ba0  write                              
94008c00  __TI_frcmpyd_div                   
94008c40  __c6xabi_isinf                     
94008c80  __c6xabi_negd                      
94008cc0  __c6xabi_subd                      
94008d00  _args_main                         
94008d80  wcslen                             
94008dc0  __c6xabi_errno_addr                
94008e00  __c6xabi_pop_rts                   
94008e00  __pop_rts                          
94008e20  __c6xabi_push_rts                  
94008e20  __push_rts                         
94008e40  _nop                               
94008ec0  _signbit                           
94008ee0  _system_post_cinit                 
94008f00  _system_pre_init                   
94008f20  C$$EXIT                            
94008f20  abort                              
94008f40  __TI_decompress_none               
94008f60  __TI_decompress_rle24              
94008f80  _sys_memory                        
9400a2b0  _ctypes_                           
9400a3e0  _ftable                            
9400a5c0  _stream                            
9400a660  _device                            
9400a6d8  __TI_cleanup_ptr                   
9400a6dc  __TI_dtors_ptr                     
9400a6e0  __TI_enable_exit_profile_output    
9400a6ec  _lock                              
9400a6f0  _unlock                            
9400a6f4  __TI_ft_end                        
9400a6f8  __errno                            
9400a6f8  errno                              
9400a700  __TI_tmpnams                       
9400a840  parmbuf                            
9400a848  __CIOBUF_                          
9400a968  __TI_STATIC_BASE                   
9400a968  result                             
9400a970  t1                                 
9400a978  t1_H                               
9400a980  t1_L                               
9400a988  t2                                 
9400a990  t2_H                               
9400a998  t2_L                               
9400a9a0  result_ddr_cycles_emif0            
9400a9a4  result_ddr_evt0_emif0              
9400a9a8  result_ddr_evt1_emif0              
9400a9ac  t1_ddr_cycles_emif0                
9400a9b0  t1_ddr_evt0_emif0                  
9400a9b4  t1_ddr_evt1_emif0                  
9400a9b8  t2_ddr_cycles_emif0                
9400a9bc  t2_ddr_evt0_emif0                  
9400a9c0  t2_ddr_evt1_emif0                  
9400aa84  __TI_Handler_Table_Base            
9400aa8c  __TI_Handler_Table_Limit           
9400aa90  __TI_CINIT_Base                    
9400aaa8  __TI_CINIT_Limit                   
ffffffff  __TI_pprof_out_hndl                
ffffffff  __TI_prof_data_size                
ffffffff  __TI_prof_data_start               
ffffffff  __binit__                          
ffffffff  __c_args__                         
ffffffff  binit                              
UNDEFED   __TI_TLS_INIT_Base                 
UNDEFED   __TI_TLS_INIT_Limit                

[190 symbols]
