******************************************************************************
               TMS320C6x Linker PC v8.3.5                      
******************************************************************************
>> Linked Tue Apr 19 15:18:11 2022

OUTPUT FILE NAME:   <dsp0.out>
ENTRY POINT SYMBOL: "_c_int00"  address: 940085a0


MEMORY CONFIGURATION

         name            origin    length      used     unused   attr    fill
----------------------  --------  ---------  --------  --------  ----  --------
  MSMC_SRAM             0c000000   00600000  00000000  00600000  RWIX
  CORE0_L2_SRAM         10800000   00100000  00000000  00100000  RWIX
  CORE0_L1P_SRAM        10e00000   00008000  00000000  00008000  RWIX
  CORE0_L1D_SRAM        10f00000   00008000  00000000  00008000  RWIX
  CORE1_L2_SRAM         11800000   00100000  00000000  00100000  RWIX
  CORE1_L1P_SRAM        11e00000   00008000  00000000  00008000  RWIX
  CORE1_L1D_SRAM        11f00000   00008000  00000000  00008000  RWIX
  CORE2_L2_SRAM         12800000   00100000  00000000  00100000  RWIX
  CORE2_L1P_SRAM        12e00000   00008000  00000000  00008000  RWIX
  CORE2_L1D_SRAM        12f00000   00008000  00000000  00008000  RWIX
  CORE3_L2_SRAM         13800000   00100000  00000000  00100000  RWIX
  CORE3_L1P_SRAM        13e00000   00008000  00000000  00008000  RWIX
  CORE3_L1D_SRAM        13f00000   00008000  00000000  00008000  RWIX
  ARM_DDR3              80000000   10000000  00000000  10000000  RWIX
  used                  90000000   08000000  0400a838  03ff57c8  RWIX
  CORE1_DDR3            b0000000   10000000  00000000  10000000  RWIX
  CORE2_DDR3            c0000000   10000000  00000000  10000000  RWIX
  CORE3_DDR3            d0000000   10000000  00000000  10000000  RWIX


SEGMENT ALLOCATION MAP

run origin  load origin   length   init length attrs members
----------  ----------- ---------- ----------- ----- -------
90000000    90000000    04000000   00000000    rw-
  90000000    90000000    04000000   00000000    rw- .stack
94000000    94000000    00008d20   00008d20    r-x
  94000000    94000000    00008d20   00008d20    r-x .text
94008d20    94008d20    00001000   00000000    rw-
  94008d20    94008d20    00001000   00000000    rw- .sysmem
94009d20    94009d20    00000460   00000460    r--
  94009d20    94009d20    00000460   00000460    r-- .const
9400a180    9400a180    000005e4   00000000    rw-
  9400a180    9400a180    0000031c   00000000    rw- .fardata
  9400a4a0    9400a4a0    00000148   00000000    rw- .far
  9400a5e8    9400a5e8    00000120   00000000    rw- .cio
  9400a708    9400a708    0000005c   00000000    rw- .bss
9400a764    9400a764    00000038   00000038    r--
  9400a764    9400a764    00000038   00000038    r-- .switch
9400a7a0    9400a7a0    000000a0   000000a0    r--
  9400a7a0    9400a7a0    000000a0   000000a0    r-- .cinit


SECTION ALLOCATION MAP

 output                                  attributes/
section   page    origin      length       input sections
--------  ----  ----------  ----------   ----------------
.stack     0    90000000    04000000     UNINITIALIZED
                  90000000    00000008     rts64plus_elf.lib : boot.c.obj (.stack)
                  90000008    03fffff8     --HOLE--

.text      0    94000000    00008d20     
                  94000000    000020c0     rts64plus_elf.lib : _printfi.c.obj (.text:__TI_printfi)
                  940020c0    00001200     main.obj (.text)
                  940032c0    000006e0     rts64plus_elf.lib : _printfi.c.obj (.text:_pconv_a)
                  940039a0    00000560                       : divd.c.obj (.text:__c6xabi_divd)
                  94003f00    000003e0                       : _printfi.c.obj (.text:_pconv_g)
                  940042e0    000003c0                       : memory.c.obj (.text:free)
                  940046a0    000002e0                       : fputs.c.obj (.text:fputs)
                  94004980    000002c0                       : _printfi.c.obj (.text:_pconv_e)
                  94004c40    00000280                       : _printfi.c.obj (.text:fcvt)
                  94004ec0    00000260                       : imath64.c.obj (.text:__c6xabi_divull)
                  94005120    00000220                       : mpyd.c.obj (.text:__c6xabi_mpyd)
                  94005340    00000200                       : frcaddd.c.obj (.text:__TI_frcaddd)
                  94005540    00000200                       : addd.c.obj (.text:__c6xabi_addd)
                  94005740    00000200                       : _printfi.c.obj (.text:_ltostr)
                  94005940    00000200                       : frexp.c.obj (.text:frexp)
                  94005b40    000001e0                       : ldexp.c.obj (.text:ldexp)
                  94005d20    000001c0                       : imath40.c.obj (.text:__c6xabi_divul)
                  94005ee0    000001c0                       : memory.c.obj (.text:malloc)
                  940060a0    000001c0                       : setvbuf.c.obj (.text:setvbuf)
                  94006260    000001a0                       : hostrename.c.obj (.text:HOSTrename)
                  94006400    000001a0                       : fputc.c.obj (.text:fputc)
                  940065a0    00000120                       : frcmpyd.c.obj (.text:__TI_frcmpyd)
                  940066c0    00000120                       : _printfi.c.obj (.text:_pconv_f)
                  940067e0    00000120                       : getdevice.c.obj (.text:getdevice)
                  94006900    00000100                       : fclose.c.obj (.text:__TI_closefile)
                  94006a00    00000100                       : copy_decompress_rle.c.obj (.text:__TI_decompress_rle_core)
                  94006b00    00000100                       : _printfi.c.obj (.text:_mcpy)
                  94006c00    00000100                       : atoi.c.obj (.text:atoi)
                  94006d00    00000100                       : fseek.c.obj (.text:fseek)
                  94006e00    000000e0                       : hostlseek.c.obj (.text:HOSTlseek)
                  94006ee0    000000e0                       : hostopen.c.obj (.text:HOSTopen)
                  94006fc0    000000e0                       : hostwrite.c.obj (.text:HOSTwrite)
                  940070a0    000000e0                       : _ltoa.c.obj (.text:__TI_ltoa)
                  94007180    000000e0                       : _io_perm.c.obj (.text:__TI_wrt_ok)
                  94007260    000000e0                       : ged.c.obj (.text:__c6xabi_ged)
                  94007340    000000e0                       : gtd.c.obj (.text:__c6xabi_gtd)
                  94007420    000000e0                       : led.c.obj (.text:__c6xabi_led)
                  94007500    000000e0                       : ltd.c.obj (.text:__c6xabi_ltd)
                  940075e0    000000e0                       : close.c.obj (.text:close)
                  940076c0    000000e0                       : exit.c.obj (.text:exit)
                  940077a0    000000e0                       : memset.c.obj (.text:memset)
                  94007880    000000e0                       : printf.c.obj (.text:printf)
                  94007960    000000c0                       : hostread.c.obj (.text:HOSTread)
                  94007a20    000000c0                       : hostunlink.c.obj (.text:HOSTunlink)
                  94007ae0    000000c0                       : autoinit.c.obj (.text:__TI_auto_init_nobinit_nopinit:__TI_auto_init_nobinit_nopinit)
                  94007ba0    000000c0                       : fflush.c.obj (.text:__TI_doflush)
                  94007c60    000000c0                       : divu.asm.obj (.text:__divu)
                  94007d20    000000c0                       : memory.c.obj (.text:mremove)
                  94007de0    000000c0                       : tls.c.obj (.text:tls:init:__TI_tls_init)
                  94007ea0    000000a0                       : hostclose.c.obj (.text:HOSTclose)
                  94007f40    000000a0                       : fopen.c.obj (.text:__TI_cleanup)
                  94007fe0    000000a0                       : eqld.c.obj (.text:__c6xabi_eqd)
                  94008080    000000a0                       : neqld.c.obj (.text:__c6xabi_neqd)
                  94008120    000000a0                       : _printfi.c.obj (.text:_ecpy)
                  940081c0    000000a0                       : getdevice.c.obj (.text:finddevice)
                  94008260    000000a0                       : memcpy64.asm.obj (.text:memcpy)
                  94008300    000000a0                       : memory.c.obj (.text:minsert)
                  940083a0    00000080                       : trgmsg.c.obj (.text:__TI_readmsg)
                  94008420    00000080                       : renormd.c.obj (.text:__TI_renormd)
                  940084a0    00000080                       : fixdi.c.obj (.text:__c6xabi_fixdi)
                  94008520    00000080                       : llshift.c.obj (.text:__c6xabi_llshl)
                  940085a0    00000080                       : boot.c.obj (.text:_c_int00)
                  94008620    00000080                       : unlink.c.obj (.text:unlink)
                  940086a0    00000060                       : trgmsg.c.obj (.text:__TI_writemsg)
                  94008700    00000060                       : fltid.c.obj (.text:__c6xabi_fltid)
                  94008760    00000060                       : llshift.c.obj (.text:__c6xabi_llshru)
                  940087c0    00000060                       : imath64.c.obj (.text:_subcull)
                  94008820    00000060                       : lseek.c.obj (.text:lseek)
                  94008880    00000060                       : memccpy.c.obj (.text:memccpy)
                  940088e0    00000060                       : sprintf.c.obj (.text:sprintf)
                  94008940    00000060                       : write.c.obj (.text:write)
                  940089a0    00000040                       : frcmpyd_div.c.obj (.text:__TI_frcmpyd_div)
                  940089e0    00000040                       : isinf.c.obj (.text:__c6xabi_isinf)
                  94008a20    00000040                       : negd.c.obj (.text:__c6xabi_negd)
                  94008a60    00000040                       : subd.c.obj (.text:__c6xabi_subd)
                  94008aa0    00000040                       : args_main.c.obj (.text:_args_main)
                  94008ae0    00000040                       : sprintf.c.obj (.text:_outs)
                  94008b20    00000040                       : wcslen.c.obj (.text:wcslen)
                  94008b60    00000020                       : errno.c.obj (.text:__c6xabi_errno_addr)
                  94008b80    00000020                       : _printfi.c.obj (.text:__c6xabi_isnan)
                  94008ba0    00000020                       : push.asm.obj (.text:__pop_rts)
                  94008bc0    00000020                       : push.asm.obj (.text:__push_rts)
                  94008be0    00000020                       : _lock.c.obj (.text:_nop)
                  94008c00    00000020                       : printf.c.obj (.text:_outc)
                  94008c20    00000020                       : sprintf.c.obj (.text:_outc)
                  94008c40    00000020                       : printf.c.obj (.text:_outs)
                  94008c60    00000020                       : signbit.c.obj (.text:_signbit)
                  94008c80    00000020                       : startup.c.obj (.text:_system_post_cinit)
                  94008ca0    00000020                       : pre_init.c.obj (.text:_system_pre_init)
                  94008cc0    00000020                       : exit.c.obj (.text:abort)
                  94008ce0    00000020                       : copy_decompress_none.c.obj (.text:decompress:none:__TI_decompress_none)
                  94008d00    00000020                       : copy_decompress_rle.c.obj (.text:decompress:rle24:__TI_decompress_rle24)

.sysmem    0    94008d20    00001000     UNINITIALIZED
                  94008d20    00000008     rts64plus_elf.lib : memory.c.obj (.sysmem)
                  94008d28    00000ff8     --HOLE--

.const     0    94009d20    00000460     
                  94009d20    0000032c     main.obj (.const:.string)
                  9400a04c    00000004     --HOLE-- [fill = 0]
                  9400a050    00000101     rts64plus_elf.lib : ctype.c.obj (.const:.string:_ctypes_)
                  9400a151    00000003     --HOLE-- [fill = 0]
                  9400a154    00000024                       : _printfi.c.obj (.const:.string)
                  9400a178    00000008                       : divd.c.obj (.const:.string:initial_approx$1)

.far       0    9400a4a0    00000148     UNINITIALIZED
                  9400a4a0    00000140     (.common:__TI_tmpnams)
                  9400a5e0    00000008     (.common:parmbuf)

.cio       0    9400a5e8    00000120     UNINITIALIZED
                  9400a5e8    00000120     rts64plus_elf.lib : trgmsg.c.obj (.cio)

.bss       0    9400a708    0000005c     UNINITIALIZED
                  9400a708    00000008     (.common:result)
                  9400a710    00000008     (.common:t1)
                  9400a718    00000008     (.common:t1_H)
                  9400a720    00000008     (.common:t1_L)
                  9400a728    00000008     (.common:t2)
                  9400a730    00000008     (.common:t2_H)
                  9400a738    00000008     (.common:t2_L)
                  9400a740    00000004     (.common:result_ddr_cycles_emif0)
                  9400a744    00000004     (.common:result_ddr_evt0_emif0)
                  9400a748    00000004     (.common:result_ddr_evt1_emif0)
                  9400a74c    00000004     (.common:t1_ddr_cycles_emif0)
                  9400a750    00000004     (.common:t1_ddr_evt0_emif0)
                  9400a754    00000004     (.common:t1_ddr_evt1_emif0)
                  9400a758    00000004     (.common:t2_ddr_cycles_emif0)
                  9400a75c    00000004     (.common:t2_ddr_evt0_emif0)
                  9400a760    00000004     (.common:t2_ddr_evt1_emif0)

.switch    0    9400a764    00000038     
                  9400a764    00000038     rts64plus_elf.lib : _printfi.c.obj (.switch:__TI_printfi)

.cinit     0    9400a7a0    000000a0     
                  9400a7a0    0000006c     (.cinit..fardata.load) [load image, compression = rle]
                  9400a80c    0000000b     (.cinit..far.load) [load image, compression = rle]
                  9400a817    00000009     (.cinit..bss.load) [load image, compression = rle]
                  9400a820    00000008     (__TI_handler_table)
                  9400a828    00000018     (__TI_cinit_table)

.init_array 
*          0    90000000    00000000     UNINITIALIZED

.fardata   0    9400a180    0000031c     UNINITIALIZED
                  9400a180    000001e0     rts64plus_elf.lib : defs.c.obj (.fardata:_ftable)
                  9400a360    000000a0                       : write.c.obj (.fardata:_stream)
                  9400a400    00000078                       : write.c.obj (.fardata:_device)
                  9400a478    0000000c                       : exit.c.obj (.fardata)
                  9400a484    00000008                       : memory.c.obj (.fardata)
                  9400a48c    00000004                       : _lock.c.obj (.fardata:_lock)
                  9400a490    00000004                       : _lock.c.obj (.fardata:_unlock)
                  9400a494    00000004                       : defs.c.obj (.fardata)
                  9400a498    00000004                       : errno.c.obj (.fardata)

MODULE SUMMARY

       Module                       code    ro data   rw data 
       ------                       ----    -------   ------- 
    .\
       main.obj                     4608    812       92      
    +--+----------------------------+-------+---------+----------+
       Total:                       4608    812       92      
                                                              
    C:\ti\ccs930\ccs\tools\compiler\ti-cgt-c6000_8.3.5\lib\rts64plus_elf.lib
       _printfi.c.obj               13728   92        0       
       memory.c.obj                 1760    0         8       
       divd.c.obj                   1376    8         0       
       defs.c.obj                   0       0         804     
       fputs.c.obj                  736     0         0       
       imath64.c.obj                704     0         0       
       mpyd.c.obj                   544     0         0       
       addd.c.obj                   512     0         0       
       frcaddd.c.obj                512     0         0       
       frexp.c.obj                  512     0         0       
       trgmsg.c.obj                 224     0         288     
       ldexp.c.obj                  480     0         0       
       getdevice.c.obj              448     0         0       
       imath40.c.obj                448     0         0       
       setvbuf.c.obj                448     0         0       
       fputc.c.obj                  416     0         0       
       hostrename.c.obj             416     0         0       
       write.c.obj                  96      0         280     
       copy_decompress_rle.c.obj    288     0         0       
       frcmpyd.c.obj                288     0         0       
       printf.c.obj                 288     0         0       
       exit.c.obj                   256     0         12      
       ctype.c.obj                  0       257       0       
       atoi.c.obj                   256     0         0       
       fclose.c.obj                 256     0         0       
       fseek.c.obj                  256     0         0       
       hostopen.c.obj               224     0         8       
       _io_perm.c.obj               224     0         0       
       _ltoa.c.obj                  224     0         0       
       close.c.obj                  224     0         0       
       ged.c.obj                    224     0         0       
       gtd.c.obj                    224     0         0       
       hostlseek.c.obj              224     0         0       
       hostwrite.c.obj              224     0         0       
       led.c.obj                    224     0         0       
       llshift.c.obj                224     0         0       
       ltd.c.obj                    224     0         0       
       memset.c.obj                 224     0         0       
       autoinit.c.obj               192     0         0       
       divu.asm.obj                 192     0         0       
       fflush.c.obj                 192     0         0       
       hostread.c.obj               192     0         0       
       hostunlink.c.obj             192     0         0       
       sprintf.c.obj                192     0         0       
       tls.c.obj                    192     0         0       
       eqld.c.obj                   160     0         0       
       fopen.c.obj                  160     0         0       
       hostclose.c.obj              160     0         0       
       memcpy64.asm.obj             160     0         0       
       neqld.c.obj                  160     0         0       
       boot.c.obj                   128     0         0       
       fixdi.c.obj                  128     0         0       
       renormd.c.obj                128     0         0       
       unlink.c.obj                 128     0         0       
       fltid.c.obj                  96      0         0       
       lseek.c.obj                  96      0         0       
       memccpy.c.obj                96      0         0       
       args_main.c.obj              64      0         0       
       frcmpyd_div.c.obj            64      0         0       
       isinf.c.obj                  64      0         0       
       negd.c.obj                   64      0         0       
       push.asm.obj                 64      0         0       
       subd.c.obj                   64      0         0       
       wcslen.c.obj                 64      0         0       
       _lock.c.obj                  32      0         8       
       errno.c.obj                  32      0         4       
       copy_decompress_none.c.obj   32      0         0       
       pre_init.c.obj               32      0         0       
       signbit.c.obj                32      0         0       
       startup.c.obj                32      0         0       
    +--+----------------------------+-------+---------+----------+
       Total:                       31520   357       1412    
                                                              
       Heap:                        0       0         4096    
       Stack:                       0       0         67108864
       Linker Generated:            0       160       0       
    +--+----------------------------+-------+---------+----------+
       Grand Total:                 36128   1329      67114464


LINKER GENERATED COPY TABLES

__TI_cinit_table @ 9400a828 records: 3, size/record: 8, table size: 24
	.fardata: load addr=9400a7a0, load size=0000006c bytes, run addr=9400a180, run size=0000031c bytes, compression=rle
	.far: load addr=9400a80c, load size=0000000b bytes, run addr=9400a4a0, run size=00000148 bytes, compression=rle
	.bss: load addr=9400a817, load size=00000009 bytes, run addr=9400a708, run size=0000005c bytes, compression=rle


LINKER GENERATED HANDLER TABLE

__TI_handler_table @ 9400a820 records: 2, size/record: 4, table size: 8
	index: 0, handler: __TI_decompress_rle24
	index: 1, handler: __TI_decompress_none


GLOBAL SYMBOLS: SORTED ALPHABETICALLY BY Name 

address   name                               
-------   ----                               
94008cc0  C$$EXIT                            
940086f8  C$$IO$$                            
940027c0  DDR_configure_eval                 
94002a24  DDR_end_eval                       
94002a04  DDR_start_eval                     
94002710  DSP_init                           
94007ea0  HOSTclose                          
94006e00  HOSTlseek                          
94006ee0  HOSTopen                           
94007960  HOSTread                           
94006260  HOSTrename                         
94007a20  HOSTunlink                         
94006fc0  HOSTwrite                          
9400a5e8  __CIOBUF_                          
9400a828  __TI_CINIT_Base                    
9400a840  __TI_CINIT_Limit                   
9400a820  __TI_Handler_Table_Base            
9400a828  __TI_Handler_Table_Limit           
94000000  __TI_STACK_END                     
04000000  __TI_STACK_SIZE                    
9400a708  __TI_STATIC_BASE                   
00001000  __TI_SYSMEM_SIZE                   
UNDEFED   __TI_TLS_INIT_Base                 
UNDEFED   __TI_TLS_INIT_Limit                
94007ae0  __TI_auto_init_nobinit_nopinit     
94007f40  __TI_cleanup                       
9400a478  __TI_cleanup_ptr                   
94006900  __TI_closefile                     
94008ce0  __TI_decompress_none               
94008d00  __TI_decompress_rle24              
94007ba0  __TI_doflush                       
9400a47c  __TI_dtors_ptr                     
9400a480  __TI_enable_exit_profile_output    
94005340  __TI_frcaddd                       
940065a0  __TI_frcmpyd                       
940089a0  __TI_frcmpyd_div                   
9400a494  __TI_ft_end                        
940070a0  __TI_ltoa                          
ffffffff  __TI_pprof_out_hndl                
94000000  __TI_printfi                       
ffffffff  __TI_prof_data_size                
ffffffff  __TI_prof_data_start               
940083a0  __TI_readmsg                       
94008420  __TI_renormd                       
94007de0  __TI_tls_init                      
9400a4a0  __TI_tmpnams                       
940086a0  __TI_writemsg                      
94007180  __TI_wrt_ok                        
ffffffff  __binit__                          
94005540  __c6xabi_addd                      
940039a0  __c6xabi_divd                      
94007c60  __c6xabi_divu                      
94005d20  __c6xabi_divul                     
94004ec0  __c6xabi_divull                    
94007fe0  __c6xabi_eqd                       
94008b60  __c6xabi_errno_addr                
940084a0  __c6xabi_fixdi                     
94008700  __c6xabi_fltid                     
94007260  __c6xabi_ged                       
94007340  __c6xabi_gtd                       
940089e0  __c6xabi_isinf                     
94007420  __c6xabi_led                       
94008520  __c6xabi_llshl                     
94008760  __c6xabi_llshru                    
94007500  __c6xabi_ltd                       
94005120  __c6xabi_mpyd                      
94008a20  __c6xabi_negd                      
94008080  __c6xabi_neqd                      
94008ba0  __c6xabi_pop_rts                   
94008bc0  __c6xabi_push_rts                  
94008a60  __c6xabi_subd                      
ffffffff  __c_args__                         
94007c60  __divu                             
9400a498  __errno                            
94008ba0  __pop_rts                          
94008bc0  __push_rts                         
94008aa0  _args_main                         
940085a0  _c_int00                           
9400a050  _ctypes_                           
9400a400  _device                            
9400a180  _ftable                            
9400a48c  _lock                              
94008be0  _nop                               
94008c60  _signbit                           
90000000  _stack                             
9400a360  _stream                            
940087c0  _subcull                           
94008d20  _sys_memory                        
94008c80  _system_post_cinit                 
94008ca0  _system_pre_init                   
9400a490  _unlock                            
94008cc0  abort                              
94006c00  atoi                               
940031a4  bank_stress_benchmark              
ffffffff  binit                              
9400318c  clear_tx_FIFO                      
940075e0  close                              
94002a68  cpu_microbenchmark_load            
94002838  cpu_microbenchmark_store           
94002ccc  cpu_pointer_chasing_microbenchmark 
94002968  critical_task_end_eval             
940027f4  critical_task_start_eval           
94002784  enable_CNT_MSTID                   
94003174  enable_FIFO                        
9400a498  errno                              
940076c0  exit                               
940081c0  finddevice                         
94006400  fputc                              
940046a0  fputs                              
940042e0  free                               
94005940  frexp                              
94005940  frexpl                             
94006d00  fseek                              
94003160  get_DDR3A_SDCFG_EBANK              
94003148  get_DDR3A_SDCFG_IBANK              
94003130  get_DDR3A_SDCFG_PAGESIZE           
940029cc  get_PERF_CNT_1                     
940029e0  get_PERF_CNT_2                     
940029f0  get_PERF_CNT_TIMER                 
940067e0  getdevice                          
94005b40  ldexp                              
94005b40  ldexpl                             
94008820  lseek                              
94002d0c  main                               
94005ee0  malloc                             
94002624  matrix_stress1_task                
94002530  matrix_stress2_task                
94008880  memccpy                            
94008260  memcpy                             
940077a0  memset                             
9400a5e0  parmbuf                            
940024d0  print_ARM_SBNDC_list               
94002480  print_SBNDC_Registers              
94007880  printf                             
94006400  putc                               
9400246c  read_ARM_SBNDC                     
94002454  read_CPUARBD                       
94002440  read_CPUARBE                       
94002428  read_CPUARBU                       
94002410  read_MDMAARBU                      
940023f8  read_MDMAARBX                      
940023e8  read_SBNDC                         
940023d0  read_SDMAARBD                      
940023b8  read_SDMAARBE                      
940023a4  read_SDMAARBU                      
94002390  read_UART_IER                      
940020c0  read_UART_LSR                      
94008620  remove                             
9400a708  result                             
9400a740  result_ddr_cycles_emif0            
9400a744  result_ddr_evt0_emif0              
9400a748  result_ddr_evt1_emif0              
94005b40  scalbn                             
94005b40  scalbnl                            
9400236c  set_DDR3A_PR_OLD_COUNT             
94002348  set_DDR3A_READ_EXECUTION_THRESHOLD 
94002324  set_DDR3A_SDCFG_EBANK              
94002300  set_DDR3A_SDCFG_IBANK              
940022d4  set_DDR3A_WRITE_EXECUTION_THRESHOLD
94002298  set_MSTID                          
94002254  set_PERF_CNT_EVENT                 
940060a0  setvbuf                            
940088e0  sprintf                            
9400a710  t1                                 
9400a718  t1_H                               
9400a720  t1_L                               
9400a74c  t1_ddr_cycles_emif0                
9400a750  t1_ddr_evt0_emif0                  
9400a754  t1_ddr_evt1_emif0                  
9400a728  t2                                 
9400a730  t2_H                               
9400a738  t2_L                               
9400a758  t2_ddr_cycles_emif0                
9400a75c  t2_ddr_evt0_emif0                  
9400a760  t2_ddr_evt1_emif0                  
94008620  unlink                             
94008b20  wcslen                             
94008940  write                              
94002234  write_ARM_SBNDC                    
94002214  write_CPUARBD                      
940021f4  write_CPUARBE                      
940021d4  write_CPUARBU                      
940021b4  write_MDMAARBU                     
9400219c  write_MDMAARBX                     
9400217c  write_SBNDC                        
94002164  write_SDMAARBD                     
9400214c  write_SDMAARBE                     
94002134  write_SDMAARBU                     
94002120  write_UART_IER                     
940020d4  write_UART_THR                     


GLOBAL SYMBOLS: SORTED BY Symbol Address 

address   name                               
-------   ----                               
00001000  __TI_SYSMEM_SIZE                   
04000000  __TI_STACK_SIZE                    
90000000  _stack                             
94000000  __TI_STACK_END                     
94000000  __TI_printfi                       
940020c0  read_UART_LSR                      
940020d4  write_UART_THR                     
94002120  write_UART_IER                     
94002134  write_SDMAARBU                     
9400214c  write_SDMAARBE                     
94002164  write_SDMAARBD                     
9400217c  write_SBNDC                        
9400219c  write_MDMAARBX                     
940021b4  write_MDMAARBU                     
940021d4  write_CPUARBU                      
940021f4  write_CPUARBE                      
94002214  write_CPUARBD                      
94002234  write_ARM_SBNDC                    
94002254  set_PERF_CNT_EVENT                 
94002298  set_MSTID                          
940022d4  set_DDR3A_WRITE_EXECUTION_THRESHOLD
94002300  set_DDR3A_SDCFG_IBANK              
94002324  set_DDR3A_SDCFG_EBANK              
94002348  set_DDR3A_READ_EXECUTION_THRESHOLD 
9400236c  set_DDR3A_PR_OLD_COUNT             
94002390  read_UART_IER                      
940023a4  read_SDMAARBU                      
940023b8  read_SDMAARBE                      
940023d0  read_SDMAARBD                      
940023e8  read_SBNDC                         
940023f8  read_MDMAARBX                      
94002410  read_MDMAARBU                      
94002428  read_CPUARBU                       
94002440  read_CPUARBE                       
94002454  read_CPUARBD                       
9400246c  read_ARM_SBNDC                     
94002480  print_SBNDC_Registers              
940024d0  print_ARM_SBNDC_list               
94002530  matrix_stress2_task                
94002624  matrix_stress1_task                
94002710  DSP_init                           
94002784  enable_CNT_MSTID                   
940027c0  DDR_configure_eval                 
940027f4  critical_task_start_eval           
94002838  cpu_microbenchmark_store           
94002968  critical_task_end_eval             
940029cc  get_PERF_CNT_1                     
940029e0  get_PERF_CNT_2                     
940029f0  get_PERF_CNT_TIMER                 
94002a04  DDR_start_eval                     
94002a24  DDR_end_eval                       
94002a68  cpu_microbenchmark_load            
94002ccc  cpu_pointer_chasing_microbenchmark 
94002d0c  main                               
94003130  get_DDR3A_SDCFG_PAGESIZE           
94003148  get_DDR3A_SDCFG_IBANK              
94003160  get_DDR3A_SDCFG_EBANK              
94003174  enable_FIFO                        
9400318c  clear_tx_FIFO                      
940031a4  bank_stress_benchmark              
940039a0  __c6xabi_divd                      
940042e0  free                               
940046a0  fputs                              
94004ec0  __c6xabi_divull                    
94005120  __c6xabi_mpyd                      
94005340  __TI_frcaddd                       
94005540  __c6xabi_addd                      
94005940  frexp                              
94005940  frexpl                             
94005b40  ldexp                              
94005b40  ldexpl                             
94005b40  scalbn                             
94005b40  scalbnl                            
94005d20  __c6xabi_divul                     
94005ee0  malloc                             
940060a0  setvbuf                            
94006260  HOSTrename                         
94006400  fputc                              
94006400  putc                               
940065a0  __TI_frcmpyd                       
940067e0  getdevice                          
94006900  __TI_closefile                     
94006c00  atoi                               
94006d00  fseek                              
94006e00  HOSTlseek                          
94006ee0  HOSTopen                           
94006fc0  HOSTwrite                          
940070a0  __TI_ltoa                          
94007180  __TI_wrt_ok                        
94007260  __c6xabi_ged                       
94007340  __c6xabi_gtd                       
94007420  __c6xabi_led                       
94007500  __c6xabi_ltd                       
940075e0  close                              
940076c0  exit                               
940077a0  memset                             
94007880  printf                             
94007960  HOSTread                           
94007a20  HOSTunlink                         
94007ae0  __TI_auto_init_nobinit_nopinit     
94007ba0  __TI_doflush                       
94007c60  __c6xabi_divu                      
94007c60  __divu                             
94007de0  __TI_tls_init                      
94007ea0  HOSTclose                          
94007f40  __TI_cleanup                       
94007fe0  __c6xabi_eqd                       
94008080  __c6xabi_neqd                      
940081c0  finddevice                         
94008260  memcpy                             
940083a0  __TI_readmsg                       
94008420  __TI_renormd                       
940084a0  __c6xabi_fixdi                     
94008520  __c6xabi_llshl                     
940085a0  _c_int00                           
94008620  remove                             
94008620  unlink                             
940086a0  __TI_writemsg                      
940086f8  C$$IO$$                            
94008700  __c6xabi_fltid                     
94008760  __c6xabi_llshru                    
940087c0  _subcull                           
94008820  lseek                              
94008880  memccpy                            
940088e0  sprintf                            
94008940  write                              
940089a0  __TI_frcmpyd_div                   
940089e0  __c6xabi_isinf                     
94008a20  __c6xabi_negd                      
94008a60  __c6xabi_subd                      
94008aa0  _args_main                         
94008b20  wcslen                             
94008b60  __c6xabi_errno_addr                
94008ba0  __c6xabi_pop_rts                   
94008ba0  __pop_rts                          
94008bc0  __c6xabi_push_rts                  
94008bc0  __push_rts                         
94008be0  _nop                               
94008c60  _signbit                           
94008c80  _system_post_cinit                 
94008ca0  _system_pre_init                   
94008cc0  C$$EXIT                            
94008cc0  abort                              
94008ce0  __TI_decompress_none               
94008d00  __TI_decompress_rle24              
94008d20  _sys_memory                        
9400a050  _ctypes_                           
9400a180  _ftable                            
9400a360  _stream                            
9400a400  _device                            
9400a478  __TI_cleanup_ptr                   
9400a47c  __TI_dtors_ptr                     
9400a480  __TI_enable_exit_profile_output    
9400a48c  _lock                              
9400a490  _unlock                            
9400a494  __TI_ft_end                        
9400a498  __errno                            
9400a498  errno                              
9400a4a0  __TI_tmpnams                       
9400a5e0  parmbuf                            
9400a5e8  __CIOBUF_                          
9400a708  __TI_STATIC_BASE                   
9400a708  result                             
9400a710  t1                                 
9400a718  t1_H                               
9400a720  t1_L                               
9400a728  t2                                 
9400a730  t2_H                               
9400a738  t2_L                               
9400a740  result_ddr_cycles_emif0            
9400a744  result_ddr_evt0_emif0              
9400a748  result_ddr_evt1_emif0              
9400a74c  t1_ddr_cycles_emif0                
9400a750  t1_ddr_evt0_emif0                  
9400a754  t1_ddr_evt1_emif0                  
9400a758  t2_ddr_cycles_emif0                
9400a75c  t2_ddr_evt0_emif0                  
9400a760  t2_ddr_evt1_emif0                  
9400a820  __TI_Handler_Table_Base            
9400a828  __TI_CINIT_Base                    
9400a828  __TI_Handler_Table_Limit           
9400a840  __TI_CINIT_Limit                   
ffffffff  __TI_pprof_out_hndl                
ffffffff  __TI_prof_data_size                
ffffffff  __TI_prof_data_start               
ffffffff  __binit__                          
ffffffff  __c_args__                         
ffffffff  binit                              
UNDEFED   __TI_TLS_INIT_Base                 
UNDEFED   __TI_TLS_INIT_Limit                

[190 symbols]
