Archive member included to satisfy reference by file (symbol)

c:/ti/ccs930/ccs/tools/compiler/gcc-arm-none-eabi-7-2017-q4-major-win32/bin/../lib/gcc/arm-none-eabi/7.2.1/../../../../arm-none-eabi/lib/thumb/v7-ar\libc.a(lib_a-exit.o)
                              c:/ti/ccs930/ccs/tools/compiler/gcc-arm-none-eabi-7-2017-q4-major-win32/bin/../lib/gcc/arm-none-eabi/7.2.1/../../../../arm-none-eabi/lib/thumb/v7-ar/rdimon-crt0.o (exit)
c:/ti/ccs930/ccs/tools/compiler/gcc-arm-none-eabi-7-2017-q4-major-win32/bin/../lib/gcc/arm-none-eabi/7.2.1/../../../../arm-none-eabi/lib/thumb/v7-ar\libc.a(lib_a-impure.o)
                              c:/ti/ccs930/ccs/tools/compiler/gcc-arm-none-eabi-7-2017-q4-major-win32/bin/../lib/gcc/arm-none-eabi/7.2.1/../../../../arm-none-eabi/lib/thumb/v7-ar\libc.a(lib_a-exit.o) (_global_impure_ptr)
c:/ti/ccs930/ccs/tools/compiler/gcc-arm-none-eabi-7-2017-q4-major-win32/bin/../lib/gcc/arm-none-eabi/7.2.1/../../../../arm-none-eabi/lib/thumb/v7-ar\libc.a(lib_a-init.o)
                              c:/ti/ccs930/ccs/tools/compiler/gcc-arm-none-eabi-7-2017-q4-major-win32/bin/../lib/gcc/arm-none-eabi/7.2.1/../../../../arm-none-eabi/lib/thumb/v7-ar/rdimon-crt0.o (__libc_init_array)
c:/ti/ccs930/ccs/tools/compiler/gcc-arm-none-eabi-7-2017-q4-major-win32/bin/../lib/gcc/arm-none-eabi/7.2.1/../../../../arm-none-eabi/lib/thumb/v7-ar\libc.a(lib_a-memset.o)
                              c:/ti/ccs930/ccs/tools/compiler/gcc-arm-none-eabi-7-2017-q4-major-win32/bin/../lib/gcc/arm-none-eabi/7.2.1/../../../../arm-none-eabi/lib/thumb/v7-ar/rdimon-crt0.o (memset)
c:/ti/ccs930/ccs/tools/compiler/gcc-arm-none-eabi-7-2017-q4-major-win32/bin/../lib/gcc/arm-none-eabi/7.2.1/../../../../arm-none-eabi/lib/thumb/v7-ar\libc.a(lib_a-printf.o)
                              ./main.o (printf)
c:/ti/ccs930/ccs/tools/compiler/gcc-arm-none-eabi-7-2017-q4-major-win32/bin/../lib/gcc/arm-none-eabi/7.2.1/../../../../arm-none-eabi/lib/thumb/v7-ar\libc.a(lib_a-sprintf.o)
                              ./main.o (sprintf)
c:/ti/ccs930/ccs/tools/compiler/gcc-arm-none-eabi-7-2017-q4-major-win32/bin/../lib/gcc/arm-none-eabi/7.2.1/../../../../arm-none-eabi/lib/thumb/v7-ar\libc.a(lib_a-strlen-stub.o)
                              ./main.o (strlen)
c:/ti/ccs930/ccs/tools/compiler/gcc-arm-none-eabi-7-2017-q4-major-win32/bin/../lib/gcc/arm-none-eabi/7.2.1/../../../../arm-none-eabi/lib/thumb/v7-ar\libc.a(lib_a-svfprintf.o)
                              c:/ti/ccs930/ccs/tools/compiler/gcc-arm-none-eabi-7-2017-q4-major-win32/bin/../lib/gcc/arm-none-eabi/7.2.1/../../../../arm-none-eabi/lib/thumb/v7-ar\libc.a(lib_a-sprintf.o) (_svfprintf_r)
c:/ti/ccs930/ccs/tools/compiler/gcc-arm-none-eabi-7-2017-q4-major-win32/bin/../lib/gcc/arm-none-eabi/7.2.1/../../../../arm-none-eabi/lib/thumb/v7-ar\libc.a(lib_a-vfprintf.o)
                              c:/ti/ccs930/ccs/tools/compiler/gcc-arm-none-eabi-7-2017-q4-major-win32/bin/../lib/gcc/arm-none-eabi/7.2.1/../../../../arm-none-eabi/lib/thumb/v7-ar\libc.a(lib_a-printf.o) (_vfprintf_r)
c:/ti/ccs930/ccs/tools/compiler/gcc-arm-none-eabi-7-2017-q4-major-win32/bin/../lib/gcc/arm-none-eabi/7.2.1/../../../../arm-none-eabi/lib/thumb/v7-ar\libc.a(lib_a-wsetup.o)
                              c:/ti/ccs930/ccs/tools/compiler/gcc-arm-none-eabi-7-2017-q4-major-win32/bin/../lib/gcc/arm-none-eabi/7.2.1/../../../../arm-none-eabi/lib/thumb/v7-ar\libc.a(lib_a-vfprintf.o) (__swsetup_r)
c:/ti/ccs930/ccs/tools/compiler/gcc-arm-none-eabi-7-2017-q4-major-win32/bin/../lib/gcc/arm-none-eabi/7.2.1/../../../../arm-none-eabi/lib/thumb/v7-ar\libc.a(lib_a-__call_atexit.o)
                              c:/ti/ccs930/ccs/tools/compiler/gcc-arm-none-eabi-7-2017-q4-major-win32/bin/../lib/gcc/arm-none-eabi/7.2.1/../../../../arm-none-eabi/lib/thumb/v7-ar\libc.a(lib_a-exit.o) (__call_exitprocs)
c:/ti/ccs930/ccs/tools/compiler/gcc-arm-none-eabi-7-2017-q4-major-win32/bin/../lib/gcc/arm-none-eabi/7.2.1/../../../../arm-none-eabi/lib/thumb/v7-ar\libc.a(lib_a-atexit.o)
                              c:/ti/ccs930/ccs/tools/compiler/gcc-arm-none-eabi-7-2017-q4-major-win32/bin/../lib/gcc/arm-none-eabi/7.2.1/../../../../arm-none-eabi/lib/thumb/v7-ar\libc.a(lib_a-__call_atexit.o) (atexit)
c:/ti/ccs930/ccs/tools/compiler/gcc-arm-none-eabi-7-2017-q4-major-win32/bin/../lib/gcc/arm-none-eabi/7.2.1/../../../../arm-none-eabi/lib/thumb/v7-ar\libc.a(lib_a-dtoa.o)
                              c:/ti/ccs930/ccs/tools/compiler/gcc-arm-none-eabi-7-2017-q4-major-win32/bin/../lib/gcc/arm-none-eabi/7.2.1/../../../../arm-none-eabi/lib/thumb/v7-ar\libc.a(lib_a-svfprintf.o) (_dtoa_r)
c:/ti/ccs930/ccs/tools/compiler/gcc-arm-none-eabi-7-2017-q4-major-win32/bin/../lib/gcc/arm-none-eabi/7.2.1/../../../../arm-none-eabi/lib/thumb/v7-ar\libc.a(lib_a-fflush.o)
[...]
Memory Configuration

Name             Origin             Length             Attributes
MSMC_SRAM        0x0c000000         0x00600000
DDR0             0x80000000         0x10000000
DDR1             0xc0000000         0x40000000
*default*        0x00000000         0xffffffff

Linker script and memory map

LOAD c:/ti/ccs930/ccs/tools/compiler/gcc-arm-none-eabi-7-2017-q4-major-win32/bin/../lib/gcc/arm-none-eabi/7.2.1/thumb/v7-ar/crti.o
LOAD c:/ti/ccs930/ccs/tools/compiler/gcc-arm-none-eabi-7-2017-q4-major-win32/bin/../lib/gcc/arm-none-eabi/7.2.1/thumb/v7-ar/crtbegin.o
LOAD c:/ti/ccs930/ccs/tools/compiler/gcc-arm-none-eabi-7-2017-q4-major-win32/bin/../lib/gcc/arm-none-eabi/7.2.1/../../../../arm-none-eabi/lib/thumb/v7-ar/rdimon-crt0.o
                0x04000000                STACKSIZE = 0x4000000
                0x00000400                HEAPSIZE = 0x400
LOAD ./main.o
LOAD ./startup_ARMCA15.o

.rsthand        0x80000000       0x7c
                0x80000000                . = ALIGN (0x10000)
 *(.isr_vector)
 .isr_vector    0x80000000       0x5c ./startup_ARMCA15.o
                0x80000000                __isr_vector
                0x80000058                DEF_IRQHandler
 *startup_ARMCA15.o(.text)
 .text          0x8000005c       0x20 ./startup_ARMCA15.o
                0x8000005c                Entry
                0x8000007c                . = ALIGN (0x4)

.text           0x80000080     0xbd90
 *(.text*)
 .text          0x80000080        0x0 c:/ti/ccs930/ccs/tools/compiler/gcc-arm-none-eabi-7-2017-q4-major-win32/bin/../lib/gcc/arm-none-eabi/7.2.1/thumb/v7-ar/crti.o
 .text          0x80000080       0x50 c:/ti/ccs930/ccs/tools/compiler/gcc-arm-none-eabi-7-2017-q4-major-win32/bin/../lib/gcc/arm-none-eabi/7.2.1/thumb/v7-ar/crtbegin.o
 .text          0x800000d0       0xe8 c:/ti/ccs930/ccs/tools/compiler/gcc-arm-none-eabi-7-2017-q4-major-win32/bin/../lib/gcc/arm-none-eabi/7.2.1/../../../../arm-none-eabi/lib/thumb/v7-ar/rdimon-crt0.o
                0x800000d0                _start
                0x800000d0                _mainCRTStartup
 .text          0x800001b8     0x181c ./main.o
                0x800001b8                cpu_microbenchmark_store
                0x800003c4                cpu_microbenchmark_load
                0x800005cc                cpu_pointer_chasing_microbenchmark
                0x80000828                bank_stress_benchmark
                0x80000938                matrix_stress1_task
                0x80000a94                matrix_stress2_task
                0x80000bf4                read_UART_LSR
                0x80000c04                write_UART_THR
                0x80000c5c                clear_tx_FIFO
                0x80000c74                enable_FIFO
                0x80000c8c                read_UART_IER
                0x80000c9c                write_UART_IER
                0x80000cac                read_SBNDC
                0x80000cc0                write_SBNDC
                0x80000cdc                print_SBNDC_Registers
                0x80000d20                read_ARM_SBNDC
                0x80000d2c                write_ARM_SBNDC
                0x80000d40                print_ARM_SBNDC_list
                0x80000d9c                get_PERF_CNT_1
                0x80000dac                get_PERF_CNT_2
                0x80000dbc                get_PERF_CNT_TIMER
                0x80000dcc                set_PERF_CNT_EVENT
                0x80000e18                enable_CNT_MSTID
                0x80000e5c                set_MSTID
                0x80000ea0                set_DDR3A_SDCFG_IBANK
                0x80000ebc                get_DDR3A_SDCFG_IBANK
                0x80000ed0                get_DDR3A_SDCFG_PAGESIZE
                0x80000ee4                set_DDR3A_SDCFG_EBANK
                0x80000f00                get_DDR3A_SDCFG_EBANK
                0x80000f14                set_DDR3A_PR_OLD_COUNT
                0x80000f30                set_DDR3A_READ_EXECUTION_THRESHOLD
                0x80000f4c                set_DDR3A_WRITE_EXECUTION_THRESHOLD
                0x80000f68                configure_AXI
                0x80000f74                counters_init
                0x80001034                critical_task_start_eval
                0x80001120                critical_task_end_eval
                0x800011c8                ARM_disable_caches
                0x800012f8                ARM_init
                0x800013b4                DDR_configure_eval
                0x80001424                DDR_start_eval
                0x80001468                DDR_end_eval
                0x80001510                main
 .text          0x800019d4        0x0 c:/ti/ccs930/ccs/tools/compiler/gcc-arm-none-eabi-7-2017-q4-major-win32/bin/../lib/gcc/arm-none-eabi/7.2.1/../../../../arm-none-eabi/lib/thumb/v7-ar\libc.a(lib_a-exit.o)
 .text.exit     0x800019d4       0x20 c:/ti/ccs930/ccs/tools/compiler/gcc-arm-none-eabi-7-2017-q4-major-win32/bin/../lib/gcc/arm-none-eabi/7.2.1/../../../../arm-none-eabi/lib/thumb/v7-ar\libc.a(lib_a-exit.o)
                0x800019d4                exit
 .text          0x800019f4        0x0 c:/ti/ccs930/ccs/tools/compiler/gcc-arm-none-eabi-7-2017-q4-major-win32/bin/../lib/gcc/arm-none-eabi/7.2.1/../../../../arm-none-eabi/lib/thumb/v7-ar\libc.a(lib_a-impure.o)
 .text          0x800019f4        0x0 c:/ti/ccs930/ccs/tools/compiler/gcc-arm-none-eabi-7-2017-q4-major-win32/bin/../lib/gcc/arm-none-eabi/7.2.1/../../../../arm-none-eabi/lib/thumb/v7-ar\libc.a(lib_a-init.o)
 .text.__libc_init_array
                0x800019f4       0x50 c:/ti/ccs930/ccs/tools/compiler/gcc-arm-none-eabi-7-2017-q4-major-win32/bin/../lib/gcc/arm-none-eabi/7.2.1/../../../../arm-none-eabi/lib/thumb/v7-ar\libc.a(lib_a-init.o)
                0x800019f4                __libc_init_array
 .text          0x80001a44        0x0 c:/ti/ccs930/ccs/tools/compiler/gcc-arm-none-eabi-7-2017-q4-major-win32/bin/../lib/gcc/arm-none-eabi/7.2.1/../../../../arm-none-eabi/lib/thumb/v7-ar\libc.a(lib_a-memset.o)
 .text.memset   0x80001a44       0x98 c:/ti/ccs930/ccs/tools/compiler/gcc-arm-none-eabi-7-2017-q4-major-win32/bin/../lib/gcc/arm-none-eabi/7.2.1/../../../../arm-none-eabi/lib/thumb/v7-ar\libc.a(lib_a-memset.o)
                0x80001a44                memset
 .text          0x80001adc        0x0 c:/ti/ccs930/ccs/tools/compiler/gcc-arm-none-eabi-7-2017-q4-major-win32/bin/../lib/gcc/arm-none-eabi/7.2.1/../../../../arm-none-eabi/lib/thumb/v7-ar\libc.a(lib_a-printf.o)
 .text._printf_r
                0x80001adc       0x20 c:/ti/ccs930/ccs/tools/compiler/gcc-arm-none-eabi-7-2017-q4-major-win32/bin/../lib/gcc/arm-none-eabi/7.2.1/../../../../arm-none-eabi/lib/thumb/v7-ar\libc.a(lib_a-printf.o)
                0x80001adc                _printf_r
 .text.printf   0x80001afc       0x2c c:/ti/ccs930/ccs/tools/compiler/gcc-arm-none-eabi-7-2017-q4-major-win32/bin/../lib/gcc/arm-none-eabi/7.2.1/../../../../arm-none-eabi/lib/thumb/v7-ar\libc.a(lib_a-printf.o)
                0x80001afc                printf
 .text          0x80001b28        0x0 c:/ti/ccs930/ccs/tools/compiler/gcc-arm-none-eabi-7-2017-q4-major-win32/bin/../lib/gcc/arm-none-eabi/7.2.1/../../../../arm-none-eabi/lib/thumb/v7-ar\libc.a(lib_a-sprintf.o)
 .text._sprintf_r
                0x80001b28       0x40 c:/ti/ccs930/ccs/tools/compiler/gcc-arm-none-eabi-7-2017-q4-major-win32/bin/../lib/gcc/arm-none-eabi/7.2.1/../../../../arm-none-eabi/lib/thumb/v7-ar\libc.a(lib_a-sprintf.o)
                0x80001b28                _sprintf_r
 .text.sprintf  0x80001b68       0x48 c:/ti/ccs930/ccs/tools/compiler/gcc-arm-none-eabi-7-2017-q4-major-win32/bin/../lib/gcc/arm-none-eabi/7.2.1/../../../../arm-none-eabi/lib/thumb/v7-ar\libc.a(lib_a-sprintf.o)
                0x80001b68                sprintf
 .text          0x80001bb0        0x0 c:/ti/ccs930/ccs/tools/compiler/gcc-arm-none-eabi-7-2017-q4-major-win32/bin/../lib/gcc/arm-none-eabi/7.2.1/../../../../arm-none-eabi/lib/thumb/v7-ar\libc.a(lib_a-strlen-stub.o)
 .text.strlen   0x80001bb0       0x5c c:/ti/ccs930/ccs/tools/compiler/gcc-arm-none-eabi-7-2017-q4-major-win32/bin/../lib/gcc/arm-none-eabi/7.2.1/../../../../arm-none-eabi/lib/thumb/v7-ar\libc.a(lib_a-strlen-stub.o)
                0x80001bb0                strlen
 .text          0x80001c0c        0x0 c:/ti/ccs930/ccs/tools/compiler/gcc-arm-none-eabi-7-2017-q4-major-win32/bin/../lib/gcc/arm-none-eabi/7.2.1/../../../../arm-none-eabi/lib/thumb/v7-ar\libc.a(lib_a-svfprintf.o)
 .text._svfprintf_r
                0x80001c0c     0x14d8 c:/ti/ccs930/ccs/tools/compiler/gcc-arm-none-eabi-7-2017-q4-major-win32/bin/../lib/gcc/arm-none-eabi/7.2.1/../../../../arm-none-eabi/lib/thumb/v7-ar\libc.a(lib_a-svfprintf.o)
                0x80001c0c                _svfprintf_r
 .text          0x800030e4        0x0 c:/ti/ccs930/ccs/tools/compiler/gcc-arm-none-eabi-7-2017-q4-major-win32/bin/../lib/gcc/arm-none-eabi/7.2.1/../../../../arm-none-eabi/lib/thumb/v7-ar\libc.a(lib_a-vfprintf.o)
 .text._vfprintf_r
                0x800030e4     0x15e0 c:/ti/ccs930/ccs/tools/compiler/gcc-arm-none-eabi-7-2017-q4-major-win32/bin/../lib/gcc/arm-none-eabi/7.2.1/../../../../arm-none-eabi/lib/thumb/v7-ar\libc.a(lib_a-vfprintf.o)
                0x800030e4                _vfprintf_r
 .text.vfprintf
                0x800046c4       0x18 c:/ti/ccs930/ccs/tools/compiler/gcc-arm-none-eabi-7-2017-q4-major-win32/bin/../lib/gcc/arm-none-eabi/7.2.1/../../../../arm-none-eabi/lib/thumb/v7-ar\libc.a(lib_a-vfprintf.o)
                0x800046c4                vfprintf
 .text.__sbprintf
                0x800046dc       0x88 c:/ti/ccs930/ccs/tools/compiler/gcc-arm-none-eabi-7-2017-q4-major-win32/bin/../lib/gcc/arm-none-eabi/7.2.1/../../../../arm-none-eabi/lib/thumb/v7-ar\libc.a(lib_a-vfprintf.o)
 .text          0x80004764        0x0 c:/ti/ccs930/ccs/tools/compiler/gcc-arm-none-eabi-7-2017-q4-major-win32/bin/../lib/gcc/arm-none-eabi/7.2.1/../../../../arm-none-eabi/lib/thumb/v7-ar\libc.a(lib_a-wsetup.o)
 .text.__swsetup_r
                0x80004764       0xc8 c:/ti/ccs930/ccs/tools/compiler/gcc-arm-none-eabi-7-2017-q4-major-win32/bin/../lib/gcc/arm-none-eabi/7.2.1/../../../../arm-none-eabi/lib/thumb/v7-ar\libc.a(lib_a-wsetup.o)
                0x80004764                __swsetup_r
 .text          0x8000482c        0x0 c:/ti/ccs930/ccs/tools/compiler/gcc-arm-none-eabi-7-2017-q4-major-win32/bin/../lib/gcc/arm-none-eabi/7.2.1/../../../../arm-none-eabi/lib/thumb/v7-ar\libc.a(lib_a-__call_atexit.o)
 .text.startup.register_fini
                0x8000482c       0x18 c:/ti/ccs930/ccs/tools/compiler/gcc-arm-none-eabi-7-2017-q4-major-win32/bin/../lib/gcc/arm-none-eabi/7.2.1/../../../../arm-none-eabi/lib/thumb/v7-ar\libc.a(lib_a-__call_atexit.o)
 .text.__call_exitprocs
                0x80004844       0xf8 c:/ti/ccs930/ccs/tools/compiler/gcc-arm-none-eabi-7-2017-q4-major-win32/bin/../lib/gcc/arm-none-eabi/7.2.1/../../../../arm-none-eabi/lib/thumb/v7-ar\libc.a(lib_a-__call_atexit.o)
                0x80004844                __call_exitprocs
 .text          0x8000493c        0x0 c:/ti/ccs930/ccs/tools/compiler/gcc-arm-none-eabi-7-2017-q4-major-win32/bin/../lib/gcc/arm-none-eabi/7.2.1/../../../../arm-none-eabi/lib/thumb/v7-ar\libc.a(lib_a-atexit.o)
 .text.atexit   0x8000493c        0xc c:/ti/ccs930/ccs/tools/compiler/gcc-arm-none-eabi-7-2017-q4-major-win32/bin/../lib/gcc/arm-none-eabi/7.2.1/../../../../arm-none-eabi/lib/thumb/v7-ar\libc.a(lib_a-atexit.o)
                0x8000493c                atexit
 .text          0x80004948        0x0 c:/ti/ccs930/ccs/tools/compiler/gcc-arm-none-eabi-7-2017-q4-major-win32/bin/../lib/gcc/arm-none-eabi/7.2.1/../../../../arm-none-eabi/lib/thumb/v7-ar\libc.a(lib_a-dtoa.o)
 .text.quorem   0x80004948      0x140 c:/ti/ccs930/ccs/tools/compiler/gcc-arm-none-eabi-7-2017-q4-major-win32/bin/../lib/gcc/arm-none-eabi/7.2.1/../../../../arm-none-eabi/lib/thumb/v7-ar\libc.a(lib_a-dtoa.o)
 .text._dtoa_r  0x80004a88      0xf14 c:/ti/ccs930/ccs/tools/compiler/gcc-arm-none-eabi-7-2017-q4-major-win32/bin/../lib/gcc/arm-none-eabi/7.2.1/../../../../arm-none-eabi/lib/thumb/v7-ar\libc.a(lib_a-dtoa.o)
                0x80004a88                _dtoa_r
 .text          0x8000599c        0x0 c:/ti/ccs930/ccs/tools/compiler/gcc-arm-none-eabi-7-2017-q4-major-win32/bin/../lib/gcc/arm-none-eabi/7.2.1/../../../../arm-none-eabi/lib/thumb/v7-ar\libc.a(lib_a-fflush.o)
 .text.__sflush_r
                0x8000599c      0x158 c:/ti/ccs930/ccs/tools/compiler/gcc-arm-none-eabi-7-2017-q4-major-win32/bin/../lib/gcc/arm-none-eabi/7.2.1/../../../../arm-none-eabi/lib/thumb/v7-ar\libc.a(lib_a-fflush.o)
                0x8000599c                __sflush_r
 .text._fflush_r
                0x80005af4       0x5c c:/ti/ccs930/ccs/tools/compiler/gcc-arm-none-eabi-7-2017-q4-major-win32/bin/../lib/gcc/arm-none-eabi/7.2.1/../../../../arm-none-eabi/lib/thumb/v7-ar\libc.a(lib_a-fflush.o)
                0x80005af4                _fflush_r
 .text.fflush   0x80005b50       0x28 c:/ti/ccs930/ccs/tools/compiler/gcc-arm-none-eabi-7-2017-q4-major-win32/bin/../lib/gcc/arm-none-eabi/7.2.1/../../../../arm-none-eabi/lib/thumb/v7-ar\libc.a(lib_a-fflush.o)
                0x80005b50                fflush
 .text          0x80005b78        0x0 c:/ti/ccs930/ccs/tools/compiler/gcc-arm-none-eabi-7-2017-q4-major-win32/bin/../lib/gcc/arm-none-eabi/7.2.1/../../../../arm-none-eabi/lib/thumb/v7-ar\libc.a(lib_a-findfp.o)
 .text.std      0x80005b78       0x58 c:/ti/ccs930/ccs/tools/compiler/gcc-arm-none-eabi-7-2017-q4-major-win32/bin/../lib/gcc/arm-none-eabi/7.2.1/../../../../arm-none-eabi/lib/thumb/v7-ar\libc.a(lib_a-findfp.o)
 .text._cleanup_r
                0x80005bd0        0xc c:/ti/ccs930/ccs/tools/compiler/gcc-arm-none-eabi-7-2017-q4-major-win32/bin/../lib/gcc/arm-none-eabi/7.2.1/../../../../arm-none-eabi/lib/thumb/v7-ar\libc.a(lib_a-findfp.o)
                0x80005bd0                _cleanup_r
 .text.__fp_lock
                0x80005bdc       0x1c c:/ti/ccs930/ccs/tools/compiler/gcc-arm-none-eabi-7-2017-q4-major-win32/bin/../lib/gcc/arm-none-eabi/7.2.1/../../../../arm-none-eabi/lib/thumb/v7-ar\libc.a(lib_a-findfp.o)
 .text.__fp_unlock
                0x80005bf8       0x1c c:/ti/ccs930/ccs/tools/compiler/gcc-arm-none-eabi-7-2017-q4-major-win32/bin/../lib/gcc/arm-none-eabi/7.2.1/../../../../arm-none-eabi/lib/thumb/v7-ar\libc.a(lib_a-findfp.o)
 .text.__sfmoreglue
                0x80005c14       0x30 c:/ti/ccs930/ccs/tools/compiler/gcc-arm-none-eabi-7-2017-q4-major-win32/bin/../lib/gcc/arm-none-eabi/7.2.1/../../../../arm-none-eabi/lib/thumb/v7-ar\libc.a(lib_a-findfp.o)
                0x80005c14                __sfmoreglue
 .text._cleanup
                0x80005c44       0x18 c:/ti/ccs930/ccs/tools/compiler/gcc-arm-none-eabi-7-2017-q4-major-win32/bin/../lib/gcc/arm-none-eabi/7.2.1/../../../../arm-none-eabi/lib/thumb/v7-ar\libc.a(lib_a-findfp.o)
                0x80005c44                _cleanup
 .text.__sinit  0x80005c5c       0x70 c:/ti/ccs930/ccs/tools/compiler/gcc-arm-none-eabi-7-2017-q4-major-win32/bin/../lib/gcc/arm-none-eabi/7.2.1/../../../../arm-none-eabi/lib/thumb/v7-ar\libc.a(lib_a-findfp.o)
                0x80005c5c                __sinit
 .text.__sfp    0x80005ccc       0xb4 c:/ti/ccs930/ccs/tools/compiler/gcc-arm-none-eabi-7-2017-q4-major-win32/bin/../lib/gcc/arm-none-eabi/7.2.1/../../../../arm-none-eabi/lib/thumb/v7-ar\libc.a(lib_a-findfp.o)
                0x80005ccc                __sfp
 .text.__sfp_lock_acquire
                0x80005d80        0xc c:/ti/ccs930/ccs/tools/compiler/gcc-arm-none-eabi-7-2017-q4-major-win32/bin/../lib/gcc/arm-none-eabi/7.2.1/../../../../arm-none-eabi/lib/thumb/v7-ar\libc.a(lib_a-findfp.o)
                0x80005d80                __sfp_lock_acquire
 .text.__sfp_lock_release
                0x80005d8c        0xc c:/ti/ccs930/ccs/tools/compiler/gcc-arm-none-eabi-7-2017-q4-major-win32/bin/../lib/gcc/arm-none-eabi/7.2.1/../../../../arm-none-eabi/lib/thumb/v7-ar\libc.a(lib_a-findfp.o)
                0x80005d8c                __sfp_lock_release
 .text.__sinit_lock_acquire
                0x80005d98        0xc c:/ti/ccs930/ccs/tools/compiler/gcc-arm-none-eabi-7-2017-q4-major-win32/bin/../lib/gcc/arm-none-eabi/7.2.1/../../../../arm-none-eabi/lib/thumb/v7-ar\libc.a(lib_a-findfp.o)
                0x80005d98                __sinit_lock_acquire
 .text.__sinit_lock_release
                0x80005da4        0xc c:/ti/ccs930/ccs/tools/compiler/gcc-arm-none-eabi-7-2017-q4-major-win32/bin/../lib/gcc/arm-none-eabi/7.2.1/../../../../arm-none-eabi/lib/thumb/v7-ar\libc.a(lib_a-findfp.o)
                0x80005da4                __sinit_lock_release
 .text.__fp_lock_all
                0x80005db0       0x28 c:/ti/ccs930/ccs/tools/compiler/gcc-arm-none-eabi-7-2017-q4-major-win32/bin/../lib/gcc/arm-none-eabi/7.2.1/../../../../arm-none-eabi/lib/thumb/v7-ar\libc.a(lib_a-findfp.o)
                0x80005db0                __fp_lock_all
 .text.__fp_unlock_all
                0x80005dd8       0x28 c:/ti/ccs930/ccs/tools/compiler/gcc-arm-none-eabi-7-2017-q4-major-win32/bin/../lib/gcc/arm-none-eabi/7.2.1/../../../../arm-none-eabi/lib/thumb/v7-ar\libc.a(lib_a-findfp.o)
                0x80005dd8                __fp_unlock_all
 .text          0x80005e00        0x0 c:/ti/ccs930/ccs/tools/compiler/gcc-arm-none-eabi-7-2017-q4-major-win32/bin/../lib/gcc/arm-none-eabi/7.2.1/../../../../arm-none-eabi/lib/thumb/v7-ar\libc.a(lib_a-fini.o)
 .text.__libc_fini_array
                0x80005e00       0x30 c:/ti/ccs930/ccs/tools/compiler/gcc-arm-none-eabi-7-2017-q4-major-win32/bin/../lib/gcc/arm-none-eabi/7.2.1/../../../../arm-none-eabi/lib/thumb/v7-ar\libc.a(lib_a-fini.o)
                0x80005e00                __libc_fini_array
 .text          0x80005e30        0x0 c:/ti/ccs930/ccs/tools/compiler/gcc-arm-none-eabi-7-2017-q4-major-win32/bin/../lib/gcc/arm-none-eabi/7.2.1/../../../../arm-none-eabi/lib/thumb/v7-ar\libc.a(lib_a-freer.o)
 .text._malloc_trim_r
                0x80005e30       0xac c:/ti/ccs930/ccs/tools/compiler/gcc-arm-none-eabi-7-2017-q4-major-win32/bin/../lib/gcc/arm-none-eabi/7.2.1/../../../../arm-none-eabi/lib/thumb/v7-ar\libc.a(lib_a-freer.o)
                0x80005e30                _malloc_trim_r
 .text._free_r  0x80005edc      0x1ec c:/ti/ccs930/ccs/tools/compiler/gcc-arm-none-eabi-7-2017-q4-major-win32/bin/../lib/gcc/arm-none-eabi/7.2.1/../../../../arm-none-eabi/lib/thumb/v7-ar\libc.a(lib_a-freer.o)
                0x80005edc                _free_r
 .text          0x800060c8        0x0 c:/ti/ccs930/ccs/tools/compiler/gcc-arm-none-eabi-7-2017-q4-major-win32/bin/../lib/gcc/arm-none-eabi/7.2.1/../../../../arm-none-eabi/lib/thumb/v7-ar\libc.a(lib_a-fwalk.o)
 .text._fwalk   0x800060c8       0x44 c:/ti/ccs930/ccs/tools/compiler/gcc-arm-none-eabi-7-2017-q4-major-win32/bin/../lib/gcc/arm-none-eabi/7.2.1/../../../../arm-none-eabi/lib/thumb/v7-ar\libc.a(lib_a-fwalk.o)
                0x800060c8                _fwalk
 .text._fwalk_reent
                0x8000610c       0x4c c:/ti/ccs930/ccs/tools/compiler/gcc-arm-none-eabi-7-2017-q4-major-win32/bin/../lib/gcc/arm-none-eabi/7.2.1/../../../../arm-none-eabi/lib/thumb/v7-ar\libc.a(lib_a-fwalk.o)
                0x8000610c                _fwalk_reent
 .text          0x80006158        0x0 c:/ti/ccs930/ccs/tools/compiler/gcc-arm-none-eabi-7-2017-q4-major-win32/bin/../lib/gcc/arm-none-eabi/7.2.1/../../../../arm-none-eabi/lib/thumb/v7-ar\libc.a(lib_a-localeconv.o)
 .text.__localeconv_l
                0x80006158        0x4 c:/ti/ccs930/ccs/tools/compiler/gcc-arm-none-eabi-7-2017-q4-major-win32/bin/../lib/gcc/arm-none-eabi/7.2.1/../../../../arm-none-eabi/lib/thumb/v7-ar\libc.a(lib_a-localeconv.o)
                0x80006158                __localeconv_l
 .text._localeconv_r
                0x8000615c       0x20 c:/ti/ccs930/ccs/tools/compiler/gcc-arm-none-eabi-7-2017-q4-major-win32/bin/../lib/gcc/arm-none-eabi/7.2.1/../../../../arm-none-eabi/lib/thumb/v7-ar\libc.a(lib_a-localeconv.o)
                0x8000615c                _localeconv_r
 .text.localeconv
                0x8000617c       0x20 c:/ti/ccs930/ccs/tools/compiler/gcc-arm-none-eabi-7-2017-q4-major-win32/bin/../lib/gcc/arm-none-eabi/7.2.1/../../../../arm-none-eabi/lib/thumb/v7-ar\libc.a(lib_a-localeconv.o)
                0x8000617c                localeconv
 .text          0x8000619c        0x0 c:/ti/ccs930/ccs/tools/compiler/gcc-arm-none-eabi-7-2017-q4-major-win32/bin/../lib/gcc/arm-none-eabi/7.2.1/../../../../arm-none-eabi/lib/thumb/v7-ar\libc.a(lib_a-lock.o)
 .text.__retarget_lock_init
                0x8000619c        0x4 c:/ti/ccs930/ccs/tools/compiler/gcc-arm-none-eabi-7-2017-q4-major-win32/bin/../lib/gcc/arm-none-eabi/7.2.1/../../../../arm-none-eabi/lib/thumb/v7-ar\libc.a(lib_a-lock.o)
                0x8000619c                __retarget_lock_init
 .text.__retarget_lock_init_recursive
                0x800061a0        0x4 c:/ti/ccs930/ccs/tools/compiler/gcc-arm-none-eabi-7-2017-q4-major-win32/bin/../lib/gcc/arm-none-eabi/7.2.1/../../../../arm-none-eabi/lib/thumb/v7-ar\libc.a(lib_a-lock.o)
                0x800061a0                __retarget_lock_init_recursive
 .text.__retarget_lock_close
                0x800061a4        0x4 c:/ti/ccs930/ccs/tools/compiler/gcc-arm-none-eabi-7-2017-q4-major-win32/bin/../lib/gcc/arm-none-eabi/7.2.1/../../../../arm-none-eabi/lib/thumb/v7-ar\libc.a(lib_a-lock.o)
                0x800061a4                __retarget_lock_close
 .text.__retarget_lock_close_recursive
                0x800061a8        0x4 c:/ti/ccs930/ccs/tools/compiler/gcc-arm-none-eabi-7-2017-q4-major-win32/bin/../lib/gcc/arm-none-eabi/7.2.1/../../../../arm-none-eabi/lib/thumb/v7-ar\libc.a(lib_a-lock.o)
                0x800061a8                __retarget_lock_close_recursive
 .text.__retarget_lock_acquire
                0x800061ac        0x4 c:/ti/ccs930/ccs/tools/compiler/gcc-arm-none-eabi-7-2017-q4-major-win32/bin/../lib/gcc/arm-none-eabi/7.2.1/../../../../arm-none-eabi/lib/thumb/v7-ar\libc.a(lib_a-lock.o)
                0x800061ac                __retarget_lock_acquire
 .text.__retarget_lock_acquire_recursive
                0x800061b0        0x4 c:/ti/ccs930/ccs/tools/compiler/gcc-arm-none-eabi-7-2017-q4-major-win32/bin/../lib/gcc/arm-none-eabi/7.2.1/../../../../arm-none-eabi/lib/thumb/v7-ar\libc.a(lib_a-lock.o)
                0x800061b0                __retarget_lock_acquire_recursive
 .text.__retarget_lock_try_acquire
                0x800061b4        0x4 c:/ti/ccs930/ccs/tools/compiler/gcc-arm-none-eabi-7-2017-q4-major-win32/bin/../lib/gcc/arm-none-eabi/7.2.1/../../../../arm-none-eabi/lib/thumb/v7-ar\libc.a(lib_a-lock.o)
                0x800061b4                __retarget_lock_try_acquire
 .text.__retarget_lock_try_acquire_recursive
                0x800061b8        0x4 c:/ti/ccs930/ccs/tools/compiler/gcc-arm-none-eabi-7-2017-q4-major-win32/bin/../lib/gcc/arm-none-eabi/7.2.1/../../../../arm-none-eabi/lib/thumb/v7-ar\libc.a(lib_a-lock.o)
                0x800061b8                __retarget_lock_try_acquire_recursive
 .text.__retarget_lock_release
                0x800061bc        0x4 c:/ti/ccs930/ccs/tools/compiler/gcc-arm-none-eabi-7-2017-q4-major-win32/bin/../lib/gcc/arm-none-eabi/7.2.1/../../../../arm-none-eabi/lib/thumb/v7-ar\libc.a(lib_a-lock.o)
                0x800061bc                __retarget_lock_release
 .text.__retarget_lock_release_recursive
                0x800061c0        0x4 c:/ti/ccs930/ccs/tools/compiler/gcc-arm-none-eabi-7-2017-q4-major-win32/bin/../lib/gcc/arm-none-eabi/7.2.1/../../../../arm-none-eabi/lib/thumb/v7-ar\libc.a(lib_a-lock.o)
                0x800061c0                __retarget_lock_release_recursive
 .text          0x800061c4        0x0 c:/ti/ccs930/ccs/tools/compiler/gcc-arm-none-eabi-7-2017-q4-major-win32/bin/../lib/gcc/arm-none-eabi/7.2.1/../../../../arm-none-eabi/lib/thumb/v7-ar\libc.a(lib_a-makebuf.o)
 .text.__swhatbuf_r
                0x800061c4       0x5c c:/ti/ccs930/ccs/tools/compiler/gcc-arm-none-eabi-7-2017-q4-major-win32/bin/../lib/gcc/arm-none-eabi/7.2.1/../../../../arm-none-eabi/lib/thumb/v7-ar\libc.a(lib_a-makebuf.o)
                0x800061c4                __swhatbuf_r
 .text.__smakebuf_r
                0x80006220       0x9c c:/ti/ccs930/ccs/tools/compiler/gcc-arm-none-eabi-7-2017-q4-major-win32/bin/../lib/gcc/arm-none-eabi/7.2.1/../../../../arm-none-eabi/lib/thumb/v7-ar\libc.a(lib_a-makebuf.o)
                0x80006220                __smakebuf_r
 .text          0x800062bc        0x0 c:/ti/ccs930/ccs/tools/compiler/gcc-arm-none-eabi-7-2017-q4-major-win32/bin/../lib/gcc/arm-none-eabi/7.2.1/../../../../arm-none-eabi/lib/thumb/v7-ar\libc.a(lib_a-mallocr.o)
 .text._malloc_r
                0x800062bc      0x580 c:/ti/ccs930/ccs/tools/compiler/gcc-arm-none-eabi-7-2017-q4-major-win32/bin/../lib/gcc/arm-none-eabi/7.2.1/../../../../arm-none-eabi/lib/thumb/v7-ar\libc.a(lib_a-mallocr.o)
                0x800062bc                _malloc_r
 .text          0x8000683c        0x0 c:/ti/ccs930/ccs/tools/compiler/gcc-arm-none-eabi-7-2017-q4-major-win32/bin/../lib/gcc/arm-none-eabi/7.2.1/../../../../arm-none-eabi/lib/thumb/v7-ar\libc.a(lib_a-memchr-stub.o)
 .text.memchr   0x8000683c       0x8c c:/ti/ccs930/ccs/tools/compiler/gcc-arm-none-eabi-7-2017-q4-major-win32/bin/../lib/gcc/arm-none-eabi/7.2.1/../../../../arm-none-eabi/lib/thumb/v7-ar\libc.a(lib_a-memchr-stub.o)
                0x8000683c                memchr
 .text          0x800068c8       0xec c:/ti/ccs930/ccs/tools/compiler/gcc-arm-none-eabi-7-2017-q4-major-win32/bin/../lib/gcc/arm-none-eabi/7.2.1/../../../../arm-none-eabi/lib/thumb/v7-ar\libc.a(lib_a-memcpy.o)
                0x800068c8                memcpy
 .text          0x800069b4        0x0 c:/ti/ccs930/ccs/tools/compiler/gcc-arm-none-eabi-7-2017-q4-major-win32/bin/../lib/gcc/arm-none-eabi/7.2.1/../../../../arm-none-eabi/lib/thumb/v7-ar\libc.a(lib_a-mlock.o)
 .text.__malloc_lock
                0x800069b4        0xc c:/ti/ccs930/ccs/tools/compiler/gcc-arm-none-eabi-7-2017-q4-major-win32/bin/../lib/gcc/arm-none-eabi/7.2.1/../../../../arm-none-eabi/lib/thumb/v7-ar\libc.a(lib_a-mlock.o)
                0x800069b4                __malloc_lock
 .text.__malloc_unlock
                0x800069c0        0xc c:/ti/ccs930/ccs/tools/compiler/gcc-arm-none-eabi-7-2017-q4-major-win32/bin/../lib/gcc/arm-none-eabi/7.2.1/../../../../arm-none-eabi/lib/thumb/v7-ar\libc.a(lib_a-mlock.o)
                0x800069c0                __malloc_unlock
 .text          0x800069cc        0x0 c:/ti/ccs930/ccs/tools/compiler/gcc-arm-none-eabi-7-2017-q4-major-win32/bin/../lib/gcc/arm-none-eabi/7.2.1/../../../../arm-none-eabi/lib/thumb/v7-ar\libc.a(lib_a-mprec.o)
 .text._Balloc  0x800069cc       0x4c c:/ti/ccs930/ccs/tools/compiler/gcc-arm-none-eabi-7-2017-q4-major-win32/bin/../lib/gcc/arm-none-eabi/7.2.1/../../../../arm-none-eabi/lib/thumb/v7-ar\libc.a(lib_a-mprec.o)
                0x800069cc                _Balloc
 .text._Bfree   0x80006a18       0x14 c:/ti/ccs930/ccs/tools/compiler/gcc-arm-none-eabi-7-2017-q4-major-win32/bin/../lib/gcc/arm-none-eabi/7.2.1/../../../../arm-none-eabi/lib/thumb/v7-ar\libc.a(lib_a-mprec.o)
                0x80006a18                _Bfree
 .text.__multadd
                0x80006a2c       0x88 c:/ti/ccs930/ccs/tools/compiler/gcc-arm-none-eabi-7-2017-q4-major-win32/bin/../lib/gcc/arm-none-eabi/7.2.1/../../../../arm-none-eabi/lib/thumb/v7-ar\libc.a(lib_a-mprec.o)
                0x80006a2c                __multadd
 .text.__s2b    0x80006ab4       0x98 c:/ti/ccs930/ccs/tools/compiler/gcc-arm-none-eabi-7-2017-q4-major-win32/bin/../lib/gcc/arm-none-eabi/7.2.1/../../../../arm-none-eabi/lib/thumb/v7-ar\libc.a(lib_a-mprec.o)
                0x80006ab4                __s2b
 .text.__hi0bits
                0x80006b4c       0x3c c:/ti/ccs930/ccs/tools/compiler/gcc-arm-none-eabi-7-2017-q4-major-win32/bin/../lib/gcc/arm-none-eabi/7.2.1/../../../../arm-none-eabi/lib/thumb/v7-ar\libc.a(lib_a-mprec.o)
                0x80006b4c                __hi0bits
 .text.__lo0bits
                0x80006b88       0x5c c:/ti/ccs930/ccs/tools/compiler/gcc-arm-none-eabi-7-2017-q4-major-win32/bin/../lib/gcc/arm-none-eabi/7.2.1/../../../../arm-none-eabi/lib/thumb/v7-ar\libc.a(lib_a-mprec.o)
                0x80006b88                __lo0bits
 .text.__i2b    0x80006be4       0x14 c:/ti/ccs930/ccs/tools/compiler/gcc-arm-none-eabi-7-2017-q4-major-win32/bin/../lib/gcc/arm-none-eabi/7.2.1/../../../../arm-none-eabi/lib/thumb/v7-ar\libc.a(lib_a-mprec.o)
                0x80006be4                __i2b
 .text.__multiply
                0x80006bf8      0x158 c:/ti/ccs930/ccs/tools/compiler/gcc-arm-none-eabi-7-2017-q4-major-win32/bin/../lib/gcc/arm-none-eabi/7.2.1/../../../../arm-none-eabi/lib/thumb/v7-ar\libc.a(lib_a-mprec.o)
                0x80006bf8                __multiply
 .text.__pow5mult
                0x80006d50       0xa4 c:/ti/ccs930/ccs/tools/compiler/gcc-arm-none-eabi-7-2017-q4-major-win32/bin/../lib/gcc/arm-none-eabi/7.2.1/../../../../arm-none-eabi/lib/thumb/v7-ar\libc.a(lib_a-mprec.o)
                0x80006d50                __pow5mult
 .text.__lshift
                0x80006df4       0xb8 c:/ti/ccs930/ccs/tools/compiler/gcc-arm-none-eabi-7-2017-q4-major-win32/bin/../lib/gcc/arm-none-eabi/7.2.1/../../../../arm-none-eabi/lib/thumb/v7-ar\libc.a(lib_a-mprec.o)
                0x80006df4                __lshift
 .text.__mcmp   0x80006eac       0x38 c:/ti/ccs930/ccs/tools/compiler/gcc-arm-none-eabi-7-2017-q4-major-win32/bin/../lib/gcc/arm-none-eabi/7.2.1/../../../../arm-none-eabi/lib/thumb/v7-ar\libc.a(lib_a-mprec.o)
                0x80006eac                __mcmp
 .text.__mdiff  0x80006ee4      0x108 c:/ti/ccs930/ccs/tools/compiler/gcc-arm-none-eabi-7-2017-q4-major-win32/bin/../lib/gcc/arm-none-eabi/7.2.1/../../../../arm-none-eabi/lib/thumb/v7-ar\libc.a(lib_a-mprec.o)
                0x80006ee4                __mdiff
 .text.__ulp    0x80006fec       0x44 c:/ti/ccs930/ccs/tools/compiler/gcc-arm-none-eabi-7-2017-q4-major-win32/bin/../lib/gcc/arm-none-eabi/7.2.1/../../../../arm-none-eabi/lib/thumb/v7-ar\libc.a(lib_a-mprec.o)
                0x80006fec                __ulp
 .text.__b2d    0x80007030       0xc0 c:/ti/ccs930/ccs/tools/compiler/gcc-arm-none-eabi-7-2017-q4-major-win32/bin/../lib/gcc/arm-none-eabi/7.2.1/../../../../arm-none-eabi/lib/thumb/v7-ar\libc.a(lib_a-mprec.o)
                0x80007030                __b2d
 .text.__d2b    0x800070f0       0xac c:/ti/ccs930/ccs/tools/compiler/gcc-arm-none-eabi-7-2017-q4-major-win32/bin/../lib/gcc/arm-none-eabi/7.2.1/../../../../arm-none-eabi/lib/thumb/v7-ar\libc.a(lib_a-mprec.o)
                0x800070f0                __d2b
 .text.__ratio  0x8000719c       0x68 c:/ti/ccs930/ccs/tools/compiler/gcc-arm-none-eabi-7-2017-q4-major-win32/bin/../lib/gcc/arm-none-eabi/7.2.1/../../../../arm-none-eabi/lib/thumb/v7-ar\libc.a(lib_a-mprec.o)
                0x8000719c                __ratio
 .text._mprec_log10
                0x80007204       0x38 c:/ti/ccs930/ccs/tools/compiler/gcc-arm-none-eabi-7-2017-q4-major-win32/bin/../lib/gcc/arm-none-eabi/7.2.1/../../../../arm-none-eabi/lib/thumb/v7-ar\libc.a(lib_a-mprec.o)
                0x80007204                _mprec_log10
 .text.__copybits
                0x8000723c       0x48 c:/ti/ccs930/ccs/tools/compiler/gcc-arm-none-eabi-7-2017-q4-major-win32/bin/../lib/gcc/arm-none-eabi/7.2.1/../../../../arm-none-eabi/lib/thumb/v7-ar\libc.a(lib_a-mprec.o)
                0x8000723c                __copybits
 .text.__any_on
                0x80007284       0x58 c:/ti/ccs930/ccs/tools/compiler/gcc-arm-none-eabi-7-2017-q4-major-win32/bin/../lib/gcc/arm-none-eabi/7.2.1/../../../../arm-none-eabi/lib/thumb/v7-ar\libc.a(lib_a-mprec.o)
                0x80007284                __any_on
 .text          0x800072dc        0x0 c:/ti/ccs930/ccs/tools/compiler/gcc-arm-none-eabi-7-2017-q4-major-win32/bin/../lib/gcc/arm-none-eabi/7.2.1/../../../../arm-none-eabi/lib/thumb/v7-ar\libc.a(lib_a-sbrkr.o)
 .text._sbrk_r  0x800072dc       0x28 c:/ti/ccs930/ccs/tools/compiler/gcc-arm-none-eabi-7-2017-q4-major-win32/bin/../lib/gcc/arm-none-eabi/7.2.1/../../../../arm-none-eabi/lib/thumb/v7-ar\libc.a(lib_a-sbrkr.o)
                0x800072dc                _sbrk_r
 .text          0x80007304        0x0 c:/ti/ccs930/ccs/tools/compiler/gcc-arm-none-eabi-7-2017-q4-major-win32/bin/../lib/gcc/arm-none-eabi/7.2.1/../../../../arm-none-eabi/lib/thumb/v7-ar\libc.a(lib_a-stdio.o)
 .text.__sread  0x80007304       0x24 c:/ti/ccs930/ccs/tools/compiler/gcc-arm-none-eabi-7-2017-q4-major-win32/bin/../lib/gcc/arm-none-eabi/7.2.1/../../../../arm-none-eabi/lib/thumb/v7-ar\libc.a(lib_a-stdio.o)
                0x80007304                __sread
 .text.__seofread
                0x80007328        0x4 c:/ti/ccs930/ccs/tools/compiler/gcc-arm-none-eabi-7-2017-q4-major-win32/bin/../lib/gcc/arm-none-eabi/7.2.1/../../../../arm-none-eabi/lib/thumb/v7-ar\libc.a(lib_a-stdio.o)
                0x80007328                __seofread
 .text.__swrite
                0x8000732c       0x3c c:/ti/ccs930/ccs/tools/compiler/gcc-arm-none-eabi-7-2017-q4-major-win32/bin/../lib/gcc/arm-none-eabi/7.2.1/../../../../arm-none-eabi/lib/thumb/v7-ar\libc.a(lib_a-stdio.o)
                0x8000732c                __swrite
 .text.__sseek  0x80007368       0x20 c:/ti/ccs930/ccs/tools/compiler/gcc-arm-none-eabi-7-2017-q4-major-win32/bin/../lib/gcc/arm-none-eabi/7.2.1/../../../../arm-none-eabi/lib/thumb/v7-ar\libc.a(lib_a-stdio.o)
                0x80007368                __sseek
 .text.__sclose
                0x80007388        0x8 c:/ti/ccs930/ccs/tools/compiler/gcc-arm-none-eabi-7-2017-q4-major-win32/bin/../lib/gcc/arm-none-eabi/7.2.1/../../../../arm-none-eabi/lib/thumb/v7-ar\libc.a(lib_a-stdio.o)
                0x80007388                __sclose
 .text          0x80007390        0x0 c:/ti/ccs930/ccs/tools/compiler/gcc-arm-none-eabi-7-2017-q4-major-win32/bin/../lib/gcc/arm-none-eabi/7.2.1/../../../../arm-none-eabi/lib/thumb/v7-ar\libc.a(lib_a-svfiprintf.o)
 .text.__ssprint_r
                0x80007390       0xf8 c:/ti/ccs930/ccs/tools/compiler/gcc-arm-none-eabi-7-2017-q4-major-win32/bin/../lib/gcc/arm-none-eabi/7.2.1/../../../../arm-none-eabi/lib/thumb/v7-ar\libc.a(lib_a-svfiprintf.o)
                0x80007390                __ssprint_r
 .text._svfiprintf_r
                0x80007488      0xa8c c:/ti/ccs930/ccs/tools/compiler/gcc-arm-none-eabi-7-2017-q4-major-win32/bin/../lib/gcc/arm-none-eabi/7.2.1/../../../../arm-none-eabi/lib/thumb/v7-ar\libc.a(lib_a-svfiprintf.o)
                0x80007488                _svfiprintf_r
 .text          0x80007f14        0x0 c:/ti/ccs930/ccs/tools/compiler/gcc-arm-none-eabi-7-2017-q4-major-win32/bin/../lib/gcc/arm-none-eabi/7.2.1/../../../../arm-none-eabi/lib/thumb/v7-ar\libc.a(lib_a-vfiprintf.o)
 .text.__sprint_r.part.0
                0x80007f14       0x74 c:/ti/ccs930/ccs/tools/compiler/gcc-arm-none-eabi-7-2017-q4-major-win32/bin/../lib/gcc/arm-none-eabi/7.2.1/../../../../arm-none-eabi/lib/thumb/v7-ar\libc.a(lib_a-vfiprintf.o)
 .text.__sprint_r
                0x80007f88       0x14 c:/ti/ccs930/ccs/tools/compiler/gcc-arm-none-eabi-7-2017-q4-major-win32/bin/../lib/gcc/arm-none-eabi/7.2.1/../../../../arm-none-eabi/lib/thumb/v7-ar\libc.a(lib_a-vfiprintf.o)
                0x80007f88                __sprint_r
 .text._vfiprintf_r
                0x80007f9c      0xcbc c:/ti/ccs930/ccs/tools/compiler/gcc-arm-none-eabi-7-2017-q4-major-win32/bin/../lib/gcc/arm-none-eabi/7.2.1/../../../../arm-none-eabi/lib/thumb/v7-ar\libc.a(lib_a-vfiprintf.o)
                0x80007f9c                _vfiprintf_r
 .text.vfiprintf
                0x80008c58       0x18 c:/ti/ccs930/ccs/tools/compiler/gcc-arm-none-eabi-7-2017-q4-major-win32/bin/../lib/gcc/arm-none-eabi/7.2.1/../../../../arm-none-eabi/lib/thumb/v7-ar\libc.a(lib_a-vfiprintf.o)
                0x80008c58                vfiprintf
 .text.__sbprintf
                0x80008c70       0x88 c:/ti/ccs930/ccs/tools/compiler/gcc-arm-none-eabi-7-2017-q4-major-win32/bin/../lib/gcc/arm-none-eabi/7.2.1/../../../../arm-none-eabi/lib/thumb/v7-ar\libc.a(lib_a-vfiprintf.o)
 .text          0x80008cf8        0x0 c:/ti/ccs930/ccs/tools/compiler/gcc-arm-none-eabi-7-2017-q4-major-win32/bin/../lib/gcc/arm-none-eabi/7.2.1/../../../../arm-none-eabi/lib/thumb/v7-ar\libc.a(lib_a-writer.o)
 .text._write_r
                0x80008cf8       0x2c c:/ti/ccs930/ccs/tools/compiler/gcc-arm-none-eabi-7-2017-q4-major-win32/bin/../lib/gcc/arm-none-eabi/7.2.1/../../../../arm-none-eabi/lib/thumb/v7-ar\libc.a(lib_a-writer.o)
                0x80008cf8                _write_r
 .text          0x80008d24        0x0 c:/ti/ccs930/ccs/tools/compiler/gcc-arm-none-eabi-7-2017-q4-major-win32/bin/../lib/gcc/arm-none-eabi/7.2.1/../../../../arm-none-eabi/lib/thumb/v7-ar\libc.a(lib_a-__atexit.o)
 .text.__register_exitproc
                0x80008d24       0xd0 c:/ti/ccs930/ccs/tools/compiler/gcc-arm-none-eabi-7-2017-q4-major-win32/bin/../lib/gcc/arm-none-eabi/7.2.1/../../../../arm-none-eabi/lib/thumb/v7-ar\libc.a(lib_a-__atexit.o)
                0x80008d24                __register_exitproc
 .text          0x80008df4        0x0 c:/ti/ccs930/ccs/tools/compiler/gcc-arm-none-eabi-7-2017-q4-major-win32/bin/../lib/gcc/arm-none-eabi/7.2.1/../../../../arm-none-eabi/lib/thumb/v7-ar\libc.a(lib_a-callocr.o)
 .text._calloc_r
                0x80008df4       0x60 c:/ti/ccs930/ccs/tools/compiler/gcc-arm-none-eabi-7-2017-q4-major-win32/bin/../lib/gcc/arm-none-eabi/7.2.1/../../../../arm-none-eabi/lib/thumb/v7-ar\libc.a(lib_a-callocr.o)
                0x80008df4                _calloc_r
 .text          0x80008e54        0x0 c:/ti/ccs930/ccs/tools/compiler/gcc-arm-none-eabi-7-2017-q4-major-win32/bin/../lib/gcc/arm-none-eabi/7.2.1/../../../../arm-none-eabi/lib/thumb/v7-ar\libc.a(lib_a-closer.o)
 .text._close_r
                0x80008e54       0x28 c:/ti/ccs930/ccs/tools/compiler/gcc-arm-none-eabi-7-2017-q4-major-win32/bin/../lib/gcc/arm-none-eabi/7.2.1/../../../../arm-none-eabi/lib/thumb/v7-ar\libc.a(lib_a-closer.o)
                0x80008e54                _close_r
 .text          0x80008e7c        0x0 c:/ti/ccs930/ccs/tools/compiler/gcc-arm-none-eabi-7-2017-q4-major-win32/bin/../lib/gcc/arm-none-eabi/7.2.1/../../../../arm-none-eabi/lib/thumb/v7-ar\libc.a(lib_a-fclose.o)
 .text._fclose_r
                0x80008e7c       0xd0 c:/ti/ccs930/ccs/tools/compiler/gcc-arm-none-eabi-7-2017-q4-major-win32/bin/../lib/gcc/arm-none-eabi/7.2.1/../../../../arm-none-eabi/lib/thumb/v7-ar\libc.a(lib_a-fclose.o)
                0x80008e7c                _fclose_r
 .text.fclose   0x80008f4c       0x10 c:/ti/ccs930/ccs/tools/compiler/gcc-arm-none-eabi-7-2017-q4-major-win32/bin/../lib/gcc/arm-none-eabi/7.2.1/../../../../arm-none-eabi/lib/thumb/v7-ar\libc.a(lib_a-fclose.o)
                0x80008f4c                fclose
 .text          0x80008f5c        0x0 c:/ti/ccs930/ccs/tools/compiler/gcc-arm-none-eabi-7-2017-q4-major-win32/bin/../lib/gcc/arm-none-eabi/7.2.1/../../../../arm-none-eabi/lib/thumb/v7-ar\libc.a(lib_a-fputwc.o)
 .text.__fputwc
                0x80008f5c       0xb0 c:/ti/ccs930/ccs/tools/compiler/gcc-arm-none-eabi-7-2017-q4-major-win32/bin/../lib/gcc/arm-none-eabi/7.2.1/../../../../arm-none-eabi/lib/thumb/v7-ar\libc.a(lib_a-fputwc.o)
                0x80008f5c                __fputwc
 .text._fputwc_r
                0x8000900c       0x68 c:/ti/ccs930/ccs/tools/compiler/gcc-arm-none-eabi-7-2017-q4-major-win32/bin/../lib/gcc/arm-none-eabi/7.2.1/../../../../arm-none-eabi/lib/thumb/v7-ar\libc.a(lib_a-fputwc.o)
                0x8000900c                _fputwc_r
 .text.fputwc   0x80009074       0x38 c:/ti/ccs930/ccs/tools/compiler/gcc-arm-none-eabi-7-2017-q4-major-win32/bin/../lib/gcc/arm-none-eabi/7.2.1/../../../../arm-none-eabi/lib/thumb/v7-ar\libc.a(lib_a-fputwc.o)
                0x80009074                fputwc
 .text          0x800090ac        0x0 c:/ti/ccs930/ccs/tools/compiler/gcc-arm-none-eabi-7-2017-q4-major-win32/bin/../lib/gcc/arm-none-eabi/7.2.1/../../../../arm-none-eabi/lib/thumb/v7-ar\libc.a(lib_a-fstatr.o)
 .text._fstat_r
                0x800090ac       0x2c c:/ti/ccs930/ccs/tools/compiler/gcc-arm-none-eabi-7-2017-q4-major-win32/bin/../lib/gcc/arm-none-eabi/7.2.1/../../../../arm-none-eabi/lib/thumb/v7-ar\libc.a(lib_a-fstatr.o)
                0x800090ac                _fstat_r
 .text          0x800090d8        0x0 c:/ti/ccs930/ccs/tools/compiler/gcc-arm-none-eabi-7-2017-q4-major-win32/bin/../lib/gcc/arm-none-eabi/7.2.1/../../../../arm-none-eabi/lib/thumb/v7-ar\libc.a(lib_a-fvwrite.o)
 .text.__sfvwrite_r
                0x800090d8      0x320 c:/ti/ccs930/ccs/tools/compiler/gcc-arm-none-eabi-7-2017-q4-major-win32/bin/../lib/gcc/arm-none-eabi/7.2.1/../../../../arm-none-eabi/lib/thumb/v7-ar\libc.a(lib_a-fvwrite.o)
                0x800090d8                __sfvwrite_r
 .text          0x800093f8        0x0 c:/ti/ccs930/ccs/tools/compiler/gcc-arm-none-eabi-7-2017-q4-major-win32/bin/../lib/gcc/arm-none-eabi/7.2.1/../../../../arm-none-eabi/lib/thumb/v7-ar\libc.a(lib_a-isattyr.o)
 .text._isatty_r
                0x800093f8       0x28 c:/ti/ccs930/ccs/tools/compiler/gcc-arm-none-eabi-7-2017-q4-major-win32/bin/../lib/gcc/arm-none-eabi/7.2.1/../../../../arm-none-eabi/lib/thumb/v7-ar\libc.a(lib_a-isattyr.o)
                0x800093f8                _isatty_r
 .text          0x80009420        0x0 c:/ti/ccs930/ccs/tools/compiler/gcc-arm-none-eabi-7-2017-q4-major-win32/bin/../lib/gcc/arm-none-eabi/7.2.1/../../../../arm-none-eabi/lib/thumb/v7-ar\libc.a(lib_a-locale.o)
 .text._setlocale_r
                0x80009420       0x54 c:/ti/ccs930/ccs/tools/compiler/gcc-arm-none-eabi-7-2017-q4-major-win32/bin/../lib/gcc/arm-none-eabi/7.2.1/../../../../arm-none-eabi/lib/thumb/v7-ar\libc.a(lib_a-locale.o)
                0x80009420                _setlocale_r
 .text.__locale_mb_cur_max
                0x80009474       0x20 c:/ti/ccs930/ccs/tools/compiler/gcc-arm-none-eabi-7-2017-q4-major-win32/bin/../lib/gcc/arm-none-eabi/7.2.1/../../../../arm-none-eabi/lib/thumb/v7-ar\libc.a(lib_a-locale.o)
                0x80009474                __locale_mb_cur_max
 .text.__locale_ctype_ptr_l
                0x80009494        0x8 c:/ti/ccs930/ccs/tools/compiler/gcc-arm-none-eabi-7-2017-q4-major-win32/bin/../lib/gcc/arm-none-eabi/7.2.1/../../../../arm-none-eabi/lib/thumb/v7-ar\libc.a(lib_a-locale.o)
                0x80009494                __locale_ctype_ptr_l
 .text.__locale_ctype_ptr
                0x8000949c       0x20 c:/ti/ccs930/ccs/tools/compiler/gcc-arm-none-eabi-7-2017-q4-major-win32/bin/../lib/gcc/arm-none-eabi/7.2.1/../../../../arm-none-eabi/lib/thumb/v7-ar\libc.a(lib_a-locale.o)
                0x8000949c                __locale_ctype_ptr
 .text.setlocale
                0x800094bc       0x14 c:/ti/ccs930/ccs/tools/compiler/gcc-arm-none-eabi-7-2017-q4-major-win32/bin/../lib/gcc/arm-none-eabi/7.2.1/../../../../arm-none-eabi/lib/thumb/v7-ar\libc.a(lib_a-locale.o)
                0x800094bc                setlocale
 .text          0x800094d0        0x0 c:/ti/ccs930/ccs/tools/compiler/gcc-arm-none-eabi-7-2017-q4-major-win32/bin/../lib/gcc/arm-none-eabi/7.2.1/../../../../arm-none-eabi/lib/thumb/v7-ar\libc.a(lib_a-lseekr.o)
 .text._lseek_r
                0x800094d0       0x2c c:/ti/ccs930/ccs/tools/compiler/gcc-arm-none-eabi-7-2017-q4-major-win32/bin/../lib/gcc/arm-none-eabi/7.2.1/../../../../arm-none-eabi/lib/thumb/v7-ar\libc.a(lib_a-lseekr.o)
                0x800094d0                _lseek_r
 .text          0x800094fc        0x0 c:/ti/ccs930/ccs/tools/compiler/gcc-arm-none-eabi-7-2017-q4-major-win32/bin/../lib/gcc/arm-none-eabi/7.2.1/../../../../arm-none-eabi/lib/thumb/v7-ar\libc.a(lib_a-mbtowc_r.o)
 .text._mbtowc_r
                0x800094fc       0x28 c:/ti/ccs930/ccs/tools/compiler/gcc-arm-none-eabi-7-2017-q4-major-win32/bin/../lib/gcc/arm-none-eabi/7.2.1/../../../../arm-none-eabi/lib/thumb/v7-ar\libc.a(lib_a-mbtowc_r.o)
                0x800094fc                _mbtowc_r
 .text.__ascii_mbtowc
                0x80009524       0x24 c:/ti/ccs930/ccs/tools/compiler/gcc-arm-none-eabi-7-2017-q4-major-win32/bin/../lib/gcc/arm-none-eabi/7.2.1/../../../../arm-none-eabi/lib/thumb/v7-ar\libc.a(lib_a-mbtowc_r.o)
                0x80009524                __ascii_mbtowc
 .text          0x80009548        0x0 c:/ti/ccs930/ccs/tools/compiler/gcc-arm-none-eabi-7-2017-q4-major-win32/bin/../lib/gcc/arm-none-eabi/7.2.1/../../../../arm-none-eabi/lib/thumb/v7-ar\libc.a(lib_a-memmove.o)
 .text.memmove  0x80009548       0xc8 c:/ti/ccs930/ccs/tools/compiler/gcc-arm-none-eabi-7-2017-q4-major-win32/bin/../lib/gcc/arm-none-eabi/7.2.1/../../../../arm-none-eabi/lib/thumb/v7-ar\libc.a(lib_a-memmove.o)
                0x80009548                memmove
 .text          0x80009610        0x0 c:/ti/ccs930/ccs/tools/compiler/gcc-arm-none-eabi-7-2017-q4-major-win32/bin/../lib/gcc/arm-none-eabi/7.2.1/../../../../arm-none-eabi/lib/thumb/v7-ar\libc.a(lib_a-readr.o)
 .text._read_r  0x80009610       0x2c c:/ti/ccs930/ccs/tools/compiler/gcc-arm-none-eabi-7-2017-q4-major-win32/bin/../lib/gcc/arm-none-eabi/7.2.1/../../../../arm-none-eabi/lib/thumb/v7-ar\libc.a(lib_a-readr.o)
                0x80009610                _read_r
 .text          0x8000963c        0x0 c:/ti/ccs930/ccs/tools/compiler/gcc-arm-none-eabi-7-2017-q4-major-win32/bin/../lib/gcc/arm-none-eabi/7.2.1/../../../../arm-none-eabi/lib/thumb/v7-ar\libc.a(lib_a-reallocr.o)
 .text._realloc_r
                0x8000963c      0x35c c:/ti/ccs930/ccs/tools/compiler/gcc-arm-none-eabi-7-2017-q4-major-win32/bin/../lib/gcc/arm-none-eabi/7.2.1/../../../../arm-none-eabi/lib/thumb/v7-ar\libc.a(lib_a-reallocr.o)
                0x8000963c                _realloc_r
 .text          0x80009998        0x0 c:/ti/ccs930/ccs/tools/compiler/gcc-arm-none-eabi-7-2017-q4-major-win32/bin/../lib/gcc/arm-none-eabi/7.2.1/../../../../arm-none-eabi/lib/thumb/v7-ar\libc.a(lib_a-reent.o)
 .text.cleanup_glue
                0x80009998       0x28 c:/ti/ccs930/ccs/tools/compiler/gcc-arm-none-eabi-7-2017-q4-major-win32/bin/../lib/gcc/arm-none-eabi/7.2.1/../../../../arm-none-eabi/lib/thumb/v7-ar\libc.a(lib_a-reent.o)
                0x80009998                cleanup_glue
 .text._reclaim_reent
                0x800099c0       0x88 c:/ti/ccs930/ccs/tools/compiler/gcc-arm-none-eabi-7-2017-q4-major-win32/bin/../lib/gcc/arm-none-eabi/7.2.1/../../../../arm-none-eabi/lib/thumb/v7-ar\libc.a(lib_a-reent.o)
                0x800099c0                _reclaim_reent
 .text          0x80009a48      0x1bc c:/ti/ccs930/ccs/tools/compiler/gcc-arm-none-eabi-7-2017-q4-major-win32/bin/../lib/gcc/arm-none-eabi/7.2.1/../../../../arm-none-eabi/lib/thumb/v7-ar\libc.a(lib_a-strcmp.o)
                0x80009a48                strcmp
 .text          0x80009c04        0x0 c:/ti/ccs930/ccs/tools/compiler/gcc-arm-none-eabi-7-2017-q4-major-win32/bin/../lib/gcc/arm-none-eabi/7.2.1/../../../../arm-none-eabi/lib/thumb/v7-ar\libc.a(lib_a-wbuf.o)
 .text.__swbuf_r
                0x80009c04       0xac c:/ti/ccs930/ccs/tools/compiler/gcc-arm-none-eabi-7-2017-q4-major-win32/bin/../lib/gcc/arm-none-eabi/7.2.1/../../../../arm-none-eabi/lib/thumb/v7-ar\libc.a(lib_a-wbuf.o)
                0x80009c04                __swbuf_r
 .text.__swbuf  0x80009cb0       0x14 c:/ti/ccs930/ccs/tools/compiler/gcc-arm-none-eabi-7-2017-q4-major-win32/bin/../lib/gcc/arm-none-eabi/7.2.1/../../../../arm-none-eabi/lib/thumb/v7-ar\libc.a(lib_a-wbuf.o)
                0x80009cb0                __swbuf
 .text          0x80009cc4        0x0 c:/ti/ccs930/ccs/tools/compiler/gcc-arm-none-eabi-7-2017-q4-major-win32/bin/../lib/gcc/arm-none-eabi/7.2.1/../../../../arm-none-eabi/lib/thumb/v7-ar\libc.a(lib_a-wcrtomb.o)
 .text._wcrtomb_r
                0x80009cc4       0x54 c:/ti/ccs930/ccs/tools/compiler/gcc-arm-none-eabi-7-2017-q4-major-win32/bin/../lib/gcc/arm-none-eabi/7.2.1/../../../../arm-none-eabi/lib/thumb/v7-ar\libc.a(lib_a-wcrtomb.o)
                0x80009cc4                _wcrtomb_r
 .text.wcrtomb  0x80009d18       0x50 c:/ti/ccs930/ccs/tools/compiler/gcc-arm-none-eabi-7-2017-q4-major-win32/bin/../lib/gcc/arm-none-eabi/7.2.1/../../../../arm-none-eabi/lib/thumb/v7-ar\libc.a(lib_a-wcrtomb.o)
                0x80009d18                wcrtomb
 .text          0x80009d68        0x0 c:/ti/ccs930/ccs/tools/compiler/gcc-arm-none-eabi-7-2017-q4-major-win32/bin/../lib/gcc/arm-none-eabi/7.2.1/../../../../arm-none-eabi/lib/thumb/v7-ar\libc.a(lib_a-wctomb_r.o)
 .text._wctomb_r
                0x80009d68       0x28 c:/ti/ccs930/ccs/tools/compiler/gcc-arm-none-eabi-7-2017-q4-major-win32/bin/../lib/gcc/arm-none-eabi/7.2.1/../../../../arm-none-eabi/lib/thumb/v7-ar\libc.a(lib_a-wctomb_r.o)
                0x80009d68                _wctomb_r
 .text.__ascii_wctomb
                0x80009d90       0x18 c:/ti/ccs930/ccs/tools/compiler/gcc-arm-none-eabi-7-2017-q4-major-win32/bin/../lib/gcc/arm-none-eabi/7.2.1/../../../../arm-none-eabi/lib/thumb/v7-ar\libc.a(lib_a-wctomb_r.o)
                0x80009d90                __ascii_wctomb
 .text          0x80009da8        0x0 c:/ti/ccs930/ccs/tools/compiler/gcc-arm-none-eabi-7-2017-q4-major-win32/bin/../lib/gcc/arm-none-eabi/7.2.1/../../../../arm-none-eabi/lib/thumb/v7-ar\libc.a(lib_a-ctype_.o)
 .text          0x80009da8      0x278 c:/ti/ccs930/ccs/tools/compiler/gcc-arm-none-eabi-7-2017-q4-major-win32/bin/../lib/gcc/arm-none-eabi/7.2.1/thumb/v7-ar\libgcc.a(_udivsi3.o)
                0x80009da8                __aeabi_uidiv
                0x80009da8                __udivsi3
                0x8000a004                __aeabi_uidivmod
 .text          0x8000a020      0x2b0 c:/ti/ccs930/ccs/tools/compiler/gcc-arm-none-eabi-7-2017-q4-major-win32/bin/../lib/gcc/arm-none-eabi/7.2.1/thumb/v7-ar\libgcc.a(_divsi3.o)
                0x8000a020                __divsi3
                0x8000a020                __aeabi_idiv
                0x8000a2b4                __aeabi_idivmod
 .text          0x8000a2d0        0x4 c:/ti/ccs930/ccs/tools/compiler/gcc-arm-none-eabi-7-2017-q4-major-win32/bin/../lib/gcc/arm-none-eabi/7.2.1/thumb/v7-ar\libgcc.a(_dvmd_tls.o)
                0x8000a2d0                __aeabi_idiv0
                0x8000a2d0                __aeabi_ldiv0
 .text          0x8000a2d4      0x378 c:/ti/ccs930/ccs/tools/compiler/gcc-arm-none-eabi-7-2017-q4-major-win32/bin/../lib/gcc/arm-none-eabi/7.2.1/thumb/v7-ar\libgcc.a(_arm_addsubdf3.o)
                0x8000a2d4                __aeabi_drsub
                0x8000a2dc                __aeabi_dsub
                0x8000a2dc                __subdf3
                0x8000a2e0                __aeabi_dadd
                0x8000a2e0                __adddf3
                0x8000a558                __floatunsidf
                0x8000a558                __aeabi_ui2d
                0x8000a578                __floatsidf
                0x8000a578                __aeabi_i2d
                0x8000a59c                __aeabi_f2d
                0x8000a59c                __extendsfdf2
                0x8000a5e0                __floatundidf
                0x8000a5e0                __aeabi_ul2d
                0x8000a5f0                __floatdidf
                0x8000a5f0                __aeabi_l2d
 .text          0x8000a64c      0x424 c:/ti/ccs930/ccs/tools/compiler/gcc-arm-none-eabi-7-2017-q4-major-win32/bin/../lib/gcc/arm-none-eabi/7.2.1/thumb/v7-ar\libgcc.a(_arm_muldivdf3.o)
                0x8000a64c                __aeabi_dmul
                0x8000a64c                __muldf3
                0x8000a8a0                __divdf3
                0x8000a8a0                __aeabi_ddiv
 .text          0x8000aa70      0x110 c:/ti/ccs930/ccs/tools/compiler/gcc-arm-none-eabi-7-2017-q4-major-win32/bin/../lib/gcc/arm-none-eabi/7.2.1/thumb/v7-ar\libgcc.a(_arm_cmpdf2.o)
                0x8000aa70                __gtdf2
                0x8000aa70                __gedf2
                0x8000aa78                __ltdf2
                0x8000aa78                __ledf2
                0x8000aa80                __nedf2
                0x8000aa80                __eqdf2
                0x8000aa80                __cmpdf2
                0x8000aafc                __aeabi_cdrcmple
                0x8000ab0c                __aeabi_cdcmpeq
                0x8000ab0c                __aeabi_cdcmple
                0x8000ab1c                __aeabi_dcmpeq
                0x8000ab30                __aeabi_dcmplt
                0x8000ab44                __aeabi_dcmple
                0x8000ab58                __aeabi_dcmpge
                0x8000ab6c                __aeabi_dcmpgt
 .text          0x8000ab80       0x2c c:/ti/ccs930/ccs/tools/compiler/gcc-arm-none-eabi-7-2017-q4-major-win32/bin/../lib/gcc/arm-none-eabi/7.2.1/thumb/v7-ar\libgcc.a(_arm_unorddf2.o)
                0x8000ab80                __unorddf2
                0x8000ab80                __aeabi_dcmpun
 .text          0x8000abac       0x50 c:/ti/ccs930/ccs/tools/compiler/gcc-arm-none-eabi-7-2017-q4-major-win32/bin/../lib/gcc/arm-none-eabi/7.2.1/thumb/v7-ar\libgcc.a(_arm_fixdfsi.o)
                0x8000abac                __aeabi_d2iz
                0x8000abac                __fixdfsi
 .text          0x8000abfc       0x30 c:/ti/ccs930/ccs/tools/compiler/gcc-arm-none-eabi-7-2017-q4-major-win32/bin/../lib/gcc/arm-none-eabi/7.2.1/thumb/v7-ar\libgcc.a(_aeabi_uldivmod.o)
                0x8000abfc                __aeabi_uldivmod
 .text          0x8000ac2c      0x144 c:/ti/ccs930/ccs/tools/compiler/gcc-arm-none-eabi-7-2017-q4-major-win32/bin/../lib/gcc/arm-none-eabi/7.2.1/thumb/v7-ar\libgcc.a(_udivmoddi4.o)
                0x8000ac2c                __udivmoddi4
 .text          0x8000ad70        0x0 c:/ti/ccs930/ccs/tools/compiler/gcc-arm-none-eabi-7-2017-q4-major-win32/bin/../lib/gcc/arm-none-eabi/7.2.1/../../../../arm-none-eabi/lib/thumb/v7-ar\librdimon.a(rdimon-syscalls.o)
 .text.findslot
                0x8000ad70       0x38 c:/ti/ccs930/ccs/tools/compiler/gcc-arm-none-eabi-7-2017-q4-major-win32/bin/../lib/gcc/arm-none-eabi/7.2.1/../../../../arm-none-eabi/lib/thumb/v7-ar\librdimon.a(rdimon-syscalls.o)
 .text.checkerror.part.0
                0x8000ada8       0x1c c:/ti/ccs930/ccs/tools/compiler/gcc-arm-none-eabi-7-2017-q4-major-win32/bin/../lib/gcc/arm-none-eabi/7.2.1/../../../../arm-none-eabi/lib/thumb/v7-ar\librdimon.a(rdimon-syscalls.o)
 .text._swiread
                0x8000adc4       0x2c c:/ti/ccs930/ccs/tools/compiler/gcc-arm-none-eabi-7-2017-q4-major-win32/bin/../lib/gcc/arm-none-eabi/7.2.1/../../../../arm-none-eabi/lib/thumb/v7-ar\librdimon.a(rdimon-syscalls.o)
                0x8000adc4                _swiread
 .text._read    0x8000adf0       0x54 c:/ti/ccs930/ccs/tools/compiler/gcc-arm-none-eabi-7-2017-q4-major-win32/bin/../lib/gcc/arm-none-eabi/7.2.1/../../../../arm-none-eabi/lib/thumb/v7-ar\librdimon.a(rdimon-syscalls.o)
                0x8000adf0                _read
 .text._swilseek
                0x8000ae44       0xa8 c:/ti/ccs930/ccs/tools/compiler/gcc-arm-none-eabi-7-2017-q4-major-win32/bin/../lib/gcc/arm-none-eabi/7.2.1/../../../../arm-none-eabi/lib/thumb/v7-ar\librdimon.a(rdimon-syscalls.o)
                0x8000ae44                _swilseek
 .text._lseek   0x8000aeec        0x4 c:/ti/ccs930/ccs/tools/compiler/gcc-arm-none-eabi-7-2017-q4-major-win32/bin/../lib/gcc/arm-none-eabi/7.2.1/../../../../arm-none-eabi/lib/thumb/v7-ar\librdimon.a(rdimon-syscalls.o)
                0x8000aeec                _lseek
 .text._swiwrite
                0x8000aef0       0x2c c:/ti/ccs930/ccs/tools/compiler/gcc-arm-none-eabi-7-2017-q4-major-win32/bin/../lib/gcc/arm-none-eabi/7.2.1/../../../../arm-none-eabi/lib/thumb/v7-ar\librdimon.a(rdimon-syscalls.o)
                0x8000aef0                _swiwrite
 .text._write   0x8000af1c       0x78 c:/ti/ccs930/ccs/tools/compiler/gcc-arm-none-eabi-7-2017-q4-major-win32/bin/../lib/gcc/arm-none-eabi/7.2.1/../../../../arm-none-eabi/lib/thumb/v7-ar\librdimon.a(rdimon-syscalls.o)
                0x8000af1c                _write
 .text._swiclose
                0x8000af94       0x28 c:/ti/ccs930/ccs/tools/compiler/gcc-arm-none-eabi-7-2017-q4-major-win32/bin/../lib/gcc/arm-none-eabi/7.2.1/../../../../arm-none-eabi/lib/thumb/v7-ar\librdimon.a(rdimon-syscalls.o)
                0x8000af94                _swiclose
 .text._close   0x8000afbc       0x70 c:/ti/ccs930/ccs/tools/compiler/gcc-arm-none-eabi-7-2017-q4-major-win32/bin/../lib/gcc/arm-none-eabi/7.2.1/../../../../arm-none-eabi/lib/thumb/v7-ar\librdimon.a(rdimon-syscalls.o)
                0x8000afbc                _close
 .text._getpid  0x8000b02c        0x4 c:/ti/ccs930/ccs/tools/compiler/gcc-arm-none-eabi-7-2017-q4-major-win32/bin/../lib/gcc/arm-none-eabi/7.2.1/../../../../arm-none-eabi/lib/thumb/v7-ar\librdimon.a(rdimon-syscalls.o)
                0x8000b02c                _getpid
 .text._sbrk    0x8000b030       0x54 c:/ti/ccs930/ccs/tools/compiler/gcc-arm-none-eabi-7-2017-q4-major-win32/bin/../lib/gcc/arm-none-eabi/7.2.1/../../../../arm-none-eabi/lib/thumb/v7-ar\librdimon.a(rdimon-syscalls.o)
                0x8000b030                _sbrk
 .text._swistat
                0x8000b084       0x4c c:/ti/ccs930/ccs/tools/compiler/gcc-arm-none-eabi-7-2017-q4-major-win32/bin/../lib/gcc/arm-none-eabi/7.2.1/../../../../arm-none-eabi/lib/thumb/v7-ar\librdimon.a(rdimon-syscalls.o)
                0x8000b084                _swistat
 .text._fstat   0x8000b0d0       0x1c c:/ti/ccs930/ccs/tools/compiler/gcc-arm-none-eabi-7-2017-q4-major-win32/bin/../lib/gcc/arm-none-eabi/7.2.1/../../../../arm-none-eabi/lib/thumb/v7-ar\librdimon.a(rdimon-syscalls.o)
                0x8000b0d0                _fstat
 .text._stat    0x8000b0ec       0x3c c:/ti/ccs930/ccs/tools/compiler/gcc-arm-none-eabi-7-2017-q4-major-win32/bin/../lib/gcc/arm-none-eabi/7.2.1/../../../../arm-none-eabi/lib/thumb/v7-ar\librdimon.a(rdimon-syscalls.o)
                0x8000b0ec                _stat
 .text._swiopen
                0x8000b128       0xd8 c:/ti/ccs930/ccs/tools/compiler/gcc-arm-none-eabi-7-2017-q4-major-win32/bin/../lib/gcc/arm-none-eabi/7.2.1/../../../../arm-none-eabi/lib/thumb/v7-ar\librdimon.a(rdimon-syscalls.o)
                0x8000b128                _swiopen
 .text._open    0x8000b200       0x14 c:/ti/ccs930/ccs/tools/compiler/gcc-arm-none-eabi-7-2017-q4-major-win32/bin/../lib/gcc/arm-none-eabi/7.2.1/../../../../arm-none-eabi/lib/thumb/v7-ar\librdimon.a(rdimon-syscalls.o)
                0x8000b200                _open
 .text._get_semihosting_exts
                0x8000b214       0xd4 c:/ti/ccs930/ccs/tools/compiler/gcc-arm-none-eabi-7-2017-q4-major-win32/bin/../lib/gcc/arm-none-eabi/7.2.1/../../../../arm-none-eabi/lib/thumb/v7-ar\librdimon.a(rdimon-syscalls.o)
                0x8000b214                _get_semihosting_exts
 .text.initialise_semihosting_exts
                0x8000b2e8       0x40 c:/ti/ccs930/ccs/tools/compiler/gcc-arm-none-eabi-7-2017-q4-major-win32/bin/../lib/gcc/arm-none-eabi/7.2.1/../../../../arm-none-eabi/lib/thumb/v7-ar\librdimon.a(rdimon-syscalls.o)
 .text._has_ext_exit_extended
                0x8000b328       0x1c c:/ti/ccs930/ccs/tools/compiler/gcc-arm-none-eabi-7-2017-q4-major-win32/bin/../lib/gcc/arm-none-eabi/7.2.1/../../../../arm-none-eabi/lib/thumb/v7-ar\librdimon.a(rdimon-syscalls.o)
                0x8000b328                _has_ext_exit_extended
 .text._has_ext_stdout_stderr
                0x8000b344       0x1c c:/ti/ccs930/ccs/tools/compiler/gcc-arm-none-eabi-7-2017-q4-major-win32/bin/../lib/gcc/arm-none-eabi/7.2.1/../../../../arm-none-eabi/lib/thumb/v7-ar\librdimon.a(rdimon-syscalls.o)
                0x8000b344                _has_ext_stdout_stderr
 .text.initialise_monitor_handles
                0x8000b360      0x118 c:/ti/ccs930/ccs/tools/compiler/gcc-arm-none-eabi-7-2017-q4-major-win32/bin/../lib/gcc/arm-none-eabi/7.2.1/../../../../arm-none-eabi/lib/thumb/v7-ar\librdimon.a(rdimon-syscalls.o)
                0x8000b360                initialise_monitor_handles
 .text._link    0x8000b478       0x10 c:/ti/ccs930/ccs/tools/compiler/gcc-arm-none-eabi-7-2017-q4-major-win32/bin/../lib/gcc/arm-none-eabi/7.2.1/../../../../arm-none-eabi/lib/thumb/v7-ar\librdimon.a(rdimon-syscalls.o)
                0x8000b478                _link
 .text._unlink  0x8000b488       0x3c c:/ti/ccs930/ccs/tools/compiler/gcc-arm-none-eabi-7-2017-q4-major-win32/bin/../lib/gcc/arm-none-eabi/7.2.1/../../../../arm-none-eabi/lib/thumb/v7-ar\librdimon.a(rdimon-syscalls.o)
                0x8000b488                _unlink
 .text._gettimeofday
                0x8000b4c4       0x2c c:/ti/ccs930/ccs/tools/compiler/gcc-arm-none-eabi-7-2017-q4-major-win32/bin/../lib/gcc/arm-none-eabi/7.2.1/../../../../arm-none-eabi/lib/thumb/v7-ar\librdimon.a(rdimon-syscalls.o)
                0x8000b4c4                _gettimeofday
 .text._clock   0x8000b4f0       0x14 c:/ti/ccs930/ccs/tools/compiler/gcc-arm-none-eabi-7-2017-q4-major-win32/bin/../lib/gcc/arm-none-eabi/7.2.1/../../../../arm-none-eabi/lib/thumb/v7-ar\librdimon.a(rdimon-syscalls.o)
                0x8000b4f0                _clock
 .text._times   0x8000b504       0x20 c:/ti/ccs930/ccs/tools/compiler/gcc-arm-none-eabi-7-2017-q4-major-win32/bin/../lib/gcc/arm-none-eabi/7.2.1/../../../../arm-none-eabi/lib/thumb/v7-ar\librdimon.a(rdimon-syscalls.o)
                0x8000b504                _times
 .text._isatty  0x8000b524       0x3c c:/ti/ccs930/ccs/tools/compiler/gcc-arm-none-eabi-7-2017-q4-major-win32/bin/../lib/gcc/arm-none-eabi/7.2.1/../../../../arm-none-eabi/lib/thumb/v7-ar\librdimon.a(rdimon-syscalls.o)
                0x8000b524                _isatty
 .text._system  0x8000b560       0x44 c:/ti/ccs930/ccs/tools/compiler/gcc-arm-none-eabi-7-2017-q4-major-win32/bin/../lib/gcc/arm-none-eabi/7.2.1/../../../../arm-none-eabi/lib/thumb/v7-ar\librdimon.a(rdimon-syscalls.o)
                0x8000b560                _system
 .text._rename  0x8000b5a4       0x3c c:/ti/ccs930/ccs/tools/compiler/gcc-arm-none-eabi-7-2017-q4-major-win32/bin/../lib/gcc/arm-none-eabi/7.2.1/../../../../arm-none-eabi/lib/thumb/v7-ar\librdimon.a(rdimon-syscalls.o)
                0x8000b5a4                _rename
 .text          0x8000b5e0        0x0 c:/ti/ccs930/ccs/tools/compiler/gcc-arm-none-eabi-7-2017-q4-major-win32/bin/../lib/gcc/arm-none-eabi/7.2.1/../../../../arm-none-eabi/lib/thumb/v7-ar\librdimon.a(rdimon-_exit.o)
 .text._exit    0x8000b5e0        0x8 c:/ti/ccs930/ccs/tools/compiler/gcc-arm-none-eabi-7-2017-q4-major-win32/bin/../lib/gcc/arm-none-eabi/7.2.1/../../../../arm-none-eabi/lib/thumb/v7-ar\librdimon.a(rdimon-_exit.o)
                0x8000b5e0                _exit
 .text          0x8000b5e8        0x0 c:/ti/ccs930/ccs/tools/compiler/gcc-arm-none-eabi-7-2017-q4-major-win32/bin/../lib/gcc/arm-none-eabi/7.2.1/../../../../arm-none-eabi/lib/thumb/v7-ar\librdimon.a(rdimon-_kill.o)
 .text._kill    0x8000b5e8       0x34 c:/ti/ccs930/ccs/tools/compiler/gcc-arm-none-eabi-7-2017-q4-major-win32/bin/../lib/gcc/arm-none-eabi/7.2.1/../../../../arm-none-eabi/lib/thumb/v7-ar\librdimon.a(rdimon-_kill.o)
                0x8000b5e8                _kill
 .text          0x8000b61c        0x0 c:/ti/ccs930/ccs/tools/compiler/gcc-arm-none-eabi-7-2017-q4-major-win32/bin/../lib/gcc/arm-none-eabi/7.2.1/../../../../arm-none-eabi/lib/thumb/v7-ar\libc.a(lib_a-errno.o)
 .text.__errno  0x8000b61c        0xc c:/ti/ccs930/ccs/tools/compiler/gcc-arm-none-eabi-7-2017-q4-major-win32/bin/../lib/gcc/arm-none-eabi/7.2.1/../../../../arm-none-eabi/lib/thumb/v7-ar\libc.a(lib_a-errno.o)
                0x8000b61c                __errno
 .text          0x8000b628        0x0 c:/ti/ccs930/ccs/tools/compiler/gcc-arm-none-eabi-7-2017-q4-major-win32/bin/../lib/gcc/arm-none-eabi/7.2.1/thumb/v7-ar/crtend.o
 .text          0x8000b628        0x0 c:/ti/ccs930/ccs/tools/compiler/gcc-arm-none-eabi-7-2017-q4-major-win32/bin/../lib/gcc/arm-none-eabi/7.2.1/thumb/v7-ar/crtn.o
 *(.init)
 .init          0x8000b628        0x4 c:/ti/ccs930/ccs/tools/compiler/gcc-arm-none-eabi-7-2017-q4-major-win32/bin/../lib/gcc/arm-none-eabi/7.2.1/thumb/v7-ar/crti.o
                0x8000b628                _init
 .init          0x8000b62c        0x8 c:/ti/ccs930/ccs/tools/compiler/gcc-arm-none-eabi-7-2017-q4-major-win32/bin/../lib/gcc/arm-none-eabi/7.2.1/thumb/v7-ar/crtn.o
 *(.fini)
 .fini          0x8000b634        0x4 c:/ti/ccs930/ccs/tools/compiler/gcc-arm-none-eabi-7-2017-q4-major-win32/bin/../lib/gcc/arm-none-eabi/7.2.1/thumb/v7-ar/crti.o
                0x8000b634                _fini
 .fini          0x8000b638        0x8 c:/ti/ccs930/ccs/tools/compiler/gcc-arm-none-eabi-7-2017-q4-major-win32/bin/../lib/gcc/arm-none-eabi/7.2.1/thumb/v7-ar/crtn.o
 *crtbegin.o(.ctors)
 *crtbegin?.o(.ctors)
 *(EXCLUDE_FILE(*crtend.o *crtend?.o) .ctors)
 *(SORT_BY_NAME(.ctors.*))
 *(.ctors)
 *crtbegin.o(.dtors)
 *crtbegin?.o(.dtors)
 *(EXCLUDE_FILE(*crtend.o *crtend?.o) .dtors)
 *(SORT_BY_NAME(.dtors.*))
 *(.dtors)
 *(.rodata*)
 .rodata        0x8000b640       0x14 ./main.o
                0x8000b640                DDR_BANK_3
                0x8000b644                DDR_BANK_2
                0x8000b648                DDR_BANK_1
                0x8000b64c                DDR_BANK_0
                0x8000b650                UART_BASE
 .rodata.str1.4
                0x8000b654      0x485 ./main.o
 *fill*         0x8000bad9        0x3 
 .rodata._global_impure_ptr
                0x8000badc        0x4 c:/ti/ccs930/ccs/tools/compiler/gcc-arm-none-eabi-7-2017-q4-major-win32/bin/../lib/gcc/arm-none-eabi/7.2.1/../../../../arm-none-eabi/lib/thumb/v7-ar\libc.a(lib_a-impure.o)
                0x8000badc                _global_impure_ptr
 .rodata._svfprintf_r.str1.4
                0x8000bae0       0x42 c:/ti/ccs930/ccs/tools/compiler/gcc-arm-none-eabi-7-2017-q4-major-win32/bin/../lib/gcc/arm-none-eabi/7.2.1/../../../../arm-none-eabi/lib/thumb/v7-ar\libc.a(lib_a-svfprintf.o)
 *fill*         0x8000bb22        0x2 
 .rodata.blanks.7276
                0x8000bb24       0x10 c:/ti/ccs930/ccs/tools/compiler/gcc-arm-none-eabi-7-2017-q4-major-win32/bin/../lib/gcc/arm-none-eabi/7.2.1/../../../../arm-none-eabi/lib/thumb/v7-ar\libc.a(lib_a-svfprintf.o)
 .rodata.zeroes.7277
                0x8000bb34       0x10 c:/ti/ccs930/ccs/tools/compiler/gcc-arm-none-eabi-7-2017-q4-major-win32/bin/../lib/gcc/arm-none-eabi/7.2.1/../../../../arm-none-eabi/lib/thumb/v7-ar\libc.a(lib_a-svfprintf.o)
 .rodata._vfprintf_r.str1.4
                0x8000bb44       0x42 c:/ti/ccs930/ccs/tools/compiler/gcc-arm-none-eabi-7-2017-q4-major-win32/bin/../lib/gcc/arm-none-eabi/7.2.1/../../../../arm-none-eabi/lib/thumb/v7-ar\libc.a(lib_a-vfprintf.o)
 .rodata.blanks.7291
                0x8000bb44       0x10 c:/ti/ccs930/ccs/tools/compiler/gcc-arm-none-eabi-7-2017-q4-major-win32/bin/../lib/gcc/arm-none-eabi/7.2.1/../../../../arm-none-eabi/lib/thumb/v7-ar\libc.a(lib_a-vfprintf.o)
 .rodata.zeroes.7292
                0x8000bb54       0x10 c:/ti/ccs930/ccs/tools/compiler/gcc-arm-none-eabi-7-2017-q4-major-win32/bin/../lib/gcc/arm-none-eabi/7.2.1/../../../../arm-none-eabi/lib/thumb/v7-ar\libc.a(lib_a-vfprintf.o)
 .rodata._dtoa_r.str1.4
                0x8000bb64       0x10 c:/ti/ccs930/ccs/tools/compiler/gcc-arm-none-eabi-7-2017-q4-major-win32/bin/../lib/gcc/arm-none-eabi/7.2.1/../../../../arm-none-eabi/lib/thumb/v7-ar\libc.a(lib_a-dtoa.o)
                                 0x12 (size before relaxing)
 *fill*         0x8000bb74        0x4 
 .rodata.__mprec_bigtens
                0x8000bb78       0x28 c:/ti/ccs930/ccs/tools/compiler/gcc-arm-none-eabi-7-2017-q4-major-win32/bin/../lib/gcc/arm-none-eabi/7.2.1/../../../../arm-none-eabi/lib/thumb/v7-ar\libc.a(lib_a-mprec.o)
                0x8000bb78                __mprec_bigtens
 .rodata.__mprec_tens
                0x8000bba0       0xc8 c:/ti/ccs930/ccs/tools/compiler/gcc-arm-none-eabi-7-2017-q4-major-win32/bin/../lib/gcc/arm-none-eabi/7.2.1/../../../../arm-none-eabi/lib/thumb/v7-ar\libc.a(lib_a-mprec.o)
                0x8000bba0                __mprec_tens
 .rodata.__mprec_tinytens
                0x8000bc68       0x28 c:/ti/ccs930/ccs/tools/compiler/gcc-arm-none-eabi-7-2017-q4-major-win32/bin/../lib/gcc/arm-none-eabi/7.2.1/../../../../arm-none-eabi/lib/thumb/v7-ar\libc.a(lib_a-mprec.o)
                0x8000bc68                __mprec_tinytens
 .rodata.p05.6092
                0x8000bc90        0xc c:/ti/ccs930/ccs/tools/compiler/gcc-arm-none-eabi-7-2017-q4-major-win32/bin/../lib/gcc/arm-none-eabi/7.2.1/../../../../arm-none-eabi/lib/thumb/v7-ar\libc.a(lib_a-mprec.o)
 .rodata._svfiprintf_r.str1.4
                0x8000bc9c       0x2f c:/ti/ccs930/ccs/tools/compiler/gcc-arm-none-eabi-7-2017-q4-major-win32/bin/../lib/gcc/arm-none-eabi/7.2.1/../../../../arm-none-eabi/lib/thumb/v7-ar\libc.a(lib_a-svfiprintf.o)
 .rodata.blanks.7256
                0x8000bc9c       0x10 c:/ti/ccs930/ccs/tools/compiler/gcc-arm-none-eabi-7-2017-q4-major-win32/bin/../lib/gcc/arm-none-eabi/7.2.1/../../../../arm-none-eabi/lib/thumb/v7-ar\libc.a(lib_a-svfiprintf.o)
 .rodata.zeroes.7257
                0x8000bcac       0x10 c:/ti/ccs930/ccs/tools/compiler/gcc-arm-none-eabi-7-2017-q4-major-win32/bin/../lib/gcc/arm-none-eabi/7.2.1/../../../../arm-none-eabi/lib/thumb/v7-ar\libc.a(lib_a-svfiprintf.o)
 .rodata._vfiprintf_r.str1.4
                0x8000bcbc       0x2f c:/ti/ccs930/ccs/tools/compiler/gcc-arm-none-eabi-7-2017-q4-major-win32/bin/../lib/gcc/arm-none-eabi/7.2.1/../../../../arm-none-eabi/lib/thumb/v7-ar\libc.a(lib_a-vfiprintf.o)
 .rodata.blanks.7270
                0x8000bcbc       0x10 c:/ti/ccs930/ccs/tools/compiler/gcc-arm-none-eabi-7-2017-q4-major-win32/bin/../lib/gcc/arm-none-eabi/7.2.1/../../../../arm-none-eabi/lib/thumb/v7-ar\libc.a(lib_a-vfiprintf.o)
 .rodata.zeroes.7271
                0x8000bccc       0x10 c:/ti/ccs930/ccs/tools/compiler/gcc-arm-none-eabi-7-2017-q4-major-win32/bin/../lib/gcc/arm-none-eabi/7.2.1/../../../../arm-none-eabi/lib/thumb/v7-ar\libc.a(lib_a-vfiprintf.o)
 .rodata._setlocale_r.str1.4
                0x8000bcdc        0xa c:/ti/ccs930/ccs/tools/compiler/gcc-arm-none-eabi-7-2017-q4-major-win32/bin/../lib/gcc/arm-none-eabi/7.2.1/../../../../arm-none-eabi/lib/thumb/v7-ar\libc.a(lib_a-locale.o)
                                  0xd (size before relaxing)
 *fill*         0x8000bce6        0x2 
 .rodata.str1.4
                0x8000bce8        0x2 c:/ti/ccs930/ccs/tools/compiler/gcc-arm-none-eabi-7-2017-q4-major-win32/bin/../lib/gcc/arm-none-eabi/7.2.1/../../../../arm-none-eabi/lib/thumb/v7-ar\libc.a(lib_a-locale.o)
 *fill*         0x8000bcea        0x2 
 .rodata._ctype_
                0x8000bcec      0x101 c:/ti/ccs930/ccs/tools/compiler/gcc-arm-none-eabi-7-2017-q4-major-win32/bin/../lib/gcc/arm-none-eabi/7.2.1/../../../../arm-none-eabi/lib/thumb/v7-ar\libc.a(lib_a-ctype_.o)
                0x8000bcec                _ctype_
 *fill*         0x8000bded        0x3 
 .rodata._get_semihosting_exts.str1.4
                0x8000bdf0       0x16 c:/ti/ccs930/ccs/tools/compiler/gcc-arm-none-eabi-7-2017-q4-major-win32/bin/../lib/gcc/arm-none-eabi/7.2.1/../../../../arm-none-eabi/lib/thumb/v7-ar\librdimon.a(rdimon-syscalls.o)
 *fill*         0x8000be06        0x2 
 .rodata.initialise_monitor_handles.str1.4
                0x8000be08        0x4 c:/ti/ccs930/ccs/tools/compiler/gcc-arm-none-eabi-7-2017-q4-major-win32/bin/../lib/gcc/arm-none-eabi/7.2.1/../../../../arm-none-eabi/lib/thumb/v7-ar\librdimon.a(rdimon-syscalls.o)
 *(.eh_frame*)
 .eh_frame      0x8000be0c        0x0 c:/ti/ccs930/ccs/tools/compiler/gcc-arm-none-eabi-7-2017-q4-major-win32/bin/../lib/gcc/arm-none-eabi/7.2.1/thumb/v7-ar/crtbegin.o
 .eh_frame      0x8000be0c        0x4 c:/ti/ccs930/ccs/tools/compiler/gcc-arm-none-eabi-7-2017-q4-major-win32/bin/../lib/gcc/arm-none-eabi/7.2.1/thumb/v7-ar/crtend.o

.glue_7         0x8000be10        0x0
 .glue_7        0x8000be10        0x0 linker stubs

.glue_7t        0x8000be10        0x0
 .glue_7t       0x8000be10        0x0 linker stubs

.vfp11_veneer   0x8000be10        0x0
 .vfp11_veneer  0x8000be10        0x0 linker stubs

.v4_bx          0x8000be10        0x0
 .v4_bx         0x8000be10        0x0 linker stubs

.iplt           0x8000be10        0x0
 .iplt          0x8000be10        0x0 c:/ti/ccs930/ccs/tools/compiler/gcc-arm-none-eabi-7-2017-q4-major-win32/bin/../lib/gcc/arm-none-eabi/7.2.1/thumb/v7-ar/crtbegin.o

.ARM.extab      0x8000be10        0x0
 *(.ARM.extab* .gnu.linkonce.armextab.*)
 .ARM.extab     0x8000be10        0x0 c:/ti/ccs930/ccs/tools/compiler/gcc-arm-none-eabi-7-2017-q4-major-win32/bin/../lib/gcc/arm-none-eabi/7.2.1/../../../../arm-none-eabi/lib/thumb/v7-ar/rdimon-crt0.o
 .ARM.extab     0x8000be10        0x0 c:/ti/ccs930/ccs/tools/compiler/gcc-arm-none-eabi-7-2017-q4-major-win32/bin/../lib/gcc/arm-none-eabi/7.2.1/thumb/v7-ar\libgcc.a(_udivmoddi4.o)
                0x8000be10                __exidx_start = .

.ARM.exidx      0x8000be10        0x8
 *(.ARM.exidx* .gnu.linkonce.armexidx.*)
 .ARM.exidx     0x8000be10        0x8 c:/ti/ccs930/ccs/tools/compiler/gcc-arm-none-eabi-7-2017-q4-major-win32/bin/../lib/gcc/arm-none-eabi/7.2.1/../../../../arm-none-eabi/lib/thumb/v7-ar/rdimon-crt0.o
 .ARM.exidx     0x8000be18        0x0 c:/ti/ccs930/ccs/tools/compiler/gcc-arm-none-eabi-7-2017-q4-major-win32/bin/../lib/gcc/arm-none-eabi/7.2.1/thumb/v7-ar\libgcc.a(_udivmoddi4.o)
                                  0x8 (size before relaxing)
                0x8000be18                __exidx_end = .

.rel.dyn        0x8000be18        0x0
 .rel.iplt      0x8000be18        0x0 c:/ti/ccs930/ccs/tools/compiler/gcc-arm-none-eabi-7-2017-q4-major-win32/bin/../lib/gcc/arm-none-eabi/7.2.1/thumb/v7-ar/crtbegin.o

.data           0x8000be18      0xae0
                0x8000be18                . = ALIGN (0x4)
                0x8000be18                __data_start__ = .
 *(vtable)
 *(.data*)
 .data          0x8000be18        0x0 c:/ti/ccs930/ccs/tools/compiler/gcc-arm-none-eabi-7-2017-q4-major-win32/bin/../lib/gcc/arm-none-eabi/7.2.1/thumb/v7-ar/crti.o
 .data          0x8000be18        0x4 c:/ti/ccs930/ccs/tools/compiler/gcc-arm-none-eabi-7-2017-q4-major-win32/bin/../lib/gcc/arm-none-eabi/7.2.1/thumb/v7-ar/crtbegin.o
                0x8000be18                __dso_handle
 .data          0x8000be1c      0x118 c:/ti/ccs930/ccs/tools/compiler/gcc-arm-none-eabi-7-2017-q4-major-win32/bin/../lib/gcc/arm-none-eabi/7.2.1/../../../../arm-none-eabi/lib/thumb/v7-ar/rdimon-crt0.o
                0x8000be24                __stack_base__
 .data          0x8000bf34        0x0 ./main.o
 .data          0x8000bf34        0x0 ./startup_ARMCA15.o
 .data          0x8000bf34        0x0 c:/ti/ccs930/ccs/tools/compiler/gcc-arm-none-eabi-7-2017-q4-major-win32/bin/../lib/gcc/arm-none-eabi/7.2.1/../../../../arm-none-eabi/lib/thumb/v7-ar\libc.a(lib_a-exit.o)
 .data          0x8000bf34        0x0 c:/ti/ccs930/ccs/tools/compiler/gcc-arm-none-eabi-7-2017-q4-major-win32/bin/../lib/gcc/arm-none-eabi/7.2.1/../../../../arm-none-eabi/lib/thumb/v7-ar\libc.a(lib_a-impure.o)
 .data._impure_ptr
                0x8000bf34        0x4 c:/ti/ccs930/ccs/tools/compiler/gcc-arm-none-eabi-7-2017-q4-major-win32/bin/../lib/gcc/arm-none-eabi/7.2.1/../../../../arm-none-eabi/lib/thumb/v7-ar\libc.a(lib_a-impure.o)
                0x8000bf34                _impure_ptr
 .data.impure_data
                0x8000bf38      0x428 c:/ti/ccs930/ccs/tools/compiler/gcc-arm-none-eabi-7-2017-q4-major-win32/bin/../lib/gcc/arm-none-eabi/7.2.1/../../../../arm-none-eabi/lib/thumb/v7-ar\libc.a(lib_a-impure.o)
 .data          0x8000c360        0x0 c:/ti/ccs930/ccs/tools/compiler/gcc-arm-none-eabi-7-2017-q4-major-win32/bin/../lib/gcc/arm-none-eabi/7.2.1/../../../../arm-none-eabi/lib/thumb/v7-ar\libc.a(lib_a-init.o)
 .data          0x8000c360        0x0 c:/ti/ccs930/ccs/tools/compiler/gcc-arm-none-eabi-7-2017-q4-major-win32/bin/../lib/gcc/arm-none-eabi/7.2.1/../../../../arm-none-eabi/lib/thumb/v7-ar\libc.a(lib_a-memset.o)
 .data          0x8000c360        0x0 c:/ti/ccs930/ccs/tools/compiler/gcc-arm-none-eabi-7-2017-q4-major-win32/bin/../lib/gcc/arm-none-eabi/7.2.1/../../../../arm-none-eabi/lib/thumb/v7-ar\libc.a(lib_a-printf.o)
 .data          0x8000c360        0x0 c:/ti/ccs930/ccs/tools/compiler/gcc-arm-none-eabi-7-2017-q4-major-win32/bin/../lib/gcc/arm-none-eabi/7.2.1/../../../../arm-none-eabi/lib/thumb/v7-ar\libc.a(lib_a-sprintf.o)
 .data          0x8000c360        0x0 c:/ti/ccs930/ccs/tools/compiler/gcc-arm-none-eabi-7-2017-q4-major-win32/bin/../lib/gcc/arm-none-eabi/7.2.1/../../../../arm-none-eabi/lib/thumb/v7-ar\libc.a(lib_a-strlen-stub.o)
 .data          0x8000c360        0x0 c:/ti/ccs930/ccs/tools/compiler/gcc-arm-none-eabi-7-2017-q4-major-win32/bin/../lib/gcc/arm-none-eabi/7.2.1/../../../../arm-none-eabi/lib/thumb/v7-ar\libc.a(lib_a-svfprintf.o)
 .data          0x8000c360        0x0 c:/ti/ccs930/ccs/tools/compiler/gcc-arm-none-eabi-7-2017-q4-major-win32/bin/../lib/gcc/arm-none-eabi/7.2.1/../../../../arm-none-eabi/lib/thumb/v7-ar\libc.a(lib_a-vfprintf.o)
 .data          0x8000c360        0x0 c:/ti/ccs930/ccs/tools/compiler/gcc-arm-none-eabi-7-2017-q4-major-win32/bin/../lib/gcc/arm-none-eabi/7.2.1/../../../../arm-none-eabi/lib/thumb/v7-ar\libc.a(lib_a-wsetup.o)
 .data          0x8000c360        0x0 c:/ti/ccs930/ccs/tools/compiler/gcc-arm-none-eabi-7-2017-q4-major-win32/bin/../lib/gcc/arm-none-eabi/7.2.1/../../../../arm-none-eabi/lib/thumb/v7-ar\libc.a(lib_a-__call_atexit.o)
 .data.__atexit_recursive_mutex
                0x8000c360        0x4 c:/ti/ccs930/ccs/tools/compiler/gcc-arm-none-eabi-7-2017-q4-major-win32/bin/../lib/gcc/arm-none-eabi/7.2.1/../../../../arm-none-eabi/lib/thumb/v7-ar\libc.a(lib_a-__call_atexit.o)
                0x8000c360                __atexit_recursive_mutex
 .data          0x8000c364        0x0 c:/ti/ccs930/ccs/tools/compiler/gcc-arm-none-eabi-7-2017-q4-major-win32/bin/../lib/gcc/arm-none-eabi/7.2.1/../../../../arm-none-eabi/lib/thumb/v7-ar\libc.a(lib_a-atexit.o)
 .data          0x8000c364        0x0 c:/ti/ccs930/ccs/tools/compiler/gcc-arm-none-eabi-7-2017-q4-major-win32/bin/../lib/gcc/arm-none-eabi/7.2.1/../../../../arm-none-eabi/lib/thumb/v7-ar\libc.a(lib_a-dtoa.o)
 .data          0x8000c364        0x0 c:/ti/ccs930/ccs/tools/compiler/gcc-arm-none-eabi-7-2017-q4-major-win32/bin/../lib/gcc/arm-none-eabi/7.2.1/../../../../arm-none-eabi/lib/thumb/v7-ar\libc.a(lib_a-fflush.o)
 .data          0x8000c364        0x0 c:/ti/ccs930/ccs/tools/compiler/gcc-arm-none-eabi-7-2017-q4-major-win32/bin/../lib/gcc/arm-none-eabi/7.2.1/../../../../arm-none-eabi/lib/thumb/v7-ar\libc.a(lib_a-findfp.o)
 .data          0x8000c364        0x0 c:/ti/ccs930/ccs/tools/compiler/gcc-arm-none-eabi-7-2017-q4-major-win32/bin/../lib/gcc/arm-none-eabi/7.2.1/../../../../arm-none-eabi/lib/thumb/v7-ar\libc.a(lib_a-fini.o)
 .data          0x8000c364        0x0 c:/ti/ccs930/ccs/tools/compiler/gcc-arm-none-eabi-7-2017-q4-major-win32/bin/../lib/gcc/arm-none-eabi/7.2.1/../../../../arm-none-eabi/lib/thumb/v7-ar\libc.a(lib_a-freer.o)
 .data          0x8000c364        0x0 c:/ti/ccs930/ccs/tools/compiler/gcc-arm-none-eabi-7-2017-q4-major-win32/bin/../lib/gcc/arm-none-eabi/7.2.1/../../../../arm-none-eabi/lib/thumb/v7-ar\libc.a(lib_a-fwalk.o)
 .data          0x8000c364        0x0 c:/ti/ccs930/ccs/tools/compiler/gcc-arm-none-eabi-7-2017-q4-major-win32/bin/../lib/gcc/arm-none-eabi/7.2.1/../../../../arm-none-eabi/lib/thumb/v7-ar\libc.a(lib_a-localeconv.o)
 .data          0x8000c364        0x0 c:/ti/ccs930/ccs/tools/compiler/gcc-arm-none-eabi-7-2017-q4-major-win32/bin/../lib/gcc/arm-none-eabi/7.2.1/../../../../arm-none-eabi/lib/thumb/v7-ar\libc.a(lib_a-lock.o)
 .data          0x8000c364        0x0 c:/ti/ccs930/ccs/tools/compiler/gcc-arm-none-eabi-7-2017-q4-major-win32/bin/../lib/gcc/arm-none-eabi/7.2.1/../../../../arm-none-eabi/lib/thumb/v7-ar\libc.a(lib_a-makebuf.o)
 .data          0x8000c364        0x0 c:/ti/ccs930/ccs/tools/compiler/gcc-arm-none-eabi-7-2017-q4-major-win32/bin/../lib/gcc/arm-none-eabi/7.2.1/../../../../arm-none-eabi/lib/thumb/v7-ar\libc.a(lib_a-mallocr.o)
 .data.__malloc_av_
                0x8000c364      0x408 c:/ti/ccs930/ccs/tools/compiler/gcc-arm-none-eabi-7-2017-q4-major-win32/bin/../lib/gcc/arm-none-eabi/7.2.1/../../../../arm-none-eabi/lib/thumb/v7-ar\libc.a(lib_a-mallocr.o)
                0x8000c364                __malloc_av_
 .data.__malloc_sbrk_base
                0x8000c76c        0x4 c:/ti/ccs930/ccs/tools/compiler/gcc-arm-none-eabi-7-2017-q4-major-win32/bin/../lib/gcc/arm-none-eabi/7.2.1/../../../../arm-none-eabi/lib/thumb/v7-ar\libc.a(lib_a-mallocr.o)
                0x8000c76c                __malloc_sbrk_base
 .data.__malloc_trim_threshold
                0x8000c770        0x4 c:/ti/ccs930/ccs/tools/compiler/gcc-arm-none-eabi-7-2017-q4-major-win32/bin/../lib/gcc/arm-none-eabi/7.2.1/../../../../arm-none-eabi/lib/thumb/v7-ar\libc.a(lib_a-mallocr.o)
                0x8000c770                __malloc_trim_threshold
 .data          0x8000c774        0x0 c:/ti/ccs930/ccs/tools/compiler/gcc-arm-none-eabi-7-2017-q4-major-win32/bin/../lib/gcc/arm-none-eabi/7.2.1/../../../../arm-none-eabi/lib/thumb/v7-ar\libc.a(lib_a-memchr-stub.o)
 .data          0x8000c774        0x0 c:/ti/ccs930/ccs/tools/compiler/gcc-arm-none-eabi-7-2017-q4-major-win32/bin/../lib/gcc/arm-none-eabi/7.2.1/../../../../arm-none-eabi/lib/thumb/v7-ar\libc.a(lib_a-memcpy.o)
 .data          0x8000c774        0x0 c:/ti/ccs930/ccs/tools/compiler/gcc-arm-none-eabi-7-2017-q4-major-win32/bin/../lib/gcc/arm-none-eabi/7.2.1/../../../../arm-none-eabi/lib/thumb/v7-ar\libc.a(lib_a-mlock.o)
 .data          0x8000c774        0x0 c:/ti/ccs930/ccs/tools/compiler/gcc-arm-none-eabi-7-2017-q4-major-win32/bin/../lib/gcc/arm-none-eabi/7.2.1/../../../../arm-none-eabi/lib/thumb/v7-ar\libc.a(lib_a-mprec.o)
 .data          0x8000c774        0x0 c:/ti/ccs930/ccs/tools/compiler/gcc-arm-none-eabi-7-2017-q4-major-win32/bin/../lib/gcc/arm-none-eabi/7.2.1/../../../../arm-none-eabi/lib/thumb/v7-ar\libc.a(lib_a-sbrkr.o)
 .data          0x8000c774        0x0 c:/ti/ccs930/ccs/tools/compiler/gcc-arm-none-eabi-7-2017-q4-major-win32/bin/../lib/gcc/arm-none-eabi/7.2.1/../../../../arm-none-eabi/lib/thumb/v7-ar\libc.a(lib_a-stdio.o)
 .data          0x8000c774        0x0 c:/ti/ccs930/ccs/tools/compiler/gcc-arm-none-eabi-7-2017-q4-major-win32/bin/../lib/gcc/arm-none-eabi/7.2.1/../../../../arm-none-eabi/lib/thumb/v7-ar\libc.a(lib_a-svfiprintf.o)
 .data          0x8000c774        0x0 c:/ti/ccs930/ccs/tools/compiler/gcc-arm-none-eabi-7-2017-q4-major-win32/bin/../lib/gcc/arm-none-eabi/7.2.1/../../../../arm-none-eabi/lib/thumb/v7-ar\libc.a(lib_a-vfiprintf.o)
 .data          0x8000c774        0x0 c:/ti/ccs930/ccs/tools/compiler/gcc-arm-none-eabi-7-2017-q4-major-win32/bin/../lib/gcc/arm-none-eabi/7.2.1/../../../../arm-none-eabi/lib/thumb/v7-ar\libc.a(lib_a-writer.o)
 .data          0x8000c774        0x0 c:/ti/ccs930/ccs/tools/compiler/gcc-arm-none-eabi-7-2017-q4-major-win32/bin/../lib/gcc/arm-none-eabi/7.2.1/../../../../arm-none-eabi/lib/thumb/v7-ar\libc.a(lib_a-__atexit.o)
 .data          0x8000c774        0x0 c:/ti/ccs930/ccs/tools/compiler/gcc-arm-none-eabi-7-2017-q4-major-win32/bin/../lib/gcc/arm-none-eabi/7.2.1/../../../../arm-none-eabi/lib/thumb/v7-ar\libc.a(lib_a-callocr.o)
 .data          0x8000c774        0x0 c:/ti/ccs930/ccs/tools/compiler/gcc-arm-none-eabi-7-2017-q4-major-win32/bin/../lib/gcc/arm-none-eabi/7.2.1/../../../../arm-none-eabi/lib/thumb/v7-ar\libc.a(lib_a-closer.o)
 .data          0x8000c774        0x0 c:/ti/ccs930/ccs/tools/compiler/gcc-arm-none-eabi-7-2017-q4-major-win32/bin/../lib/gcc/arm-none-eabi/7.2.1/../../../../arm-none-eabi/lib/thumb/v7-ar\libc.a(lib_a-fclose.o)
 .data          0x8000c774        0x0 c:/ti/ccs930/ccs/tools/compiler/gcc-arm-none-eabi-7-2017-q4-major-win32/bin/../lib/gcc/arm-none-eabi/7.2.1/../../../../arm-none-eabi/lib/thumb/v7-ar\libc.a(lib_a-fputwc.o)
 .data          0x8000c774        0x0 c:/ti/ccs930/ccs/tools/compiler/gcc-arm-none-eabi-7-2017-q4-major-win32/bin/../lib/gcc/arm-none-eabi/7.2.1/../../../../arm-none-eabi/lib/thumb/v7-ar\libc.a(lib_a-fstatr.o)
 .data          0x8000c774        0x0 c:/ti/ccs930/ccs/tools/compiler/gcc-arm-none-eabi-7-2017-q4-major-win32/bin/../lib/gcc/arm-none-eabi/7.2.1/../../../../arm-none-eabi/lib/thumb/v7-ar\libc.a(lib_a-fvwrite.o)
 .data          0x8000c774        0x0 c:/ti/ccs930/ccs/tools/compiler/gcc-arm-none-eabi-7-2017-q4-major-win32/bin/../lib/gcc/arm-none-eabi/7.2.1/../../../../arm-none-eabi/lib/thumb/v7-ar\libc.a(lib_a-isattyr.o)
 .data          0x8000c774        0x0 c:/ti/ccs930/ccs/tools/compiler/gcc-arm-none-eabi-7-2017-q4-major-win32/bin/../lib/gcc/arm-none-eabi/7.2.1/../../../../arm-none-eabi/lib/thumb/v7-ar\libc.a(lib_a-locale.o)
 .data.__global_locale
                0x8000c774      0x16c c:/ti/ccs930/ccs/tools/compiler/gcc-arm-none-eabi-7-2017-q4-major-win32/bin/../lib/gcc/arm-none-eabi/7.2.1/../../../../arm-none-eabi/lib/thumb/v7-ar\libc.a(lib_a-locale.o)
                0x8000c774                __global_locale
 .data          0x8000c8e0        0x0 c:/ti/ccs930/ccs/tools/compiler/gcc-arm-none-eabi-7-2017-q4-major-win32/bin/../lib/gcc/arm-none-eabi/7.2.1/../../../../arm-none-eabi/lib/thumb/v7-ar\libc.a(lib_a-lseekr.o)
 .data          0x8000c8e0        0x0 c:/ti/ccs930/ccs/tools/compiler/gcc-arm-none-eabi-7-2017-q4-major-win32/bin/../lib/gcc/arm-none-eabi/7.2.1/../../../../arm-none-eabi/lib/thumb/v7-ar\libc.a(lib_a-mbtowc_r.o)
 .data          0x8000c8e0        0x0 c:/ti/ccs930/ccs/tools/compiler/gcc-arm-none-eabi-7-2017-q4-major-win32/bin/../lib/gcc/arm-none-eabi/7.2.1/../../../../arm-none-eabi/lib/thumb/v7-ar\libc.a(lib_a-memmove.o)
 .data          0x8000c8e0        0x0 c:/ti/ccs930/ccs/tools/compiler/gcc-arm-none-eabi-7-2017-q4-major-win32/bin/../lib/gcc/arm-none-eabi/7.2.1/../../../../arm-none-eabi/lib/thumb/v7-ar\libc.a(lib_a-readr.o)
 .data          0x8000c8e0        0x0 c:/ti/ccs930/ccs/tools/compiler/gcc-arm-none-eabi-7-2017-q4-major-win32/bin/../lib/gcc/arm-none-eabi/7.2.1/../../../../arm-none-eabi/lib/thumb/v7-ar\libc.a(lib_a-reallocr.o)
 .data          0x8000c8e0        0x0 c:/ti/ccs930/ccs/tools/compiler/gcc-arm-none-eabi-7-2017-q4-major-win32/bin/../lib/gcc/arm-none-eabi/7.2.1/../../../../arm-none-eabi/lib/thumb/v7-ar\libc.a(lib_a-reent.o)
 .data          0x8000c8e0        0x0 c:/ti/ccs930/ccs/tools/compiler/gcc-arm-none-eabi-7-2017-q4-major-win32/bin/../lib/gcc/arm-none-eabi/7.2.1/../../../../arm-none-eabi/lib/thumb/v7-ar\libc.a(lib_a-strcmp.o)
 .data          0x8000c8e0        0x0 c:/ti/ccs930/ccs/tools/compiler/gcc-arm-none-eabi-7-2017-q4-major-win32/bin/../lib/gcc/arm-none-eabi/7.2.1/../../../../arm-none-eabi/lib/thumb/v7-ar\libc.a(lib_a-wbuf.o)
 .data          0x8000c8e0        0x0 c:/ti/ccs930/ccs/tools/compiler/gcc-arm-none-eabi-7-2017-q4-major-win32/bin/../lib/gcc/arm-none-eabi/7.2.1/../../../../arm-none-eabi/lib/thumb/v7-ar\libc.a(lib_a-wcrtomb.o)
 .data          0x8000c8e0        0x0 c:/ti/ccs930/ccs/tools/compiler/gcc-arm-none-eabi-7-2017-q4-major-win32/bin/../lib/gcc/arm-none-eabi/7.2.1/../../../../arm-none-eabi/lib/thumb/v7-ar\libc.a(lib_a-wctomb_r.o)
 .data          0x8000c8e0        0x0 c:/ti/ccs930/ccs/tools/compiler/gcc-arm-none-eabi-7-2017-q4-major-win32/bin/../lib/gcc/arm-none-eabi/7.2.1/../../../../arm-none-eabi/lib/thumb/v7-ar\libc.a(lib_a-ctype_.o)
 .data          0x8000c8e0        0x0 c:/ti/ccs930/ccs/tools/compiler/gcc-arm-none-eabi-7-2017-q4-major-win32/bin/../lib/gcc/arm-none-eabi/7.2.1/thumb/v7-ar\libgcc.a(_udivsi3.o)
 .data          0x8000c8e0        0x0 c:/ti/ccs930/ccs/tools/compiler/gcc-arm-none-eabi-7-2017-q4-major-win32/bin/../lib/gcc/arm-none-eabi/7.2.1/thumb/v7-ar\libgcc.a(_divsi3.o)
 .data          0x8000c8e0        0x0 c:/ti/ccs930/ccs/tools/compiler/gcc-arm-none-eabi-7-2017-q4-major-win32/bin/../lib/gcc/arm-none-eabi/7.2.1/thumb/v7-ar\libgcc.a(_dvmd_tls.o)
 .data          0x8000c8e0        0x0 c:/ti/ccs930/ccs/tools/compiler/gcc-arm-none-eabi-7-2017-q4-major-win32/bin/../lib/gcc/arm-none-eabi/7.2.1/thumb/v7-ar\libgcc.a(_arm_addsubdf3.o)
 .data          0x8000c8e0        0x0 c:/ti/ccs930/ccs/tools/compiler/gcc-arm-none-eabi-7-2017-q4-major-win32/bin/../lib/gcc/arm-none-eabi/7.2.1/thumb/v7-ar\libgcc.a(_arm_muldivdf3.o)
 .data          0x8000c8e0        0x0 c:/ti/ccs930/ccs/tools/compiler/gcc-arm-none-eabi-7-2017-q4-major-win32/bin/../lib/gcc/arm-none-eabi/7.2.1/thumb/v7-ar\libgcc.a(_arm_cmpdf2.o)
 .data          0x8000c8e0        0x0 c:/ti/ccs930/ccs/tools/compiler/gcc-arm-none-eabi-7-2017-q4-major-win32/bin/../lib/gcc/arm-none-eabi/7.2.1/thumb/v7-ar\libgcc.a(_arm_unorddf2.o)
 .data          0x8000c8e0        0x0 c:/ti/ccs930/ccs/tools/compiler/gcc-arm-none-eabi-7-2017-q4-major-win32/bin/../lib/gcc/arm-none-eabi/7.2.1/thumb/v7-ar\libgcc.a(_arm_fixdfsi.o)
 .data          0x8000c8e0        0x0 c:/ti/ccs930/ccs/tools/compiler/gcc-arm-none-eabi-7-2017-q4-major-win32/bin/../lib/gcc/arm-none-eabi/7.2.1/thumb/v7-ar\libgcc.a(_aeabi_uldivmod.o)
 .data          0x8000c8e0        0x0 c:/ti/ccs930/ccs/tools/compiler/gcc-arm-none-eabi-7-2017-q4-major-win32/bin/../lib/gcc/arm-none-eabi/7.2.1/thumb/v7-ar\libgcc.a(_udivmoddi4.o)
 .data          0x8000c8e0        0x0 c:/ti/ccs930/ccs/tools/compiler/gcc-arm-none-eabi-7-2017-q4-major-win32/bin/../lib/gcc/arm-none-eabi/7.2.1/../../../../arm-none-eabi/lib/thumb/v7-ar\librdimon.a(rdimon-syscalls.o)
 .data.__heap_limit
                0x8000c8e0        0x4 c:/ti/ccs930/ccs/tools/compiler/gcc-arm-none-eabi-7-2017-q4-major-win32/bin/../lib/gcc/arm-none-eabi/7.2.1/../../../../arm-none-eabi/lib/thumb/v7-ar\librdimon.a(rdimon-syscalls.o)
                0x8000c8e0                __heap_limit
 .data.supports_ext_exit_extended
                0x8000c8e4        0x4 c:/ti/ccs930/ccs/tools/compiler/gcc-arm-none-eabi-7-2017-q4-major-win32/bin/../lib/gcc/arm-none-eabi/7.2.1/../../../../arm-none-eabi/lib/thumb/v7-ar\librdimon.a(rdimon-syscalls.o)
 .data.supports_ext_stdout_stderr
                0x8000c8e8        0x4 c:/ti/ccs930/ccs/tools/compiler/gcc-arm-none-eabi-7-2017-q4-major-win32/bin/../lib/gcc/arm-none-eabi/7.2.1/../../../../arm-none-eabi/lib/thumb/v7-ar\librdimon.a(rdimon-syscalls.o)
 .data          0x8000c8ec        0x0 c:/ti/ccs930/ccs/tools/compiler/gcc-arm-none-eabi-7-2017-q4-major-win32/bin/../lib/gcc/arm-none-eabi/7.2.1/../../../../arm-none-eabi/lib/thumb/v7-ar\librdimon.a(rdimon-_exit.o)
 .data          0x8000c8ec        0x0 c:/ti/ccs930/ccs/tools/compiler/gcc-arm-none-eabi-7-2017-q4-major-win32/bin/../lib/gcc/arm-none-eabi/7.2.1/../../../../arm-none-eabi/lib/thumb/v7-ar\librdimon.a(rdimon-_kill.o)
 .data          0x8000c8ec        0x0 c:/ti/ccs930/ccs/tools/compiler/gcc-arm-none-eabi-7-2017-q4-major-win32/bin/../lib/gcc/arm-none-eabi/7.2.1/../../../../arm-none-eabi/lib/thumb/v7-ar\libc.a(lib_a-errno.o)
 .data          0x8000c8ec        0x0 c:/ti/ccs930/ccs/tools/compiler/gcc-arm-none-eabi-7-2017-q4-major-win32/bin/../lib/gcc/arm-none-eabi/7.2.1/thumb/v7-ar/crtend.o
 .data          0x8000c8ec        0x0 c:/ti/ccs930/ccs/tools/compiler/gcc-arm-none-eabi-7-2017-q4-major-win32/bin/../lib/gcc/arm-none-eabi/7.2.1/thumb/v7-ar/crtn.o
                0x8000c8ec                . = ALIGN (0x4)
                0x8000c8ec                PROVIDE (__preinit_array_start, .)
 *(.preinit_array)
                0x8000c8ec                PROVIDE (__preinit_array_end, .)
                0x8000c8ec                . = ALIGN (0x4)
                0x8000c8ec                PROVIDE (__init_array_start, .)
 *(SORT_BY_NAME(.init_array.*))
 .init_array.00000
                0x8000c8ec        0x4 c:/ti/ccs930/ccs/tools/compiler/gcc-arm-none-eabi-7-2017-q4-major-win32/bin/../lib/gcc/arm-none-eabi/7.2.1/../../../../arm-none-eabi/lib/thumb/v7-ar\libc.a(lib_a-__call_atexit.o)
 *(.init_array)
 .init_array    0x8000c8f0        0x4 c:/ti/ccs930/ccs/tools/compiler/gcc-arm-none-eabi-7-2017-q4-major-win32/bin/../lib/gcc/arm-none-eabi/7.2.1/thumb/v7-ar/crtbegin.o
                0x8000c8f4                PROVIDE (__init_array_end, .)
                0x8000c8f4                . = ALIGN (0x4)
                0x8000c8f4                PROVIDE (__fini_array_start, .)
 *(SORT_BY_NAME(.fini_array.*))
 *(.fini_array)
 .fini_array    0x8000c8f4        0x4 c:/ti/ccs930/ccs/tools/compiler/gcc-arm-none-eabi-7-2017-q4-major-win32/bin/../lib/gcc/arm-none-eabi/7.2.1/thumb/v7-ar/crtbegin.o
                0x8000c8f8                PROVIDE (__fini_array_end, .)
                0x8000c8f8                . = ALIGN (0x4)
                0x8000c8f8                __data_end__ = .

.igot.plt       0x8000c8f8        0x0
 .igot.plt      0x8000c8f8        0x0 c:/ti/ccs930/ccs/tools/compiler/gcc-arm-none-eabi-7-2017-q4-major-win32/bin/../lib/gcc/arm-none-eabi/7.2.1/thumb/v7-ar/crtbegin.o

.bss            0x8000c8f8      0x16c
                0x8000c8f8                . = ALIGN (0x4)
                0x8000c8f8                __bss_start__ = .
 *(.bss*)
 .bss           0x8000c8f8        0x0 c:/ti/ccs930/ccs/tools/compiler/gcc-arm-none-eabi-7-2017-q4-major-win32/bin/../lib/gcc/arm-none-eabi/7.2.1/thumb/v7-ar/crti.o
 .bss           0x8000c8f8       0x1c c:/ti/ccs930/ccs/tools/compiler/gcc-arm-none-eabi-7-2017-q4-major-win32/bin/../lib/gcc/arm-none-eabi/7.2.1/thumb/v7-ar/crtbegin.o
 .bss           0x8000c914        0x0 c:/ti/ccs930/ccs/tools/compiler/gcc-arm-none-eabi-7-2017-q4-major-win32/bin/../lib/gcc/arm-none-eabi/7.2.1/../../../../arm-none-eabi/lib/thumb/v7-ar/rdimon-crt0.o
 .bss           0x8000c914       0x1c ./main.o
                0x8000c914                value0f
                0x8000c918                value1f
                0x8000c91c                value2f
                0x8000c920                value3f
                0x8000c924                value4f
                0x8000c928                value5f
                0x8000c92c                valueCf
 .bss           0x8000c930        0x0 ./startup_ARMCA15.o