******************************************************************************
               TMS320C6x Linker PC v8.3.5                      
******************************************************************************
>> Linked Thu Jun  9 16:03:18 2022

OUTPUT FILE NAME:   <dsp0.out>
ENTRY POINT SYMBOL: "_c_int00"  address: 94006e20


MEMORY CONFIGURATION

         name            origin    length      used     unused   attr    fill
----------------------  --------  ---------  --------  --------  ----  --------
  OCMC_RAM1             40300000   00080000  00000000  00080000  RWIX
  OCMC_RAM2             40400000   00100000  00000000  00100000  RWIX
  OCMC_RAM3             40500000   00100000  00000000  00100000  RWIX
  ARM_DDR3              80000000   10000000  00000000  10000000  RWIX
  used                  90000000   08000000  040078d0  03ff8730  RWIX
  CORE1_DDR3            b0000000   10000000  00000000  10000000  RWIX
  CORE2_DDR3            c0000000   10000000  00000000  10000000  RWIX
  CORE3_DDR3            d0000000   10000000  00000000  10000000  RWIX


SEGMENT ALLOCATION MAP

run origin  load origin   length   init length attrs members
----------  ----------- ---------- ----------- ----- -------
90000000    90000000    04000000   00000000    rw-
  90000000    90000000    04000000   00000000    rw- .stack
94000000    94000000    000077d8   000077d8    r-x
  94000000    94000000    000073a0   000073a0    r-x .text
  940073a0    940073a0    00000438   00000438    r-- .const
940077d8    940077d8    00000080   00000000    rw-
  940077d8    940077d8    00000080   00000000    rw- .bss
94007858    94007858    00000038   00000038    r--
  94007858    94007858    00000038   00000038    r-- .switch
94007890    94007890    00000010   00000000    rw-
  94007890    94007890    00000010   00000000    rw- .fardata
940078a0    940078a0    00000030   00000030    r--
  940078a0    940078a0    00000030   00000030    r-- .cinit


SECTION ALLOCATION MAP

 output                                  attributes/
section   page    origin      length       input sections
--------  ----  ----------  ----------   ----------------
.stack     0    90000000    04000000     UNINITIALIZED
                  90000000    00000008     rts64plus_elf.lib : boot.c.obj (.stack)
                  90000008    03fffff8     --HOLE--

.text      0    94000000    000073a0     
                  94000000    000020c0     rts64plus_elf.lib : _printfi.c.obj (.text:__TI_printfi)
                  940020c0    00001640     main.obj (.text)
                  94003700    000006e0     rts64plus_elf.lib : _printfi.c.obj (.text:_pconv_a)
                  94003de0    00000560                       : divd.c.obj (.text:__c6xabi_divd)
                  94004340    000003e0                       : _printfi.c.obj (.text:_pconv_g)
                  94004720    000002c0                       : _printfi.c.obj (.text:_pconv_e)
                  940049e0    00000280                       : _printfi.c.obj (.text:fcvt)
                  94004c60    00000260                       : imath64.c.obj (.text:__c6xabi_divull)
                  94004ec0    00000220                       : mpyd.c.obj (.text:__c6xabi_mpyd)
                  940050e0    00000200                       : frcaddd.c.obj (.text:__TI_frcaddd)
                  940052e0    00000200                       : addd.c.obj (.text:__c6xabi_addd)
                  940054e0    00000200                       : _printfi.c.obj (.text:_ltostr)
                  940056e0    00000200                       : frexp.c.obj (.text:frexp)
                  940058e0    000001e0                       : ldexp.c.obj (.text:ldexp)
                  94005ac0    000001c0                       : imath40.c.obj (.text:__c6xabi_divul)
                  94005c80    00000120                       : frcmpyd.c.obj (.text:__TI_frcmpyd)
                  94005da0    00000120                       : _printfi.c.obj (.text:_pconv_f)
                  94005ec0    00000100                       : copy_decompress_rle.c.obj (.text:__TI_decompress_rle_core)
                  94005fc0    00000100                       : _printfi.c.obj (.text:_mcpy)
                  940060c0    00000100                       : atoi.c.obj (.text:atoi)
                  940061c0    000000e0                       : _ltoa.c.obj (.text:__TI_ltoa)
                  940062a0    000000e0                       : ged.c.obj (.text:__c6xabi_ged)
                  94006380    000000e0                       : gtd.c.obj (.text:__c6xabi_gtd)
                  94006460    000000e0                       : led.c.obj (.text:__c6xabi_led)
                  94006540    000000e0                       : ltd.c.obj (.text:__c6xabi_ltd)
                  94006620    000000e0                       : exit.c.obj (.text:exit)
                  94006700    000000e0                       : memset.c.obj (.text:memset)
                  940067e0    000000c0                       : autoinit.c.obj (.text:__TI_auto_init_nobinit_nopinit:__TI_auto_init_nobinit_nopinit)
                  940068a0    000000c0                       : divu.asm.obj (.text:__divu)
                  94006960    000000c0                       : tls.c.obj (.text:tls:init:__TI_tls_init)
                  94006a20    000000a0                       : eqld.c.obj (.text:__c6xabi_eqd)
                  94006ac0    000000a0                       : neqld.c.obj (.text:__c6xabi_neqd)
                  94006b60    000000a0                       : _printfi.c.obj (.text:_ecpy)
                  94006c00    000000a0                       : memcpy64.asm.obj (.text:memcpy)
                  94006ca0    00000080                       : renormd.c.obj (.text:__TI_renormd)
                  94006d20    00000080                       : fixdi.c.obj (.text:__c6xabi_fixdi)
                  94006da0    00000080                       : llshift.c.obj (.text:__c6xabi_llshl)
                  94006e20    00000080                       : boot.c.obj (.text:_c_int00)
                  94006ea0    00000060                       : fltid.c.obj (.text:__c6xabi_fltid)
                  94006f00    00000060                       : llshift.c.obj (.text:__c6xabi_llshru)
                  94006f60    00000060                       : imath64.c.obj (.text:_subcull)
                  94006fc0    00000060                       : memccpy.c.obj (.text:memccpy)
                  94007020    00000060                       : sprintf.c.obj (.text:sprintf)
                  94007080    00000040                       : frcmpyd_div.c.obj (.text:__TI_frcmpyd_div)
                  940070c0    00000040                       : isinf.c.obj (.text:__c6xabi_isinf)
                  94007100    00000040                       : negd.c.obj (.text:__c6xabi_negd)
                  94007140    00000040                       : subd.c.obj (.text:__c6xabi_subd)
                  94007180    00000040                       : args_main.c.obj (.text:_args_main)
                  940071c0    00000040                       : sprintf.c.obj (.text:_outs)
                  94007200    00000040                       : wcslen.c.obj (.text:wcslen)
                  94007240    00000020                       : errno.c.obj (.text:__c6xabi_errno_addr)
                  94007260    00000020                       : _printfi.c.obj (.text:__c6xabi_isnan)
                  94007280    00000020                       : push.asm.obj (.text:__pop_rts)
                  940072a0    00000020                       : push.asm.obj (.text:__push_rts)
                  940072c0    00000020                       : sprintf.c.obj (.text:_outc)
                  940072e0    00000020                       : signbit.c.obj (.text:_signbit)
                  94007300    00000020                       : startup.c.obj (.text:_system_post_cinit)
                  94007320    00000020                       : pre_init.c.obj (.text:_system_pre_init)
                  94007340    00000020                       : exit.c.obj (.text:abort)
                  94007360    00000020                       : copy_decompress_none.c.obj (.text:decompress:none:__TI_decompress_none)
                  94007380    00000020                       : copy_decompress_rle.c.obj (.text:decompress:rle24:__TI_decompress_rle24)

.bss       0    940077d8    00000080     UNINITIALIZED
                  940077d8    00000008     (.common:result)
                  940077e0    00000008     (.common:t1)
                  940077e8    00000008     (.common:t1_H)
                  940077f0    00000008     (.common:t1_L)
                  940077f8    00000008     (.common:t2)
                  94007800    00000008     (.common:t2_H)
                  94007808    00000008     (.common:t2_L)
                  94007810    00000004     (.common:result_ddr_cycles_emif0)
                  94007814    00000004     (.common:result_ddr_cycles_emif1)
                  94007818    00000004     (.common:result_ddr_evt0_emif0)
                  9400781c    00000004     (.common:result_ddr_evt0_emif1)
                  94007820    00000004     (.common:result_ddr_evt1_emif0)
                  94007824    00000004     (.common:result_ddr_evt1_emif1)
                  94007828    00000004     (.common:t1_ddr_cycles_emif0)
                  9400782c    00000004     (.common:t1_ddr_cycles_emif1)
                  94007830    00000004     (.common:t1_ddr_evt0_emif0)
                  94007834    00000004     (.common:t1_ddr_evt0_emif1)
                  94007838    00000004     (.common:t1_ddr_evt1_emif0)
                  9400783c    00000004     (.common:t1_ddr_evt1_emif1)
                  94007840    00000004     (.common:t2_ddr_cycles_emif0)
                  94007844    00000004     (.common:t2_ddr_cycles_emif1)
                  94007848    00000004     (.common:t2_ddr_evt0_emif0)
                  9400784c    00000004     (.common:t2_ddr_evt0_emif1)
                  94007850    00000004     (.common:t2_ddr_evt1_emif0)
                  94007854    00000004     (.common:t2_ddr_evt1_emif1)

.const     0    940073a0    00000438     
                  940073a0    00000304     main.obj (.const:.string)
                  940076a4    00000004     --HOLE-- [fill = 0]
                  940076a8    00000101     rts64plus_elf.lib : ctype.c.obj (.const:.string:_ctypes_)
                  940077a9    00000003     --HOLE-- [fill = 0]
                  940077ac    00000024                       : _printfi.c.obj (.const:.string)
                  940077d0    00000008                       : divd.c.obj (.const:.string:initial_approx$1)

.switch    0    94007858    00000038     
                  94007858    00000038     rts64plus_elf.lib : _printfi.c.obj (.switch:__TI_printfi)

.cinit     0    940078a0    00000030     
                  940078a0    0000000d     (.cinit..fardata.load) [load image, compression = rle]
                  940078ad    00000009     (.cinit..bss.load) [load image, compression = rle]
                  940078b6    00000002     --HOLE-- [fill = 0]
                  940078b8    00000008     (__TI_handler_table)
                  940078c0    00000010     (__TI_cinit_table)

.init_array 
*          0    90000000    00000000     UNINITIALIZED

.fardata   0    94007890    00000010     UNINITIALIZED
                  94007890    0000000c     rts64plus_elf.lib : exit.c.obj (.fardata)
                  9400789c    00000004                       : errno.c.obj (.fardata)

MODULE SUMMARY

       Module                       code    ro data   rw data 
       ------                       ----    -------   ------- 
    .\
       main.obj                     5696    772       128     
    +--+----------------------------+-------+---------+----------+
       Total:                       5696    772       128     
                                                              
    C:\ti\ccs930\ccs\tools\compiler\ti-cgt-c6000_8.3.5\lib\rts64plus_elf.lib
       _printfi.c.obj               13728   92        0       
       divd.c.obj                   1376    8         0       
       imath64.c.obj                704     0         0       
       mpyd.c.obj                   544     0         0       
       addd.c.obj                   512     0         0       
       frcaddd.c.obj                512     0         0       
       frexp.c.obj                  512     0         0       
       ldexp.c.obj                  480     0         0       
       imath40.c.obj                448     0         0       
       copy_decompress_rle.c.obj    288     0         0       
       frcmpyd.c.obj                288     0         0       
       exit.c.obj                   256     0         12      
       ctype.c.obj                  0       257       0       
       atoi.c.obj                   256     0         0       
       _ltoa.c.obj                  224     0         0       
       ged.c.obj                    224     0         0       
       gtd.c.obj                    224     0         0       
       led.c.obj                    224     0         0       
       llshift.c.obj                224     0         0       
       ltd.c.obj                    224     0         0       
       memset.c.obj                 224     0         0       
       autoinit.c.obj               192     0         0       
       divu.asm.obj                 192     0         0       
       sprintf.c.obj                192     0         0       
       tls.c.obj                    192     0         0       
       eqld.c.obj                   160     0         0       
       memcpy64.asm.obj             160     0         0       
       neqld.c.obj                  160     0         0       
       boot.c.obj                   128     0         0       
       fixdi.c.obj                  128     0         0       
       renormd.c.obj                128     0         0       
       fltid.c.obj                  96      0         0       
       memccpy.c.obj                96      0         0       
       args_main.c.obj              64      0         0       
       frcmpyd_div.c.obj            64      0         0       
       isinf.c.obj                  64      0         0       
       negd.c.obj                   64      0         0       
       push.asm.obj                 64      0         0       
       subd.c.obj                   64      0         0       
       wcslen.c.obj                 64      0         0       
       errno.c.obj                  32      0         4       
       copy_decompress_none.c.obj   32      0         0       
       pre_init.c.obj               32      0         0       
       signbit.c.obj                32      0         0       
       startup.c.obj                32      0         0       
    +--+----------------------------+-------+---------+----------+
       Total:                       23904   357       16      
                                                              
       Stack:                       0       0         67108864
       Linker Generated:            0       46        0       
    +--+----------------------------+-------+---------+----------+
       Grand Total:                 29600   1175      67109008


LINKER GENERATED COPY TABLES

__TI_cinit_table @ 940078c0 records: 2, size/record: 8, table size: 16
	.fardata: load addr=940078a0, load size=0000000d bytes, run addr=94007890, run size=00000010 bytes, compression=rle
	.bss: load addr=940078ad, load size=00000009 bytes, run addr=940077d8, run size=00000080 bytes, compression=rle


LINKER GENERATED HANDLER TABLE

__TI_handler_table @ 940078b8 records: 2, size/record: 4, table size: 8
	index: 0, handler: __TI_decompress_rle24
	index: 1, handler: __TI_decompress_none


GLOBAL SYMBOLS: SORTED ALPHABETICALLY BY Name 

address   name                               
-------   ----                               
94007340  C$$EXIT                            
940027e4  DDR_configure_eval                 
94002b04  DDR_end_eval                       
94002ac0  DDR_start_eval                     
94002738  DSP_init                           
940078c0  __TI_CINIT_Base                    
940078d0  __TI_CINIT_Limit                   
940078b8  __TI_Handler_Table_Base            
940078c0  __TI_Handler_Table_Limit           
94000000  __TI_STACK_END                     
04000000  __TI_STACK_SIZE                    
940077d8  __TI_STATIC_BASE                   
UNDEFED   __TI_TLS_INIT_Base                 
UNDEFED   __TI_TLS_INIT_Limit                
940067e0  __TI_auto_init_nobinit_nopinit     
94007890  __TI_cleanup_ptr                   
94007360  __TI_decompress_none               
94007380  __TI_decompress_rle24              
94007894  __TI_dtors_ptr                     
94007898  __TI_enable_exit_profile_output    
940050e0  __TI_frcaddd                       
94005c80  __TI_frcmpyd                       
94007080  __TI_frcmpyd_div                   
940061c0  __TI_ltoa                          
ffffffff  __TI_pprof_out_hndl                
94000000  __TI_printfi                       
ffffffff  __TI_prof_data_size                
ffffffff  __TI_prof_data_start               
94006ca0  __TI_renormd                       
94006960  __TI_tls_init                      
ffffffff  __binit__                          
940052e0  __c6xabi_addd                      
94003de0  __c6xabi_divd                      
940068a0  __c6xabi_divu                      
94005ac0  __c6xabi_divul                     
94004c60  __c6xabi_divull                    
94006a20  __c6xabi_eqd                       
94007240  __c6xabi_errno_addr                
94006d20  __c6xabi_fixdi                     
94006ea0  __c6xabi_fltid                     
940062a0  __c6xabi_ged                       
94006380  __c6xabi_gtd                       
940070c0  __c6xabi_isinf                     
94006460  __c6xabi_led                       
94006da0  __c6xabi_llshl                     
94006f00  __c6xabi_llshru                    
94006540  __c6xabi_ltd                       
94004ec0  __c6xabi_mpyd                      
94007100  __c6xabi_negd                      
94006ac0  __c6xabi_neqd                      
94007280  __c6xabi_pop_rts                   
940072a0  __c6xabi_push_rts                  
94007140  __c6xabi_subd                      
ffffffff  __c_args__                         
940068a0  __divu                             
9400789c  __errno                            
94007280  __pop_rts                          
940072a0  __push_rts                         
94007180  _args_main                         
94006e20  _c_int00                           
940076a8  _ctypes_                           
940072e0  _signbit                           
90000000  _stack                             
94006f60  _subcull                           
94007300  _system_post_cinit                 
94007320  _system_pre_init                   
94007340  abort                              
940060c0  atoi                               
940035f0  bank_stress_benchmark              
ffffffff  binit                              
940035d8  clear_tx_FIFO                      
94002b94  cpu_microbenchmark_load            
94002898  cpu_microbenchmark_store           
94002e08  cpu_pointer_chasing_microbenchmark 
940029c8  critical_task_end_eval             
94002854  critical_task_start_eval           
94002794  enable_CNT_MSTID                   
940035c4  enable_FIFO                        
9400789c  errno                              
94006620  exit                               
940056e0  frexp                              
940056e0  frexpl                             
94003590  get_DDR3A_SDCFG_EBANK              
94003558  get_DDR3A_SDCFG_IBANK              
94003528  get_DDR3A_SDCFG_PAGESIZE           
94002a2c  get_PERF_CNT_1                     
94002a58  get_PERF_CNT_2                     
94002a88  get_PERF_CNT_TIMER                 
940058e0  ldexp                              
940058e0  ldexpl                             
94003094  main                               
9400264c  matrix_stress1_task                
94002558  matrix_stress2_task                
94006fc0  memccpy                            
94006c00  memcpy                             
94006700  memset                             
94002544  read_CPUARBD                       
9400252c  read_CPUARBE                       
94002514  read_CPUARBU                       
94002500  read_MDMAARBU                      
940024e8  read_MDMAARBX                      
940024d0  read_SDMAARBD                      
940024b8  read_SDMAARBE                      
940024a4  read_SDMAARBU                      
94002490  read_UART_IER                      
940020c0  read_UART_LSR                      
940077d8  result                             
94007810  result_ddr_cycles_emif0            
94007814  result_ddr_cycles_emif1            
94007818  result_ddr_evt0_emif0              
9400781c  result_ddr_evt0_emif1              
94007820  result_ddr_evt1_emif0              
94007824  result_ddr_evt1_emif1              
940058e0  scalbn                             
940058e0  scalbnl                            
94002450  set_DDR3A_PR_OLD_COUNT             
94002410  set_DDR3A_READ_EXECUTION_THRESHOLD 
940023cc  set_DDR3A_SDCFG_EBANK              
9400238c  set_DDR3A_SDCFG_IBANK              
94002344  set_DDR3A_WRITE_EXECUTION_THRESHOLD
94002308  set_MPU_THRESH_MAX                 
940022ac  set_MSTID                          
94002244  set_PERF_CNT_EVENT                 
94002208  set_SYS_THRESH_MAX                 
94007020  sprintf                            
940077e0  t1                                 
940077e8  t1_H                               
940077f0  t1_L                               
94007828  t1_ddr_cycles_emif0                
9400782c  t1_ddr_cycles_emif1                
94007830  t1_ddr_evt0_emif0                  
94007834  t1_ddr_evt0_emif1                  
94007838  t1_ddr_evt1_emif0                  
9400783c  t1_ddr_evt1_emif1                  
940077f8  t2                                 
94007800  t2_H                               
94007808  t2_L                               
94007840  t2_ddr_cycles_emif0                
94007844  t2_ddr_cycles_emif1                
94007848  t2_ddr_evt0_emif0                  
9400784c  t2_ddr_evt0_emif1                  
94007850  t2_ddr_evt1_emif0                  
94007854  t2_ddr_evt1_emif1                  
94007200  wcslen                             
940021e8  write_CPUARBD                      
940021c8  write_CPUARBE                      
940021a8  write_CPUARBU                      
94002188  write_MDMAARBU                     
94002170  write_MDMAARBX                     
94002158  write_SDMAARBD                     
94002140  write_SDMAARBE                     
94002128  write_SDMAARBU                     
94002114  write_UART_IER                     
940020d0  write_UART_THR                     


GLOBAL SYMBOLS: SORTED BY Symbol Address 

address   name                               
-------   ----                               
04000000  __TI_STACK_SIZE                    
90000000  _stack                             
94000000  __TI_STACK_END                     
94000000  __TI_printfi                       
940020c0  read_UART_LSR                      
940020d0  write_UART_THR                     
94002114  write_UART_IER                     
94002128  write_SDMAARBU                     
94002140  write_SDMAARBE                     
94002158  write_SDMAARBD                     
94002170  write_MDMAARBX                     
94002188  write_MDMAARBU                     
940021a8  write_CPUARBU                      
940021c8  write_CPUARBE                      
940021e8  write_CPUARBD                      
94002208  set_SYS_THRESH_MAX                 
94002244  set_PERF_CNT_EVENT                 
940022ac  set_MSTID                          
94002308  set_MPU_THRESH_MAX                 
94002344  set_DDR3A_WRITE_EXECUTION_THRESHOLD
9400238c  set_DDR3A_SDCFG_IBANK              
940023cc  set_DDR3A_SDCFG_EBANK              
94002410  set_DDR3A_READ_EXECUTION_THRESHOLD 
94002450  set_DDR3A_PR_OLD_COUNT             
94002490  read_UART_IER                      
940024a4  read_SDMAARBU                      
940024b8  read_SDMAARBE                      
940024d0  read_SDMAARBD                      
940024e8  read_MDMAARBX                      
94002500  read_MDMAARBU                      
94002514  read_CPUARBU                       
9400252c  read_CPUARBE                       
94002544  read_CPUARBD                       
94002558  matrix_stress2_task                
9400264c  matrix_stress1_task                
94002738  DSP_init                           
94002794  enable_CNT_MSTID                   
940027e4  DDR_configure_eval                 
94002854  critical_task_start_eval           
94002898  cpu_microbenchmark_store           
940029c8  critical_task_end_eval             
94002a2c  get_PERF_CNT_1                     
94002a58  get_PERF_CNT_2                     
94002a88  get_PERF_CNT_TIMER                 
94002ac0  DDR_start_eval                     
94002b04  DDR_end_eval                       
94002b94  cpu_microbenchmark_load            
94002e08  cpu_pointer_chasing_microbenchmark 
94003094  main                               
94003528  get_DDR3A_SDCFG_PAGESIZE           
94003558  get_DDR3A_SDCFG_IBANK              
94003590  get_DDR3A_SDCFG_EBANK              
940035c4  enable_FIFO                        
940035d8  clear_tx_FIFO                      
940035f0  bank_stress_benchmark              
94003de0  __c6xabi_divd                      
94004c60  __c6xabi_divull                    
94004ec0  __c6xabi_mpyd                      
940050e0  __TI_frcaddd                       
940052e0  __c6xabi_addd                      
940056e0  frexp                              
940056e0  frexpl                             
940058e0  ldexp                              
940058e0  ldexpl                             
940058e0  scalbn                             
940058e0  scalbnl                            
94005ac0  __c6xabi_divul                     
94005c80  __TI_frcmpyd                       
940060c0  atoi                               
940061c0  __TI_ltoa                          
940062a0  __c6xabi_ged                       
94006380  __c6xabi_gtd                       
94006460  __c6xabi_led                       
94006540  __c6xabi_ltd                       
94006620  exit                               
94006700  memset                             
940067e0  __TI_auto_init_nobinit_nopinit     
940068a0  __c6xabi_divu                      
940068a0  __divu                             
94006960  __TI_tls_init                      
94006a20  __c6xabi_eqd                       
94006ac0  __c6xabi_neqd                      
94006c00  memcpy                             
94006ca0  __TI_renormd                       
94006d20  __c6xabi_fixdi                     
94006da0  __c6xabi_llshl                     
94006e20  _c_int00                           
94006ea0  __c6xabi_fltid                     
94006f00  __c6xabi_llshru                    
94006f60  _subcull                           
94006fc0  memccpy                            
94007020  sprintf                            
94007080  __TI_frcmpyd_div                   
940070c0  __c6xabi_isinf                     
94007100  __c6xabi_negd                      
94007140  __c6xabi_subd                      
94007180  _args_main                         
94007200  wcslen                             
94007240  __c6xabi_errno_addr                
94007280  __c6xabi_pop_rts                   
94007280  __pop_rts                          
940072a0  __c6xabi_push_rts                  
940072a0  __push_rts                         
940072e0  _signbit                           
94007300  _system_post_cinit                 
94007320  _system_pre_init                   
94007340  C$$EXIT                            
94007340  abort                              
94007360  __TI_decompress_none               
94007380  __TI_decompress_rle24              
940076a8  _ctypes_                           
940077d8  __TI_STATIC_BASE                   
940077d8  result                             
940077e0  t1                                 
940077e8  t1_H                               
940077f0  t1_L                               
940077f8  t2                                 
94007800  t2_H                               
94007808  t2_L                               
94007810  result_ddr_cycles_emif0            
94007814  result_ddr_cycles_emif1            
94007818  result_ddr_evt0_emif0              
9400781c  result_ddr_evt0_emif1              
94007820  result_ddr_evt1_emif0              
94007824  result_ddr_evt1_emif1              
94007828  t1_ddr_cycles_emif0                
9400782c  t1_ddr_cycles_emif1                
94007830  t1_ddr_evt0_emif0                  
94007834  t1_ddr_evt0_emif1                  
94007838  t1_ddr_evt1_emif0                  
9400783c  t1_ddr_evt1_emif1                  
94007840  t2_ddr_cycles_emif0                
94007844  t2_ddr_cycles_emif1                
94007848  t2_ddr_evt0_emif0                  
9400784c  t2_ddr_evt0_emif1                  
94007850  t2_ddr_evt1_emif0                  
94007854  t2_ddr_evt1_emif1                  
94007890  __TI_cleanup_ptr                   
94007894  __TI_dtors_ptr                     
94007898  __TI_enable_exit_profile_output    
9400789c  __errno                            
9400789c  errno                              
940078b8  __TI_Handler_Table_Base            
940078c0  __TI_CINIT_Base                    
940078c0  __TI_Handler_Table_Limit           
940078d0  __TI_CINIT_Limit                   
ffffffff  __TI_pprof_out_hndl                
ffffffff  __TI_prof_data_size                
ffffffff  __TI_prof_data_start               
ffffffff  __binit__                          
ffffffff  __c_args__                         
ffffffff  binit                              
UNDEFED   __TI_TLS_INIT_Base                 
UNDEFED   __TI_TLS_INIT_Limit                

[154 symbols]
