<?xml version="1.0" encoding="ISO-8859-1" ?>
<link_info>
   <banner>TMS320C6x Linker PC v8.3.5</banner>
   <copyright>Copyright (c) 1996-2018 Texas Instruments Incorporated</copyright>
   <link_time>0x62a1fda6</link_time>
   <link_errors>0x0</link_errors>
   <output_file>dsp0.out</output_file>
   <entry_point>
      <name>_c_int00</name>
      <address>0x94006e20</address>
   </entry_point>
   <input_file_list>
      <input_file id="fl-2">
         <path>.\</path>
         <kind>object</kind>
         <file>main.obj</file>
         <name>main.obj</name>
      </input_file>
      <input_file id="fl-8">
         <kind>object</kind>
         <file>&lt;internal&gt;</file>
         <name>&lt;internal&gt;</name>
      </input_file>
      <input_file id="fl-22">
         <path>C:\ti\ccs930\ccs\tools\compiler\ti-cgt-c6000_8.3.5\lib\</path>
         <kind>archive</kind>
         <file>rts64plus_elf.lib</file>
         <name>sprintf.c.obj</name>
      </input_file>
      <input_file id="fl-23">
         <path>C:\ti\ccs930\ccs\tools\compiler\ti-cgt-c6000_8.3.5\lib\</path>
         <kind>archive</kind>
         <file>rts64plus_elf.lib</file>
         <name>memcpy64.asm.obj</name>
      </input_file>
      <input_file id="fl-24">
         <path>C:\ti\ccs930\ccs\tools\compiler\ti-cgt-c6000_8.3.5\lib\</path>
         <kind>archive</kind>
         <file>rts64plus_elf.lib</file>
         <name>boot.c.obj</name>
      </input_file>
      <input_file id="fl-25">
         <path>C:\ti\ccs930\ccs\tools\compiler\ti-cgt-c6000_8.3.5\lib\</path>
         <kind>archive</kind>
         <file>rts64plus_elf.lib</file>
         <name>autoinit.c.obj</name>
      </input_file>
      <input_file id="fl-26">
         <path>C:\ti\ccs930\ccs\tools\compiler\ti-cgt-c6000_8.3.5\lib\</path>
         <kind>archive</kind>
         <file>rts64plus_elf.lib</file>
         <name>pre_init.c.obj</name>
      </input_file>
      <input_file id="fl-27">
         <path>C:\ti\ccs930\ccs\tools\compiler\ti-cgt-c6000_8.3.5\lib\</path>
         <kind>archive</kind>
         <file>rts64plus_elf.lib</file>
         <name>startup.c.obj</name>
      </input_file>
      <input_file id="fl-28">
         <path>C:\ti\ccs930\ccs\tools\compiler\ti-cgt-c6000_8.3.5\lib\</path>
         <kind>archive</kind>
         <file>rts64plus_elf.lib</file>
         <name>cpy_tbl.c.obj</name>
      </input_file>
      <input_file id="fl-29">
         <path>C:\ti\ccs930\ccs\tools\compiler\ti-cgt-c6000_8.3.5\lib\</path>
         <kind>archive</kind>
         <file>rts64plus_elf.lib</file>
         <name>copy_zero_init.c.obj</name>
      </input_file>
      <input_file id="fl-2a">
         <path>C:\ti\ccs930\ccs\tools\compiler\ti-cgt-c6000_8.3.5\lib\</path>
         <kind>archive</kind>
         <file>rts64plus_elf.lib</file>
         <name>copy_decompress_none.c.obj</name>
      </input_file>
      <input_file id="fl-2b">
         <path>C:\ti\ccs930\ccs\tools\compiler\ti-cgt-c6000_8.3.5\lib\</path>
         <kind>archive</kind>
         <file>rts64plus_elf.lib</file>
         <name>copy_decompress_rle.c.obj</name>
      </input_file>
      <input_file id="fl-2c">
         <path>C:\ti\ccs930\ccs\tools\compiler\ti-cgt-c6000_8.3.5\lib\</path>
         <kind>archive</kind>
         <file>rts64plus_elf.lib</file>
         <name>exit.c.obj</name>
      </input_file>
      <input_file id="fl-2d">
         <path>C:\ti\ccs930\ccs\tools\compiler\ti-cgt-c6000_8.3.5\lib\</path>
         <kind>archive</kind>
         <file>rts64plus_elf.lib</file>
         <name>args_main.c.obj</name>
      </input_file>
      <input_file id="fl-2e">
         <path>C:\ti\ccs930\ccs\tools\compiler\ti-cgt-c6000_8.3.5\lib\</path>
         <kind>archive</kind>
         <file>rts64plus_elf.lib</file>
         <name>tls.c.obj</name>
      </input_file>
      <input_file id="fl-2f">
         <path>C:\ti\ccs930\ccs\tools\compiler\ti-cgt-c6000_8.3.5\lib\</path>
         <kind>archive</kind>
         <file>rts64plus_elf.lib</file>
         <name>_printfi.c.obj</name>
      </input_file>
      <input_file id="fl-30">
         <path>C:\ti\ccs930\ccs\tools\compiler\ti-cgt-c6000_8.3.5\lib\</path>
         <kind>archive</kind>
         <file>rts64plus_elf.lib</file>
         <name>wcslen.c.obj</name>
      </input_file>
      <input_file id="fl-31">
         <path>C:\ti\ccs930\ccs\tools\compiler\ti-cgt-c6000_8.3.5\lib\</path>
         <kind>archive</kind>
         <file>rts64plus_elf.lib</file>
         <name>tls_get_tp.asm.obj</name>
      </input_file>
      <input_file id="fl-32">
         <path>C:\ti\ccs930\ccs\tools\compiler\ti-cgt-c6000_8.3.5\lib\</path>
         <kind>archive</kind>
         <file>rts64plus_elf.lib</file>
         <name>push.asm.obj</name>
      </input_file>
      <input_file id="fl-33">
         <path>C:\ti\ccs930\ccs\tools\compiler\ti-cgt-c6000_8.3.5\lib\</path>
         <kind>archive</kind>
         <file>rts64plus_elf.lib</file>
         <name>divu.asm.obj</name>
      </input_file>
      <input_file id="fl-34">
         <path>C:\ti\ccs930\ccs\tools\compiler\ti-cgt-c6000_8.3.5\lib\</path>
         <kind>archive</kind>
         <file>rts64plus_elf.lib</file>
         <name>imath40.c.obj</name>
      </input_file>
      <input_file id="fl-35">
         <path>C:\ti\ccs930\ccs\tools\compiler\ti-cgt-c6000_8.3.5\lib\</path>
         <kind>archive</kind>
         <file>rts64plus_elf.lib</file>
         <name>imath64.c.obj</name>
      </input_file>
      <input_file id="fl-36">
         <path>C:\ti\ccs930\ccs\tools\compiler\ti-cgt-c6000_8.3.5\lib\</path>
         <kind>archive</kind>
         <file>rts64plus_elf.lib</file>
         <name>llshift.c.obj</name>
      </input_file>
      <input_file id="fl-37">
         <path>C:\ti\ccs930\ccs\tools\compiler\ti-cgt-c6000_8.3.5\lib\</path>
         <kind>archive</kind>
         <file>rts64plus_elf.lib</file>
         <name>memset.c.obj</name>
      </input_file>
      <input_file id="fl-38">
         <path>C:\ti\ccs930\ccs\tools\compiler\ti-cgt-c6000_8.3.5\lib\</path>
         <kind>archive</kind>
         <file>rts64plus_elf.lib</file>
         <name>frexp.c.obj</name>
      </input_file>
      <input_file id="fl-39">
         <path>C:\ti\ccs930\ccs\tools\compiler\ti-cgt-c6000_8.3.5\lib\</path>
         <kind>archive</kind>
         <file>rts64plus_elf.lib</file>
         <name>isinf.c.obj</name>
      </input_file>
      <input_file id="fl-3a">
         <path>C:\ti\ccs930\ccs\tools\compiler\ti-cgt-c6000_8.3.5\lib\</path>
         <kind>archive</kind>
         <file>rts64plus_elf.lib</file>
         <name>ldexp.c.obj</name>
      </input_file>
      <input_file id="fl-3b">
         <path>C:\ti\ccs930\ccs\tools\compiler\ti-cgt-c6000_8.3.5\lib\</path>
         <kind>archive</kind>
         <file>rts64plus_elf.lib</file>
         <name>signbit.c.obj</name>
      </input_file>
      <input_file id="fl-3c">
         <path>C:\ti\ccs930\ccs\tools\compiler\ti-cgt-c6000_8.3.5\lib\</path>
         <kind>archive</kind>
         <file>rts64plus_elf.lib</file>
         <name>addd.c.obj</name>
      </input_file>
      <input_file id="fl-3d">
         <path>C:\ti\ccs930\ccs\tools\compiler\ti-cgt-c6000_8.3.5\lib\</path>
         <kind>archive</kind>
         <file>rts64plus_elf.lib</file>
         <name>eqld.c.obj</name>
      </input_file>
      <input_file id="fl-3e">
         <path>C:\ti\ccs930\ccs\tools\compiler\ti-cgt-c6000_8.3.5\lib\</path>
         <kind>archive</kind>
         <file>rts64plus_elf.lib</file>
         <name>ged.c.obj</name>
      </input_file>
      <input_file id="fl-3f">
         <path>C:\ti\ccs930\ccs\tools\compiler\ti-cgt-c6000_8.3.5\lib\</path>
         <kind>archive</kind>
         <file>rts64plus_elf.lib</file>
         <name>gtd.c.obj</name>
      </input_file>
      <input_file id="fl-40">
         <path>C:\ti\ccs930\ccs\tools\compiler\ti-cgt-c6000_8.3.5\lib\</path>
         <kind>archive</kind>
         <file>rts64plus_elf.lib</file>
         <name>led.c.obj</name>
      </input_file>
      <input_file id="fl-41">
         <path>C:\ti\ccs930\ccs\tools\compiler\ti-cgt-c6000_8.3.5\lib\</path>
         <kind>archive</kind>
         <file>rts64plus_elf.lib</file>
         <name>ltd.c.obj</name>
      </input_file>
      <input_file id="fl-42">
         <path>C:\ti\ccs930\ccs\tools\compiler\ti-cgt-c6000_8.3.5\lib\</path>
         <kind>archive</kind>
         <file>rts64plus_elf.lib</file>
         <name>neqld.c.obj</name>
      </input_file>
      <input_file id="fl-43">
         <path>C:\ti\ccs930\ccs\tools\compiler\ti-cgt-c6000_8.3.5\lib\</path>
         <kind>archive</kind>
         <file>rts64plus_elf.lib</file>
         <name>divd.c.obj</name>
      </input_file>
      <input_file id="fl-44">
         <path>C:\ti\ccs930\ccs\tools\compiler\ti-cgt-c6000_8.3.5\lib\</path>
         <kind>archive</kind>
         <file>rts64plus_elf.lib</file>
         <name>fixdi.c.obj</name>
      </input_file>
      <input_file id="fl-45">
         <path>C:\ti\ccs930\ccs\tools\compiler\ti-cgt-c6000_8.3.5\lib\</path>
         <kind>archive</kind>
         <file>rts64plus_elf.lib</file>
         <name>fltid.c.obj</name>
      </input_file>
      <input_file id="fl-46">
         <path>C:\ti\ccs930\ccs\tools\compiler\ti-cgt-c6000_8.3.5\lib\</path>
         <kind>archive</kind>
         <file>rts64plus_elf.lib</file>
         <name>frcaddd.c.obj</name>
      </input_file>
      <input_file id="fl-47">
         <path>C:\ti\ccs930\ccs\tools\compiler\ti-cgt-c6000_8.3.5\lib\</path>
         <kind>archive</kind>
         <file>rts64plus_elf.lib</file>
         <name>frcmpyd_div.c.obj</name>
      </input_file>
      <input_file id="fl-48">
         <path>C:\ti\ccs930\ccs\tools\compiler\ti-cgt-c6000_8.3.5\lib\</path>
         <kind>archive</kind>
         <file>rts64plus_elf.lib</file>
         <name>mpyd.c.obj</name>
      </input_file>
      <input_file id="fl-49">
         <path>C:\ti\ccs930\ccs\tools\compiler\ti-cgt-c6000_8.3.5\lib\</path>
         <kind>archive</kind>
         <file>rts64plus_elf.lib</file>
         <name>negd.c.obj</name>
      </input_file>
      <input_file id="fl-4a">
         <path>C:\ti\ccs930\ccs\tools\compiler\ti-cgt-c6000_8.3.5\lib\</path>
         <kind>archive</kind>
         <file>rts64plus_elf.lib</file>
         <name>renormd.c.obj</name>
      </input_file>
      <input_file id="fl-4b">
         <path>C:\ti\ccs930\ccs\tools\compiler\ti-cgt-c6000_8.3.5\lib\</path>
         <kind>archive</kind>
         <file>rts64plus_elf.lib</file>
         <name>subd.c.obj</name>
      </input_file>
      <input_file id="fl-4c">
         <path>C:\ti\ccs930\ccs\tools\compiler\ti-cgt-c6000_8.3.5\lib\</path>
         <kind>archive</kind>
         <file>rts64plus_elf.lib</file>
         <name>_ltoa.c.obj</name>
      </input_file>
      <input_file id="fl-4d">
         <path>C:\ti\ccs930\ccs\tools\compiler\ti-cgt-c6000_8.3.5\lib\</path>
         <kind>archive</kind>
         <file>rts64plus_elf.lib</file>
         <name>atoi.c.obj</name>
      </input_file>
      <input_file id="fl-4e">
         <path>C:\ti\ccs930\ccs\tools\compiler\ti-cgt-c6000_8.3.5\lib\</path>
         <kind>archive</kind>
         <file>rts64plus_elf.lib</file>
         <name>ctype.c.obj</name>
      </input_file>
      <input_file id="fl-4f">
         <path>C:\ti\ccs930\ccs\tools\compiler\ti-cgt-c6000_8.3.5\lib\</path>
         <kind>archive</kind>
         <file>rts64plus_elf.lib</file>
         <name>memccpy.c.obj</name>
      </input_file>
      <input_file id="fl-50">
         <path>C:\ti\ccs930\ccs\tools\compiler\ti-cgt-c6000_8.3.5\lib\</path>
         <kind>archive</kind>
         <file>rts64plus_elf.lib</file>
         <name>errno.c.obj</name>
      </input_file>
      <input_file id="fl-51">
         <path>C:\ti\ccs930\ccs\tools\compiler\ti-cgt-c6000_8.3.5\lib\</path>
         <kind>archive</kind>
         <file>rts64plus_elf.lib</file>
         <name>llabs.c.obj</name>
      </input_file>
      <input_file id="fl-52">
         <path>C:\ti\ccs930\ccs\tools\compiler\ti-cgt-c6000_8.3.5\lib\</path>
         <kind>archive</kind>
         <file>rts64plus_elf.lib</file>
         <name>frcmpyd.c.obj</name>
      </input_file>
   </input_file_list>
   <object_component_list>
      <object_component id="oc-154">
         <name>.text:__TI_printfi</name>
         <load_address>0x94000000</load_address>
         <run_address>0x94000000</run_address>
         <size>0x20c0</size>
         <input_file_ref idref="fl-2f"/>
      </object_component>
      <object_component id="oc-8a">
         <name>.text</name>
         <load_address>0x940020c0</load_address>
         <run_address>0x940020c0</run_address>
         <size>0x1640</size>
         <input_file_ref idref="fl-2"/>
      </object_component>
      <object_component id="oc-1b9">
         <name>.text:_pconv_a</name>
         <load_address>0x94003700</load_address>
         <run_address>0x94003700</run_address>
         <size>0x6e0</size>
         <input_file_ref idref="fl-2f"/>
      </object_component>
      <object_component id="oc-231">
         <name>.text:__c6xabi_divd</name>
         <load_address>0x94003de0</load_address>
         <run_address>0x94003de0</run_address>
         <size>0x560</size>
         <input_file_ref idref="fl-43"/>
      </object_component>
      <object_component id="oc-1a7">
         <name>.text:_pconv_g</name>
         <load_address>0x94004340</load_address>
         <run_address>0x94004340</run_address>
         <size>0x3e0</size>
         <input_file_ref idref="fl-2f"/>
      </object_component>
      <object_component id="oc-1b3">
         <name>.text:_pconv_e</name>
         <load_address>0x94004720</load_address>
         <run_address>0x94004720</run_address>
         <size>0x2c0</size>
         <input_file_ref idref="fl-2f"/>
      </object_component>
      <object_component id="oc-268">
         <name>.text:fcvt</name>
         <load_address>0x940049e0</load_address>
         <run_address>0x940049e0</run_address>
         <size>0x280</size>
         <input_file_ref idref="fl-2f"/>
      </object_component>
      <object_component id="oc-20f">
         <name>.text:__c6xabi_divull</name>
         <load_address>0x94004c60</load_address>
         <run_address>0x94004c60</run_address>
         <size>0x260</size>
         <input_file_ref idref="fl-35"/>
      </object_component>
      <object_component id="oc-237">
         <name>.text:__c6xabi_mpyd</name>
         <load_address>0x94004ec0</load_address>
         <run_address>0x94004ec0</run_address>
         <size>0x220</size>
         <input_file_ref idref="fl-48"/>
      </object_component>
      <object_component id="oc-339">
         <name>.text:__TI_frcaddd</name>
         <load_address>0x940050e0</load_address>
         <run_address>0x940050e0</run_address>
         <size>0x200</size>
         <input_file_ref idref="fl-46"/>
      </object_component>
      <object_component id="oc-2e9">
         <name>.text:__c6xabi_addd</name>
         <load_address>0x940052e0</load_address>
         <run_address>0x940052e0</run_address>
         <size>0x200</size>
         <input_file_ref idref="fl-3c"/>
      </object_component>
      <object_component id="oc-189">
         <name>.text:_ltostr</name>
         <load_address>0x940054e0</load_address>
         <run_address>0x940054e0</run_address>
         <size>0x200</size>
         <input_file_ref idref="fl-2f"/>
      </object_component>
      <object_component id="oc-27c">
         <name>.text:frexp</name>
         <load_address>0x940056e0</load_address>
         <run_address>0x940056e0</run_address>
         <size>0x200</size>
         <input_file_ref idref="fl-38"/>
      </object_component>
      <object_component id="oc-282">
         <name>.text:ldexp</name>
         <load_address>0x940058e0</load_address>
         <run_address>0x940058e0</run_address>
         <size>0x1e0</size>
         <input_file_ref idref="fl-3a"/>
      </object_component>
      <object_component id="oc-215">
         <name>.text:__c6xabi_divul</name>
         <load_address>0x94005ac0</load_address>
         <run_address>0x94005ac0</run_address>
         <size>0x1c0</size>
         <input_file_ref idref="fl-34"/>
      </object_component>
      <object_component id="oc-2db">
         <name>.text:__TI_frcmpyd</name>
         <load_address>0x94005c80</load_address>
         <run_address>0x94005c80</run_address>
         <size>0x120</size>
         <input_file_ref idref="fl-52"/>
      </object_component>
      <object_component id="oc-1ad">
         <name>.text:_pconv_f</name>
         <load_address>0x94005da0</load_address>
         <run_address>0x94005da0</run_address>
         <size>0x120</size>
         <input_file_ref idref="fl-2f"/>
      </object_component>
      <object_component id="oc-3a">
         <name>.text:__TI_decompress_rle_core</name>
         <load_address>0x94005ec0</load_address>
         <run_address>0x94005ec0</run_address>
         <size>0x100</size>
         <input_file_ref idref="fl-2b"/>
      </object_component>
      <object_component id="oc-261">
         <name>.text:_mcpy</name>
         <load_address>0x94005fc0</load_address>
         <run_address>0x94005fc0</run_address>
         <size>0x100</size>
         <input_file_ref idref="fl-2f"/>
      </object_component>
      <object_component id="oc-183">
         <name>.text:atoi</name>
         <load_address>0x940060c0</load_address>
         <run_address>0x940060c0</run_address>
         <size>0x100</size>
         <input_file_ref idref="fl-4d"/>
      </object_component>
      <object_component id="oc-249">
         <name>.text:__TI_ltoa</name>
         <load_address>0x940061c0</load_address>
         <run_address>0x940061c0</run_address>
         <size>0xe0</size>
         <input_file_ref idref="fl-4c"/>
      </object_component>
      <object_component id="oc-26f">
         <name>.text:__c6xabi_ged</name>
         <load_address>0x940062a0</load_address>
         <run_address>0x940062a0</run_address>
         <size>0xe0</size>
         <input_file_ref idref="fl-3e"/>
      </object_component>
      <object_component id="oc-22b">
         <name>.text:__c6xabi_gtd</name>
         <load_address>0x94006380</load_address>
         <run_address>0x94006380</run_address>
         <size>0xe0</size>
         <input_file_ref idref="fl-3f"/>
      </object_component>
      <object_component id="oc-275">
         <name>.text:__c6xabi_led</name>
         <load_address>0x94006460</load_address>
         <run_address>0x94006460</run_address>
         <size>0xe0</size>
         <input_file_ref idref="fl-40"/>
      </object_component>
      <object_component id="oc-1bf">
         <name>.text:__c6xabi_ltd</name>
         <load_address>0x94006540</load_address>
         <run_address>0x94006540</run_address>
         <size>0xe0</size>
         <input_file_ref idref="fl-41"/>
      </object_component>
      <object_component id="oc-58">
         <name>.text:exit</name>
         <load_address>0x94006620</load_address>
         <run_address>0x94006620</run_address>
         <size>0xe0</size>
         <input_file_ref idref="fl-2c"/>
      </object_component>
      <object_component id="oc-76">
         <name>.text:memset</name>
         <load_address>0x94006700</load_address>
         <run_address>0x94006700</run_address>
         <size>0xe0</size>
         <input_file_ref idref="fl-37"/>
      </object_component>
      <object_component id="oc-9e">
         <name>.text:__TI_auto_init_nobinit_nopinit:__TI_auto_init_nobinit_nopinit</name>
         <load_address>0x940067e0</load_address>
         <run_address>0x940067e0</run_address>
         <size>0xc0</size>
         <input_file_ref idref="fl-25"/>
      </object_component>
      <object_component id="oc-21b">
         <name>.text:__divu</name>
         <load_address>0x940068a0</load_address>
         <run_address>0x940068a0</run_address>
         <size>0xc0</size>
         <input_file_ref idref="fl-33"/>
      </object_component>
      <object_component id="oc-119">
         <name>.text:tls:init:__TI_tls_init</name>
         <load_address>0x94006960</load_address>
         <run_address>0x94006960</run_address>
         <size>0xc0</size>
         <input_file_ref idref="fl-2e"/>
      </object_component>
      <object_component id="oc-23d">
         <name>.text:__c6xabi_eqd</name>
         <load_address>0x94006a20</load_address>
         <run_address>0x94006a20</run_address>
         <size>0xa0</size>
         <input_file_ref idref="fl-3d"/>
      </object_component>
      <object_component id="oc-221">
         <name>.text:__c6xabi_neqd</name>
         <load_address>0x94006ac0</load_address>
         <run_address>0x94006ac0</run_address>
         <size>0xa0</size>
         <input_file_ref idref="fl-42"/>
      </object_component>
      <object_component id="oc-25b">
         <name>.text:_ecpy</name>
         <load_address>0x94006b60</load_address>
         <run_address>0x94006b60</run_address>
         <size>0xa0</size>
         <input_file_ref idref="fl-2f"/>
      </object_component>
      <object_component id="oc-2e">
         <name>.text:memcpy</name>
         <load_address>0x94006c00</load_address>
         <run_address>0x94006c00</run_address>
         <size>0xa0</size>
         <input_file_ref idref="fl-23"/>
      </object_component>
      <object_component id="oc-358">
         <name>.text:__TI_renormd</name>
         <load_address>0x94006ca0</load_address>
         <run_address>0x94006ca0</run_address>
         <size>0x80</size>
         <input_file_ref idref="fl-4a"/>
      </object_component>
      <object_component id="oc-243">
         <name>.text:__c6xabi_fixdi</name>
         <load_address>0x94006d20</load_address>
         <run_address>0x94006d20</run_address>
         <size>0x80</size>
         <input_file_ref idref="fl-44"/>
      </object_component>
      <object_component id="oc-2af">
         <name>.text:__c6xabi_llshl</name>
         <load_address>0x94006da0</load_address>
         <run_address>0x94006da0</run_address>
         <size>0x80</size>
         <input_file_ref idref="fl-36"/>
      </object_component>
      <object_component id="oc-25">
         <name>.text:_c_int00</name>
         <load_address>0x94006e20</load_address>
         <run_address>0x94006e20</run_address>
         <size>0x80</size>
         <input_file_ref idref="fl-24"/>
      </object_component>
      <object_component id="oc-24f">
         <name>.text:__c6xabi_fltid</name>
         <load_address>0x94006ea0</load_address>
         <run_address>0x94006ea0</run_address>
         <size>0x60</size>
         <input_file_ref idref="fl-45"/>
      </object_component>
      <object_component id="oc-2bb">
         <name>.text:__c6xabi_llshru</name>
         <load_address>0x94006f00</load_address>
         <run_address>0x94006f00</run_address>
         <size>0x60</size>
         <input_file_ref idref="fl-36"/>
      </object_component>
      <object_component id="oc-2b5">
         <name>.text:_subcull</name>
         <load_address>0x94006f60</load_address>
         <run_address>0x94006f60</run_address>
         <size>0x60</size>
         <input_file_ref idref="fl-35"/>
      </object_component>
      <object_component id="oc-1c5">
         <name>.text:memccpy</name>
         <load_address>0x94006fc0</load_address>
         <run_address>0x94006fc0</run_address>
         <size>0x60</size>
         <input_file_ref idref="fl-4f"/>
      </object_component>
      <object_component id="oc-fb">
         <name>.text:sprintf</name>
         <load_address>0x94007020</load_address>
         <run_address>0x94007020</run_address>
         <size>0x60</size>
         <input_file_ref idref="fl-22"/>
      </object_component>
      <object_component id="oc-2c9">
         <name>.text:__TI_frcmpyd_div</name>
         <load_address>0x94007080</load_address>
         <run_address>0x94007080</run_address>
         <size>0x40</size>
         <input_file_ref idref="fl-47"/>
      </object_component>
      <object_component id="oc-195">
         <name>.text:__c6xabi_isinf</name>
         <load_address>0x940070c0</load_address>
         <run_address>0x940070c0</run_address>
         <size>0x40</size>
         <input_file_ref idref="fl-39"/>
      </object_component>
      <object_component id="oc-1a1">
         <name>.text:__c6xabi_negd</name>
         <load_address>0x94007100</load_address>
         <run_address>0x94007100</run_address>
         <size>0x40</size>
         <input_file_ref idref="fl-49"/>
      </object_component>
      <object_component id="oc-255">
         <name>.text:__c6xabi_subd</name>
         <load_address>0x94007140</load_address>
         <run_address>0x94007140</run_address>
         <size>0x40</size>
         <input_file_ref idref="fl-4b"/>
      </object_component>
      <object_component id="oc-52">
         <name>.text:_args_main</name>
         <load_address>0x94007180</load_address>
         <run_address>0x94007180</run_address>
         <size>0x40</size>
         <input_file_ref idref="fl-2d"/>
      </object_component>
      <object_component id="oc-14e">
         <name>.text:_outs</name>
         <load_address>0x940071c0</load_address>
         <run_address>0x940071c0</run_address>
         <size>0x40</size>
         <input_file_ref idref="fl-22"/>
      </object_component>
      <object_component id="oc-1cb">
         <name>.text:wcslen</name>
         <load_address>0x94007200</load_address>
         <run_address>0x94007200</run_address>
         <size>0x40</size>
         <input_file_ref idref="fl-30"/>
      </object_component>
      <object_component id="oc-1d1">
         <name>.text:__c6xabi_errno_addr</name>
         <load_address>0x94007240</load_address>
         <run_address>0x94007240</run_address>
         <size>0x20</size>
         <input_file_ref idref="fl-50"/>
      </object_component>
      <object_component id="oc-18f">
         <name>.text:__c6xabi_isnan</name>
         <load_address>0x94007260</load_address>
         <run_address>0x94007260</run_address>
         <size>0x20</size>
         <input_file_ref idref="fl-2f"/>
      </object_component>
      <object_component id="oc-1d7">
         <name>.text:__pop_rts</name>
         <load_address>0x94007280</load_address>
         <run_address>0x94007280</run_address>
         <size>0x20</size>
         <input_file_ref idref="fl-32"/>
      </object_component>
      <object_component id="oc-17e">
         <name>.text:__push_rts</name>
         <load_address>0x940072a0</load_address>
         <run_address>0x940072a0</run_address>
         <size>0x20</size>
         <input_file_ref idref="fl-32"/>
      </object_component>
      <object_component id="oc-148">
         <name>.text:_outc</name>
         <load_address>0x940072c0</load_address>
         <run_address>0x940072c0</run_address>
         <size>0x20</size>
         <input_file_ref idref="fl-22"/>
      </object_component>
      <object_component id="oc-19b">
         <name>.text:_signbit</name>
         <load_address>0x940072e0</load_address>
         <run_address>0x940072e0</run_address>
         <size>0x20</size>
         <input_file_ref idref="fl-3b"/>
      </object_component>
      <object_component id="oc-113">
         <name>.text:_system_post_cinit</name>
         <load_address>0x94007300</load_address>
         <run_address>0x94007300</run_address>
         <size>0x20</size>
         <input_file_ref idref="fl-27"/>
      </object_component>
      <object_component id="oc-5e">
         <name>.text:_system_pre_init</name>
         <load_address>0x94007320</load_address>
         <run_address>0x94007320</run_address>
         <size>0x20</size>
         <input_file_ref idref="fl-26"/>
      </object_component>
      <object_component id="oc-95">
         <name>.text:abort</name>
         <load_address>0x94007340</load_address>
         <run_address>0x94007340</run_address>
         <size>0x20</size>
         <input_file_ref idref="fl-2c"/>
      </object_component>
      <object_component id="oc-18">
         <name>.text:decompress:none:__TI_decompress_none</name>
         <load_address>0x94007360</load_address>
         <run_address>0x94007360</run_address>
         <size>0x20</size>
         <input_file_ref idref="fl-2a"/>
      </object_component>
      <object_component id="oc-1e">
         <name>.text:decompress:rle24:__TI_decompress_rle24</name>
         <load_address>0x94007380</load_address>
         <run_address>0x94007380</run_address>
         <size>0x20</size>
         <input_file_ref idref="fl-2b"/>
      </object_component>
      <object_component id="oc-2b">
         <name>.stack</name>
         <uninitialized>true</uninitialized>
         <run_address>0x90000000</run_address>
         <size>0x8</size>
         <input_file_ref idref="fl-24"/>
      </object_component>
      <object_component id="oc-395">
         <name>.stack</name>
         <uninitialized>true</uninitialized>
         <run_address>0x90000000</run_address>
         <size>0x0</size>
      </object_component>
      <object_component id="oc-df">
         <name>.common:t1_L</name>
         <uninitialized>true</uninitialized>
         <run_address>0x940077f0</run_address>
         <size>0x8</size>
      </object_component>
      <object_component id="oc-e4">
         <name>.common:t2_L</name>
         <uninitialized>true</uninitialized>
         <run_address>0x94007808</run_address>
         <size>0x8</size>
      </object_component>
      <object_component id="oc-e2">
         <name>.common:t1_H</name>
         <uninitialized>true</uninitialized>
         <run_address>0x940077e8</run_address>
         <size>0x8</size>
      </object_component>
      <object_component id="oc-e5">
         <name>.common:t2_H</name>
         <uninitialized>true</uninitialized>
         <run_address>0x94007800</run_address>
         <size>0x8</size>
      </object_component>
      <object_component id="oc-e3">
         <name>.common:t1</name>
         <uninitialized>true</uninitialized>
         <run_address>0x940077e0</run_address>
         <size>0x8</size>
      </object_component>
      <object_component id="oc-e6">
         <name>.common:t2</name>
         <uninitialized>true</uninitialized>
         <run_address>0x940077f8</run_address>
         <size>0x8</size>
      </object_component>
      <object_component id="oc-e7">
         <name>.common:result</name>
         <uninitialized>true</uninitialized>
         <run_address>0x940077d8</run_address>
         <size>0x8</size>
      </object_component>
      <object_component id="oc-ea">
         <name>.common:t1_ddr_cycles_emif0</name>
         <uninitialized>true</uninitialized>
         <run_address>0x94007828</run_address>
         <size>0x4</size>
      </object_component>
      <object_component id="oc-f0">
         <name>.common:t2_ddr_cycles_emif0</name>
         <uninitialized>true</uninitialized>
         <run_address>0x94007840</run_address>
         <size>0x4</size>
      </object_component>
      <object_component id="oc-f4">
         <name>.common:result_ddr_cycles_emif0</name>
         <uninitialized>true</uninitialized>
         <run_address>0x94007810</run_address>
         <size>0x4</size>
      </object_component>
      <object_component id="oc-e8">
         <name>.common:t1_ddr_evt0_emif0</name>
         <uninitialized>true</uninitialized>
         <run_address>0x94007830</run_address>
         <size>0x4</size>
      </object_component>
      <object_component id="oc-ee">
         <name>.common:t2_ddr_evt0_emif0</name>
         <uninitialized>true</uninitialized>
         <run_address>0x94007848</run_address>
         <size>0x4</size>
      </object_component>
      <object_component id="oc-f8">
         <name>.common:result_ddr_evt0_emif0</name>
         <uninitialized>true</uninitialized>
         <run_address>0x94007818</run_address>
         <size>0x4</size>
      </object_component>
      <object_component id="oc-e9">
         <name>.common:t1_ddr_evt1_emif0</name>
         <uninitialized>true</uninitialized>
         <run_address>0x94007838</run_address>
         <size>0x4</size>
      </object_component>
      <object_component id="oc-ef">
         <name>.common:t2_ddr_evt1_emif0</name>
         <uninitialized>true</uninitialized>
         <run_address>0x94007850</run_address>
         <size>0x4</size>
      </object_component>
      <object_component id="oc-f5">
         <name>.common:result_ddr_evt1_emif0</name>
         <uninitialized>true</uninitialized>
         <run_address>0x94007820</run_address>
         <size>0x4</size>
      </object_component>
      <object_component id="oc-ed">
         <name>.common:t1_ddr_cycles_emif1</name>
         <uninitialized>true</uninitialized>
         <run_address>0x9400782c</run_address>
         <size>0x4</size>
      </object_component>
      <object_component id="oc-f3">
         <name>.common:t2_ddr_cycles_emif1</name>
         <uninitialized>true</uninitialized>
         <run_address>0x94007844</run_address>
         <size>0x4</size>
      </object_component>
      <object_component id="oc-f9">
         <name>.common:result_ddr_cycles_emif1</name>
         <uninitialized>true</uninitialized>
         <run_address>0x94007814</run_address>
         <size>0x4</size>
      </object_component>
      <object_component id="oc-eb">
         <name>.common:t1_ddr_evt0_emif1</name>
         <uninitialized>true</uninitialized>
         <run_address>0x94007834</run_address>
         <size>0x4</size>
      </object_component>
      <object_component id="oc-f1">
         <name>.common:t2_ddr_evt0_emif1</name>
         <uninitialized>true</uninitialized>
         <run_address>0x9400784c</run_address>
         <size>0x4</size>
      </object_component>
      <object_component id="oc-f6">
         <name>.common:result_ddr_evt0_emif1</name>
         <uninitialized>true</uninitialized>
         <run_address>0x9400781c</run_address>
         <size>0x4</size>
      </object_component>
      <object_component id="oc-ec">
         <name>.common:t1_ddr_evt1_emif1</name>
         <uninitialized>true</uninitialized>
         <run_address>0x9400783c</run_address>
         <size>0x4</size>
      </object_component>
      <object_component id="oc-f2">
         <name>.common:t2_ddr_evt1_emif1</name>
         <uninitialized>true</uninitialized>
         <run_address>0x94007854</run_address>
         <size>0x4</size>
      </object_component>
      <object_component id="oc-f7">
         <name>.common:result_ddr_evt1_emif1</name>
         <uninitialized>true</uninitialized>
         <run_address>0x94007824</run_address>
         <size>0x4</size>
      </object_component>
      <object_component id="oc-fa">
         <name>.const:.string</name>
         <load_address>0x940073a0</load_address>
         <run_address>0x940073a0</run_address>
         <size>0x304</size>
         <input_file_ref idref="fl-2"/>
      </object_component>
      <object_component id="oc-20a">
         <name>.const:.string:_ctypes_</name>
         <load_address>0x940076a8</load_address>
         <run_address>0x940076a8</run_address>
         <size>0x101</size>
         <input_file_ref idref="fl-4e"/>
      </object_component>
      <object_component id="oc-1dc">
         <name>.const:.string</name>
         <load_address>0x940077ac</load_address>
         <run_address>0x940077ac</run_address>
         <size>0x24</size>
         <input_file_ref idref="fl-2f"/>
      </object_component>
      <object_component id="oc-2c8">
         <name>.const:.string:initial_approx$1</name>
         <load_address>0x940077d0</load_address>
         <run_address>0x940077d0</run_address>
         <size>0x8</size>
         <input_file_ref idref="fl-43"/>
      </object_component>
      <object_component id="oc-1dd">
         <name>.switch:__TI_printfi</name>
         <load_address>0x94007858</load_address>
         <run_address>0x94007858</run_address>
         <size>0x38</size>
         <input_file_ref idref="fl-2f"/>
      </object_component>
      <object_component id="oc-394">
         <name>.cinit..fardata.load</name>
         <load_address>0x940078a0</load_address>
         <run_address>0x940078a0</run_address>
         <size>0xd</size>
      </object_component>
      <object_component id="oc-393">
         <name>.cinit..bss.load</name>
         <load_address>0x940078ad</load_address>
         <run_address>0x940078ad</run_address>
         <size>0x9</size>
      </object_component>
      <object_component id="oc-391">
         <name>__TI_handler_table</name>
         <load_address>0x940078b8</load_address>
         <run_address>0x940078b8</run_address>
         <size>0x8</size>
      </object_component>
      <object_component id="oc-392">
         <name>__TI_cinit_table</name>
         <load_address>0x940078c0</load_address>
         <run_address>0x940078c0</run_address>
         <size>0x10</size>
      </object_component>
      <object_component id="oc-92">
         <name>.fardata</name>
         <load_address>0x94007890</load_address>
         <run_address>0x94007890</run_address>
         <size>0xc</size>
         <input_file_ref idref="fl-2c"/>
      </object_component>
      <object_component id="oc-298">
         <name>.fardata</name>
         <load_address>0x9400789c</load_address>
         <run_address>0x9400789c</run_address>
         <size>0x4</size>
         <input_file_ref idref="fl-50"/>
      </object_component>
      <object_component id="oc-e0">
         <name>.debug_info</name>
         <load_address>0x0</load_address>
         <run_address>0x0</run_address>
         <size>0xcfa</size>
         <input_file_ref idref="fl-2"/>
      </object_component>
      <object_component id="oc-8b">
         <name>.debug_info</name>
         <load_address>0xcfa</load_address>
         <run_address>0xcfa</run_address>
         <size>0x2be1</size>
         <input_file_ref idref="fl-2"/>
      </object_component>
      <object_component id="oc-143">
         <name>.debug_info</name>
         <load_address>0x38db</load_address>
         <run_address>0x38db</run_address>
         <size>0x26b</size>
         <input_file_ref idref="fl-2"/>
      </object_component>
      <object_component id="oc-139">
         <name>.debug_info</name>
         <load_address>0x3b46</load_address>
         <run_address>0x3b46</run_address>
         <size>0x206</size>
         <input_file_ref idref="fl-2"/>
      </object_component>
      <object_component id="oc-71">
         <name>.debug_info</name>
         <load_address>0x3d4c</load_address>
         <run_address>0x3d4c</run_address>
         <size>0xc0</size>
         <input_file_ref idref="fl-2"/>
      </object_component>
      <object_component id="oc-13e">
         <name>.debug_info</name>
         <load_address>0x3e0c</load_address>
         <run_address>0x3e0c</run_address>
         <size>0x116</size>
         <input_file_ref idref="fl-2"/>
      </object_component>
      <object_component id="oc-177">
         <name>.debug_info</name>
         <load_address>0x3f22</load_address>
         <run_address>0x3f22</run_address>
         <size>0x275</size>
         <input_file_ref idref="fl-2"/>
      </object_component>
      <object_component id="oc-172">
         <name>.debug_info</name>
         <load_address>0x4197</load_address>
         <run_address>0x4197</run_address>
         <size>0xbb</size>
         <input_file_ref idref="fl-2"/>
      </object_component>
      <object_component id="oc-102">
         <name>.debug_info</name>
         <load_address>0x4252</load_address>
         <run_address>0x4252</run_address>
         <size>0xcc</size>
         <input_file_ref idref="fl-2"/>
      </object_component>
      <object_component id="oc-1e0">
         <name>.debug_info</name>
         <load_address>0x431e</load_address>
         <run_address>0x431e</run_address>
         <size>0x2c</size>
         <input_file_ref idref="fl-2"/>
      </object_component>
      <object_component id="oc-15b">
         <name>.debug_info</name>
         <load_address>0x434a</load_address>
         <run_address>0x434a</run_address>
         <size>0x5cd</size>
         <input_file_ref idref="fl-22"/>
      </object_component>
      <object_component id="oc-fd">
         <name>.debug_info</name>
         <load_address>0x4917</load_address>
         <run_address>0x4917</run_address>
         <size>0x1b7</size>
         <input_file_ref idref="fl-22"/>
      </object_component>
      <object_component id="oc-150">
         <name>.debug_info</name>
         <load_address>0x4ace</load_address>
         <run_address>0x4ace</run_address>
         <size>0x18d</size>
         <input_file_ref idref="fl-22"/>
      </object_component>
      <object_component id="oc-14a">
         <name>.debug_info</name>
         <load_address>0x4c5b</load_address>
         <run_address>0x4c5b</run_address>
         <size>0x162</size>
         <input_file_ref idref="fl-22"/>
      </object_component>
      <object_component id="oc-1ea">
         <name>.debug_info</name>
         <load_address>0x4dbd</load_address>
         <run_address>0x4dbd</run_address>
         <size>0x2c</size>
         <input_file_ref idref="fl-22"/>
      </object_component>
      <object_component id="oc-31">
         <name>.debug_info</name>
         <load_address>0x4de9</load_address>
         <run_address>0x4de9</run_address>
         <size>0x121</size>
         <input_file_ref idref="fl-23"/>
      </object_component>
      <object_component id="oc-68">
         <name>.debug_info</name>
         <load_address>0x4f0a</load_address>
         <run_address>0x4f0a</run_address>
         <size>0x5af</size>
         <input_file_ref idref="fl-24"/>
      </object_component>
      <object_component id="oc-2c">
         <name>.debug_info</name>
         <load_address>0x54b9</load_address>
         <run_address>0x54b9</run_address>
         <size>0xf5</size>
         <input_file_ref idref="fl-24"/>
      </object_component>
      <object_component id="oc-27">
         <name>.debug_info</name>
         <load_address>0x55ae</load_address>
         <run_address>0x55ae</run_address>
         <size>0x182</size>
         <input_file_ref idref="fl-24"/>
      </object_component>
      <object_component id="oc-120">
         <name>.debug_info</name>
         <load_address>0x5730</load_address>
         <run_address>0x5730</run_address>
         <size>0x794</size>
         <input_file_ref idref="fl-25"/>
      </object_component>
      <object_component id="oc-9f">
         <name>.debug_info</name>
         <load_address>0x5ec4</load_address>
         <run_address>0x5ec4</run_address>
         <size>0x1af</size>
         <input_file_ref idref="fl-25"/>
      </object_component>
      <object_component id="oc-161">
         <name>.debug_info</name>
         <load_address>0x6073</load_address>
         <run_address>0x6073</run_address>
         <size>0x39</size>
         <input_file_ref idref="fl-25"/>
      </object_component>
      <object_component id="oc-16d">
         <name>.debug_info</name>
         <load_address>0x60ac</load_address>
         <run_address>0x60ac</run_address>
         <size>0x39</size>
         <input_file_ref idref="fl-25"/>
      </object_component>
      <object_component id="oc-12b">
         <name>.debug_info</name>
         <load_address>0x60e5</load_address>
         <run_address>0x60e5</run_address>
         <size>0x39</size>
         <input_file_ref idref="fl-25"/>
      </object_component>
      <object_component id="oc-166">
         <name>.debug_info</name>
         <load_address>0x611e</load_address>
         <run_address>0x611e</run_address>
         <size>0xcd</size>
         <input_file_ref idref="fl-25"/>
      </object_component>
      <object_component id="oc-61">
         <name>.debug_info</name>
         <load_address>0x61eb</load_address>
         <run_address>0x61eb</run_address>
         <size>0x148</size>
         <input_file_ref idref="fl-26"/>
      </object_component>
      <object_component id="oc-116">
         <name>.debug_info</name>
         <load_address>0x6333</load_address>
         <run_address>0x6333</run_address>
         <size>0x145</size>
         <input_file_ref idref="fl-27"/>
      </object_component>
      <object_component id="oc-d2">
         <name>.debug_info</name>
         <load_address>0x6478</load_address>
         <run_address>0x6478</run_address>
         <size>0x2c</size>
         <input_file_ref idref="fl-29"/>
      </object_component>
      <object_component id="oc-39">
         <name>.debug_info</name>
         <load_address>0x64a4</load_address>
         <run_address>0x64a4</run_address>
         <size>0x53d</size>
         <input_file_ref idref="fl-2a"/>
      </object_component>
      <object_component id="oc-1b">
         <name>.debug_info</name>
         <load_address>0x69e1</load_address>
         <run_address>0x69e1</run_address>
         <size>0x1cc</size>
         <input_file_ref idref="fl-2a"/>
      </object_component>
      <object_component id="oc-34">
         <name>.debug_info</name>
         <load_address>0x6bad</load_address>
         <run_address>0x6bad</run_address>
         <size>0x46</size>
         <input_file_ref idref="fl-2a"/>
      </object_component>
      <object_component id="oc-6a">
         <name>.debug_info</name>
         <load_address>0x6bf3</load_address>
         <run_address>0x6bf3</run_address>
         <size>0x2c</size>
         <input_file_ref idref="fl-2a"/>
      </object_component>
      <object_component id="oc-7d">
         <name>.debug_info</name>
         <load_address>0x6c1f</load_address>
         <run_address>0x6c1f</run_address>
         <size>0x56e</size>
         <input_file_ref idref="fl-2b"/>
      </object_component>
      <object_component id="oc-3c">
         <name>.debug_info</name>
         <load_address>0x718d</load_address>
         <run_address>0x718d</run_address>
         <size>0x254</size>
         <input_file_ref idref="fl-2b"/>
      </object_component>
      <object_component id="oc-20">
         <name>.debug_info</name>
         <load_address>0x73e1</load_address>
         <run_address>0x73e1</run_address>
         <size>0x1b1</size>
         <input_file_ref idref="fl-2b"/>
      </object_component>
      <object_component id="oc-41">
         <name>.debug_info</name>
         <load_address>0x7592</load_address>
         <run_address>0x7592</run_address>
         <size>0x46</size>
         <input_file_ref idref="fl-2b"/>
      </object_component>
      <object_component id="oc-d9">
         <name>.debug_info</name>
         <load_address>0x75d8</load_address>
         <run_address>0x75d8</run_address>
         <size>0x39</size>
         <input_file_ref idref="fl-2b"/>
      </object_component>
      <object_component id="oc-7e">
         <name>.debug_info</name>
         <load_address>0x7611</load_address>
         <run_address>0x7611</run_address>
         <size>0x2c</size>
         <input_file_ref idref="fl-2b"/>
      </object_component>
      <object_component id="oc-9c">
         <name>.debug_info</name>
         <load_address>0x763d</load_address>
         <run_address>0x763d</run_address>
         <size>0x56c</size>
         <input_file_ref idref="fl-2c"/>
      </object_component>
      <object_component id="oc-93">
         <name>.debug_info</name>
         <load_address>0x7ba9</load_address>
         <run_address>0x7ba9</run_address>
         <size>0x185</size>
         <input_file_ref idref="fl-2c"/>
      </object_component>
      <object_component id="oc-98">
         <name>.debug_info</name>
         <load_address>0x7d2e</load_address>
         <run_address>0x7d2e</run_address>
         <size>0x117</size>
         <input_file_ref idref="fl-2c"/>
      </object_component>
      <object_component id="oc-5b">
         <name>.debug_info</name>
         <load_address>0x7e45</load_address>
         <run_address>0x7e45</run_address>
         <size>0x177</size>
         <input_file_ref idref="fl-2c"/>
      </object_component>
      <object_component id="oc-91">
         <name>.debug_info</name>
         <load_address>0x7fbc</load_address>
         <run_address>0x7fbc</run_address>
         <size>0x579</size>
         <input_file_ref idref="fl-2d"/>
      </object_component>
      <object_component id="oc-55">
         <name>.debug_info</name>
         <load_address>0x8535</load_address>
         <run_address>0x8535</run_address>
         <size>0x167</size>
         <input_file_ref idref="fl-2d"/>
      </object_component>
      <object_component id="oc-109">
         <name>.debug_info</name>
         <load_address>0x869c</load_address>
         <run_address>0x869c</run_address>
         <size>0x5e</size>
         <input_file_ref idref="fl-2d"/>
      </object_component>
      <object_component id="oc-15e">
         <name>.debug_info</name>
         <load_address>0x86fa</load_address>
         <run_address>0x86fa</run_address>
         <size>0x6ca</size>
         <input_file_ref idref="fl-2e"/>
      </object_component>
      <object_component id="oc-11c">
         <name>.debug_info</name>
         <load_address>0x8dc4</load_address>
         <run_address>0x8dc4</run_address>
         <size>0x20f</size>
         <input_file_ref idref="fl-2e"/>
      </object_component>
      <object_component id="oc-1f8">
         <name>.debug_info</name>
         <load_address>0x8fd3</load_address>
         <run_address>0x8fd3</run_address>
         <size>0x2c</size>
         <input_file_ref idref="fl-2e"/>
      </object_component>
      <object_component id="oc-1fd">
         <name>.debug_info</name>
         <load_address>0x8fff</load_address>
         <run_address>0x8fff</run_address>
         <size>0x39</size>
         <input_file_ref idref="fl-2e"/>
      </object_component>
      <object_component id="oc-1df">
         <name>.debug_info</name>
         <load_address>0x9038</load_address>
         <run_address>0x9038</run_address>
         <size>0x7de</size>
         <input_file_ref idref="fl-2f"/>
      </object_component>
      <object_component id="oc-18c">
         <name>.debug_info</name>
         <load_address>0x9816</load_address>
         <run_address>0x9816</run_address>
         <size>0x26a</size>
         <input_file_ref idref="fl-2f"/>
      </object_component>
      <object_component id="oc-191">
         <name>.debug_info</name>
         <load_address>0x9a80</load_address>
         <run_address>0x9a80</run_address>
         <size>0x235</size>
         <input_file_ref idref="fl-2f"/>
      </object_component>
      <object_component id="oc-25e">
         <name>.debug_info</name>
         <load_address>0x9cb5</load_address>
         <run_address>0x9cb5</run_address>
         <size>0x1a8</size>
         <input_file_ref idref="fl-2f"/>
      </object_component>
      <object_component id="oc-265">
         <name>.debug_info</name>
         <load_address>0x9e5d</load_address>
         <run_address>0x9e5d</run_address>
         <size>0x219</size>
         <input_file_ref idref="fl-2f"/>
      </object_component>
      <object_component id="oc-1aa">
         <name>.debug_info</name>
         <load_address>0xa076</load_address>
         <run_address>0xa076</run_address>
         <size>0x417</size>
         <input_file_ref idref="fl-2f"/>
      </object_component>
      <object_component id="oc-26c">
         <name>.debug_info</name>
         <load_address>0xa48d</load_address>
         <run_address>0xa48d</run_address>
         <size>0x374</size>
         <input_file_ref idref="fl-2f"/>
      </object_component>
      <object_component id="oc-1b1">
         <name>.debug_info</name>
         <load_address>0xa801</load_address>
         <run_address>0xa801</run_address>
         <size>0x271</size>
         <input_file_ref idref="fl-2f"/>
      </object_component>
      <object_component id="oc-1b6">
         <name>.debug_info</name>
         <load_address>0xaa72</load_address>
         <run_address>0xaa72</run_address>
         <size>0x389</size>
         <input_file_ref idref="fl-2f"/>
      </object_component>
      <object_component id="oc-1bc">
         <name>.debug_info</name>
         <load_address>0xadfb</load_address>
         <run_address>0xadfb</run_address>
         <size>0x64a</size>
         <input_file_ref idref="fl-2f"/>
      </object_component>
      <object_component id="oc-157">
         <name>.debug_info</name>
         <load_address>0xb445</load_address>
         <run_address>0xb445</run_address>
         <size>0x6dd</size>
         <input_file_ref idref="fl-2f"/>
      </object_component>
      <object_component id="oc-1e5">
         <name>.debug_info</name>
         <load_address>0xbb22</load_address>
         <run_address>0xbb22</run_address>
         <size>0x86</size>
         <input_file_ref idref="fl-2f"/>
      </object_component>
      <object_component id="oc-2a0">
         <name>.debug_info</name>
         <load_address>0xbba8</load_address>
         <run_address>0xbba8</run_address>
         <size>0x39</size>
         <input_file_ref idref="fl-2f"/>
      </object_component>
      <object_component id="oc-306">
         <name>.debug_info</name>
         <load_address>0xbbe1</load_address>
         <run_address>0xbbe1</run_address>
         <size>0x94</size>
         <input_file_ref idref="fl-2f"/>
      </object_component>
      <object_component id="oc-2a5">
         <name>.debug_info</name>
         <load_address>0xbc75</load_address>
         <run_address>0xbc75</run_address>
         <size>0x46</size>
         <input_file_ref idref="fl-2f"/>
      </object_component>
      <object_component id="oc-1ef">
         <name>.debug_info</name>
         <load_address>0xbcbb</load_address>
         <run_address>0xbcbb</run_address>
         <size>0x46</size>
         <input_file_ref idref="fl-2f"/>
      </object_component>
      <object_component id="oc-297">
         <name>.debug_info</name>
         <load_address>0xbd01</load_address>
         <run_address>0xbd01</run_address>
         <size>0x529</size>
         <input_file_ref idref="fl-30"/>
      </object_component>
      <object_component id="oc-1cd">
         <name>.debug_info</name>
         <load_address>0xc22a</load_address>
         <run_address>0xc22a</run_address>
         <size>0x14f</size>
         <input_file_ref idref="fl-30"/>
      </object_component>
      <object_component id="oc-2fb">
         <name>.debug_info</name>
         <load_address>0xc379</load_address>
         <run_address>0xc379</run_address>
         <size>0x46</size>
         <input_file_ref idref="fl-30"/>
      </object_component>
      <object_component id="oc-292">
         <name>.debug_info</name>
         <load_address>0xc3bf</load_address>
         <run_address>0xc3bf</run_address>
         <size>0x39</size>
         <input_file_ref idref="fl-30"/>
      </object_component>
      <object_component id="oc-17f">
         <name>.debug_info</name>
         <load_address>0xc3f8</load_address>
         <run_address>0xc3f8</run_address>
         <size>0x10e</size>
         <input_file_ref idref="fl-32"/>
      </object_component>
      <object_component id="oc-1d8">
         <name>.debug_info</name>
         <load_address>0xc506</load_address>
         <run_address>0xc506</run_address>
         <size>0x10c</size>
         <input_file_ref idref="fl-32"/>
      </object_component>
      <object_component id="oc-21c">
         <name>.debug_info</name>
         <load_address>0xc612</load_address>
         <run_address>0xc612</run_address>
         <size>0x114</size>
         <input_file_ref idref="fl-33"/>
      </object_component>
      <object_component id="oc-2c4">
         <name>.debug_info</name>
         <load_address>0xc726</load_address>
         <run_address>0xc726</run_address>
         <size>0x524</size>
         <input_file_ref idref="fl-34"/>
      </object_component>
      <object_component id="oc-219">
         <name>.debug_info</name>
         <load_address>0xcc4a</load_address>
         <run_address>0xcc4a</run_address>
         <size>0x1d5</size>
         <input_file_ref idref="fl-34"/>
      </object_component>
      <object_component id="oc-2c2">
         <name>.debug_info</name>
         <load_address>0xce1f</load_address>
         <run_address>0xce1f</run_address>
         <size>0x544</size>
         <input_file_ref idref="fl-35"/>
      </object_component>
      <object_component id="oc-2b7">
         <name>.debug_info</name>
         <load_address>0xd363</load_address>
         <run_address>0xd363</run_address>
         <size>0x183</size>
         <input_file_ref idref="fl-35"/>
      </object_component>
      <object_component id="oc-211">
         <name>.debug_info</name>
         <load_address>0xd4e6</load_address>
         <run_address>0xd4e6</run_address>
         <size>0x269</size>
         <input_file_ref idref="fl-35"/>
      </object_component>
      <object_component id="oc-313">
         <name>.debug_info</name>
         <load_address>0xd74f</load_address>
         <run_address>0xd74f</run_address>
         <size>0x524</size>
         <input_file_ref idref="fl-36"/>
      </object_component>
      <object_component id="oc-2be">
         <name>.debug_info</name>
         <load_address>0xdc73</load_address>
         <run_address>0xdc73</run_address>
         <size>0x1a4</size>
         <input_file_ref idref="fl-36"/>
      </object_component>
      <object_component id="oc-2b3">
         <name>.debug_info</name>
         <load_address>0xde17</load_address>
         <run_address>0xde17</run_address>
         <size>0x18b</size>
         <input_file_ref idref="fl-36"/>
      </object_component>
      <object_component id="oc-30e">
         <name>.debug_info</name>
         <load_address>0xdfa2</load_address>
         <run_address>0xdfa2</run_address>
         <size>0x39</size>
         <input_file_ref idref="fl-36"/>
      </object_component>
      <object_component id="oc-345">
         <name>.debug_info</name>
         <load_address>0xdfdb</load_address>
         <run_address>0xdfdb</run_address>
         <size>0x2c</size>
         <input_file_ref idref="fl-36"/>
      </object_component>
      <object_component id="oc-d1">
         <name>.debug_info</name>
         <load_address>0xe007</load_address>
         <run_address>0xe007</run_address>
         <size>0x534</size>
         <input_file_ref idref="fl-37"/>
      </object_component>
      <object_component id="oc-78">
         <name>.debug_info</name>
         <load_address>0xe53b</load_address>
         <run_address>0xe53b</run_address>
         <size>0x229</size>
         <input_file_ref idref="fl-37"/>
      </object_component>
      <object_component id="oc-2f6">
         <name>.debug_info</name>
         <load_address>0xe764</load_address>
         <run_address>0xe764</run_address>
         <size>0x55b</size>
         <input_file_ref idref="fl-38"/>
      </object_component>
      <object_component id="oc-27d">
         <name>.debug_info</name>
         <load_address>0xecbf</load_address>
         <run_address>0xecbf</run_address>
         <size>0x23f</size>
         <input_file_ref idref="fl-38"/>
      </object_component>
      <object_component id="oc-198">
         <name>.debug_info</name>
         <load_address>0xeefe</load_address>
         <run_address>0xeefe</run_address>
         <size>0x146</size>
         <input_file_ref idref="fl-39"/>
      </object_component>
      <object_component id="oc-2d1">
         <name>.debug_info</name>
         <load_address>0xf044</load_address>
         <run_address>0xf044</run_address>
         <size>0x7f</size>
         <input_file_ref idref="fl-39"/>
      </object_component>
      <object_component id="oc-351">
         <name>.debug_info</name>
         <load_address>0xf0c3</load_address>
         <run_address>0xf0c3</run_address>
         <size>0x53</size>
         <input_file_ref idref="fl-39"/>
      </object_component>
      <object_component id="oc-322">
         <name>.debug_info</name>
         <load_address>0xf116</load_address>
         <run_address>0xf116</run_address>
         <size>0x2c</size>
         <input_file_ref idref="fl-39"/>
      </object_component>
      <object_component id="oc-327">
         <name>.debug_info</name>
         <load_address>0xf142</load_address>
         <run_address>0xf142</run_address>
         <size>0x39</size>
         <input_file_ref idref="fl-39"/>
      </object_component>
      <object_component id="oc-2f8">
         <name>.debug_info</name>
         <load_address>0xf17b</load_address>
         <run_address>0xf17b</run_address>
         <size>0x55b</size>
         <input_file_ref idref="fl-3a"/>
      </object_component>
      <object_component id="oc-283">
         <name>.debug_info</name>
         <load_address>0xf6d6</load_address>
         <run_address>0xf6d6</run_address>
         <size>0x249</size>
         <input_file_ref idref="fl-3a"/>
      </object_component>
      <object_component id="oc-19f">
         <name>.debug_info</name>
         <load_address>0xf91f</load_address>
         <run_address>0xf91f</run_address>
         <size>0x140</size>
         <input_file_ref idref="fl-3b"/>
      </object_component>
      <object_component id="oc-340">
         <name>.debug_info</name>
         <load_address>0xfa5f</load_address>
         <run_address>0xfa5f</run_address>
         <size>0x55f</size>
         <input_file_ref idref="fl-3c"/>
      </object_component>
      <object_component id="oc-2eb">
         <name>.debug_info</name>
         <load_address>0xffbe</load_address>
         <run_address>0xffbe</run_address>
         <size>0x1ff</size>
         <input_file_ref idref="fl-3c"/>
      </object_component>
      <object_component id="oc-28a">
         <name>.debug_info</name>
         <load_address>0x101bd</load_address>
         <run_address>0x101bd</run_address>
         <size>0x94</size>
         <input_file_ref idref="fl-3c"/>
      </object_component>
      <object_component id="oc-23f">
         <name>.debug_info</name>
         <load_address>0x10251</load_address>
         <run_address>0x10251</run_address>
         <size>0x1a8</size>
         <input_file_ref idref="fl-3d"/>
      </object_component>
      <object_component id="oc-271">
         <name>.debug_info</name>
         <load_address>0x103f9</load_address>
         <run_address>0x103f9</run_address>
         <size>0x19a</size>
         <input_file_ref idref="fl-3e"/>
      </object_component>
      <object_component id="oc-22d">
         <name>.debug_info</name>
         <load_address>0x10593</load_address>
         <run_address>0x10593</run_address>
         <size>0x19a</size>
         <input_file_ref idref="fl-3f"/>
      </object_component>
      <object_component id="oc-277">
         <name>.debug_info</name>
         <load_address>0x1072d</load_address>
         <run_address>0x1072d</run_address>
         <size>0x19a</size>
         <input_file_ref idref="fl-40"/>
      </object_component>
      <object_component id="oc-1c0">
         <name>.debug_info</name>
         <load_address>0x108c7</load_address>
         <run_address>0x108c7</run_address>
         <size>0x18c</size>
         <input_file_ref idref="fl-41"/>
      </object_component>
      <object_component id="oc-224">
         <name>.debug_info</name>
         <load_address>0x10a53</load_address>
         <run_address>0x10a53</run_address>
         <size>0x1ad</size>
         <input_file_ref idref="fl-42"/>
      </object_component>
      <object_component id="oc-2d0">
         <name>.debug_info</name>
         <load_address>0x10c00</load_address>
         <run_address>0x10c00</run_address>
         <size>0x705</size>
         <input_file_ref idref="fl-43"/>
      </object_component>
      <object_component id="oc-233">
         <name>.debug_info</name>
         <load_address>0x11305</load_address>
         <run_address>0x11305</run_address>
         <size>0x283</size>
         <input_file_ref idref="fl-43"/>
      </object_component>
      <object_component id="oc-32c">
         <name>.debug_info</name>
         <load_address>0x11588</load_address>
         <run_address>0x11588</run_address>
         <size>0x60</size>
         <input_file_ref idref="fl-43"/>
      </object_component>
      <object_component id="oc-2d6">
         <name>.debug_info</name>
         <load_address>0x115e8</load_address>
         <run_address>0x115e8</run_address>
         <size>0x46</size>
         <input_file_ref idref="fl-43"/>
      </object_component>
      <object_component id="oc-244">
         <name>.debug_info</name>
         <load_address>0x1162e</load_address>
         <run_address>0x1162e</run_address>
         <size>0x18a</size>
         <input_file_ref idref="fl-44"/>
      </object_component>
      <object_component id="oc-2e8">
         <name>.debug_info</name>
         <load_address>0x117b8</load_address>
         <run_address>0x117b8</run_address>
         <size>0x51d</size>
         <input_file_ref idref="fl-45"/>
      </object_component>
      <object_component id="oc-251">
         <name>.debug_info</name>
         <load_address>0x11cd5</load_address>
         <run_address>0x11cd5</run_address>
         <size>0x18e</size>
         <input_file_ref idref="fl-45"/>
      </object_component>
      <object_component id="oc-35f">
         <name>.debug_info</name>
         <load_address>0x11e63</load_address>
         <run_address>0x11e63</run_address>
         <size>0x553</size>
         <input_file_ref idref="fl-46"/>
      </object_component>
      <object_component id="oc-33a">
         <name>.debug_info</name>
         <load_address>0x123b6</load_address>
         <run_address>0x123b6</run_address>
         <size>0x25a</size>
         <input_file_ref idref="fl-46"/>
      </object_component>
      <object_component id="oc-2ca">
         <name>.debug_info</name>
         <load_address>0x12610</load_address>
         <run_address>0x12610</run_address>
         <size>0x167</size>
         <input_file_ref idref="fl-47"/>
      </object_component>
      <object_component id="oc-34c">
         <name>.debug_info</name>
         <load_address>0x12777</load_address>
         <run_address>0x12777</run_address>
         <size>0x2c</size>
         <input_file_ref idref="fl-47"/>
      </object_component>
      <object_component id="oc-31b">
         <name>.debug_info</name>
         <load_address>0x127a3</load_address>
         <run_address>0x127a3</run_address>
         <size>0x2c</size>
         <input_file_ref idref="fl-47"/>
      </object_component>
      <object_component id="oc-2e2">
         <name>.debug_info</name>
         <load_address>0x127cf</load_address>
         <run_address>0x127cf</run_address>
         <size>0x55a</size>
         <input_file_ref idref="fl-48"/>
      </object_component>
      <object_component id="oc-239">
         <name>.debug_info</name>
         <load_address>0x12d29</load_address>
         <run_address>0x12d29</run_address>
         <size>0x23e</size>
         <input_file_ref idref="fl-48"/>
      </object_component>
      <object_component id="oc-1a2">
         <name>.debug_info</name>
         <load_address>0x12f67</load_address>
         <run_address>0x12f67</run_address>
         <size>0x14d</size>
         <input_file_ref idref="fl-49"/>
      </object_component>
      <object_component id="oc-363">
         <name>.debug_info</name>
         <load_address>0x130b4</load_address>
         <run_address>0x130b4</run_address>
         <size>0x525</size>
         <input_file_ref idref="fl-4a"/>
      </object_component>
      <object_component id="oc-359">
         <name>.debug_info</name>
         <load_address>0x135d9</load_address>
         <run_address>0x135d9</run_address>
         <size>0x18e</size>
         <input_file_ref idref="fl-4a"/>
      </object_component>
      <object_component id="oc-259">
         <name>.debug_info</name>
         <load_address>0x13767</load_address>
         <run_address>0x13767</run_address>
         <size>0x182</size>
         <input_file_ref idref="fl-4b"/>
      </object_component>
      <object_component id="oc-2e6">
         <name>.debug_info</name>
         <load_address>0x138e9</load_address>
         <run_address>0x138e9</run_address>
         <size>0x531</size>
         <input_file_ref idref="fl-4c"/>
      </object_component>
      <object_component id="oc-24b">
         <name>.debug_info</name>
         <load_address>0x13e1a</load_address>
         <run_address>0x13e1a</run_address>
         <size>0x1c0</size>
         <input_file_ref idref="fl-4c"/>
      </object_component>
      <object_component id="oc-20e">
         <name>.debug_info</name>
         <load_address>0x13fda</load_address>
         <run_address>0x13fda</run_address>
         <size>0x553</size>
         <input_file_ref idref="fl-4d"/>
      </object_component>
      <object_component id="oc-185">
         <name>.debug_info</name>
         <load_address>0x1452d</load_address>
         <run_address>0x1452d</run_address>
         <size>0x171</size>
         <input_file_ref idref="fl-4d"/>
      </object_component>
      <object_component id="oc-2ac">
         <name>.debug_info</name>
         <load_address>0x1469e</load_address>
         <run_address>0x1469e</run_address>
         <size>0xee</size>
         <input_file_ref idref="fl-4e"/>
      </object_component>
      <object_component id="oc-20b">
         <name>.debug_info</name>
         <load_address>0x1478c</load_address>
         <run_address>0x1478c</run_address>
         <size>0xfa</size>
         <input_file_ref idref="fl-4e"/>
      </object_component>
      <object_component id="oc-290">
         <name>.debug_info</name>
         <load_address>0x14886</load_address>
         <run_address>0x14886</run_address>
         <size>0x530</size>
         <input_file_ref idref="fl-4f"/>
      </object_component>
      <object_component id="oc-1c6">
         <name>.debug_info</name>
         <load_address>0x14db6</load_address>
         <run_address>0x14db6</run_address>
         <size>0x1a2</size>
         <input_file_ref idref="fl-4f"/>
      </object_component>
      <object_component id="oc-29c">
         <name>.debug_info</name>
         <load_address>0x14f58</load_address>
         <run_address>0x14f58</run_address>
         <size>0x51e</size>
         <input_file_ref idref="fl-50"/>
      </object_component>
      <object_component id="oc-299">
         <name>.debug_info</name>
         <load_address>0x15476</load_address>
         <run_address>0x15476</run_address>
         <size>0xf8</size>
         <input_file_ref idref="fl-50"/>
      </object_component>
      <object_component id="oc-1d4">
         <name>.debug_info</name>
         <load_address>0x1556e</load_address>
         <run_address>0x1556e</run_address>
         <size>0x145</size>
         <input_file_ref idref="fl-50"/>
      </object_component>
      <object_component id="oc-332">
         <name>.debug_info</name>
         <load_address>0x156b3</load_address>
         <run_address>0x156b3</run_address>
         <size>0x525</size>
         <input_file_ref idref="fl-52"/>
      </object_component>
      <object_component id="oc-2de">
         <name>.debug_info</name>
         <load_address>0x15bd8</load_address>
         <run_address>0x15bd8</run_address>
         <size>0x1a9</size>
         <input_file_ref idref="fl-52"/>
      </object_component>
      <object_component id="oc-3c4">
         <name>.debug_info</name>
         <load_address>0x15d81</load_address>
         <run_address>0x15d81</run_address>
         <size>0xd9</size>
      </object_component>
      <object_component id="oc-138">
         <name>.debug_line</name>
         <load_address>0x0</load_address>
         <run_address>0x0</run_address>
         <size>0x73</size>
         <input_file_ref idref="fl-2"/>
      </object_component>
      <object_component id="oc-8f">
         <name>.debug_line</name>
         <load_address>0x73</load_address>
         <run_address>0x73</run_address>
         <size>0xf61</size>
         <input_file_ref idref="fl-2"/>
      </object_component>
      <object_component id="oc-145">
         <name>.debug_line</name>
         <load_address>0xfd4</load_address>
         <run_address>0xfd4</run_address>
         <size>0x6b</size>
         <input_file_ref idref="fl-2"/>
      </object_component>
      <object_component id="oc-13b">
         <name>.debug_line</name>
         <load_address>0x103f</load_address>
         <run_address>0x103f</run_address>
         <size>0x55</size>
         <input_file_ref idref="fl-2"/>
      </object_component>
      <object_component id="oc-73">
         <name>.debug_line</name>
         <load_address>0x1094</load_address>
         <run_address>0x1094</run_address>
         <size>0x20</size>
         <input_file_ref idref="fl-2"/>
      </object_component>
      <object_component id="oc-140">
         <name>.debug_line</name>
         <load_address>0x10b4</load_address>
         <run_address>0x10b4</run_address>
         <size>0x57</size>
         <input_file_ref idref="fl-2"/>
      </object_component>
      <object_component id="oc-179">
         <name>.debug_line</name>
         <load_address>0x110b</load_address>
         <run_address>0x110b</run_address>
         <size>0x6f</size>
         <input_file_ref idref="fl-2"/>
      </object_component>
      <object_component id="oc-174">
         <name>.debug_line</name>
         <load_address>0x117a</load_address>
         <run_address>0x117a</run_address>
         <size>0x6c</size>
         <input_file_ref idref="fl-2"/>
      </object_component>
      <object_component id="oc-104">
         <name>.debug_line</name>
         <load_address>0x11e6</load_address>
         <run_address>0x11e6</run_address>
         <size>0x66</size>
         <input_file_ref idref="fl-2"/>
      </object_component>
      <object_component id="oc-1e2">
         <name>.debug_line</name>
         <load_address>0x124c</load_address>
         <run_address>0x124c</run_address>
         <size>0x67</size>
         <input_file_ref idref="fl-2"/>
      </object_component>
      <object_component id="oc-1f5">
         <name>.debug_line</name>
         <load_address>0x12b3</load_address>
         <run_address>0x12b3</run_address>
         <size>0x2d</size>
         <input_file_ref idref="fl-22"/>
      </object_component>
      <object_component id="oc-fc">
         <name>.debug_line</name>
         <load_address>0x12e0</load_address>
         <run_address>0x12e0</run_address>
         <size>0x57</size>
         <input_file_ref idref="fl-22"/>
      </object_component>
      <object_component id="oc-14f">
         <name>.debug_line</name>
         <load_address>0x1337</load_address>
         <run_address>0x1337</run_address>
         <size>0x51</size>
         <input_file_ref idref="fl-22"/>
      </object_component>
      <object_component id="oc-149">
         <name>.debug_line</name>
         <load_address>0x1388</load_address>
         <run_address>0x1388</run_address>
         <size>0x48</size>
         <input_file_ref idref="fl-22"/>
      </object_component>
      <object_component id="oc-1ec">
         <name>.debug_line</name>
         <load_address>0x13d0</load_address>
         <run_address>0x13d0</run_address>
         <size>0x91</size>
         <input_file_ref idref="fl-22"/>
      </object_component>
      <object_component id="oc-2f">
         <name>.debug_line</name>
         <load_address>0x1461</load_address>
         <run_address>0x1461</run_address>
         <size>0x4e</size>
         <input_file_ref idref="fl-23"/>
      </object_component>
      <object_component id="oc-cf">
         <name>.debug_line</name>
         <load_address>0x14af</load_address>
         <run_address>0x14af</run_address>
         <size>0x48</size>
         <input_file_ref idref="fl-24"/>
      </object_component>
      <object_component id="oc-67">
         <name>.debug_line</name>
         <load_address>0x14f7</load_address>
         <run_address>0x14f7</run_address>
         <size>0x2a</size>
         <input_file_ref idref="fl-24"/>
      </object_component>
      <object_component id="oc-29">
         <name>.debug_line</name>
         <load_address>0x1521</load_address>
         <run_address>0x1521</run_address>
         <size>0x5b</size>
         <input_file_ref idref="fl-24"/>
      </object_component>
      <object_component id="oc-160">
         <name>.debug_line</name>
         <load_address>0x157c</load_address>
         <run_address>0x157c</run_address>
         <size>0xbf</size>
         <input_file_ref idref="fl-25"/>
      </object_component>
      <object_component id="oc-a2">
         <name>.debug_line</name>
         <load_address>0x163b</load_address>
         <run_address>0x163b</run_address>
         <size>0x8d</size>
         <input_file_ref idref="fl-25"/>
      </object_component>
      <object_component id="oc-163">
         <name>.debug_line</name>
         <load_address>0x16c8</load_address>
         <run_address>0x16c8</run_address>
         <size>0x2e</size>
         <input_file_ref idref="fl-25"/>
      </object_component>
      <object_component id="oc-16f">
         <name>.debug_line</name>
         <load_address>0x16f6</load_address>
         <run_address>0x16f6</run_address>
         <size>0x9a</size>
         <input_file_ref idref="fl-25"/>
      </object_component>
      <object_component id="oc-12d">
         <name>.debug_line</name>
         <load_address>0x1790</load_address>
         <run_address>0x1790</run_address>
         <size>0x97</size>
         <input_file_ref idref="fl-25"/>
      </object_component>
      <object_component id="oc-168">
         <name>.debug_line</name>
         <load_address>0x1827</load_address>
         <run_address>0x1827</run_address>
[...]
      <symbol id="sm-12b">
         <name>result_ddr_evt0_emif1</name>
         <value>0x9400781c</value>
      </symbol>
      <symbol id="sm-12c">
         <name>t1_ddr_evt1_emif1</name>
         <value>0x9400783c</value>
      </symbol>
      <symbol id="sm-12d">
         <name>t2_ddr_evt1_emif1</name>
         <value>0x94007854</value>
      </symbol>
      <symbol id="sm-12e">
         <name>result_ddr_evt1_emif1</name>
         <value>0x94007824</value>
      </symbol>
      <symbol id="sm-12f">
         <name>get_PERF_CNT_1</name>
         <value>0x94002a2c</value>
         <object_component_ref idref="oc-8a"/>
      </symbol>
      <symbol id="sm-130">
         <name>get_PERF_CNT_2</name>
         <value>0x94002a58</value>
         <object_component_ref idref="oc-8a"/>
      </symbol>
      <symbol id="sm-131">
         <name>set_MSTID</name>
         <value>0x940022ac</value>
         <object_component_ref idref="oc-8a"/>
      </symbol>
      <symbol id="sm-132">
         <name>get_DDR3A_SDCFG_PAGESIZE</name>
         <value>0x94003528</value>
         <object_component_ref idref="oc-8a"/>
      </symbol>
      <symbol id="sm-133">
         <name>cpu_microbenchmark_load</name>
         <value>0x94002b94</value>
         <object_component_ref idref="oc-8a"/>
      </symbol>
      <symbol id="sm-134">
         <name>clear_tx_FIFO</name>
         <value>0x940035d8</value>
         <object_component_ref idref="oc-8a"/>
      </symbol>
      <symbol id="sm-135">
         <name>set_DDR3A_SDCFG_IBANK</name>
         <value>0x9400238c</value>
         <object_component_ref idref="oc-8a"/>
      </symbol>
      <symbol id="sm-136">
         <name>read_MDMAARBU</name>
         <value>0x94002500</value>
         <object_component_ref idref="oc-8a"/>
      </symbol>
      <symbol id="sm-137">
         <name>read_MDMAARBX</name>
         <value>0x940024e8</value>
         <object_component_ref idref="oc-8a"/>
      </symbol>
      <symbol id="sm-138">
         <name>critical_task_start_eval</name>
         <value>0x94002854</value>
         <object_component_ref idref="oc-8a"/>
      </symbol>
      <symbol id="sm-139">
         <name>read_SDMAARBE</name>
         <value>0x940024b8</value>
         <object_component_ref idref="oc-8a"/>
      </symbol>
      <symbol id="sm-13a">
         <name>read_SDMAARBD</name>
         <value>0x940024d0</value>
         <object_component_ref idref="oc-8a"/>
      </symbol>
      <symbol id="sm-13b">
         <name>read_SDMAARBU</name>
         <value>0x940024a4</value>
         <object_component_ref idref="oc-8a"/>
      </symbol>
      <symbol id="sm-13c">
         <name>critical_task_end_eval</name>
         <value>0x940029c8</value>
         <object_component_ref idref="oc-8a"/>
      </symbol>
      <symbol id="sm-13d">
         <name>set_DDR3A_READ_EXECUTION_THRESHOLD</name>
         <value>0x94002410</value>
         <object_component_ref idref="oc-8a"/>
      </symbol>
      <symbol id="sm-13e">
         <name>read_UART_IER</name>
         <value>0x94002490</value>
         <object_component_ref idref="oc-8a"/>
      </symbol>
      <symbol id="sm-13f">
         <name>set_DDR3A_WRITE_EXECUTION_THRESHOLD</name>
         <value>0x94002344</value>
         <object_component_ref idref="oc-8a"/>
      </symbol>
      <symbol id="sm-140">
         <name>cpu_microbenchmark_store</name>
         <value>0x94002898</value>
         <object_component_ref idref="oc-8a"/>
      </symbol>
      <symbol id="sm-141">
         <name>bank_stress_benchmark</name>
         <value>0x940035f0</value>
         <object_component_ref idref="oc-8a"/>
      </symbol>
      <symbol id="sm-142">
         <name>get_DDR3A_SDCFG_EBANK</name>
         <value>0x94003590</value>
         <object_component_ref idref="oc-8a"/>
      </symbol>
      <symbol id="sm-143">
         <name>get_PERF_CNT_TIMER</name>
         <value>0x94002a88</value>
         <object_component_ref idref="oc-8a"/>
      </symbol>
      <symbol id="sm-144">
         <name>write_MDMAARBU</name>
         <value>0x94002188</value>
         <object_component_ref idref="oc-8a"/>
      </symbol>
      <symbol id="sm-145">
         <name>write_CPUARBD</name>
         <value>0x940021e8</value>
         <object_component_ref idref="oc-8a"/>
      </symbol>
      <symbol id="sm-146">
         <name>write_CPUARBE</name>
         <value>0x940021c8</value>
         <object_component_ref idref="oc-8a"/>
      </symbol>
      <symbol id="sm-147">
         <name>write_MDMAARBX</name>
         <value>0x94002170</value>
         <object_component_ref idref="oc-8a"/>
      </symbol>
      <symbol id="sm-148">
         <name>DDR_configure_eval</name>
         <value>0x940027e4</value>
         <object_component_ref idref="oc-8a"/>
      </symbol>
      <symbol id="sm-149">
         <name>write_CPUARBU</name>
         <value>0x940021a8</value>
         <object_component_ref idref="oc-8a"/>
      </symbol>
      <symbol id="sm-14a">
         <name>set_PERF_CNT_EVENT</name>
         <value>0x94002244</value>
         <object_component_ref idref="oc-8a"/>
      </symbol>
      <symbol id="sm-14b">
         <name>read_CPUARBD</name>
         <value>0x94002544</value>
         <object_component_ref idref="oc-8a"/>
      </symbol>
      <symbol id="sm-14c">
         <name>read_CPUARBE</name>
         <value>0x9400252c</value>
         <object_component_ref idref="oc-8a"/>
      </symbol>
      <symbol id="sm-14d">
         <name>read_CPUARBU</name>
         <value>0x94002514</value>
         <object_component_ref idref="oc-8a"/>
      </symbol>
      <symbol id="sm-14e">
         <name>cpu_pointer_chasing_microbenchmark</name>
         <value>0x94002e08</value>
         <object_component_ref idref="oc-8a"/>
      </symbol>
      <symbol id="sm-14f">
         <name>write_SDMAARBD</name>
         <value>0x94002158</value>
         <object_component_ref idref="oc-8a"/>
      </symbol>
      <symbol id="sm-150">
         <name>write_SDMAARBE</name>
         <value>0x94002140</value>
         <object_component_ref idref="oc-8a"/>
      </symbol>
      <symbol id="sm-151">
         <name>write_SDMAARBU</name>
         <value>0x94002128</value>
         <object_component_ref idref="oc-8a"/>
      </symbol>
      <symbol id="sm-152">
         <name>main</name>
         <value>0x94003094</value>
         <object_component_ref idref="oc-8a"/>
      </symbol>
      <symbol id="sm-153">
         <name>set_DDR3A_SDCFG_EBANK</name>
         <value>0x940023cc</value>
         <object_component_ref idref="oc-8a"/>
      </symbol>
      <symbol id="sm-154">
         <name>matrix_stress2_task</name>
         <value>0x94002558</value>
         <object_component_ref idref="oc-8a"/>
      </symbol>
      <symbol id="sm-155">
         <name>matrix_stress1_task</name>
         <value>0x9400264c</value>
         <object_component_ref idref="oc-8a"/>
      </symbol>
      <symbol id="sm-156">
         <name>DDR_end_eval</name>
         <value>0x94002b04</value>
         <object_component_ref idref="oc-8a"/>
      </symbol>
      <symbol id="sm-157">
         <name>set_DDR3A_PR_OLD_COUNT</name>
         <value>0x94002450</value>
         <object_component_ref idref="oc-8a"/>
      </symbol>
      <symbol id="sm-158">
         <name>write_UART_IER</name>
         <value>0x94002114</value>
         <object_component_ref idref="oc-8a"/>
      </symbol>
      <symbol id="sm-159">
         <name>write_UART_THR</name>
         <value>0x940020d0</value>
         <object_component_ref idref="oc-8a"/>
      </symbol>
      <symbol id="sm-15a">
         <name>DSP_init</name>
         <value>0x94002738</value>
         <object_component_ref idref="oc-8a"/>
      </symbol>
      <symbol id="sm-15b">
         <name>set_MPU_THRESH_MAX</name>
         <value>0x94002308</value>
         <object_component_ref idref="oc-8a"/>
      </symbol>
      <symbol id="sm-15c">
         <name>enable_FIFO</name>
         <value>0x940035c4</value>
         <object_component_ref idref="oc-8a"/>
      </symbol>
      <symbol id="sm-15d">
         <name>read_UART_LSR</name>
         <value>0x940020c0</value>
         <object_component_ref idref="oc-8a"/>
      </symbol>
      <symbol id="sm-15e">
         <name>DDR_start_eval</name>
         <value>0x94002ac0</value>
         <object_component_ref idref="oc-8a"/>
      </symbol>
      <symbol id="sm-15f">
         <name>get_DDR3A_SDCFG_IBANK</name>
         <value>0x94003558</value>
         <object_component_ref idref="oc-8a"/>
      </symbol>
      <symbol id="sm-160">
         <name>set_SYS_THRESH_MAX</name>
         <value>0x94002208</value>
         <object_component_ref idref="oc-8a"/>
      </symbol>
      <symbol id="sm-161">
         <name>enable_CNT_MSTID</name>
         <value>0x94002794</value>
         <object_component_ref idref="oc-8a"/>
      </symbol>
      <symbol id="sm-184">
         <name>sprintf</name>
         <value>0x94007020</value>
         <object_component_ref idref="oc-fb"/>
      </symbol>
      <symbol id="sm-18d">
         <name>memcpy</name>
         <value>0x94006c00</value>
         <object_component_ref idref="oc-2e"/>
      </symbol>
      <symbol id="sm-1a3">
         <name>_c_int00</name>
         <value>0x94006e20</value>
         <object_component_ref idref="oc-25"/>
      </symbol>
      <symbol id="sm-1a4">
         <name>_stack</name>
         <value>0x90000000</value>
         <object_component_ref idref="oc-2b"/>
      </symbol>
      <symbol id="sm-1c9">
         <name>__TI_auto_init_nobinit_nopinit</name>
         <value>0x940067e0</value>
         <object_component_ref idref="oc-9e"/>
      </symbol>
      <symbol id="sm-1d2">
         <name>_system_pre_init</name>
         <value>0x94007320</value>
         <object_component_ref idref="oc-5e"/>
      </symbol>
      <symbol id="sm-1db">
         <name>_system_post_cinit</name>
         <value>0x94007300</value>
         <object_component_ref idref="oc-113"/>
      </symbol>
      <symbol id="sm-1f9">
         <name>__TI_decompress_none</name>
         <value>0x94007360</value>
         <object_component_ref idref="oc-18"/>
      </symbol>
      <symbol id="sm-224">
         <name>__TI_decompress_rle24</name>
         <value>0x94007380</value>
         <object_component_ref idref="oc-1e"/>
      </symbol>
      <symbol id="sm-245">
         <name>C$$EXIT</name>
         <value>0x94007340</value>
         <object_component_ref idref="oc-95"/>
      </symbol>
      <symbol id="sm-246">
         <name>abort</name>
         <value>0x94007340</value>
         <object_component_ref idref="oc-95"/>
      </symbol>
      <symbol id="sm-247">
         <name>exit</name>
         <value>0x94006620</value>
         <object_component_ref idref="oc-58"/>
      </symbol>
      <symbol id="sm-248">
         <name>__TI_dtors_ptr</name>
         <value>0x94007894</value>
         <object_component_ref idref="oc-92"/>
      </symbol>
      <symbol id="sm-249">
         <name>__TI_cleanup_ptr</name>
         <value>0x94007890</value>
         <object_component_ref idref="oc-92"/>
      </symbol>
      <symbol id="sm-24a">
         <name>__TI_enable_exit_profile_output</name>
         <value>0x94007898</value>
         <object_component_ref idref="oc-92"/>
      </symbol>
      <symbol id="sm-25c">
         <name>_args_main</name>
         <value>0x94007180</value>
         <object_component_ref idref="oc-52"/>
      </symbol>
      <symbol id="sm-275">
         <name>__TI_tls_init</name>
         <value>0x94006960</value>
         <object_component_ref idref="oc-119"/>
      </symbol>
      <symbol id="sm-4b4">
         <name>__TI_printfi</name>
         <value>0x94000000</value>
         <object_component_ref idref="oc-154"/>
      </symbol>
      <symbol id="sm-4ce">
         <name>wcslen</name>
         <value>0x94007200</value>
         <object_component_ref idref="oc-1cb"/>
      </symbol>
      <symbol id="sm-4dd">
         <name>__c6xabi_push_rts</name>
         <value>0x940072a0</value>
         <object_component_ref idref="oc-17e"/>
      </symbol>
      <symbol id="sm-4de">
         <name>__pop_rts</name>
         <value>0x94007280</value>
         <object_component_ref idref="oc-1d7"/>
      </symbol>
      <symbol id="sm-4df">
         <name>__c6xabi_pop_rts</name>
         <value>0x94007280</value>
         <object_component_ref idref="oc-1d7"/>
      </symbol>
      <symbol id="sm-4e0">
         <name>__push_rts</name>
         <value>0x940072a0</value>
         <object_component_ref idref="oc-17e"/>
      </symbol>
      <symbol id="sm-4e9">
         <name>__c6xabi_divu</name>
         <value>0x940068a0</value>
         <object_component_ref idref="oc-21b"/>
      </symbol>
      <symbol id="sm-4ea">
         <name>__divu</name>
         <value>0x940068a0</value>
         <object_component_ref idref="oc-21b"/>
      </symbol>
      <symbol id="sm-4fb">
         <name>__c6xabi_divul</name>
         <value>0x94005ac0</value>
         <object_component_ref idref="oc-215"/>
      </symbol>
      <symbol id="sm-517">
         <name>_subcull</name>
         <value>0x94006f60</value>
         <object_component_ref idref="oc-2b5"/>
      </symbol>
      <symbol id="sm-518">
         <name>__c6xabi_divull</name>
         <value>0x94004c60</value>
         <object_component_ref idref="oc-20f"/>
      </symbol>
      <symbol id="sm-538">
         <name>__c6xabi_llshru</name>
         <value>0x94006f00</value>
         <object_component_ref idref="oc-2bb"/>
      </symbol>
      <symbol id="sm-539">
         <name>__c6xabi_llshl</name>
         <value>0x94006da0</value>
         <object_component_ref idref="oc-2af"/>
      </symbol>
      <symbol id="sm-549">
         <name>memset</name>
         <value>0x94006700</value>
         <object_component_ref idref="oc-76"/>
      </symbol>
      <symbol id="sm-561">
         <name>frexpl</name>
         <value>0x940056e0</value>
         <object_component_ref idref="oc-27c"/>
      </symbol>
      <symbol id="sm-562">
         <name>frexp</name>
         <value>0x940056e0</value>
         <object_component_ref idref="oc-27c"/>
      </symbol>
      <symbol id="sm-57f">
         <name>__c6xabi_isinf</name>
         <value>0x940070c0</value>
         <object_component_ref idref="oc-195"/>
      </symbol>
      <symbol id="sm-59a">
         <name>scalbn</name>
         <value>0x940058e0</value>
         <object_component_ref idref="oc-282"/>
      </symbol>
      <symbol id="sm-59b">
         <name>scalbnl</name>
         <value>0x940058e0</value>
         <object_component_ref idref="oc-282"/>
      </symbol>
      <symbol id="sm-59c">
         <name>ldexpl</name>
         <value>0x940058e0</value>
         <object_component_ref idref="oc-282"/>
      </symbol>
      <symbol id="sm-59d">
         <name>ldexp</name>
         <value>0x940058e0</value>
         <object_component_ref idref="oc-282"/>
      </symbol>
      <symbol id="sm-5a6">
         <name>_signbit</name>
         <value>0x940072e0</value>
         <object_component_ref idref="oc-19b"/>
      </symbol>
      <symbol id="sm-5bc">
         <name>__c6xabi_addd</name>
         <value>0x940052e0</value>
         <object_component_ref idref="oc-2e9"/>
      </symbol>
      <symbol id="sm-5c9">
         <name>__c6xabi_eqd</name>
         <value>0x94006a20</value>
         <object_component_ref idref="oc-23d"/>
      </symbol>
      <symbol id="sm-5d7">
         <name>__c6xabi_ged</name>
         <value>0x940062a0</value>
         <object_component_ref idref="oc-26f"/>
      </symbol>
      <symbol id="sm-5e5">
         <name>__c6xabi_gtd</name>
         <value>0x94006380</value>
         <object_component_ref idref="oc-22b"/>
      </symbol>
      <symbol id="sm-5f3">
         <name>__c6xabi_led</name>
         <value>0x94006460</value>
         <object_component_ref idref="oc-275"/>
      </symbol>
      <symbol id="sm-600">
         <name>__c6xabi_ltd</name>
         <value>0x94006540</value>
         <object_component_ref idref="oc-1bf"/>
      </symbol>
      <symbol id="sm-60d">
         <name>__c6xabi_neqd</name>
         <value>0x94006ac0</value>
         <object_component_ref idref="oc-221"/>
      </symbol>
      <symbol id="sm-631">
         <name>__c6xabi_divd</name>
         <value>0x94003de0</value>
         <object_component_ref idref="oc-231"/>
      </symbol>
      <symbol id="sm-63d">
         <name>__c6xabi_fixdi</name>
         <value>0x94006d20</value>
         <object_component_ref idref="oc-243"/>
      </symbol>
      <symbol id="sm-64a">
         <name>__c6xabi_fltid</name>
         <value>0x94006ea0</value>
         <object_component_ref idref="oc-24f"/>
      </symbol>
      <symbol id="sm-65c">
         <name>__TI_frcaddd</name>
         <value>0x940050e0</value>
         <object_component_ref idref="oc-339"/>
      </symbol>
      <symbol id="sm-66f">
         <name>__TI_frcmpyd_div</name>
         <value>0x94007080</value>
         <object_component_ref idref="oc-2c9"/>
      </symbol>
      <symbol id="sm-686">
         <name>__c6xabi_mpyd</name>
         <value>0x94004ec0</value>
         <object_component_ref idref="oc-237"/>
      </symbol>
      <symbol id="sm-68f">
         <name>__c6xabi_negd</name>
         <value>0x94007100</value>
         <object_component_ref idref="oc-1a1"/>
      </symbol>
      <symbol id="sm-69e">
         <name>__TI_renormd</name>
         <value>0x94006ca0</value>
         <object_component_ref idref="oc-358"/>
      </symbol>
      <symbol id="sm-6a8">
         <name>__c6xabi_subd</name>
         <value>0x94007140</value>
         <object_component_ref idref="oc-255"/>
      </symbol>
      <symbol id="sm-6b8">
         <name>__TI_ltoa</name>
         <value>0x940061c0</value>
         <object_component_ref idref="oc-249"/>
      </symbol>
      <symbol id="sm-6cc">
         <name>atoi</name>
         <value>0x940060c0</value>
         <object_component_ref idref="oc-183"/>
      </symbol>
      <symbol id="sm-6d6">
         <name>_ctypes_</name>
         <value>0x940076a8</value>
         <object_component_ref idref="oc-20a"/>
      </symbol>
      <symbol id="sm-6e7">
         <name>memccpy</name>
         <value>0x94006fc0</value>
         <object_component_ref idref="oc-1c5"/>
      </symbol>
      <symbol id="sm-6f8">
         <name>__errno</name>
         <value>0x9400789c</value>
         <object_component_ref idref="oc-298"/>
      </symbol>
      <symbol id="sm-6f9">
         <name>errno</name>
         <value>0x9400789c</value>
         <object_component_ref idref="oc-298"/>
      </symbol>
      <symbol id="sm-6fa">
         <name>__c6xabi_errno_addr</name>
         <value>0x94007240</value>
         <object_component_ref idref="oc-1d1"/>
      </symbol>
      <symbol id="sm-707">
         <name>__TI_frcmpyd</name>
         <value>0x94005c80</value>
         <object_component_ref idref="oc-2db"/>
      </symbol>
      <symbol id="sm-708">
         <name>__TI_STATIC_BASE</name>
         <value>0x940077d8</value>
      </symbol>
      <symbol id="sm-70a">
         <name>__TI_TLS_INIT_Base</name>
         <value>0x0</value>
      </symbol>
      <symbol id="sm-70b">
         <name>__TI_TLS_INIT_Limit</name>
         <value>0x0</value>
      </symbol>
   </symbol_table>
   <title>Link successful</title>
</link_info>
