Archive member included to satisfy reference by file (symbol)

c:/ti/ccs930/ccs/tools/compiler/gcc-arm-none-eabi-7-2017-q4-major-win32/bin/../lib/gcc/arm-none-eabi/7.2.1/../../../../arm-none-eabi/lib/thumb/v7-ar\libc.a(lib_a-exit.o)
                              c:/ti/ccs930/ccs/tools/compiler/gcc-arm-none-eabi-7-2017-q4-major-win32/bin/../lib/gcc/arm-none-eabi/7.2.1/../../../../arm-none-eabi/lib/thumb/v7-ar/rdimon-crt0.o (exit)
c:/ti/ccs930/ccs/tools/compiler/gcc-arm-none-eabi-7-2017-q4-major-win32/bin/../lib/gcc/arm-none-eabi/7.2.1/../../../../arm-none-eabi/lib/thumb/v7-ar\libc.a(lib_a-impure.o)
                              c:/ti/ccs930/ccs/tools/compiler/gcc-arm-none-eabi-7-2017-q4-major-win32/bin/../lib/gcc/arm-none-eabi/7.2.1/../../../../arm-none-eabi/lib/thumb/v7-ar\libc.a(lib_a-exit.o) (_global_impure_ptr)
c:/ti/ccs930/ccs/tools/compiler/gcc-arm-none-eabi-7-2017-q4-major-win32/bin/../lib/gcc/arm-none-eabi/7.2.1/../../../../arm-none-eabi/lib/thumb/v7-ar\libc.a(lib_a-init.o)
                              c:/ti/ccs930/ccs/tools/compiler/gcc-arm-none-eabi-7-2017-q4-major-win32/bin/../lib/gcc/arm-none-eabi/7.2.1/../../../../arm-none-eabi/lib/thumb/v7-ar/rdimon-crt0.o (__libc_init_array)
c:/ti/ccs930/ccs/tools/compiler/gcc-arm-none-eabi-7-2017-q4-major-win32/bin/../lib/gcc/arm-none-eabi/7.2.1/../../../../arm-none-eabi/lib/thumb/v7-ar\libc.a(lib_a-memset.o)
                              c:/ti/ccs930/ccs/tools/compiler/gcc-arm-none-eabi-7-2017-q4-major-win32/bin/../lib/gcc/arm-none-eabi/7.2.1/../../../../arm-none-eabi/lib/thumb/v7-ar/rdimon-crt0.o (memset)
c:/ti/ccs930/ccs/tools/compiler/gcc-arm-none-eabi-7-2017-q4-major-win32/bin/../lib/gcc/arm-none-eabi/7.2.1/../../../../arm-none-eabi/lib/thumb/v7-ar\libc.a(lib_a-sprintf.o)
                              ./main.o (sprintf)
c:/ti/ccs930/ccs/tools/compiler/gcc-arm-none-eabi-7-2017-q4-major-win32/bin/../lib/gcc/arm-none-eabi/7.2.1/../../../../arm-none-eabi/lib/thumb/v7-ar\libc.a(lib_a-strlen-stub.o)
                              ./main.o (strlen)
c:/ti/ccs930/ccs/tools/compiler/gcc-arm-none-eabi-7-2017-q4-major-win32/bin/../lib/gcc/arm-none-eabi/7.2.1/../../../../arm-none-eabi/lib/thumb/v7-ar\libc.a(lib_a-svfprintf.o)
                              c:/ti/ccs930/ccs/tools/compiler/gcc-arm-none-eabi-7-2017-q4-major-win32/bin/../lib/gcc/arm-none-eabi/7.2.1/../../../../arm-none-eabi/lib/thumb/v7-ar\libc.a(lib_a-sprintf.o) (_svfprintf_r)
c:/ti/ccs930/ccs/tools/compiler/gcc-arm-none-eabi-7-2017-q4-major-win32/bin/../lib/gcc/arm-none-eabi/7.2.1/../../../../arm-none-eabi/lib/thumb/v7-ar\libc.a(lib_a-__call_atexit.o)
                              c:/ti/ccs930/ccs/tools/compiler/gcc-arm-none-eabi-7-2017-q4-major-win32/bin/../lib/gcc/arm-none-eabi/7.2.1/../../../../arm-none-eabi/lib/thumb/v7-ar\libc.a(lib_a-exit.o) (__call_exitprocs)
c:/ti/ccs930/ccs/tools/compiler/gcc-arm-none-eabi-7-2017-q4-major-win32/bin/../lib/gcc/arm-none-eabi/7.2.1/../../../../arm-none-eabi/lib/thumb/v7-ar\libc.a(lib_a-atexit.o)
                              c:/ti/ccs930/ccs/tools/compiler/gcc-arm-none-eabi-7-2017-q4-major-win32/bin/../lib/gcc/arm-none-eabi/7.2.1/../../../../arm-none-eabi/lib/thumb/v7-ar\libc.a(lib_a-__call_atexit.o) (atexit)
c:/ti/ccs930/ccs/tools/compiler/gcc-arm-none-eabi-7-2017-q4-major-win32/bin/../lib/gcc/arm-none-eabi/7.2.1/../../../../arm-none-eabi/lib/thumb/v7-ar\libc.a(lib_a-dtoa.o)
                              c:/ti/ccs930/ccs/tools/compiler/gcc-arm-none-eabi-7-2017-q4-major-win32/bin/../lib/gcc/arm-none-eabi/7.2.1/../../../../arm-none-eabi/lib/thumb/v7-ar\libc.a(lib_a-svfprintf.o) (_dtoa_r)
c:/ti/ccs930/ccs/tools/compiler/gcc-arm-none-eabi-7-2017-q4-major-win32/bin/../lib/gcc/arm-none-eabi/7.2.1/../../../../arm-none-eabi/lib/thumb/v7-ar\libc.a(lib_a-fini.o)
                              c:/ti/ccs930/ccs/tools/compiler/gcc-arm-none-eabi-7-2017-q4-major-win32/bin/../lib/gcc/arm-none-eabi/7.2.1/../../../../arm-none-eabi/lib/thumb/v7-ar\libc.a(lib_a-__call_atexit.o) (__libc_fini_array)
c:/ti/ccs930/ccs/tools/compiler/gcc-arm-none-eabi-7-2017-q4-major-win32/bin/../lib/gcc/arm-none-eabi/7.2.1/../../../../arm-none-eabi/lib/thumb/v7-ar\libc.a(lib_a-localeconv.o)
                              c:/ti/ccs930/ccs/tools/compiler/gcc-arm-none-eabi-7-2017-q4-major-win32/bin/../lib/gcc/arm-none-eabi/7.2.1/../../../../arm-none-eabi/lib/thumb/v7-ar\libc.a(lib_a-svfprintf.o) (_localeconv_r)
c:/ti/ccs930/ccs/tools/compiler/gcc-arm-none-eabi-7-2017-q4-major-win32/bin/../lib/gcc/arm-none-eabi/7.2.1/../../../../arm-none-eabi/lib/thumb/v7-ar\libc.a(lib_a-lock.o)
                              c:/ti/ccs930/ccs/tools/compiler/gcc-arm-none-eabi-7-2017-q4-major-win32/bin/../lib/gcc/arm-none-eabi/7.2.1/../../../../arm-none-eabi/lib/thumb/v7-ar\libc.a(lib_a-__call_atexit.o) (__retarget_lock_acquire_recursive)
[...]
Memory Configuration

Name             Origin             Length             Attributes
OCMC_RAM1        0x40300000         0x00080000
OCMC_RAM2        0x40400000         0x00100000
OCMC_RAM3        0x40500000         0x00100000
DDR0             0x80000000         0x10000000
DDR1             0xc0000000         0x40000000
*default*        0x00000000         0xffffffff

Linker script and memory map

LOAD c:/ti/ccs930/ccs/tools/compiler/gcc-arm-none-eabi-7-2017-q4-major-win32/bin/../lib/gcc/arm-none-eabi/7.2.1/thumb/v7-ar/crti.o
LOAD c:/ti/ccs930/ccs/tools/compiler/gcc-arm-none-eabi-7-2017-q4-major-win32/bin/../lib/gcc/arm-none-eabi/7.2.1/thumb/v7-ar/crtbegin.o
LOAD c:/ti/ccs930/ccs/tools/compiler/gcc-arm-none-eabi-7-2017-q4-major-win32/bin/../lib/gcc/arm-none-eabi/7.2.1/../../../../arm-none-eabi/lib/thumb/v7-ar/rdimon-crt0.o
                0x04000000                STACKSIZE = 0x4000000
                0x00000001                CORE0 = 0x1
                0x00000400                HEAPSIZE = 0x400
LOAD ./main.o
LOAD ./startup_ARMCA15.o

.rsthand        0x80000000       0x7c
                0x80000000                . = ALIGN (0x10000)
 *(.isr_vector)
 .isr_vector    0x80000000       0x5c ./startup_ARMCA15.o
                0x80000000                __isr_vector
                0x80000058                DEF_IRQHandler
 *startup_ARMCA15.o(.text)
 .text          0x8000005c       0x20 ./startup_ARMCA15.o
                0x8000005c                Entry
                0x8000007c                . = ALIGN (0x4)

.text           0x80000080     0x8f20
 *(.text*)
 .text          0x80000080        0x0 c:/ti/ccs930/ccs/tools/compiler/gcc-arm-none-eabi-7-2017-q4-major-win32/bin/../lib/gcc/arm-none-eabi/7.2.1/thumb/v7-ar/crti.o
 .text          0x80000080       0x50 c:/ti/ccs930/ccs/tools/compiler/gcc-arm-none-eabi-7-2017-q4-major-win32/bin/../lib/gcc/arm-none-eabi/7.2.1/thumb/v7-ar/crtbegin.o
 .text          0x800000d0       0xe8 c:/ti/ccs930/ccs/tools/compiler/gcc-arm-none-eabi-7-2017-q4-major-win32/bin/../lib/gcc/arm-none-eabi/7.2.1/../../../../arm-none-eabi/lib/thumb/v7-ar/rdimon-crt0.o
                0x800000d0                _start
                0x800000d0                _mainCRTStartup
 .text          0x800001b8     0x195c ./main.o
                0x800001b8                cpu_microbenchmark_store
                0x800003c4                cpu_microbenchmark_load
                0x800005cc                cpu_pointer_chasing_microbenchmark
                0x80000644                bank_stress_benchmark
                0x80000754                matrix_stress1_task
                0x800008b0                matrix_stress2_task
                0x80000a10                read_UART_LSR
                0x80000a20                write_UART_THR
                0x80000a78                clear_tx_FIFO
                0x80000a90                enable_FIFO
                0x80000aa8                read_UART_IER
                0x80000ab8                write_UART_IER
                0x80000ac8                get_PERF_CNT_1
                0x80000afc                get_PERF_CNT_2
                0x80000b30                get_PERF_CNT_TIMER
                0x80000b64                set_PERF_CNT_EVENT
                0x80000bcc                enable_CNT_MSTID
                0x80000c2c                set_MSTID
                0x80000c8c                set_DDR3A_SDCFG_IBANK
                0x80000ccc                get_DDR3A_SDCFG_IBANK
                0x80000d04                get_DDR3A_SDCFG_PAGESIZE
                0x80000d3c                set_DDR3A_SDCFG_EBANK
                0x80000d7c                get_DDR3A_SDCFG_EBANK
                0x80000db4                set_DDR3A_PR_OLD_COUNT
                0x80000df4                set_DDR3A_READ_EXECUTION_THRESHOLD
                0x80000e34                set_DDR3A_WRITE_EXECUTION_THRESHOLD
                0x80000e74                configure_AXI
                0x80000e80                counters_init
                0x80000f40                critical_task_start_eval
                0x8000102c                critical_task_end_eval
                0x800010d4                ARM_disable_caches
                0x80001204                ARM_init
                0x800012c0                DDR_configure_eval
                0x800013b8                DDR_start_eval
                0x80001444                DDR_end_eval
                0x8000159c                main
 .text          0x80001b14        0x0 c:/ti/ccs930/ccs/tools/compiler/gcc-arm-none-eabi-7-2017-q4-major-win32/bin/../lib/gcc/arm-none-eabi/7.2.1/../../../../arm-none-eabi/lib/thumb/v7-ar\libc.a(lib_a-exit.o)
 .text.exit     0x80001b14       0x20 c:/ti/ccs930/ccs/tools/compiler/gcc-arm-none-eabi-7-2017-q4-major-win32/bin/../lib/gcc/arm-none-eabi/7.2.1/../../../../arm-none-eabi/lib/thumb/v7-ar\libc.a(lib_a-exit.o)
                0x80001b14                exit
 .text          0x80001b34        0x0 c:/ti/ccs930/ccs/tools/compiler/gcc-arm-none-eabi-7-2017-q4-major-win32/bin/../lib/gcc/arm-none-eabi/7.2.1/../../../../arm-none-eabi/lib/thumb/v7-ar\libc.a(lib_a-impure.o)
 .text          0x80001b34        0x0 c:/ti/ccs930/ccs/tools/compiler/gcc-arm-none-eabi-7-2017-q4-major-win32/bin/../lib/gcc/arm-none-eabi/7.2.1/../../../../arm-none-eabi/lib/thumb/v7-ar\libc.a(lib_a-init.o)
 .text.__libc_init_array
                0x80001b34       0x50 c:/ti/ccs930/ccs/tools/compiler/gcc-arm-none-eabi-7-2017-q4-major-win32/bin/../lib/gcc/arm-none-eabi/7.2.1/../../../../arm-none-eabi/lib/thumb/v7-ar\libc.a(lib_a-init.o)
                0x80001b34                __libc_init_array
 .text          0x80001b84        0x0 c:/ti/ccs930/ccs/tools/compiler/gcc-arm-none-eabi-7-2017-q4-major-win32/bin/../lib/gcc/arm-none-eabi/7.2.1/../../../../arm-none-eabi/lib/thumb/v7-ar\libc.a(lib_a-memset.o)
 .text.memset   0x80001b84       0x98 c:/ti/ccs930/ccs/tools/compiler/gcc-arm-none-eabi-7-2017-q4-major-win32/bin/../lib/gcc/arm-none-eabi/7.2.1/../../../../arm-none-eabi/lib/thumb/v7-ar\libc.a(lib_a-memset.o)
                0x80001b84                memset
 .text          0x80001c1c        0x0 c:/ti/ccs930/ccs/tools/compiler/gcc-arm-none-eabi-7-2017-q4-major-win32/bin/../lib/gcc/arm-none-eabi/7.2.1/../../../../arm-none-eabi/lib/thumb/v7-ar\libc.a(lib_a-sprintf.o)
 .text._sprintf_r
                0x80001c1c       0x40 c:/ti/ccs930/ccs/tools/compiler/gcc-arm-none-eabi-7-2017-q4-major-win32/bin/../lib/gcc/arm-none-eabi/7.2.1/../../../../arm-none-eabi/lib/thumb/v7-ar\libc.a(lib_a-sprintf.o)
                0x80001c1c                _sprintf_r
 .text.sprintf  0x80001c5c       0x48 c:/ti/ccs930/ccs/tools/compiler/gcc-arm-none-eabi-7-2017-q4-major-win32/bin/../lib/gcc/arm-none-eabi/7.2.1/../../../../arm-none-eabi/lib/thumb/v7-ar\libc.a(lib_a-sprintf.o)
                0x80001c5c                sprintf
 .text          0x80001ca4        0x0 c:/ti/ccs930/ccs/tools/compiler/gcc-arm-none-eabi-7-2017-q4-major-win32/bin/../lib/gcc/arm-none-eabi/7.2.1/../../../../arm-none-eabi/lib/thumb/v7-ar\libc.a(lib_a-strlen-stub.o)
 .text.strlen   0x80001ca4       0x5c c:/ti/ccs930/ccs/tools/compiler/gcc-arm-none-eabi-7-2017-q4-major-win32/bin/../lib/gcc/arm-none-eabi/7.2.1/../../../../arm-none-eabi/lib/thumb/v7-ar\libc.a(lib_a-strlen-stub.o)
                0x80001ca4                strlen
 .text          0x80001d00        0x0 c:/ti/ccs930/ccs/tools/compiler/gcc-arm-none-eabi-7-2017-q4-major-win32/bin/../lib/gcc/arm-none-eabi/7.2.1/../../../../arm-none-eabi/lib/thumb/v7-ar\libc.a(lib_a-svfprintf.o)
 .text._svfprintf_r
                0x80001d00     0x14d8 c:/ti/ccs930/ccs/tools/compiler/gcc-arm-none-eabi-7-2017-q4-major-win32/bin/../lib/gcc/arm-none-eabi/7.2.1/../../../../arm-none-eabi/lib/thumb/v7-ar\libc.a(lib_a-svfprintf.o)
                0x80001d00                _svfprintf_r
 .text          0x800031d8        0x0 c:/ti/ccs930/ccs/tools/compiler/gcc-arm-none-eabi-7-2017-q4-major-win32/bin/../lib/gcc/arm-none-eabi/7.2.1/../../../../arm-none-eabi/lib/thumb/v7-ar\libc.a(lib_a-__call_atexit.o)
 .text.startup.register_fini
                0x800031d8       0x18 c:/ti/ccs930/ccs/tools/compiler/gcc-arm-none-eabi-7-2017-q4-major-win32/bin/../lib/gcc/arm-none-eabi/7.2.1/../../../../arm-none-eabi/lib/thumb/v7-ar\libc.a(lib_a-__call_atexit.o)
 .text.__call_exitprocs
                0x800031f0       0xf8 c:/ti/ccs930/ccs/tools/compiler/gcc-arm-none-eabi-7-2017-q4-major-win32/bin/../lib/gcc/arm-none-eabi/7.2.1/../../../../arm-none-eabi/lib/thumb/v7-ar\libc.a(lib_a-__call_atexit.o)
                0x800031f0                __call_exitprocs
 .text          0x800032e8        0x0 c:/ti/ccs930/ccs/tools/compiler/gcc-arm-none-eabi-7-2017-q4-major-win32/bin/../lib/gcc/arm-none-eabi/7.2.1/../../../../arm-none-eabi/lib/thumb/v7-ar\libc.a(lib_a-atexit.o)
 .text.atexit   0x800032e8        0xc c:/ti/ccs930/ccs/tools/compiler/gcc-arm-none-eabi-7-2017-q4-major-win32/bin/../lib/gcc/arm-none-eabi/7.2.1/../../../../arm-none-eabi/lib/thumb/v7-ar\libc.a(lib_a-atexit.o)
                0x800032e8                atexit
 .text          0x800032f4        0x0 c:/ti/ccs930/ccs/tools/compiler/gcc-arm-none-eabi-7-2017-q4-major-win32/bin/../lib/gcc/arm-none-eabi/7.2.1/../../../../arm-none-eabi/lib/thumb/v7-ar\libc.a(lib_a-dtoa.o)
 .text.quorem   0x800032f4      0x140 c:/ti/ccs930/ccs/tools/compiler/gcc-arm-none-eabi-7-2017-q4-major-win32/bin/../lib/gcc/arm-none-eabi/7.2.1/../../../../arm-none-eabi/lib/thumb/v7-ar\libc.a(lib_a-dtoa.o)
 *fill*         0x80003434        0x4 
 .text._dtoa_r  0x80003438      0xf14 c:/ti/ccs930/ccs/tools/compiler/gcc-arm-none-eabi-7-2017-q4-major-win32/bin/../lib/gcc/arm-none-eabi/7.2.1/../../../../arm-none-eabi/lib/thumb/v7-ar\libc.a(lib_a-dtoa.o)
                0x80003438                _dtoa_r
 .text          0x8000434c        0x0 c:/ti/ccs930/ccs/tools/compiler/gcc-arm-none-eabi-7-2017-q4-major-win32/bin/../lib/gcc/arm-none-eabi/7.2.1/../../../../arm-none-eabi/lib/thumb/v7-ar\libc.a(lib_a-fini.o)
 .text.__libc_fini_array
                0x8000434c       0x30 c:/ti/ccs930/ccs/tools/compiler/gcc-arm-none-eabi-7-2017-q4-major-win32/bin/../lib/gcc/arm-none-eabi/7.2.1/../../../../arm-none-eabi/lib/thumb/v7-ar\libc.a(lib_a-fini.o)
                0x8000434c                __libc_fini_array
 .text          0x8000437c        0x0 c:/ti/ccs930/ccs/tools/compiler/gcc-arm-none-eabi-7-2017-q4-major-win32/bin/../lib/gcc/arm-none-eabi/7.2.1/../../../../arm-none-eabi/lib/thumb/v7-ar\libc.a(lib_a-localeconv.o)
 .text.__localeconv_l
                0x8000437c        0x4 c:/ti/ccs930/ccs/tools/compiler/gcc-arm-none-eabi-7-2017-q4-major-win32/bin/../lib/gcc/arm-none-eabi/7.2.1/../../../../arm-none-eabi/lib/thumb/v7-ar\libc.a(lib_a-localeconv.o)
                0x8000437c                __localeconv_l
 .text._localeconv_r
                0x80004380       0x20 c:/ti/ccs930/ccs/tools/compiler/gcc-arm-none-eabi-7-2017-q4-major-win32/bin/../lib/gcc/arm-none-eabi/7.2.1/../../../../arm-none-eabi/lib/thumb/v7-ar\libc.a(lib_a-localeconv.o)
                0x80004380                _localeconv_r
 .text.localeconv
                0x800043a0       0x20 c:/ti/ccs930/ccs/tools/compiler/gcc-arm-none-eabi-7-2017-q4-major-win32/bin/../lib/gcc/arm-none-eabi/7.2.1/../../../../arm-none-eabi/lib/thumb/v7-ar\libc.a(lib_a-localeconv.o)
                0x800043a0                localeconv
 .text          0x800043c0        0x0 c:/ti/ccs930/ccs/tools/compiler/gcc-arm-none-eabi-7-2017-q4-major-win32/bin/../lib/gcc/arm-none-eabi/7.2.1/../../../../arm-none-eabi/lib/thumb/v7-ar\libc.a(lib_a-lock.o)
 .text.__retarget_lock_init
                0x800043c0        0x4 c:/ti/ccs930/ccs/tools/compiler/gcc-arm-none-eabi-7-2017-q4-major-win32/bin/../lib/gcc/arm-none-eabi/7.2.1/../../../../arm-none-eabi/lib/thumb/v7-ar\libc.a(lib_a-lock.o)
                0x800043c0                __retarget_lock_init
 .text.__retarget_lock_init_recursive
                0x800043c4        0x4 c:/ti/ccs930/ccs/tools/compiler/gcc-arm-none-eabi-7-2017-q4-major-win32/bin/../lib/gcc/arm-none-eabi/7.2.1/../../../../arm-none-eabi/lib/thumb/v7-ar\libc.a(lib_a-lock.o)
                0x800043c4                __retarget_lock_init_recursive
 .text.__retarget_lock_close
                0x800043c8        0x4 c:/ti/ccs930/ccs/tools/compiler/gcc-arm-none-eabi-7-2017-q4-major-win32/bin/../lib/gcc/arm-none-eabi/7.2.1/../../../../arm-none-eabi/lib/thumb/v7-ar\libc.a(lib_a-lock.o)
                0x800043c8                __retarget_lock_close
 .text.__retarget_lock_close_recursive
                0x800043cc        0x4 c:/ti/ccs930/ccs/tools/compiler/gcc-arm-none-eabi-7-2017-q4-major-win32/bin/../lib/gcc/arm-none-eabi/7.2.1/../../../../arm-none-eabi/lib/thumb/v7-ar\libc.a(lib_a-lock.o)
                0x800043cc                __retarget_lock_close_recursive
 .text.__retarget_lock_acquire
                0x800043d0        0x4 c:/ti/ccs930/ccs/tools/compiler/gcc-arm-none-eabi-7-2017-q4-major-win32/bin/../lib/gcc/arm-none-eabi/7.2.1/../../../../arm-none-eabi/lib/thumb/v7-ar\libc.a(lib_a-lock.o)
                0x800043d0                __retarget_lock_acquire
 .text.__retarget_lock_acquire_recursive
                0x800043d4        0x4 c:/ti/ccs930/ccs/tools/compiler/gcc-arm-none-eabi-7-2017-q4-major-win32/bin/../lib/gcc/arm-none-eabi/7.2.1/../../../../arm-none-eabi/lib/thumb/v7-ar\libc.a(lib_a-lock.o)
                0x800043d4                __retarget_lock_acquire_recursive
 .text.__retarget_lock_try_acquire
                0x800043d8        0x4 c:/ti/ccs930/ccs/tools/compiler/gcc-arm-none-eabi-7-2017-q4-major-win32/bin/../lib/gcc/arm-none-eabi/7.2.1/../../../../arm-none-eabi/lib/thumb/v7-ar\libc.a(lib_a-lock.o)
                0x800043d8                __retarget_lock_try_acquire
 .text.__retarget_lock_try_acquire_recursive
                0x800043dc        0x4 c:/ti/ccs930/ccs/tools/compiler/gcc-arm-none-eabi-7-2017-q4-major-win32/bin/../lib/gcc/arm-none-eabi/7.2.1/../../../../arm-none-eabi/lib/thumb/v7-ar\libc.a(lib_a-lock.o)
                0x800043dc                __retarget_lock_try_acquire_recursive
 .text.__retarget_lock_release
                0x800043e0        0x4 c:/ti/ccs930/ccs/tools/compiler/gcc-arm-none-eabi-7-2017-q4-major-win32/bin/../lib/gcc/arm-none-eabi/7.2.1/../../../../arm-none-eabi/lib/thumb/v7-ar\libc.a(lib_a-lock.o)
                0x800043e0                __retarget_lock_release
 .text.__retarget_lock_release_recursive
                0x800043e4        0x4 c:/ti/ccs930/ccs/tools/compiler/gcc-arm-none-eabi-7-2017-q4-major-win32/bin/../lib/gcc/arm-none-eabi/7.2.1/../../../../arm-none-eabi/lib/thumb/v7-ar\libc.a(lib_a-lock.o)
                0x800043e4                __retarget_lock_release_recursive
 .text          0x800043e8        0x0 c:/ti/ccs930/ccs/tools/compiler/gcc-arm-none-eabi-7-2017-q4-major-win32/bin/../lib/gcc/arm-none-eabi/7.2.1/../../../../arm-none-eabi/lib/thumb/v7-ar\libc.a(lib_a-mallocr.o)
 .text._malloc_r
                0x800043e8      0x580 c:/ti/ccs930/ccs/tools/compiler/gcc-arm-none-eabi-7-2017-q4-major-win32/bin/../lib/gcc/arm-none-eabi/7.2.1/../../../../arm-none-eabi/lib/thumb/v7-ar\libc.a(lib_a-mallocr.o)
                0x800043e8                _malloc_r
 .text          0x80004968        0x0 c:/ti/ccs930/ccs/tools/compiler/gcc-arm-none-eabi-7-2017-q4-major-win32/bin/../lib/gcc/arm-none-eabi/7.2.1/../../../../arm-none-eabi/lib/thumb/v7-ar\libc.a(lib_a-memchr-stub.o)
 .text.memchr   0x80004968       0x8c c:/ti/ccs930/ccs/tools/compiler/gcc-arm-none-eabi-7-2017-q4-major-win32/bin/../lib/gcc/arm-none-eabi/7.2.1/../../../../arm-none-eabi/lib/thumb/v7-ar\libc.a(lib_a-memchr-stub.o)
                0x80004968                memchr
 .text          0x800049f4       0xec c:/ti/ccs930/ccs/tools/compiler/gcc-arm-none-eabi-7-2017-q4-major-win32/bin/../lib/gcc/arm-none-eabi/7.2.1/../../../../arm-none-eabi/lib/thumb/v7-ar\libc.a(lib_a-memcpy.o)
                0x800049f4                memcpy
 .text          0x80004ae0        0x0 c:/ti/ccs930/ccs/tools/compiler/gcc-arm-none-eabi-7-2017-q4-major-win32/bin/../lib/gcc/arm-none-eabi/7.2.1/../../../../arm-none-eabi/lib/thumb/v7-ar\libc.a(lib_a-mlock.o)
 .text.__malloc_lock
                0x80004ae0        0xc c:/ti/ccs930/ccs/tools/compiler/gcc-arm-none-eabi-7-2017-q4-major-win32/bin/../lib/gcc/arm-none-eabi/7.2.1/../../../../arm-none-eabi/lib/thumb/v7-ar\libc.a(lib_a-mlock.o)
                0x80004ae0                __malloc_lock
 .text.__malloc_unlock
                0x80004aec        0xc c:/ti/ccs930/ccs/tools/compiler/gcc-arm-none-eabi-7-2017-q4-major-win32/bin/../lib/gcc/arm-none-eabi/7.2.1/../../../../arm-none-eabi/lib/thumb/v7-ar\libc.a(lib_a-mlock.o)
                0x80004aec                __malloc_unlock
 .text          0x80004af8        0x0 c:/ti/ccs930/ccs/tools/compiler/gcc-arm-none-eabi-7-2017-q4-major-win32/bin/../lib/gcc/arm-none-eabi/7.2.1/../../../../arm-none-eabi/lib/thumb/v7-ar\libc.a(lib_a-mprec.o)
 .text._Balloc  0x80004af8       0x4c c:/ti/ccs930/ccs/tools/compiler/gcc-arm-none-eabi-7-2017-q4-major-win32/bin/../lib/gcc/arm-none-eabi/7.2.1/../../../../arm-none-eabi/lib/thumb/v7-ar\libc.a(lib_a-mprec.o)
                0x80004af8                _Balloc
 .text._Bfree   0x80004b44       0x14 c:/ti/ccs930/ccs/tools/compiler/gcc-arm-none-eabi-7-2017-q4-major-win32/bin/../lib/gcc/arm-none-eabi/7.2.1/../../../../arm-none-eabi/lib/thumb/v7-ar\libc.a(lib_a-mprec.o)
                0x80004b44                _Bfree
 .text.__multadd
                0x80004b58       0x88 c:/ti/ccs930/ccs/tools/compiler/gcc-arm-none-eabi-7-2017-q4-major-win32/bin/../lib/gcc/arm-none-eabi/7.2.1/../../../../arm-none-eabi/lib/thumb/v7-ar\libc.a(lib_a-mprec.o)
                0x80004b58                __multadd
 .text.__s2b    0x80004be0       0x98 c:/ti/ccs930/ccs/tools/compiler/gcc-arm-none-eabi-7-2017-q4-major-win32/bin/../lib/gcc/arm-none-eabi/7.2.1/../../../../arm-none-eabi/lib/thumb/v7-ar\libc.a(lib_a-mprec.o)
                0x80004be0                __s2b
 .text.__hi0bits
                0x80004c78       0x3c c:/ti/ccs930/ccs/tools/compiler/gcc-arm-none-eabi-7-2017-q4-major-win32/bin/../lib/gcc/arm-none-eabi/7.2.1/../../../../arm-none-eabi/lib/thumb/v7-ar\libc.a(lib_a-mprec.o)
                0x80004c78                __hi0bits
 .text.__lo0bits
                0x80004cb4       0x5c c:/ti/ccs930/ccs/tools/compiler/gcc-arm-none-eabi-7-2017-q4-major-win32/bin/../lib/gcc/arm-none-eabi/7.2.1/../../../../arm-none-eabi/lib/thumb/v7-ar\libc.a(lib_a-mprec.o)
                0x80004cb4                __lo0bits
 .text.__i2b    0x80004d10       0x14 c:/ti/ccs930/ccs/tools/compiler/gcc-arm-none-eabi-7-2017-q4-major-win32/bin/../lib/gcc/arm-none-eabi/7.2.1/../../../../arm-none-eabi/lib/thumb/v7-ar\libc.a(lib_a-mprec.o)
                0x80004d10                __i2b
 .text.__multiply
                0x80004d24      0x158 c:/ti/ccs930/ccs/tools/compiler/gcc-arm-none-eabi-7-2017-q4-major-win32/bin/../lib/gcc/arm-none-eabi/7.2.1/../../../../arm-none-eabi/lib/thumb/v7-ar\libc.a(lib_a-mprec.o)
                0x80004d24                __multiply
 .text.__pow5mult
                0x80004e7c       0xa4 c:/ti/ccs930/ccs/tools/compiler/gcc-arm-none-eabi-7-2017-q4-major-win32/bin/../lib/gcc/arm-none-eabi/7.2.1/../../../../arm-none-eabi/lib/thumb/v7-ar\libc.a(lib_a-mprec.o)
                0x80004e7c                __pow5mult
 .text.__lshift
                0x80004f20       0xb8 c:/ti/ccs930/ccs/tools/compiler/gcc-arm-none-eabi-7-2017-q4-major-win32/bin/../lib/gcc/arm-none-eabi/7.2.1/../../../../arm-none-eabi/lib/thumb/v7-ar\libc.a(lib_a-mprec.o)
                0x80004f20                __lshift
 .text.__mcmp   0x80004fd8       0x38 c:/ti/ccs930/ccs/tools/compiler/gcc-arm-none-eabi-7-2017-q4-major-win32/bin/../lib/gcc/arm-none-eabi/7.2.1/../../../../arm-none-eabi/lib/thumb/v7-ar\libc.a(lib_a-mprec.o)
                0x80004fd8                __mcmp
 .text.__mdiff  0x80005010      0x108 c:/ti/ccs930/ccs/tools/compiler/gcc-arm-none-eabi-7-2017-q4-major-win32/bin/../lib/gcc/arm-none-eabi/7.2.1/../../../../arm-none-eabi/lib/thumb/v7-ar\libc.a(lib_a-mprec.o)
                0x80005010                __mdiff
 .text.__ulp    0x80005118       0x44 c:/ti/ccs930/ccs/tools/compiler/gcc-arm-none-eabi-7-2017-q4-major-win32/bin/../lib/gcc/arm-none-eabi/7.2.1/../../../../arm-none-eabi/lib/thumb/v7-ar\libc.a(lib_a-mprec.o)
                0x80005118                __ulp
 .text.__b2d    0x8000515c       0xc0 c:/ti/ccs930/ccs/tools/compiler/gcc-arm-none-eabi-7-2017-q4-major-win32/bin/../lib/gcc/arm-none-eabi/7.2.1/../../../../arm-none-eabi/lib/thumb/v7-ar\libc.a(lib_a-mprec.o)
                0x8000515c                __b2d
 .text.__d2b    0x8000521c       0xac c:/ti/ccs930/ccs/tools/compiler/gcc-arm-none-eabi-7-2017-q4-major-win32/bin/../lib/gcc/arm-none-eabi/7.2.1/../../../../arm-none-eabi/lib/thumb/v7-ar\libc.a(lib_a-mprec.o)
                0x8000521c                __d2b
 .text.__ratio  0x800052c8       0x68 c:/ti/ccs930/ccs/tools/compiler/gcc-arm-none-eabi-7-2017-q4-major-win32/bin/../lib/gcc/arm-none-eabi/7.2.1/../../../../arm-none-eabi/lib/thumb/v7-ar\libc.a(lib_a-mprec.o)
                0x800052c8                __ratio
 .text._mprec_log10
                0x80005330       0x38 c:/ti/ccs930/ccs/tools/compiler/gcc-arm-none-eabi-7-2017-q4-major-win32/bin/../lib/gcc/arm-none-eabi/7.2.1/../../../../arm-none-eabi/lib/thumb/v7-ar\libc.a(lib_a-mprec.o)
                0x80005330                _mprec_log10
 .text.__copybits
                0x80005368       0x48 c:/ti/ccs930/ccs/tools/compiler/gcc-arm-none-eabi-7-2017-q4-major-win32/bin/../lib/gcc/arm-none-eabi/7.2.1/../../../../arm-none-eabi/lib/thumb/v7-ar\libc.a(lib_a-mprec.o)
                0x80005368                __copybits
 .text.__any_on
                0x800053b0       0x58 c:/ti/ccs930/ccs/tools/compiler/gcc-arm-none-eabi-7-2017-q4-major-win32/bin/../lib/gcc/arm-none-eabi/7.2.1/../../../../arm-none-eabi/lib/thumb/v7-ar\libc.a(lib_a-mprec.o)
                0x800053b0                __any_on
 .text          0x80005408        0x0 c:/ti/ccs930/ccs/tools/compiler/gcc-arm-none-eabi-7-2017-q4-major-win32/bin/../lib/gcc/arm-none-eabi/7.2.1/../../../../arm-none-eabi/lib/thumb/v7-ar\libc.a(lib_a-sbrkr.o)
 .text._sbrk_r  0x80005408       0x28 c:/ti/ccs930/ccs/tools/compiler/gcc-arm-none-eabi-7-2017-q4-major-win32/bin/../lib/gcc/arm-none-eabi/7.2.1/../../../../arm-none-eabi/lib/thumb/v7-ar\libc.a(lib_a-sbrkr.o)
                0x80005408                _sbrk_r
 .text          0x80005430        0x0 c:/ti/ccs930/ccs/tools/compiler/gcc-arm-none-eabi-7-2017-q4-major-win32/bin/../lib/gcc/arm-none-eabi/7.2.1/../../../../arm-none-eabi/lib/thumb/v7-ar\libc.a(lib_a-svfiprintf.o)
 .text.__ssprint_r
                0x80005430       0xf8 c:/ti/ccs930/ccs/tools/compiler/gcc-arm-none-eabi-7-2017-q4-major-win32/bin/../lib/gcc/arm-none-eabi/7.2.1/../../../../arm-none-eabi/lib/thumb/v7-ar\libc.a(lib_a-svfiprintf.o)
                0x80005430                __ssprint_r
 .text._svfiprintf_r
                0x80005528      0xa8c c:/ti/ccs930/ccs/tools/compiler/gcc-arm-none-eabi-7-2017-q4-major-win32/bin/../lib/gcc/arm-none-eabi/7.2.1/../../../../arm-none-eabi/lib/thumb/v7-ar\libc.a(lib_a-svfiprintf.o)
                0x80005528                _svfiprintf_r
 .text          0x80005fb4        0x0 c:/ti/ccs930/ccs/tools/compiler/gcc-arm-none-eabi-7-2017-q4-major-win32/bin/../lib/gcc/arm-none-eabi/7.2.1/../../../../arm-none-eabi/lib/thumb/v7-ar\libc.a(lib_a-__atexit.o)
 .text.__register_exitproc
                0x80005fb4       0xd0 c:/ti/ccs930/ccs/tools/compiler/gcc-arm-none-eabi-7-2017-q4-major-win32/bin/../lib/gcc/arm-none-eabi/7.2.1/../../../../arm-none-eabi/lib/thumb/v7-ar\libc.a(lib_a-__atexit.o)
                0x80005fb4                __register_exitproc
 .text          0x80006084        0x0 c:/ti/ccs930/ccs/tools/compiler/gcc-arm-none-eabi-7-2017-q4-major-win32/bin/../lib/gcc/arm-none-eabi/7.2.1/../../../../arm-none-eabi/lib/thumb/v7-ar\libc.a(lib_a-callocr.o)
 .text._calloc_r
                0x80006084       0x60 c:/ti/ccs930/ccs/tools/compiler/gcc-arm-none-eabi-7-2017-q4-major-win32/bin/../lib/gcc/arm-none-eabi/7.2.1/../../../../arm-none-eabi/lib/thumb/v7-ar\libc.a(lib_a-callocr.o)
                0x80006084                _calloc_r
 .text          0x800060e4        0x0 c:/ti/ccs930/ccs/tools/compiler/gcc-arm-none-eabi-7-2017-q4-major-win32/bin/../lib/gcc/arm-none-eabi/7.2.1/../../../../arm-none-eabi/lib/thumb/v7-ar\libc.a(lib_a-freer.o)
 .text._malloc_trim_r
                0x800060e4       0xac c:/ti/ccs930/ccs/tools/compiler/gcc-arm-none-eabi-7-2017-q4-major-win32/bin/../lib/gcc/arm-none-eabi/7.2.1/../../../../arm-none-eabi/lib/thumb/v7-ar\libc.a(lib_a-freer.o)
                0x800060e4                _malloc_trim_r
 .text._free_r  0x80006190      0x1ec c:/ti/ccs930/ccs/tools/compiler/gcc-arm-none-eabi-7-2017-q4-major-win32/bin/../lib/gcc/arm-none-eabi/7.2.1/../../../../arm-none-eabi/lib/thumb/v7-ar\libc.a(lib_a-freer.o)
                0x80006190                _free_r
 .text          0x8000637c        0x0 c:/ti/ccs930/ccs/tools/compiler/gcc-arm-none-eabi-7-2017-q4-major-win32/bin/../lib/gcc/arm-none-eabi/7.2.1/../../../../arm-none-eabi/lib/thumb/v7-ar\libc.a(lib_a-locale.o)
 .text._setlocale_r
                0x8000637c       0x54 c:/ti/ccs930/ccs/tools/compiler/gcc-arm-none-eabi-7-2017-q4-major-win32/bin/../lib/gcc/arm-none-eabi/7.2.1/../../../../arm-none-eabi/lib/thumb/v7-ar\libc.a(lib_a-locale.o)
                0x8000637c                _setlocale_r
 .text.__locale_mb_cur_max
                0x800063d0       0x20 c:/ti/ccs930/ccs/tools/compiler/gcc-arm-none-eabi-7-2017-q4-major-win32/bin/../lib/gcc/arm-none-eabi/7.2.1/../../../../arm-none-eabi/lib/thumb/v7-ar\libc.a(lib_a-locale.o)
                0x800063d0                __locale_mb_cur_max
 .text.__locale_ctype_ptr_l
                0x800063f0        0x8 c:/ti/ccs930/ccs/tools/compiler/gcc-arm-none-eabi-7-2017-q4-major-win32/bin/../lib/gcc/arm-none-eabi/7.2.1/../../../../arm-none-eabi/lib/thumb/v7-ar\libc.a(lib_a-locale.o)
                0x800063f0                __locale_ctype_ptr_l
 .text.__locale_ctype_ptr
                0x800063f8       0x20 c:/ti/ccs930/ccs/tools/compiler/gcc-arm-none-eabi-7-2017-q4-major-win32/bin/../lib/gcc/arm-none-eabi/7.2.1/../../../../arm-none-eabi/lib/thumb/v7-ar\libc.a(lib_a-locale.o)
                0x800063f8                __locale_ctype_ptr
 .text.setlocale
                0x80006418       0x14 c:/ti/ccs930/ccs/tools/compiler/gcc-arm-none-eabi-7-2017-q4-major-win32/bin/../lib/gcc/arm-none-eabi/7.2.1/../../../../arm-none-eabi/lib/thumb/v7-ar\libc.a(lib_a-locale.o)
                0x80006418                setlocale
 .text          0x8000642c        0x0 c:/ti/ccs930/ccs/tools/compiler/gcc-arm-none-eabi-7-2017-q4-major-win32/bin/../lib/gcc/arm-none-eabi/7.2.1/../../../../arm-none-eabi/lib/thumb/v7-ar\libc.a(lib_a-mbtowc_r.o)
 .text._mbtowc_r
                0x8000642c       0x28 c:/ti/ccs930/ccs/tools/compiler/gcc-arm-none-eabi-7-2017-q4-major-win32/bin/../lib/gcc/arm-none-eabi/7.2.1/../../../../arm-none-eabi/lib/thumb/v7-ar\libc.a(lib_a-mbtowc_r.o)
                0x8000642c                _mbtowc_r
 .text.__ascii_mbtowc
                0x80006454       0x24 c:/ti/ccs930/ccs/tools/compiler/gcc-arm-none-eabi-7-2017-q4-major-win32/bin/../lib/gcc/arm-none-eabi/7.2.1/../../../../arm-none-eabi/lib/thumb/v7-ar\libc.a(lib_a-mbtowc_r.o)
                0x80006454                __ascii_mbtowc
 .text          0x80006478        0x0 c:/ti/ccs930/ccs/tools/compiler/gcc-arm-none-eabi-7-2017-q4-major-win32/bin/../lib/gcc/arm-none-eabi/7.2.1/../../../../arm-none-eabi/lib/thumb/v7-ar\libc.a(lib_a-memmove.o)
 .text.memmove  0x80006478       0xc8 c:/ti/ccs930/ccs/tools/compiler/gcc-arm-none-eabi-7-2017-q4-major-win32/bin/../lib/gcc/arm-none-eabi/7.2.1/../../../../arm-none-eabi/lib/thumb/v7-ar\libc.a(lib_a-memmove.o)
                0x80006478                memmove
 .text          0x80006540        0x0 c:/ti/ccs930/ccs/tools/compiler/gcc-arm-none-eabi-7-2017-q4-major-win32/bin/../lib/gcc/arm-none-eabi/7.2.1/../../../../arm-none-eabi/lib/thumb/v7-ar\libc.a(lib_a-reallocr.o)
 .text._realloc_r
                0x80006540      0x35c c:/ti/ccs930/ccs/tools/compiler/gcc-arm-none-eabi-7-2017-q4-major-win32/bin/../lib/gcc/arm-none-eabi/7.2.1/../../../../arm-none-eabi/lib/thumb/v7-ar\libc.a(lib_a-reallocr.o)
                0x80006540                _realloc_r
 .text          0x8000689c        0x0 c:/ti/ccs930/ccs/tools/compiler/gcc-arm-none-eabi-7-2017-q4-major-win32/bin/../lib/gcc/arm-none-eabi/7.2.1/../../../../arm-none-eabi/lib/thumb/v7-ar\libc.a(lib_a-reent.o)
 .text.cleanup_glue
                0x8000689c       0x28 c:/ti/ccs930/ccs/tools/compiler/gcc-arm-none-eabi-7-2017-q4-major-win32/bin/../lib/gcc/arm-none-eabi/7.2.1/../../../../arm-none-eabi/lib/thumb/v7-ar\libc.a(lib_a-reent.o)
                0x8000689c                cleanup_glue
 .text._reclaim_reent
                0x800068c4       0x88 c:/ti/ccs930/ccs/tools/compiler/gcc-arm-none-eabi-7-2017-q4-major-win32/bin/../lib/gcc/arm-none-eabi/7.2.1/../../../../arm-none-eabi/lib/thumb/v7-ar\libc.a(lib_a-reent.o)
                0x800068c4                _reclaim_reent
 .text          0x8000694c      0x1bc c:/ti/ccs930/ccs/tools/compiler/gcc-arm-none-eabi-7-2017-q4-major-win32/bin/../lib/gcc/arm-none-eabi/7.2.1/../../../../arm-none-eabi/lib/thumb/v7-ar\libc.a(lib_a-strcmp.o)
                0x8000694c                strcmp
 .text          0x80006b08        0x0 c:/ti/ccs930/ccs/tools/compiler/gcc-arm-none-eabi-7-2017-q4-major-win32/bin/../lib/gcc/arm-none-eabi/7.2.1/../../../../arm-none-eabi/lib/thumb/v7-ar\libc.a(lib_a-wctomb_r.o)
 .text._wctomb_r
                0x80006b08       0x28 c:/ti/ccs930/ccs/tools/compiler/gcc-arm-none-eabi-7-2017-q4-major-win32/bin/../lib/gcc/arm-none-eabi/7.2.1/../../../../arm-none-eabi/lib/thumb/v7-ar\libc.a(lib_a-wctomb_r.o)
                0x80006b08                _wctomb_r
 .text.__ascii_wctomb
                0x80006b30       0x18 c:/ti/ccs930/ccs/tools/compiler/gcc-arm-none-eabi-7-2017-q4-major-win32/bin/../lib/gcc/arm-none-eabi/7.2.1/../../../../arm-none-eabi/lib/thumb/v7-ar\libc.a(lib_a-wctomb_r.o)
                0x80006b30                __ascii_wctomb
 .text          0x80006b48        0x0 c:/ti/ccs930/ccs/tools/compiler/gcc-arm-none-eabi-7-2017-q4-major-win32/bin/../lib/gcc/arm-none-eabi/7.2.1/../../../../arm-none-eabi/lib/thumb/v7-ar\libc.a(lib_a-ctype_.o)
 .text          0x80006b48      0x278 c:/ti/ccs930/ccs/tools/compiler/gcc-arm-none-eabi-7-2017-q4-major-win32/bin/../lib/gcc/arm-none-eabi/7.2.1/thumb/v7-ar\libgcc.a(_udivsi3.o)
                0x80006b48                __aeabi_uidiv
                0x80006b48                __udivsi3
                0x80006da4                __aeabi_uidivmod
 .text          0x80006dc0        0x4 c:/ti/ccs930/ccs/tools/compiler/gcc-arm-none-eabi-7-2017-q4-major-win32/bin/../lib/gcc/arm-none-eabi/7.2.1/thumb/v7-ar\libgcc.a(_dvmd_tls.o)
                0x80006dc0                __aeabi_idiv0
                0x80006dc0                __aeabi_ldiv0
 .text          0x80006dc4      0x378 c:/ti/ccs930/ccs/tools/compiler/gcc-arm-none-eabi-7-2017-q4-major-win32/bin/../lib/gcc/arm-none-eabi/7.2.1/thumb/v7-ar\libgcc.a(_arm_addsubdf3.o)
                0x80006dc4                __aeabi_drsub
                0x80006dcc                __aeabi_dsub
                0x80006dcc                __subdf3
                0x80006dd0                __aeabi_dadd
                0x80006dd0                __adddf3
                0x80007048                __floatunsidf
                0x80007048                __aeabi_ui2d
                0x80007068                __floatsidf
                0x80007068                __aeabi_i2d
                0x8000708c                __aeabi_f2d
                0x8000708c                __extendsfdf2
                0x800070d0                __floatundidf
                0x800070d0                __aeabi_ul2d
                0x800070e0                __floatdidf
                0x800070e0                __aeabi_l2d
 .text          0x8000713c      0x424 c:/ti/ccs930/ccs/tools/compiler/gcc-arm-none-eabi-7-2017-q4-major-win32/bin/../lib/gcc/arm-none-eabi/7.2.1/thumb/v7-ar\libgcc.a(_arm_muldivdf3.o)
                0x8000713c                __aeabi_dmul
                0x8000713c                __muldf3
                0x80007390                __divdf3
                0x80007390                __aeabi_ddiv
 .text          0x80007560      0x110 c:/ti/ccs930/ccs/tools/compiler/gcc-arm-none-eabi-7-2017-q4-major-win32/bin/../lib/gcc/arm-none-eabi/7.2.1/thumb/v7-ar\libgcc.a(_arm_cmpdf2.o)
                0x80007560                __gtdf2
                0x80007560                __gedf2
                0x80007568                __ltdf2
                0x80007568                __ledf2
                0x80007570                __nedf2
                0x80007570                __eqdf2
                0x80007570                __cmpdf2
                0x800075ec                __aeabi_cdrcmple
                0x800075fc                __aeabi_cdcmpeq
                0x800075fc                __aeabi_cdcmple
                0x8000760c                __aeabi_dcmpeq
                0x80007620                __aeabi_dcmplt
                0x80007634                __aeabi_dcmple
                0x80007648                __aeabi_dcmpge
                0x8000765c                __aeabi_dcmpgt
 .text          0x80007670       0x2c c:/ti/ccs930/ccs/tools/compiler/gcc-arm-none-eabi-7-2017-q4-major-win32/bin/../lib/gcc/arm-none-eabi/7.2.1/thumb/v7-ar\libgcc.a(_arm_unorddf2.o)
                0x80007670                __unorddf2
                0x80007670                __aeabi_dcmpun
 .text          0x8000769c       0x50 c:/ti/ccs930/ccs/tools/compiler/gcc-arm-none-eabi-7-2017-q4-major-win32/bin/../lib/gcc/arm-none-eabi/7.2.1/thumb/v7-ar\libgcc.a(_arm_fixdfsi.o)
                0x8000769c                __aeabi_d2iz
                0x8000769c                __fixdfsi
 .text          0x800076ec       0x30 c:/ti/ccs930/ccs/tools/compiler/gcc-arm-none-eabi-7-2017-q4-major-win32/bin/../lib/gcc/arm-none-eabi/7.2.1/thumb/v7-ar\libgcc.a(_aeabi_uldivmod.o)
                0x800076ec                __aeabi_uldivmod
 .text          0x8000771c      0x144 c:/ti/ccs930/ccs/tools/compiler/gcc-arm-none-eabi-7-2017-q4-major-win32/bin/../lib/gcc/arm-none-eabi/7.2.1/thumb/v7-ar\libgcc.a(_udivmoddi4.o)
                0x8000771c                __udivmoddi4
 .text          0x80007860        0x0 c:/ti/ccs930/ccs/tools/compiler/gcc-arm-none-eabi-7-2017-q4-major-win32/bin/../lib/gcc/arm-none-eabi/7.2.1/../../../../arm-none-eabi/lib/thumb/v7-ar\librdimon.a(rdimon-syscalls.o)
 .text.findslot
                0x80007860       0x38 c:/ti/ccs930/ccs/tools/compiler/gcc-arm-none-eabi-7-2017-q4-major-win32/bin/../lib/gcc/arm-none-eabi/7.2.1/../../../../arm-none-eabi/lib/thumb/v7-ar\librdimon.a(rdimon-syscalls.o)
 .text.checkerror.part.0
                0x80007898       0x1c c:/ti/ccs930/ccs/tools/compiler/gcc-arm-none-eabi-7-2017-q4-major-win32/bin/../lib/gcc/arm-none-eabi/7.2.1/../../../../arm-none-eabi/lib/thumb/v7-ar\librdimon.a(rdimon-syscalls.o)
 .text._swiread
                0x800078b4       0x2c c:/ti/ccs930/ccs/tools/compiler/gcc-arm-none-eabi-7-2017-q4-major-win32/bin/../lib/gcc/arm-none-eabi/7.2.1/../../../../arm-none-eabi/lib/thumb/v7-ar\librdimon.a(rdimon-syscalls.o)
                0x800078b4                _swiread
 .text._read    0x800078e0       0x54 c:/ti/ccs930/ccs/tools/compiler/gcc-arm-none-eabi-7-2017-q4-major-win32/bin/../lib/gcc/arm-none-eabi/7.2.1/../../../../arm-none-eabi/lib/thumb/v7-ar\librdimon.a(rdimon-syscalls.o)
                0x800078e0                _read
 .text._swilseek
                0x80007934       0xa8 c:/ti/ccs930/ccs/tools/compiler/gcc-arm-none-eabi-7-2017-q4-major-win32/bin/../lib/gcc/arm-none-eabi/7.2.1/../../../../arm-none-eabi/lib/thumb/v7-ar\librdimon.a(rdimon-syscalls.o)
                0x80007934                _swilseek
 .text._lseek   0x800079dc        0x4 c:/ti/ccs930/ccs/tools/compiler/gcc-arm-none-eabi-7-2017-q4-major-win32/bin/../lib/gcc/arm-none-eabi/7.2.1/../../../../arm-none-eabi/lib/thumb/v7-ar\librdimon.a(rdimon-syscalls.o)
                0x800079dc                _lseek
 .text._swiwrite
                0x800079e0       0x2c c:/ti/ccs930/ccs/tools/compiler/gcc-arm-none-eabi-7-2017-q4-major-win32/bin/../lib/gcc/arm-none-eabi/7.2.1/../../../../arm-none-eabi/lib/thumb/v7-ar\librdimon.a(rdimon-syscalls.o)
                0x800079e0                _swiwrite
 .text._write   0x80007a0c       0x78 c:/ti/ccs930/ccs/tools/compiler/gcc-arm-none-eabi-7-2017-q4-major-win32/bin/../lib/gcc/arm-none-eabi/7.2.1/../../../../arm-none-eabi/lib/thumb/v7-ar\librdimon.a(rdimon-syscalls.o)
                0x80007a0c                _write
 .text._swiclose
                0x80007a84       0x28 c:/ti/ccs930/ccs/tools/compiler/gcc-arm-none-eabi-7-2017-q4-major-win32/bin/../lib/gcc/arm-none-eabi/7.2.1/../../../../arm-none-eabi/lib/thumb/v7-ar\librdimon.a(rdimon-syscalls.o)
                0x80007a84                _swiclose
 .text._close   0x80007aac       0x70 c:/ti/ccs930/ccs/tools/compiler/gcc-arm-none-eabi-7-2017-q4-major-win32/bin/../lib/gcc/arm-none-eabi/7.2.1/../../../../arm-none-eabi/lib/thumb/v7-ar\librdimon.a(rdimon-syscalls.o)
                0x80007aac                _close
 .text._getpid  0x80007b1c        0x4 c:/ti/ccs930/ccs/tools/compiler/gcc-arm-none-eabi-7-2017-q4-major-win32/bin/../lib/gcc/arm-none-eabi/7.2.1/../../../../arm-none-eabi/lib/thumb/v7-ar\librdimon.a(rdimon-syscalls.o)
                0x80007b1c                _getpid
 .text._sbrk    0x80007b20       0x54 c:/ti/ccs930/ccs/tools/compiler/gcc-arm-none-eabi-7-2017-q4-major-win32/bin/../lib/gcc/arm-none-eabi/7.2.1/../../../../arm-none-eabi/lib/thumb/v7-ar\librdimon.a(rdimon-syscalls.o)
                0x80007b20                _sbrk
 .text._swistat
                0x80007b74       0x4c c:/ti/ccs930/ccs/tools/compiler/gcc-arm-none-eabi-7-2017-q4-major-win32/bin/../lib/gcc/arm-none-eabi/7.2.1/../../../../arm-none-eabi/lib/thumb/v7-ar\librdimon.a(rdimon-syscalls.o)
                0x80007b74                _swistat
 .text._fstat   0x80007bc0       0x1c c:/ti/ccs930/ccs/tools/compiler/gcc-arm-none-eabi-7-2017-q4-major-win32/bin/../lib/gcc/arm-none-eabi/7.2.1/../../../../arm-none-eabi/lib/thumb/v7-ar\librdimon.a(rdimon-syscalls.o)
                0x80007bc0                _fstat
 .text._stat    0x80007bdc       0x3c c:/ti/ccs930/ccs/tools/compiler/gcc-arm-none-eabi-7-2017-q4-major-win32/bin/../lib/gcc/arm-none-eabi/7.2.1/../../../../arm-none-eabi/lib/thumb/v7-ar\librdimon.a(rdimon-syscalls.o)
                0x80007bdc                _stat
 .text._swiopen
                0x80007c18       0xd8 c:/ti/ccs930/ccs/tools/compiler/gcc-arm-none-eabi-7-2017-q4-major-win32/bin/../lib/gcc/arm-none-eabi/7.2.1/../../../../arm-none-eabi/lib/thumb/v7-ar\librdimon.a(rdimon-syscalls.o)
                0x80007c18                _swiopen
 .text._open    0x80007cf0       0x14 c:/ti/ccs930/ccs/tools/compiler/gcc-arm-none-eabi-7-2017-q4-major-win32/bin/../lib/gcc/arm-none-eabi/7.2.1/../../../../arm-none-eabi/lib/thumb/v7-ar\librdimon.a(rdimon-syscalls.o)
                0x80007cf0                _open
 .text._get_semihosting_exts
                0x80007d04       0xd4 c:/ti/ccs930/ccs/tools/compiler/gcc-arm-none-eabi-7-2017-q4-major-win32/bin/../lib/gcc/arm-none-eabi/7.2.1/../../../../arm-none-eabi/lib/thumb/v7-ar\librdimon.a(rdimon-syscalls.o)
                0x80007d04                _get_semihosting_exts
 .text.initialise_semihosting_exts
                0x80007dd8       0x40 c:/ti/ccs930/ccs/tools/compiler/gcc-arm-none-eabi-7-2017-q4-major-win32/bin/../lib/gcc/arm-none-eabi/7.2.1/../../../../arm-none-eabi/lib/thumb/v7-ar\librdimon.a(rdimon-syscalls.o)
 .text._has_ext_exit_extended
                0x80007e18       0x1c c:/ti/ccs930/ccs/tools/compiler/gcc-arm-none-eabi-7-2017-q4-major-win32/bin/../lib/gcc/arm-none-eabi/7.2.1/../../../../arm-none-eabi/lib/thumb/v7-ar\librdimon.a(rdimon-syscalls.o)
                0x80007e18                _has_ext_exit_extended
 .text._has_ext_stdout_stderr
                0x80007e34       0x1c c:/ti/ccs930/ccs/tools/compiler/gcc-arm-none-eabi-7-2017-q4-major-win32/bin/../lib/gcc/arm-none-eabi/7.2.1/../../../../arm-none-eabi/lib/thumb/v7-ar\librdimon.a(rdimon-syscalls.o)
                0x80007e34                _has_ext_stdout_stderr
 .text.initialise_monitor_handles
                0x80007e50      0x118 c:/ti/ccs930/ccs/tools/compiler/gcc-arm-none-eabi-7-2017-q4-major-win32/bin/../lib/gcc/arm-none-eabi/7.2.1/../../../../arm-none-eabi/lib/thumb/v7-ar\librdimon.a(rdimon-syscalls.o)
                0x80007e50                initialise_monitor_handles
 .text._link    0x80007f68       0x10 c:/ti/ccs930/ccs/tools/compiler/gcc-arm-none-eabi-7-2017-q4-major-win32/bin/../lib/gcc/arm-none-eabi/7.2.1/../../../../arm-none-eabi/lib/thumb/v7-ar\librdimon.a(rdimon-syscalls.o)
                0x80007f68                _link
 .text._unlink  0x80007f78       0x3c c:/ti/ccs930/ccs/tools/compiler/gcc-arm-none-eabi-7-2017-q4-major-win32/bin/../lib/gcc/arm-none-eabi/7.2.1/../../../../arm-none-eabi/lib/thumb/v7-ar\librdimon.a(rdimon-syscalls.o)
                0x80007f78                _unlink
 .text._gettimeofday
                0x80007fb4       0x2c c:/ti/ccs930/ccs/tools/compiler/gcc-arm-none-eabi-7-2017-q4-major-win32/bin/../lib/gcc/arm-none-eabi/7.2.1/../../../../arm-none-eabi/lib/thumb/v7-ar\librdimon.a(rdimon-syscalls.o)
                0x80007fb4                _gettimeofday
 .text._clock   0x80007fe0       0x14 c:/ti/ccs930/ccs/tools/compiler/gcc-arm-none-eabi-7-2017-q4-major-win32/bin/../lib/gcc/arm-none-eabi/7.2.1/../../../../arm-none-eabi/lib/thumb/v7-ar\librdimon.a(rdimon-syscalls.o)
                0x80007fe0                _clock
 .text._times   0x80007ff4       0x20 c:/ti/ccs930/ccs/tools/compiler/gcc-arm-none-eabi-7-2017-q4-major-win32/bin/../lib/gcc/arm-none-eabi/7.2.1/../../../../arm-none-eabi/lib/thumb/v7-ar\librdimon.a(rdimon-syscalls.o)
                0x80007ff4                _times
 .text._isatty  0x80008014       0x3c c:/ti/ccs930/ccs/tools/compiler/gcc-arm-none-eabi-7-2017-q4-major-win32/bin/../lib/gcc/arm-none-eabi/7.2.1/../../../../arm-none-eabi/lib/thumb/v7-ar\librdimon.a(rdimon-syscalls.o)
                0x80008014                _isatty
 .text._system  0x80008050       0x44 c:/ti/ccs930/ccs/tools/compiler/gcc-arm-none-eabi-7-2017-q4-major-win32/bin/../lib/gcc/arm-none-eabi/7.2.1/../../../../arm-none-eabi/lib/thumb/v7-ar\librdimon.a(rdimon-syscalls.o)
                0x80008050                _system
 .text._rename  0x80008094       0x3c c:/ti/ccs930/ccs/tools/compiler/gcc-arm-none-eabi-7-2017-q4-major-win32/bin/../lib/gcc/arm-none-eabi/7.2.1/../../../../arm-none-eabi/lib/thumb/v7-ar\librdimon.a(rdimon-syscalls.o)
                0x80008094                _rename
 .text          0x800080d0        0x0 c:/ti/ccs930/ccs/tools/compiler/gcc-arm-none-eabi-7-2017-q4-major-win32/bin/../lib/gcc/arm-none-eabi/7.2.1/../../../../arm-none-eabi/lib/thumb/v7-ar\librdimon.a(rdimon-_exit.o)
 .text._exit    0x800080d0        0x8 c:/ti/ccs930/ccs/tools/compiler/gcc-arm-none-eabi-7-2017-q4-major-win32/bin/../lib/gcc/arm-none-eabi/7.2.1/../../../../arm-none-eabi/lib/thumb/v7-ar\librdimon.a(rdimon-_exit.o)
                0x800080d0                _exit
 .text          0x800080d8        0x0 c:/ti/ccs930/ccs/tools/compiler/gcc-arm-none-eabi-7-2017-q4-major-win32/bin/../lib/gcc/arm-none-eabi/7.2.1/../../../../arm-none-eabi/lib/thumb/v7-ar\librdimon.a(rdimon-_kill.o)
 .text._kill    0x800080d8       0x34 c:/ti/ccs930/ccs/tools/compiler/gcc-arm-none-eabi-7-2017-q4-major-win32/bin/../lib/gcc/arm-none-eabi/7.2.1/../../../../arm-none-eabi/lib/thumb/v7-ar\librdimon.a(rdimon-_kill.o)
                0x800080d8                _kill
 .text          0x8000810c        0x0 c:/ti/ccs930/ccs/tools/compiler/gcc-arm-none-eabi-7-2017-q4-major-win32/bin/../lib/gcc/arm-none-eabi/7.2.1/../../../../arm-none-eabi/lib/thumb/v7-ar\libc.a(lib_a-errno.o)
 .text.__errno  0x8000810c        0xc c:/ti/ccs930/ccs/tools/compiler/gcc-arm-none-eabi-7-2017-q4-major-win32/bin/../lib/gcc/arm-none-eabi/7.2.1/../../../../arm-none-eabi/lib/thumb/v7-ar\libc.a(lib_a-errno.o)
                0x8000810c                __errno
 .text          0x80008118        0x0 c:/ti/ccs930/ccs/tools/compiler/gcc-arm-none-eabi-7-2017-q4-major-win32/bin/../lib/gcc/arm-none-eabi/7.2.1/../../../../arm-none-eabi/lib/thumb/v7-ar\libc.a(lib_a-findfp.o)
 .text.std      0x80008118       0x58 c:/ti/ccs930/ccs/tools/compiler/gcc-arm-none-eabi-7-2017-q4-major-win32/bin/../lib/gcc/arm-none-eabi/7.2.1/../../../../arm-none-eabi/lib/thumb/v7-ar\libc.a(lib_a-findfp.o)
 .text._cleanup_r
                0x80008170        0xc c:/ti/ccs930/ccs/tools/compiler/gcc-arm-none-eabi-7-2017-q4-major-win32/bin/../lib/gcc/arm-none-eabi/7.2.1/../../../../arm-none-eabi/lib/thumb/v7-ar\libc.a(lib_a-findfp.o)
                0x80008170                _cleanup_r
 .text.__fp_lock
                0x8000817c       0x1c c:/ti/ccs930/ccs/tools/compiler/gcc-arm-none-eabi-7-2017-q4-major-win32/bin/../lib/gcc/arm-none-eabi/7.2.1/../../../../arm-none-eabi/lib/thumb/v7-ar\libc.a(lib_a-findfp.o)
 .text.__fp_unlock
                0x80008198       0x1c c:/ti/ccs930/ccs/tools/compiler/gcc-arm-none-eabi-7-2017-q4-major-win32/bin/../lib/gcc/arm-none-eabi/7.2.1/../../../../arm-none-eabi/lib/thumb/v7-ar\libc.a(lib_a-findfp.o)
 .text.__sfmoreglue
                0x800081b4       0x30 c:/ti/ccs930/ccs/tools/compiler/gcc-arm-none-eabi-7-2017-q4-major-win32/bin/../lib/gcc/arm-none-eabi/7.2.1/../../../../arm-none-eabi/lib/thumb/v7-ar\libc.a(lib_a-findfp.o)
                0x800081b4                __sfmoreglue
 .text._cleanup
                0x800081e4       0x18 c:/ti/ccs930/ccs/tools/compiler/gcc-arm-none-eabi-7-2017-q4-major-win32/bin/../lib/gcc/arm-none-eabi/7.2.1/../../../../arm-none-eabi/lib/thumb/v7-ar\libc.a(lib_a-findfp.o)
                0x800081e4                _cleanup
 .text.__sinit  0x800081fc       0x70 c:/ti/ccs930/ccs/tools/compiler/gcc-arm-none-eabi-7-2017-q4-major-win32/bin/../lib/gcc/arm-none-eabi/7.2.1/../../../../arm-none-eabi/lib/thumb/v7-ar\libc.a(lib_a-findfp.o)
                0x800081fc                __sinit
 .text.__sfp    0x8000826c       0xb4 c:/ti/ccs930/ccs/tools/compiler/gcc-arm-none-eabi-7-2017-q4-major-win32/bin/../lib/gcc/arm-none-eabi/7.2.1/../../../../arm-none-eabi/lib/thumb/v7-ar\libc.a(lib_a-findfp.o)
                0x8000826c                __sfp
 .text.__sfp_lock_acquire
                0x80008320        0xc c:/ti/ccs930/ccs/tools/compiler/gcc-arm-none-eabi-7-2017-q4-major-win32/bin/../lib/gcc/arm-none-eabi/7.2.1/../../../../arm-none-eabi/lib/thumb/v7-ar\libc.a(lib_a-findfp.o)
                0x80008320                __sfp_lock_acquire
 .text.__sfp_lock_release
                0x8000832c        0xc c:/ti/ccs930/ccs/tools/compiler/gcc-arm-none-eabi-7-2017-q4-major-win32/bin/../lib/gcc/arm-none-eabi/7.2.1/../../../../arm-none-eabi/lib/thumb/v7-ar\libc.a(lib_a-findfp.o)
                0x8000832c                __sfp_lock_release
 .text.__sinit_lock_acquire
                0x80008338        0xc c:/ti/ccs930/ccs/tools/compiler/gcc-arm-none-eabi-7-2017-q4-major-win32/bin/../lib/gcc/arm-none-eabi/7.2.1/../../../../arm-none-eabi/lib/thumb/v7-ar\libc.a(lib_a-findfp.o)
                0x80008338                __sinit_lock_acquire
 .text.__sinit_lock_release
                0x80008344        0xc c:/ti/ccs930/ccs/tools/compiler/gcc-arm-none-eabi-7-2017-q4-major-win32/bin/../lib/gcc/arm-none-eabi/7.2.1/../../../../arm-none-eabi/lib/thumb/v7-ar\libc.a(lib_a-findfp.o)
                0x80008344                __sinit_lock_release
 .text.__fp_lock_all
                0x80008350       0x28 c:/ti/ccs930/ccs/tools/compiler/gcc-arm-none-eabi-7-2017-q4-major-win32/bin/../lib/gcc/arm-none-eabi/7.2.1/../../../../arm-none-eabi/lib/thumb/v7-ar\libc.a(lib_a-findfp.o)
                0x80008350                __fp_lock_all
 .text.__fp_unlock_all
                0x80008378       0x28 c:/ti/ccs930/ccs/tools/compiler/gcc-arm-none-eabi-7-2017-q4-major-win32/bin/../lib/gcc/arm-none-eabi/7.2.1/../../../../arm-none-eabi/lib/thumb/v7-ar\libc.a(lib_a-findfp.o)
                0x80008378                __fp_unlock_all
 .text          0x800083a0        0x0 c:/ti/ccs930/ccs/tools/compiler/gcc-arm-none-eabi-7-2017-q4-major-win32/bin/../lib/gcc/arm-none-eabi/7.2.1/../../../../arm-none-eabi/lib/thumb/v7-ar\libc.a(lib_a-fwalk.o)
 .text._fwalk   0x800083a0       0x44 c:/ti/ccs930/ccs/tools/compiler/gcc-arm-none-eabi-7-2017-q4-major-win32/bin/../lib/gcc/arm-none-eabi/7.2.1/../../../../arm-none-eabi/lib/thumb/v7-ar\libc.a(lib_a-fwalk.o)
                0x800083a0                _fwalk
 .text._fwalk_reent
                0x800083e4       0x4c c:/ti/ccs930/ccs/tools/compiler/gcc-arm-none-eabi-7-2017-q4-major-win32/bin/../lib/gcc/arm-none-eabi/7.2.1/../../../../arm-none-eabi/lib/thumb/v7-ar\libc.a(lib_a-fwalk.o)
                0x800083e4                _fwalk_reent
 .text          0x80008430        0x0 c:/ti/ccs930/ccs/tools/compiler/gcc-arm-none-eabi-7-2017-q4-major-win32/bin/../lib/gcc/arm-none-eabi/7.2.1/../../../../arm-none-eabi/lib/thumb/v7-ar\libc.a(lib_a-stdio.o)
 .text.__sread  0x80008430       0x24 c:/ti/ccs930/ccs/tools/compiler/gcc-arm-none-eabi-7-2017-q4-major-win32/bin/../lib/gcc/arm-none-eabi/7.2.1/../../../../arm-none-eabi/lib/thumb/v7-ar\libc.a(lib_a-stdio.o)
                0x80008430                __sread
 .text.__seofread
                0x80008454        0x4 c:/ti/ccs930/ccs/tools/compiler/gcc-arm-none-eabi-7-2017-q4-major-win32/bin/../lib/gcc/arm-none-eabi/7.2.1/../../../../arm-none-eabi/lib/thumb/v7-ar\libc.a(lib_a-stdio.o)
                0x80008454                __seofread
 .text.__swrite
                0x80008458       0x3c c:/ti/ccs930/ccs/tools/compiler/gcc-arm-none-eabi-7-2017-q4-major-win32/bin/../lib/gcc/arm-none-eabi/7.2.1/../../../../arm-none-eabi/lib/thumb/v7-ar\libc.a(lib_a-stdio.o)
                0x80008458                __swrite
 .text.__sseek  0x80008494       0x20 c:/ti/ccs930/ccs/tools/compiler/gcc-arm-none-eabi-7-2017-q4-major-win32/bin/../lib/gcc/arm-none-eabi/7.2.1/../../../../arm-none-eabi/lib/thumb/v7-ar\libc.a(lib_a-stdio.o)
                0x80008494                __sseek
 .text.__sclose
                0x800084b4        0x8 c:/ti/ccs930/ccs/tools/compiler/gcc-arm-none-eabi-7-2017-q4-major-win32/bin/../lib/gcc/arm-none-eabi/7.2.1/../../../../arm-none-eabi/lib/thumb/v7-ar\libc.a(lib_a-stdio.o)
                0x800084b4                __sclose
 .text          0x800084bc        0x0 c:/ti/ccs930/ccs/tools/compiler/gcc-arm-none-eabi-7-2017-q4-major-win32/bin/../lib/gcc/arm-none-eabi/7.2.1/../../../../arm-none-eabi/lib/thumb/v7-ar\libc.a(lib_a-writer.o)
 .text._write_r
                0x800084bc       0x2c c:/ti/ccs930/ccs/tools/compiler/gcc-arm-none-eabi-7-2017-q4-major-win32/bin/../lib/gcc/arm-none-eabi/7.2.1/../../../../arm-none-eabi/lib/thumb/v7-ar\libc.a(lib_a-writer.o)
                0x800084bc                _write_r
 .text          0x800084e8        0x0 c:/ti/ccs930/ccs/tools/compiler/gcc-arm-none-eabi-7-2017-q4-major-win32/bin/../lib/gcc/arm-none-eabi/7.2.1/../../../../arm-none-eabi/lib/thumb/v7-ar\libc.a(lib_a-closer.o)
 .text._close_r
                0x800084e8       0x28 c:/ti/ccs930/ccs/tools/compiler/gcc-arm-none-eabi-7-2017-q4-major-win32/bin/../lib/gcc/arm-none-eabi/7.2.1/../../../../arm-none-eabi/lib/thumb/v7-ar\libc.a(lib_a-closer.o)
                0x800084e8                _close_r
 .text          0x80008510        0x0 c:/ti/ccs930/ccs/tools/compiler/gcc-arm-none-eabi-7-2017-q4-major-win32/bin/../lib/gcc/arm-none-eabi/7.2.1/../../../../arm-none-eabi/lib/thumb/v7-ar\libc.a(lib_a-fclose.o)
 .text._fclose_r
                0x80008510       0xd0 c:/ti/ccs930/ccs/tools/compiler/gcc-arm-none-eabi-7-2017-q4-major-win32/bin/../lib/gcc/arm-none-eabi/7.2.1/../../../../arm-none-eabi/lib/thumb/v7-ar\libc.a(lib_a-fclose.o)
                0x80008510                _fclose_r
 .text.fclose   0x800085e0       0x10 c:/ti/ccs930/ccs/tools/compiler/gcc-arm-none-eabi-7-2017-q4-major-win32/bin/../lib/gcc/arm-none-eabi/7.2.1/../../../../arm-none-eabi/lib/thumb/v7-ar\libc.a(lib_a-fclose.o)
                0x800085e0                fclose
 .text          0x800085f0        0x0 c:/ti/ccs930/ccs/tools/compiler/gcc-arm-none-eabi-7-2017-q4-major-win32/bin/../lib/gcc/arm-none-eabi/7.2.1/../../../../arm-none-eabi/lib/thumb/v7-ar\libc.a(lib_a-fflush.o)
 .text.__sflush_r
                0x800085f0      0x158 c:/ti/ccs930/ccs/tools/compiler/gcc-arm-none-eabi-7-2017-q4-major-win32/bin/../lib/gcc/arm-none-eabi/7.2.1/../../../../arm-none-eabi/lib/thumb/v7-ar\libc.a(lib_a-fflush.o)
                0x800085f0                __sflush_r
 .text._fflush_r
                0x80008748       0x5c c:/ti/ccs930/ccs/tools/compiler/gcc-arm-none-eabi-7-2017-q4-major-win32/bin/../lib/gcc/arm-none-eabi/7.2.1/../../../../arm-none-eabi/lib/thumb/v7-ar\libc.a(lib_a-fflush.o)
                0x80008748                _fflush_r
 .text.fflush   0x800087a4       0x28 c:/ti/ccs930/ccs/tools/compiler/gcc-arm-none-eabi-7-2017-q4-major-win32/bin/../lib/gcc/arm-none-eabi/7.2.1/../../../../arm-none-eabi/lib/thumb/v7-ar\libc.a(lib_a-fflush.o)
                0x800087a4                fflush
 .text          0x800087cc        0x0 c:/ti/ccs930/ccs/tools/compiler/gcc-arm-none-eabi-7-2017-q4-major-win32/bin/../lib/gcc/arm-none-eabi/7.2.1/../../../../arm-none-eabi/lib/thumb/v7-ar\libc.a(lib_a-lseekr.o)
 .text._lseek_r
                0x800087cc       0x2c c:/ti/ccs930/ccs/tools/compiler/gcc-arm-none-eabi-7-2017-q4-major-win32/bin/../lib/gcc/arm-none-eabi/7.2.1/../../../../arm-none-eabi/lib/thumb/v7-ar\libc.a(lib_a-lseekr.o)
                0x800087cc                _lseek_r
 .text          0x800087f8        0x0 c:/ti/ccs930/ccs/tools/compiler/gcc-arm-none-eabi-7-2017-q4-major-win32/bin/../lib/gcc/arm-none-eabi/7.2.1/../../../../arm-none-eabi/lib/thumb/v7-ar\libc.a(lib_a-readr.o)
 .text._read_r  0x800087f8       0x2c c:/ti/ccs930/ccs/tools/compiler/gcc-arm-none-eabi-7-2017-q4-major-win32/bin/../lib/gcc/arm-none-eabi/7.2.1/../../../../arm-none-eabi/lib/thumb/v7-ar\libc.a(lib_a-readr.o)
                0x800087f8                _read_r
 .text          0x80008824        0x0 c:/ti/ccs930/ccs/tools/compiler/gcc-arm-none-eabi-7-2017-q4-major-win32/bin/../lib/gcc/arm-none-eabi/7.2.1/thumb/v7-ar/crtend.o
 .text          0x80008824        0x0 c:/ti/ccs930/ccs/tools/compiler/gcc-arm-none-eabi-7-2017-q4-major-win32/bin/../lib/gcc/arm-none-eabi/7.2.1/thumb/v7-ar/crtn.o
 *(.init)
 .init          0x80008824        0x4 c:/ti/ccs930/ccs/tools/compiler/gcc-arm-none-eabi-7-2017-q4-major-win32/bin/../lib/gcc/arm-none-eabi/7.2.1/thumb/v7-ar/crti.o
                0x80008824                _init
 .init          0x80008828        0x8 c:/ti/ccs930/ccs/tools/compiler/gcc-arm-none-eabi-7-2017-q4-major-win32/bin/../lib/gcc/arm-none-eabi/7.2.1/thumb/v7-ar/crtn.o
 *(.fini)
 .fini          0x80008830        0x4 c:/ti/ccs930/ccs/tools/compiler/gcc-arm-none-eabi-7-2017-q4-major-win32/bin/../lib/gcc/arm-none-eabi/7.2.1/thumb/v7-ar/crti.o
                0x80008830                _fini
 .fini          0x80008834        0x8 c:/ti/ccs930/ccs/tools/compiler/gcc-arm-none-eabi-7-2017-q4-major-win32/bin/../lib/gcc/arm-none-eabi/7.2.1/thumb/v7-ar/crtn.o
 *fill*         0x8000883c        0x4 
 .fini.__stub   0x80008840        0x4 linker stubs
 *crtbegin.o(.ctors)
 *crtbegin?.o(.ctors)
 *(EXCLUDE_FILE(*crtend.o *crtend?.o) .ctors)
 *(SORT_BY_NAME(.ctors.*))
 *(.ctors)
 *crtbegin.o(.dtors)
 *crtbegin?.o(.dtors)
 *(EXCLUDE_FILE(*crtend.o *crtend?.o) .dtors)
 *(SORT_BY_NAME(.dtors.*))
 *(.dtors)
 *(.rodata*)
 .rodata        0x80008844       0x14 ./main.o
                0x80008844                DDR_BANK_3
                0x80008848                DDR_BANK_2
                0x8000884c                DDR_BANK_1
                0x80008850                DDR_BANK_0
                0x80008854                UART_BASE
 .rodata.str1.4
                0x80008858      0x451 ./main.o
 *fill*         0x80008ca9        0x3 
 .rodata._global_impure_ptr
                0x80008cac        0x4 c:/ti/ccs930/ccs/tools/compiler/gcc-arm-none-eabi-7-2017-q4-major-win32/bin/../lib/gcc/arm-none-eabi/7.2.1/../../../../arm-none-eabi/lib/thumb/v7-ar\libc.a(lib_a-impure.o)
                0x80008cac                _global_impure_ptr
 .rodata._svfprintf_r.str1.4
                0x80008cb0       0x42 c:/ti/ccs930/ccs/tools/compiler/gcc-arm-none-eabi-7-2017-q4-major-win32/bin/../lib/gcc/arm-none-eabi/7.2.1/../../../../arm-none-eabi/lib/thumb/v7-ar\libc.a(lib_a-svfprintf.o)
 *fill*         0x80008cf2        0x2 
 .rodata.blanks.7276
                0x80008cf4       0x10 c:/ti/ccs930/ccs/tools/compiler/gcc-arm-none-eabi-7-2017-q4-major-win32/bin/../lib/gcc/arm-none-eabi/7.2.1/../../../../arm-none-eabi/lib/thumb/v7-ar\libc.a(lib_a-svfprintf.o)
 .rodata.zeroes.7277
                0x80008d04       0x10 c:/ti/ccs930/ccs/tools/compiler/gcc-arm-none-eabi-7-2017-q4-major-win32/bin/../lib/gcc/arm-none-eabi/7.2.1/../../../../arm-none-eabi/lib/thumb/v7-ar\libc.a(lib_a-svfprintf.o)
 .rodata._dtoa_r.str1.4
                0x80008d14       0x10 c:/ti/ccs930/ccs/tools/compiler/gcc-arm-none-eabi-7-2017-q4-major-win32/bin/../lib/gcc/arm-none-eabi/7.2.1/../../../../arm-none-eabi/lib/thumb/v7-ar\libc.a(lib_a-dtoa.o)
                                 0x12 (size before relaxing)
 *fill*         0x80008d24        0x4 
 .rodata.__mprec_bigtens
                0x80008d28       0x28 c:/ti/ccs930/ccs/tools/compiler/gcc-arm-none-eabi-7-2017-q4-major-win32/bin/../lib/gcc/arm-none-eabi/7.2.1/../../../../arm-none-eabi/lib/thumb/v7-ar\libc.a(lib_a-mprec.o)
                0x80008d28                __mprec_bigtens
 .rodata.__mprec_tens
                0x80008d50       0xc8 c:/ti/ccs930/ccs/tools/compiler/gcc-arm-none-eabi-7-2017-q4-major-win32/bin/../lib/gcc/arm-none-eabi/7.2.1/../../../../arm-none-eabi/lib/thumb/v7-ar\libc.a(lib_a-mprec.o)
                0x80008d50                __mprec_tens
 .rodata.__mprec_tinytens
                0x80008e18       0x28 c:/ti/ccs930/ccs/tools/compiler/gcc-arm-none-eabi-7-2017-q4-major-win32/bin/../lib/gcc/arm-none-eabi/7.2.1/../../../../arm-none-eabi/lib/thumb/v7-ar\libc.a(lib_a-mprec.o)
                0x80008e18                __mprec_tinytens
 .rodata.p05.6092
                0x80008e40        0xc c:/ti/ccs930/ccs/tools/compiler/gcc-arm-none-eabi-7-2017-q4-major-win32/bin/../lib/gcc/arm-none-eabi/7.2.1/../../../../arm-none-eabi/lib/thumb/v7-ar\libc.a(lib_a-mprec.o)
 .rodata._svfiprintf_r.str1.4
                0x80008e4c       0x2f c:/ti/ccs930/ccs/tools/compiler/gcc-arm-none-eabi-7-2017-q4-major-win32/bin/../lib/gcc/arm-none-eabi/7.2.1/../../../../arm-none-eabi/lib/thumb/v7-ar\libc.a(lib_a-svfiprintf.o)
 .rodata.blanks.7256
                0x80008e4c       0x10 c:/ti/ccs930/ccs/tools/compiler/gcc-arm-none-eabi-7-2017-q4-major-win32/bin/../lib/gcc/arm-none-eabi/7.2.1/../../../../arm-none-eabi/lib/thumb/v7-ar\libc.a(lib_a-svfiprintf.o)
 .rodata.zeroes.7257
                0x80008e5c       0x10 c:/ti/ccs930/ccs/tools/compiler/gcc-arm-none-eabi-7-2017-q4-major-win32/bin/../lib/gcc/arm-none-eabi/7.2.1/../../../../arm-none-eabi/lib/thumb/v7-ar\libc.a(lib_a-svfiprintf.o)
 .rodata._setlocale_r.str1.4
                0x80008e6c        0xa c:/ti/ccs930/ccs/tools/compiler/gcc-arm-none-eabi-7-2017-q4-major-win32/bin/../lib/gcc/arm-none-eabi/7.2.1/../../../../arm-none-eabi/lib/thumb/v7-ar\libc.a(lib_a-locale.o)
                                  0xd (size before relaxing)
 *fill*         0x80008e76        0x2 
 .rodata.str1.4
                0x80008e78        0x2 c:/ti/ccs930/ccs/tools/compiler/gcc-arm-none-eabi-7-2017-q4-major-win32/bin/../lib/gcc/arm-none-eabi/7.2.1/../../../../arm-none-eabi/lib/thumb/v7-ar\libc.a(lib_a-locale.o)
 *fill*         0x80008e7a        0x2 
 .rodata._ctype_
                0x80008e7c      0x101 c:/ti/ccs930/ccs/tools/compiler/gcc-arm-none-eabi-7-2017-q4-major-win32/bin/../lib/gcc/arm-none-eabi/7.2.1/../../../../arm-none-eabi/lib/thumb/v7-ar\libc.a(lib_a-ctype_.o)
                0x80008e7c                _ctype_
 *fill*         0x80008f7d        0x3 
 .rodata._get_semihosting_exts.str1.4
                0x80008f80       0x16 c:/ti/ccs930/ccs/tools/compiler/gcc-arm-none-eabi-7-2017-q4-major-win32/bin/../lib/gcc/arm-none-eabi/7.2.1/../../../../arm-none-eabi/lib/thumb/v7-ar\librdimon.a(rdimon-syscalls.o)
 *fill*         0x80008f96        0x2 
 .rodata.initialise_monitor_handles.str1.4
                0x80008f98        0x4 c:/ti/ccs930/ccs/tools/compiler/gcc-arm-none-eabi-7-2017-q4-major-win32/bin/../lib/gcc/arm-none-eabi/7.2.1/../../../../arm-none-eabi/lib/thumb/v7-ar\librdimon.a(rdimon-syscalls.o)
 *(.eh_frame*)
 .eh_frame      0x80008f9c        0x0 c:/ti/ccs930/ccs/tools/compiler/gcc-arm-none-eabi-7-2017-q4-major-win32/bin/../lib/gcc/arm-none-eabi/7.2.1/thumb/v7-ar/crtbegin.o
 .eh_frame      0x80008f9c        0x4 c:/ti/ccs930/ccs/tools/compiler/gcc-arm-none-eabi-7-2017-q4-major-win32/bin/../lib/gcc/arm-none-eabi/7.2.1/thumb/v7-ar/crtend.o

.glue_7         0x80008fa0        0x0
 .glue_7        0x80008fa0        0x0 linker stubs

.glue_7t        0x80008fa0        0x0
 .glue_7t       0x80008fa0        0x0 linker stubs

.vfp11_veneer   0x80008fa0        0x0
 .vfp11_veneer  0x80008fa0        0x0 linker stubs

.v4_bx          0x80008fa0        0x0
 .v4_bx         0x80008fa0        0x0 linker stubs

.iplt           0x80008fa0        0x0
 .iplt          0x80008fa0        0x0 c:/ti/ccs930/ccs/tools/compiler/gcc-arm-none-eabi-7-2017-q4-major-win32/bin/../lib/gcc/arm-none-eabi/7.2.1/thumb/v7-ar/crtbegin.o

.ARM.extab      0x80008fa0        0x0
 *(.ARM.extab* .gnu.linkonce.armextab.*)
 .ARM.extab     0x80008fa0        0x0 c:/ti/ccs930/ccs/tools/compiler/gcc-arm-none-eabi-7-2017-q4-major-win32/bin/../lib/gcc/arm-none-eabi/7.2.1/../../../../arm-none-eabi/lib/thumb/v7-ar/rdimon-crt0.o
 .ARM.extab     0x80008fa0        0x0 c:/ti/ccs930/ccs/tools/compiler/gcc-arm-none-eabi-7-2017-q4-major-win32/bin/../lib/gcc/arm-none-eabi/7.2.1/thumb/v7-ar\libgcc.a(_udivmoddi4.o)
                0x80008fa0                __exidx_start = .

.ARM.exidx      0x80008fa0        0x8
 *(.ARM.exidx* .gnu.linkonce.armexidx.*)
 .ARM.exidx     0x80008fa0        0x8 c:/ti/ccs930/ccs/tools/compiler/gcc-arm-none-eabi-7-2017-q4-major-win32/bin/../lib/gcc/arm-none-eabi/7.2.1/../../../../arm-none-eabi/lib/thumb/v7-ar/rdimon-crt0.o
 .ARM.exidx     0x80008fa8        0x0 c:/ti/ccs930/ccs/tools/compiler/gcc-arm-none-eabi-7-2017-q4-major-win32/bin/../lib/gcc/arm-none-eabi/7.2.1/thumb/v7-ar\libgcc.a(_udivmoddi4.o)
                                  0x8 (size before relaxing)
                0x80008fa8                __exidx_end = .

.rel.dyn        0x80008fa8        0x0
 .rel.iplt      0x80008fa8        0x0 c:/ti/ccs930/ccs/tools/compiler/gcc-arm-none-eabi-7-2017-q4-major-win32/bin/../lib/gcc/arm-none-eabi/7.2.1/thumb/v7-ar/crtbegin.o

.data           0x80008fa8      0xae0
                0x80008fa8                . = ALIGN (0x4)
                0x80008fa8                __data_start__ = .
 *(vtable)
 *(.data*)
 .data          0x80008fa8        0x0 c:/ti/ccs930/ccs/tools/compiler/gcc-arm-none-eabi-7-2017-q4-major-win32/bin/../lib/gcc/arm-none-eabi/7.2.1/thumb/v7-ar/crti.o
 .data          0x80008fa8        0x4 c:/ti/ccs930/ccs/tools/compiler/gcc-arm-none-eabi-7-2017-q4-major-win32/bin/../lib/gcc/arm-none-eabi/7.2.1/thumb/v7-ar/crtbegin.o
                0x80008fa8                __dso_handle
 .data          0x80008fac      0x118 c:/ti/ccs930/ccs/tools/compiler/gcc-arm-none-eabi-7-2017-q4-major-win32/bin/../lib/gcc/arm-none-eabi/7.2.1/../../../../arm-none-eabi/lib/thumb/v7-ar/rdimon-crt0.o
                0x80008fb4                __stack_base__
 .data          0x800090c4        0x0 ./main.o
 .data          0x800090c4        0x0 ./startup_ARMCA15.o
 .data          0x800090c4        0x0 c:/ti/ccs930/ccs/tools/compiler/gcc-arm-none-eabi-7-2017-q4-major-win32/bin/../lib/gcc/arm-none-eabi/7.2.1/../../../../arm-none-eabi/lib/thumb/v7-ar\libc.a(lib_a-exit.o)
 .data          0x800090c4        0x0 c:/ti/ccs930/ccs/tools/compiler/gcc-arm-none-eabi-7-2017-q4-major-win32/bin/../lib/gcc/arm-none-eabi/7.2.1/../../../../arm-none-eabi/lib/thumb/v7-ar\libc.a(lib_a-impure.o)
 .data._impure_ptr
                0x800090c4        0x4 c:/ti/ccs930/ccs/tools/compiler/gcc-arm-none-eabi-7-2017-q4-major-win32/bin/../lib/gcc/arm-none-eabi/7.2.1/../../../../arm-none-eabi/lib/thumb/v7-ar\libc.a(lib_a-impure.o)
                0x800090c4                _impure_ptr
 .data.impure_data
                0x800090c8      0x428 c:/ti/ccs930/ccs/tools/compiler/gcc-arm-none-eabi-7-2017-q4-major-win32/bin/../lib/gcc/arm-none-eabi/7.2.1/../../../../arm-none-eabi/lib/thumb/v7-ar\libc.a(lib_a-impure.o)
 .data          0x800094f0        0x0 c:/ti/ccs930/ccs/tools/compiler/gcc-arm-none-eabi-7-2017-q4-major-win32/bin/../lib/gcc/arm-none-eabi/7.2.1/../../../../arm-none-eabi/lib/thumb/v7-ar\libc.a(lib_a-init.o)
 .data          0x800094f0        0x0 c:/ti/ccs930/ccs/tools/compiler/gcc-arm-none-eabi-7-2017-q4-major-win32/bin/../lib/gcc/arm-none-eabi/7.2.1/../../../../arm-none-eabi/lib/thumb/v7-ar\libc.a(lib_a-memset.o)
 .data          0x800094f0        0x0 c:/ti/ccs930/ccs/tools/compiler/gcc-arm-none-eabi-7-2017-q4-major-win32/bin/../lib/gcc/arm-none-eabi/7.2.1/../../../../arm-none-eabi/lib/thumb/v7-ar\libc.a(lib_a-sprintf.o)
 .data          0x800094f0        0x0 c:/ti/ccs930/ccs/tools/compiler/gcc-arm-none-eabi-7-2017-q4-major-win32/bin/../lib/gcc/arm-none-eabi/7.2.1/../../../../arm-none-eabi/lib/thumb/v7-ar\libc.a(lib_a-strlen-stub.o)
 .data          0x800094f0        0x0 c:/ti/ccs930/ccs/tools/compiler/gcc-arm-none-eabi-7-2017-q4-major-win32/bin/../lib/gcc/arm-none-eabi/7.2.1/../../../../arm-none-eabi/lib/thumb/v7-ar\libc.a(lib_a-svfprintf.o)
 .data          0x800094f0        0x0 c:/ti/ccs930/ccs/tools/compiler/gcc-arm-none-eabi-7-2017-q4-major-win32/bin/../lib/gcc/arm-none-eabi/7.2.1/../../../../arm-none-eabi/lib/thumb/v7-ar\libc.a(lib_a-__call_atexit.o)
 .data.__atexit_recursive_mutex
                0x800094f0        0x4 c:/ti/ccs930/ccs/tools/compiler/gcc-arm-none-eabi-7-2017-q4-major-win32/bin/../lib/gcc/arm-none-eabi/7.2.1/../../../../arm-none-eabi/lib/thumb/v7-ar\libc.a(lib_a-__call_atexit.o)
                0x800094f0                __atexit_recursive_mutex
 .data          0x800094f4        0x0 c:/ti/ccs930/ccs/tools/compiler/gcc-arm-none-eabi-7-2017-q4-major-win32/bin/../lib/gcc/arm-none-eabi/7.2.1/../../../../arm-none-eabi/lib/thumb/v7-ar\libc.a(lib_a-atexit.o)
 .data          0x800094f4        0x0 c:/ti/ccs930/ccs/tools/compiler/gcc-arm-none-eabi-7-2017-q4-major-win32/bin/../lib/gcc/arm-none-eabi/7.2.1/../../../../arm-none-eabi/lib/thumb/v7-ar\libc.a(lib_a-dtoa.o)
 .data          0x800094f4        0x0 c:/ti/ccs930/ccs/tools/compiler/gcc-arm-none-eabi-7-2017-q4-major-win32/bin/../lib/gcc/arm-none-eabi/7.2.1/../../../../arm-none-eabi/lib/thumb/v7-ar\libc.a(lib_a-fini.o)
 .data          0x800094f4        0x0 c:/ti/ccs930/ccs/tools/compiler/gcc-arm-none-eabi-7-2017-q4-major-win32/bin/../lib/gcc/arm-none-eabi/7.2.1/../../../../arm-none-eabi/lib/thumb/v7-ar\libc.a(lib_a-localeconv.o)
 .data          0x800094f4        0x0 c:/ti/ccs930/ccs/tools/compiler/gcc-arm-none-eabi-7-2017-q4-major-win32/bin/../lib/gcc/arm-none-eabi/7.2.1/../../../../arm-none-eabi/lib/thumb/v7-ar\libc.a(lib_a-lock.o)
 .data          0x800094f4        0x0 c:/ti/ccs930/ccs/tools/compiler/gcc-arm-none-eabi-7-2017-q4-major-win32/bin/../lib/gcc/arm-none-eabi/7.2.1/../../../../arm-none-eabi/lib/thumb/v7-ar\libc.a(lib_a-mallocr.o)
 .data.__malloc_av_
                0x800094f4      0x408 c:/ti/ccs930/ccs/tools/compiler/gcc-arm-none-eabi-7-2017-q4-major-win32/bin/../lib/gcc/arm-none-eabi/7.2.1/../../../../arm-none-eabi/lib/thumb/v7-ar\libc.a(lib_a-mallocr.o)
                0x800094f4                __malloc_av_
 .data.__malloc_sbrk_base
                0x800098fc        0x4 c:/ti/ccs930/ccs/tools/compiler/gcc-arm-none-eabi-7-2017-q4-major-win32/bin/../lib/gcc/arm-none-eabi/7.2.1/../../../../arm-none-eabi/lib/thumb/v7-ar\libc.a(lib_a-mallocr.o)
                0x800098fc                __malloc_sbrk_base
 .data.__malloc_trim_threshold
                0x80009900        0x4 c:/ti/ccs930/ccs/tools/compiler/gcc-arm-none-eabi-7-2017-q4-major-win32/bin/../lib/gcc/arm-none-eabi/7.2.1/../../../../arm-none-eabi/lib/thumb/v7-ar\libc.a(lib_a-mallocr.o)
                0x80009900                __malloc_trim_threshold
 .data          0x80009904        0x0 c:/ti/ccs930/ccs/tools/compiler/gcc-arm-none-eabi-7-2017-q4-major-win32/bin/../lib/gcc/arm-none-eabi/7.2.1/../../../../arm-none-eabi/lib/thumb/v7-ar\libc.a(lib_a-memchr-stub.o)
 .data          0x80009904        0x0 c:/ti/ccs930/ccs/tools/compiler/gcc-arm-none-eabi-7-2017-q4-major-win32/bin/../lib/gcc/arm-none-eabi/7.2.1/../../../../arm-none-eabi/lib/thumb/v7-ar\libc.a(lib_a-memcpy.o)
 .data          0x80009904        0x0 c:/ti/ccs930/ccs/tools/compiler/gcc-arm-none-eabi-7-2017-q4-major-win32/bin/../lib/gcc/arm-none-eabi/7.2.1/../../../../arm-none-eabi/lib/thumb/v7-ar\libc.a(lib_a-mlock.o)
 .data          0x80009904        0x0 c:/ti/ccs930/ccs/tools/compiler/gcc-arm-none-eabi-7-2017-q4-major-win32/bin/../lib/gcc/arm-none-eabi/7.2.1/../../../../arm-none-eabi/lib/thumb/v7-ar\libc.a(lib_a-mprec.o)
 .data          0x80009904        0x0 c:/ti/ccs930/ccs/tools/compiler/gcc-arm-none-eabi-7-2017-q4-major-win32/bin/../lib/gcc/arm-none-eabi/7.2.1/../../../../arm-none-eabi/lib/thumb/v7-ar\libc.a(lib_a-sbrkr.o)
 .data          0x80009904        0x0 c:/ti/ccs930/ccs/tools/compiler/gcc-arm-none-eabi-7-2017-q4-major-win32/bin/../lib/gcc/arm-none-eabi/7.2.1/../../../../arm-none-eabi/lib/thumb/v7-ar\libc.a(lib_a-svfiprintf.o)
 .data          0x80009904        0x0 c:/ti/ccs930/ccs/tools/compiler/gcc-arm-none-eabi-7-2017-q4-major-win32/bin/../lib/gcc/arm-none-eabi/7.2.1/../../../../arm-none-eabi/lib/thumb/v7-ar\libc.a(lib_a-__atexit.o)
 .data          0x80009904        0x0 c:/ti/ccs930/ccs/tools/compiler/gcc-arm-none-eabi-7-2017-q4-major-win32/bin/../lib/gcc/arm-none-eabi/7.2.1/../../../../arm-none-eabi/lib/thumb/v7-ar\libc.a(lib_a-callocr.o)
 .data          0x80009904        0x0 c:/ti/ccs930/ccs/tools/compiler/gcc-arm-none-eabi-7-2017-q4-major-win32/bin/../lib/gcc/arm-none-eabi/7.2.1/../../../../arm-none-eabi/lib/thumb/v7-ar\libc.a(lib_a-freer.o)
 .data          0x80009904        0x0 c:/ti/ccs930/ccs/tools/compiler/gcc-arm-none-eabi-7-2017-q4-major-win32/bin/../lib/gcc/arm-none-eabi/7.2.1/../../../../arm-none-eabi/lib/thumb/v7-ar\libc.a(lib_a-locale.o)
 .data.__global_locale
                0x80009904      0x16c c:/ti/ccs930/ccs/tools/compiler/gcc-arm-none-eabi-7-2017-q4-major-win32/bin/../lib/gcc/arm-none-eabi/7.2.1/../../../../arm-none-eabi/lib/thumb/v7-ar\libc.a(lib_a-locale.o)
                0x80009904                __global_locale
 .data          0x80009a70        0x0 c:/ti/ccs930/ccs/tools/compiler/gcc-arm-none-eabi-7-2017-q4-major-win32/bin/../lib/gcc/arm-none-eabi/7.2.1/../../../../arm-none-eabi/lib/thumb/v7-ar\libc.a(lib_a-mbtowc_r.o)
 .data          0x80009a70        0x0 c:/ti/ccs930/ccs/tools/compiler/gcc-arm-none-eabi-7-2017-q4-major-win32/bin/../lib/gcc/arm-none-eabi/7.2.1/../../../../arm-none-eabi/lib/thumb/v7-ar\libc.a(lib_a-memmove.o)
 .data          0x80009a70        0x0 c:/ti/ccs930/ccs/tools/compiler/gcc-arm-none-eabi-7-2017-q4-major-win32/bin/../lib/gcc/arm-none-eabi/7.2.1/../../../../arm-none-eabi/lib/thumb/v7-ar\libc.a(lib_a-reallocr.o)
 .data          0x80009a70        0x0 c:/ti/ccs930/ccs/tools/compiler/gcc-arm-none-eabi-7-2017-q4-major-win32/bin/../lib/gcc/arm-none-eabi/7.2.1/../../../../arm-none-eabi/lib/thumb/v7-ar\libc.a(lib_a-reent.o)
 .data          0x80009a70        0x0 c:/ti/ccs930/ccs/tools/compiler/gcc-arm-none-eabi-7-2017-q4-major-win32/bin/../lib/gcc/arm-none-eabi/7.2.1/../../../../arm-none-eabi/lib/thumb/v7-ar\libc.a(lib_a-strcmp.o)
 .data          0x80009a70        0x0 c:/ti/ccs930/ccs/tools/compiler/gcc-arm-none-eabi-7-2017-q4-major-win32/bin/../lib/gcc/arm-none-eabi/7.2.1/../../../../arm-none-eabi/lib/thumb/v7-ar\libc.a(lib_a-wctomb_r.o)
 .data          0x80009a70        0x0 c:/ti/ccs930/ccs/tools/compiler/gcc-arm-none-eabi-7-2017-q4-major-win32/bin/../lib/gcc/arm-none-eabi/7.2.1/../../../../arm-none-eabi/lib/thumb/v7-ar\libc.a(lib_a-ctype_.o)
 .data          0x80009a70        0x0 c:/ti/ccs930/ccs/tools/compiler/gcc-arm-none-eabi-7-2017-q4-major-win32/bin/../lib/gcc/arm-none-eabi/7.2.1/thumb/v7-ar\libgcc.a(_udivsi3.o)
 .data          0x80009a70        0x0 c:/ti/ccs930/ccs/tools/compiler/gcc-arm-none-eabi-7-2017-q4-major-win32/bin/../lib/gcc/arm-none-eabi/7.2.1/thumb/v7-ar\libgcc.a(_dvmd_tls.o)
 .data          0x80009a70        0x0 c:/ti/ccs930/ccs/tools/compiler/gcc-arm-none-eabi-7-2017-q4-major-win32/bin/../lib/gcc/arm-none-eabi/7.2.1/thumb/v7-ar\libgcc.a(_arm_addsubdf3.o)
 .data          0x80009a70        0x0 c:/ti/ccs930/ccs/tools/compiler/gcc-arm-none-eabi-7-2017-q4-major-win32/bin/../lib/gcc/arm-none-eabi/7.2.1/thumb/v7-ar\libgcc.a(_arm_muldivdf3.o)
 .data          0x80009a70        0x0 c:/ti/ccs930/ccs/tools/compiler/gcc-arm-none-eabi-7-2017-q4-major-win32/bin/../lib/gcc/arm-none-eabi/7.2.1/thumb/v7-ar\libgcc.a(_arm_cmpdf2.o)
 .data          0x80009a70        0x0 c:/ti/ccs930/ccs/tools/compiler/gcc-arm-none-eabi-7-2017-q4-major-win32/bin/../lib/gcc/arm-none-eabi/7.2.1/thumb/v7-ar\libgcc.a(_arm_unorddf2.o)
 .data          0x80009a70        0x0 c:/ti/ccs930/ccs/tools/compiler/gcc-arm-none-eabi-7-2017-q4-major-win32/bin/../lib/gcc/arm-none-eabi/7.2.1/thumb/v7-ar\libgcc.a(_arm_fixdfsi.o)
 .data          0x80009a70        0x0 c:/ti/ccs930/ccs/tools/compiler/gcc-arm-none-eabi-7-2017-q4-major-win32/bin/../lib/gcc/arm-none-eabi/7.2.1/thumb/v7-ar\libgcc.a(_aeabi_uldivmod.o)
 .data          0x80009a70        0x0 c:/ti/ccs930/ccs/tools/compiler/gcc-arm-none-eabi-7-2017-q4-major-win32/bin/../lib/gcc/arm-none-eabi/7.2.1/thumb/v7-ar\libgcc.a(_udivmoddi4.o)
 .data          0x80009a70        0x0 c:/ti/ccs930/ccs/tools/compiler/gcc-arm-none-eabi-7-2017-q4-major-win32/bin/../lib/gcc/arm-none-eabi/7.2.1/../../../../arm-none-eabi/lib/thumb/v7-ar\librdimon.a(rdimon-syscalls.o)
 .data.__heap_limit
                0x80009a70        0x4 c:/ti/ccs930/ccs/tools/compiler/gcc-arm-none-eabi-7-2017-q4-major-win32/bin/../lib/gcc/arm-none-eabi/7.2.1/../../../../arm-none-eabi/lib/thumb/v7-ar\librdimon.a(rdimon-syscalls.o)
                0x80009a70                __heap_limit
 .data.supports_ext_exit_extended
                0x80009a74        0x4 c:/ti/ccs930/ccs/tools/compiler/gcc-arm-none-eabi-7-2017-q4-major-win32/bin/../lib/gcc/arm-none-eabi/7.2.1/../../../../arm-none-eabi/lib/thumb/v7-ar\librdimon.a(rdimon-syscalls.o)
 .data.supports_ext_stdout_stderr
                0x80009a78        0x4 c:/ti/ccs930/ccs/tools/compiler/gcc-arm-none-eabi-7-2017-q4-major-win32/bin/../lib/gcc/arm-none-eabi/7.2.1/../../../../arm-none-eabi/lib/thumb/v7-ar\librdimon.a(rdimon-syscalls.o)
 .data          0x80009a7c        0x0 c:/ti/ccs930/ccs/tools/compiler/gcc-arm-none-eabi-7-2017-q4-major-win32/bin/../lib/gcc/arm-none-eabi/7.2.1/../../../../arm-none-eabi/lib/thumb/v7-ar\librdimon.a(rdimon-_exit.o)
 .data          0x80009a7c        0x0 c:/ti/ccs930/ccs/tools/compiler/gcc-arm-none-eabi-7-2017-q4-major-win32/bin/../lib/gcc/arm-none-eabi/7.2.1/../../../../arm-none-eabi/lib/thumb/v7-ar\librdimon.a(rdimon-_kill.o)
 .data          0x80009a7c        0x0 c:/ti/ccs930/ccs/tools/compiler/gcc-arm-none-eabi-7-2017-q4-major-win32/bin/../lib/gcc/arm-none-eabi/7.2.1/../../../../arm-none-eabi/lib/thumb/v7-ar\libc.a(lib_a-errno.o)
 .data          0x80009a7c        0x0 c:/ti/ccs930/ccs/tools/compiler/gcc-arm-none-eabi-7-2017-q4-major-win32/bin/../lib/gcc/arm-none-eabi/7.2.1/../../../../arm-none-eabi/lib/thumb/v7-ar\libc.a(lib_a-findfp.o)
 .data          0x80009a7c        0x0 c:/ti/ccs930/ccs/tools/compiler/gcc-arm-none-eabi-7-2017-q4-major-win32/bin/../lib/gcc/arm-none-eabi/7.2.1/../../../../arm-none-eabi/lib/thumb/v7-ar\libc.a(lib_a-fwalk.o)
 .data          0x80009a7c        0x0 c:/ti/ccs930/ccs/tools/compiler/gcc-arm-none-eabi-7-2017-q4-major-win32/bin/../lib/gcc/arm-none-eabi/7.2.1/../../../../arm-none-eabi/lib/thumb/v7-ar\libc.a(lib_a-stdio.o)
 .data          0x80009a7c        0x0 c:/ti/ccs930/ccs/tools/compiler/gcc-arm-none-eabi-7-2017-q4-major-win32/bin/../lib/gcc/arm-none-eabi/7.2.1/../../../../arm-none-eabi/lib/thumb/v7-ar\libc.a(lib_a-writer.o)
 .data          0x80009a7c        0x0 c:/ti/ccs930/ccs/tools/compiler/gcc-arm-none-eabi-7-2017-q4-major-win32/bin/../lib/gcc/arm-none-eabi/7.2.1/../../../../arm-none-eabi/lib/thumb/v7-ar\libc.a(lib_a-closer.o)
 .data          0x80009a7c        0x0 c:/ti/ccs930/ccs/tools/compiler/gcc-arm-none-eabi-7-2017-q4-major-win32/bin/../lib/gcc/arm-none-eabi/7.2.1/../../../../arm-none-eabi/lib/thumb/v7-ar\libc.a(lib_a-fclose.o)
 .data          0x80009a7c        0x0 c:/ti/ccs930/ccs/tools/compiler/gcc-arm-none-eabi-7-2017-q4-major-win32/bin/../lib/gcc/arm-none-eabi/7.2.1/../../../../arm-none-eabi/lib/thumb/v7-ar\libc.a(lib_a-fflush.o)
 .data          0x80009a7c        0x0 c:/ti/ccs930/ccs/tools/compiler/gcc-arm-none-eabi-7-2017-q4-major-win32/bin/../lib/gcc/arm-none-eabi/7.2.1/../../../../arm-none-eabi/lib/thumb/v7-ar\libc.a(lib_a-lseekr.o)
 .data          0x80009a7c        0x0 c:/ti/ccs930/ccs/tools/compiler/gcc-arm-none-eabi-7-2017-q4-major-win32/bin/../lib/gcc/arm-none-eabi/7.2.1/../../../../arm-none-eabi/lib/thumb/v7-ar\libc.a(lib_a-readr.o)
 .data          0x80009a7c        0x0 c:/ti/ccs930/ccs/tools/compiler/gcc-arm-none-eabi-7-2017-q4-major-win32/bin/../lib/gcc/arm-none-eabi/7.2.1/thumb/v7-ar/crtend.o
 .data          0x80009a7c        0x0 c:/ti/ccs930/ccs/tools/compiler/gcc-arm-none-eabi-7-2017-q4-major-win32/bin/../lib/gcc/arm-none-eabi/7.2.1/thumb/v7-ar/crtn.o
                0x80009a7c                . = ALIGN (0x4)
                0x80009a7c                PROVIDE (__preinit_array_start, .)
 *(.preinit_array)
                0x80009a7c                PROVIDE (__preinit_array_end, .)
                0x80009a7c                . = ALIGN (0x4)
                0x80009a7c                PROVIDE (__init_array_start, .)
 *(SORT_BY_NAME(.init_array.*))
 .init_array.00000
                0x80009a7c        0x4 c:/ti/ccs930/ccs/tools/compiler/gcc-arm-none-eabi-7-2017-q4-major-win32/bin/../lib/gcc/arm-none-eabi/7.2.1/../../../../arm-none-eabi/lib/thumb/v7-ar\libc.a(lib_a-__call_atexit.o)
 *(.init_array)
 .init_array    0x80009a80        0x4 c:/ti/ccs930/ccs/tools/compiler/gcc-arm-none-eabi-7-2017-q4-major-win32/bin/../lib/gcc/arm-none-eabi/7.2.1/thumb/v7-ar/crtbegin.o
                0x80009a84                PROVIDE (__init_array_end, .)
                0x80009a84                . = ALIGN (0x4)
                0x80009a84                PROVIDE (__fini_array_start, .)
 *(SORT_BY_NAME(.fini_array.*))
 *(.fini_array)
 .fini_array    0x80009a84        0x4 c:/ti/ccs930/ccs/tools/compiler/gcc-arm-none-eabi-7-2017-q4-major-win32/bin/../lib/gcc/arm-none-eabi/7.2.1/thumb/v7-ar/crtbegin.o
                0x80009a88                PROVIDE (__fini_array_end, .)
                0x80009a88                . = ALIGN (0x4)
                0x80009a88                __data_end__ = .

.igot.plt       0x80009a88        0x0
 .igot.plt      0x80009a88        0x0 c:/ti/ccs930/ccs/tools/compiler/gcc-arm-none-eabi-7-2017-q4-major-win32/bin/../lib/gcc/arm-none-eabi/7.2.1/thumb/v7-ar/crtbegin.o

.bss            0x80009a88      0x190
                0x80009a88                . = ALIGN (0x4)
                0x80009a88                __bss_start__ = .
 *(.bss*)
 .bss           0x80009a88        0x0 c:/ti/ccs930/ccs/tools/compiler/gcc-arm-none-eabi-7-2017-q4-major-win32/bin/../lib/gcc/arm-none-eabi/7.2.1/thumb/v7-ar/crti.o
 .bss           0x80009a88       0x1c c:/ti/ccs930/ccs/tools/compiler/gcc-arm-none-eabi-7-2017-q4-major-win32/bin/../lib/gcc/arm-none-eabi/7.2.1/thumb/v7-ar/crtbegin.o
 .bss           0x80009aa4        0x0 c:/ti/ccs930/ccs/tools/compiler/gcc-arm-none-eabi-7-2017-q4-major-win32/bin/../lib/gcc/arm-none-eabi/7.2.1/../../../../arm-none-eabi/lib/thumb/v7-ar/rdimon-crt0.o
 .bss           0x80009aa4       0x1c ./main.o
                0x80009aa4                value0f
                0x80009aa8                value1f
                0x80009aac                value2f
                0x80009ab0                value3f
                0x80009ab4                value4f
                0x80009ab8                value5f
                0x80009abc                valueCf
 .bss           0x80009ac0        0x0 ./startup_ARMCA15.o
 .bss           0x80009ac0        0x0 c:/ti/ccs930/ccs/tools/compiler/gcc-arm-none-eabi-7-2017-q4-major-win32/bin/../lib/gcc/arm-none-eabi/7.2.1/../../../../arm-none-eabi/lib/thumb/v7-ar\libc.a(lib_a-exit.o)
 .bss           0x80009ac0        0x0 c:/ti/ccs930/ccs/tools/compiler/gcc-arm-none-eabi-7-2017-q4-major-win32/bin/../lib/gcc/arm-none-eabi/7.2.1/../../../../arm-none-eabi/lib/thumb/v7-ar\libc.a(lib_a-impure.o)
 .bss           0x80009ac0        0x0 c:/ti/ccs930/ccs/tools/compiler/gcc-arm-none-eabi-7-2017-q4-major-win32/bin/../lib/gcc/arm-none-eabi/7.2.1/../../../../arm-none-eabi/lib/thumb/v7-ar\libc.a(lib_a-init.o)
 .bss           0x80009ac0        0x0 c:/ti/ccs930/ccs/tools/compiler/gcc-arm-none-eabi-7-2017-q4-major-win32/bin/../lib/gcc/arm-none-eabi/7.2.1/../../../../arm-none-eabi/lib/thumb/v7-ar\libc.a(lib_a-memset.o)
 .bss           0x80009ac0        0x0 c:/ti/ccs930/ccs/tools/compiler/gcc-arm-none-eabi-7-2017-q4-major-win32/bin/../lib/gcc/arm-none-eabi/7.2.1/../../../../arm-none-eabi/lib/thumb/v7-ar\libc.a(lib_a-sprintf.o)
 .bss           0x80009ac0        0x0 c:/ti/ccs930/ccs/tools/compiler/gcc-arm-none-eabi-7-2017-q4-major-win32/bin/../lib/gcc/arm-none-eabi/7.2.1/../../../../arm-none-eabi/lib/thumb/v7-ar\libc.a(lib_a-strlen-stub.o)
 .bss           0x80009ac0        0x0 c:/ti/ccs930/ccs/tools/compiler/gcc-arm-none-eabi-7-2017-q4-major-win32/bin/../lib/gcc/arm-none-eabi/7.2.1/../../../../arm-none-eabi/lib/thumb/v7-ar\libc.a(lib_a-svfprintf.o)
 .bss           0x80009ac0        0x0 c:/ti/ccs930/ccs/tools/compiler/gcc-arm-none-eabi-7-2017-q4-major-win32/bin/../lib/gcc/arm-none-eabi/7.2.1/../../../../arm-none-eabi/lib/thumb/v7-ar\libc.a(lib_a-__call_atexit.o)
 .bss           0x80009ac0        0x0 c:/ti/ccs930/ccs/tools/compiler/gcc-arm-none-eabi-7-2017-q4-major-win32/bin/../lib/gcc/arm-none-eabi/7.2.1/../../../../arm-none-eabi/lib/thumb/v7-ar\libc.a(lib_a-atexit.o)
 .bss           0x80009ac0        0x0 c:/ti/ccs930/ccs/tools/compiler/gcc-arm-none-eabi-7-2017-q4-major-win32/bin/../lib/gcc/arm-none-eabi/7.2.1/../../../../arm-none-eabi/lib/thumb/v7-ar\libc.a(lib_a-dtoa.o)
 .bss           0x80009ac0        0x0 c:/ti/ccs930/ccs/tools/compiler/gcc-arm-none-eabi-7-2017-q4-major-win32/bin/../lib/gcc/arm-none-eabi/7.2.1/../../../../arm-none-eabi/lib/thumb/v7-ar\libc.a(lib_a-fini.o)
 .bss           0x80009ac0        0x0 c:/ti/ccs930/ccs/tools/compiler/gcc-arm-none-eabi-7-2017-q4-major-win32/bin/../lib/gcc/arm-none-eabi/7.2.1/../../../../arm-none-eabi/lib/thumb/v7-ar\libc.a(lib_a-localeconv.o)
 .bss           0x80009ac0        0x0 c:/ti/ccs930/ccs/tools/compiler/gcc-arm-none-eabi-7-2017-q4-major-win32/bin/../lib/gcc/arm-none-eabi/7.2.1/../../../../arm-none-eabi/lib/thumb/v7-ar\libc.a(lib_a-lock.o)
 .bss           0x80009ac0        0x0 c:/ti/ccs930/ccs/tools/compiler/gcc-arm-none-eabi-7-2017-q4-major-win32/bin/../lib/gcc/arm-none-eabi/7.2.1/../../../../arm-none-eabi/lib/thumb/v7-ar\libc.a(lib_a-mallocr.o)
 .bss.__malloc_current_mallinfo
                0x80009ac0       0x28 c:/ti/ccs930/ccs/tools/compiler/gcc-arm-none-eabi-7-2017-q4-major-win32/bin/../lib/gcc/arm-none-eabi/7.2.1/../../../../arm-none-eabi/lib/thumb/v7-ar\libc.a(lib_a-mallocr.o)
                0x80009ac0                __malloc_current_mallinfo
 .bss.__malloc_max_sbrked_mem
                0x80009ae8        0x4 c:/ti/ccs930/ccs/tools/compiler/gcc-arm-none-eabi-7-2017-q4-major-win32/bin/../lib/gcc/arm-none-eabi/7.2.1/../../../../arm-none-eabi/lib/thumb/v7-ar\libc.a(lib_a-mallocr.o)
                0x80009ae8                __malloc_max_sbrked_mem
 .bss.__malloc_max_total_mem
                0x80009aec        0x4 c:/ti/ccs930/ccs/tools/compiler/gcc-arm-none-eabi-7-2017-q4-major-win32/bin/../lib/gcc/arm-none-eabi/7.2.1/../../../../arm-none-eabi/lib/thumb/v7-ar\libc.a(lib_a-mallocr.o)
                0x80009aec                __malloc_max_total_mem
 .bss.__malloc_top_pad
                0x80009af0        0x4 c:/ti/ccs930/ccs/tools/compiler/gcc-arm-none-eabi-7-2017-q4-major-win32/bin/../lib/gcc/arm-none-eabi/7.2.1/../../../../arm-none-eabi/lib/thumb/v7-ar\libc.a(lib_a-mallocr.o)
                0x80009af0                __malloc_top_pad
 .bss           0x80009af4        0x0 c:/ti/ccs930/ccs/tools/compiler/gcc-arm-none-eabi-7-2017-q4-major-win32/bin/../lib/gcc/arm-none-eabi/7.2.1/../../../../arm-none-eabi/lib/thumb/v7-ar\libc.a(lib_a-memchr-stub.o)
 .bss           0x80009af4        0x0 c:/ti/ccs930/ccs/tools/compiler/gcc-arm-none-eabi-7-2017-q4-major-win32/bin/../lib/gcc/arm-none-eabi/7.2.1/../../../../arm-none-eabi/lib/thumb/v7-ar\libc.a(lib_a-memcpy.o)
 .bss           0x80009af4        0x0 c:/ti/ccs930/ccs/tools/compiler/gcc-arm-none-eabi-7-2017-q4-major-win32/bin/../lib/gcc/arm-none-eabi/7.2.1/../../../../arm-none-eabi/lib/thumb/v7-ar\libc.a(lib_a-mlock.o)
 .bss           0x80009af4        0x0 c:/ti/ccs930/ccs/tools/compiler/gcc-arm-none-eabi-7-2017-q4-major-win32/bin/../lib/gcc/arm-none-eabi/7.2.1/../../../../arm-none-eabi/lib/thumb/v7-ar\libc.a(lib_a-mprec.o)
 .bss           0x80009af4        0x0 c:/ti/ccs930/ccs/tools/compiler/gcc-arm-none-eabi-7-2017-q4-major-win32/bin/../lib/gcc/arm-none-eabi/7.2.1/../../../../arm-none-eabi/lib/thumb/v7-ar\libc.a(lib_a-sbrkr.o)
 .bss           0x80009af4        0x0 c:/ti/ccs930/ccs/tools/compiler/gcc-arm-none-eabi-7-2017-q4-major-win32/bin/../lib/gcc/arm-none-eabi/7.2.1/../../../../arm-none-eabi/lib/thumb/v7-ar\libc.a(lib_a-svfiprintf.o)
 .bss           0x80009af4        0x0 c:/ti/ccs930/ccs/tools/compiler/gcc-arm-none-eabi-7-2017-q4-major-win32/bin/../lib/gcc/arm-none-eabi/7.2.1/../../../../arm-none-eabi/lib/thumb/v7-ar\libc.a(lib_a-__atexit.o)
 .bss           0x80009af4        0x0 c:/ti/ccs930/ccs/tools/compiler/gcc-arm-none-eabi-7-2017-q4-major-win32/bin/../lib/gcc/arm-none-eabi/7.2.1/../../../../arm-none-eabi/lib/thumb/v7-ar\libc.a(lib_a-callocr.o)
 .bss           0x80009af4        0x0 c:/ti/ccs930/ccs/tools/compiler/gcc-arm-none-eabi-7-2017-q4-major-win32/bin/../lib/gcc/arm-none-eabi/7.2.1/../../../../arm-none-eabi/lib/thumb/v7-ar\libc.a(lib_a-freer.o)
 .bss           0x80009af4        0x0 c:/ti/ccs930/ccs/tools/compiler/gcc-arm-none-eabi-7-2017-q4-major-win32/bin/../lib/gcc/arm-none-eabi/7.2.1/../../../../arm-none-eabi/lib/thumb/v7-ar\libc.a(lib_a-locale.o)
 .bss._PathLocale
                0x80009af4        0x4 c:/ti/ccs930/ccs/tools/compiler/gcc-arm-none-eabi-7-2017-q4-major-win32/bin/../lib/gcc/arm-none-eabi/7.2.1/../../../../arm-none-eabi/lib/thumb/v7-ar\libc.a(lib_a-locale.o)
                0x80009af4                _PathLocale
 .bss           0x80009af8        0x0 c:/ti/ccs930/ccs/tools/compiler/gcc-arm-none-eabi-7-2017-q4-major-win32/bin/../lib/gcc/arm-none-eabi/7.2.1/../../../../arm-none-eabi/lib/thumb/v7-ar\libc.a(lib_a-mbtowc_r.o)
 .bss           0x80009af8        0x0 c:/ti/ccs930/ccs/tools/compiler/gcc-arm-none-eabi-7-2017-q4-major-win32/bin/../lib/gcc/arm-none-eabi/7.2.1/../../../../arm-none-eabi/lib/thumb/v7-ar\libc.a(lib_a-memmove.o)
 .bss           0x80009af8        0x0 c:/ti/ccs930/ccs/tools/compiler/gcc-arm-none-eabi-7-2017-q4-major-win32/bin/../lib/gcc/arm-none-eabi/7.2.1/../../../../arm-none-eabi/lib/thumb/v7-ar\libc.a(lib_a-reallocr.o)
 .bss           0x80009af8        0x0 c:/ti/ccs930/ccs/tools/compiler/gcc-arm-none-eabi-7-2017-q4-major-win32/bin/../lib/gcc/arm-none-eabi/7.2.1/../../../../arm-none-eabi/lib/thumb/v7-ar\libc.a(lib_a-reent.o)
 .bss           0x80009af8        0x0 c:/ti/ccs930/ccs/tools/compiler/gcc-arm-none-eabi-7-2017-q4-major-win32/bin/../lib/gcc/arm-none-eabi/7.2.1/../../../../arm-none-eabi/lib/thumb/v7-ar\libc.a(lib_a-strcmp.o)
 .bss           0x80009af8        0x0 c:/ti/ccs930/ccs/tools/compiler/gcc-arm-none-eabi-7-2017-q4-major-win32/bin/../lib/gcc/arm-none-eabi/7.2.1/../../../../arm-none-eabi/lib/thumb/v7-ar\libc.a(lib_a-wctomb_r.o)
 .bss           0x80009af8        0x0 c:/ti/ccs930/ccs/tools/compiler/gcc-arm-none-eabi-7-2017-q4-major-win32/bin/../lib/gcc/arm-none-eabi/7.2.1/../../../../arm-none-eabi/lib/thumb/v7-ar\libc.a(lib_a-ctype_.o)
 .bss           0x80009af8        0x0 c:/ti/ccs930/ccs/tools/compiler/gcc-arm-none-eabi-7-2017-q4-major-win32/bin/../lib/gcc/arm-none-eabi/7.2.1/thumb/v7-ar\libgcc.a(_udivsi3.o)
 .bss           0x80009af8        0x0 c:/ti/ccs930/ccs/tools/compiler/gcc-arm-none-eabi-7-2017-q4-major-win32/bin/../lib/gcc/arm-none-eabi/7.2.1/thumb/v7-ar\libgcc.a(_dvmd_tls.o)
 .bss           0x80009af8        0x0 c:/ti/ccs930/ccs/tools/compiler/gcc-arm-none-eabi-7-2017-q4-major-win32/bin/../lib/gcc/arm-none-eabi/7.2.1/thumb/v7-ar\libgcc.a(_arm_addsubdf3.o)
 .bss           0x80009af8        0x0 c:/ti/ccs930/ccs/tools/compiler/gcc-arm-none-eabi-7-2017-q4-major-win32/bin/../lib/gcc/arm-none-eabi/7.2.1/thumb/v7-ar\libgcc.a(_arm_muldivdf3.o)
 .bss           0x80009af8        0x0 c:/ti/ccs930/ccs/tools/compiler/gcc-arm-none-eabi-7-2017-q4-major-win32/bin/../lib/gcc/arm-none-eabi/7.2.1/thumb/v7-ar\libgcc.a(_arm_cmpdf2.o)
 .bss           0x80009af8        0x0 c:/ti/ccs930/ccs/tools/compiler/gcc-arm-none-eabi-7-2017-q4-major-win32/bin/../lib/gcc/arm-none-eabi/7.2.1/thumb/v7-ar\libgcc.a(_arm_unorddf2.o)
 .bss           0x80009af8        0x0 c:/ti/ccs930/ccs/tools/compiler/gcc-arm-none-eabi-7-2017-q4-major-win32/bin/../lib/gcc/arm-none-eabi/7.2.1/thumb/v7-ar\libgcc.a(_arm_fixdfsi.o)
 .bss           0x80009af8        0x0 c:/ti/ccs930/ccs/tools/compiler/gcc-arm-none-eabi-7-2017-q4-major-win32/bin/../lib/gcc/arm-none-eabi/7.2.1/thumb/v7-ar\libgcc.a(_aeabi_uldivmod.o)
 .bss           0x80009af8        0x0 c:/ti/ccs930/ccs/tools/compiler/gcc-arm-none-eabi-7-2017-q4-major-win32/bin/../lib/gcc/arm-none-eabi/7.2.1/thumb/v7-ar\libgcc.a(_udivmoddi4.o)
 .bss           0x80009af8        0x0 c:/ti/ccs930/ccs/tools/compiler/gcc-arm-none-eabi-7-2017-q4-major-win32/bin/../lib/gcc/arm-none-eabi/7.2.1/../../../../arm-none-eabi/lib/thumb/v7-ar\librdimon.a(rdimon-syscalls.o)
 .bss.heap_end.6259
                0x80009af8        0x4 c:/ti/ccs930/ccs/tools/compiler/gcc-arm-none-eabi-7-2017-q4-major-win32/bin/../lib/gcc/arm-none-eabi/7.2.1/../../../../arm-none-eabi/lib/thumb/v7-ar\librdimon.a(rdimon-syscalls.o)
 .bss.monitor_stderr
                0x80009afc        0x4 c:/ti/ccs930/ccs/tools/compiler/gcc-arm-none-eabi-7-2017-q4-major-win32/bin/../lib/gcc/arm-none-eabi/7.2.1/../../../../arm-none-eabi/lib/thumb/v7-ar\librdimon.a(rdimon-syscalls.o)
 .bss.monitor_stdin
                0x80009b00        0x4 c:/ti/ccs930/ccs/tools/compiler/gcc-arm-none-eabi-7-2017-q4-major-win32/bin/../lib/gcc/arm-none-eabi/7.2.1/../../../../arm-none-eabi/lib/thumb/v7-ar\librdimon.a(rdimon-syscalls.o)
 .bss.monitor_stdout
                0x80009b04        0x4 c:/ti/ccs930/ccs/tools/compiler/gcc-arm-none-eabi-7-2017-q4-major-win32/bin/../lib/gcc/arm-none-eabi/7.2.1/../../../../arm-none-eabi/lib/thumb/v7-ar\librdimon.a(rdimon-syscalls.o)
 .bss.openfiles
                0x80009b08       0xa0 c:/ti/ccs930/ccs/tools/compiler/gcc-arm-none-eabi-7-2017-q4-major-win32/bin/../lib/gcc/arm-none-eabi/7.2.1/../../../../arm-none-eabi/lib/thumb/v7-ar\librdimon.a(rdimon-syscalls.o)
 .bss           0x80009ba8        0x0 c:/ti/ccs930/ccs/tools/compiler/gcc-arm-none-eabi-7-2017-q4-major-win32/bin/../lib/gcc/arm-none-eabi/7.2.1/../../../../arm-none-eabi/lib/thumb/v7-ar\librdimon.a(rdimon-_exit.o)
 .bss           0x80009ba8        0x0 c:/ti/ccs930/ccs/tools/compiler/gcc-arm-none-eabi-7-2017-q4-major-win32/bin/../lib/gcc/arm-none-eabi/7.2.1/../../../../arm-none-eabi/lib/thumb/v7-ar\librdimon.a(rdimon-_kill.o)
 .bss           0x80009ba8        0x0 c:/ti/ccs930/ccs/tools/compiler/gcc-arm-none-eabi-7-2017-q4-major-win32/bin/../lib/gcc/arm-none-eabi/7.2.1/../../../../arm-none-eabi/lib/thumb/v7-ar\libc.a(lib_a-errno.o)
 .bss           0x80009ba8        0x0 c:/ti/ccs930/ccs/tools/compiler/gcc-arm-none-eabi-7-2017-q4-major-win32/bin/../lib/gcc/arm-none-eabi/7.2.1/../../../../arm-none-eabi/lib/thumb/v7-ar\libc.a(lib_a-findfp.o)
 .bss           0x80009ba8        0x0 c:/ti/ccs930/ccs/tools/compiler/gcc-arm-none-eabi-7-2017-q4-major-win32/bin/../lib/gcc/arm-none-eabi/7.2.1/../../../../arm-none-eabi/lib/thumb/v7-ar\libc.a(lib_a-fwalk.o)
 .bss           0x80009ba8        0x0 c:/ti/ccs930/ccs/tools/compiler/gcc-arm-none-eabi-7-2017-q4-major-win32/bin/../lib/gcc/arm-none-eabi/7.2.1/../../../../arm-none-eabi/lib/thumb/v7-ar\libc.a(lib_a-stdio.o)
 .bss           0x80009ba8        0x0 c:/ti/ccs930/ccs/tools/compiler/gcc-arm-none-eabi-7-2017-q4-major-win32/bin/../lib/gcc/arm-none-eabi/7.2.1/../../../../arm-none-eabi/lib/thumb/v7-ar\libc.a(lib_a-writer.o)
 .bss           0x80009ba8        0x0 c:/ti/ccs930/ccs/tools/compiler/gcc-arm-none-eabi-7-2017-q4-major-win32/bin/../lib/gcc/arm-none-eabi/7.2.1/../../../../arm-none-eabi/lib/thumb/v7-ar\libc.a(lib_a-closer.o)
 .bss           0x80009ba8        0x0 c:/ti/ccs930/ccs/tools/compiler/gcc-arm-none-eabi-7-2017-q4-major-win32/bin/../lib/gcc/arm-none-eabi/7.2.1/../../../../arm-none-eabi/lib/thumb/v7-ar\libc.a(lib_a-fclose.o)